# step time Epot/N T Pxx Pyy Pzz Lx Lz gap comF areaperlipid
0 0.0000 -2.596814 0.9931 -0.125819 -0.076815 -0.008381 14.0070 17.2600 0.81934 0.000000 1.36247
100 0.5000 -2.569884 0.9942 -0.042121 -0.112511 -0.073769 14.0061 17.2679 0.87174 0.000000 1.36231
200 1.0000 -2.547979 0.9835 -0.160814 0.173668 -0.001870 14.0053 17.2696 0.85881 0.000000 1.36215
300 1.5000 -2.567954 1.0031 0.148285 -0.046015 0.237357 14.0064 17.2718 0.85674 0.000000 1.36236
400 2.0000 -2.591281 1.0033 0.100982 -0.301168 -0.170099 14.0045 17.2786 0.82888 0.000000 1.36198
500 2.5000 -2.575508 0.9895 -0.209610 0.079181 -0.004907 13.9988 17.2796 0.88726 0.000000 1.36088
600 3.0000 -2.613419 0.9885 -0.073719 -0.171948 -0.111127 13.9965 17.2726 0.89038 0.000000 1.36043
700 3.5000 -2.597024 0.9709 0.178658 -0.046083 0.488833 13.9939 17.2775 0.86612 0.000000 1.35993
800 4.0000 -2.582642 0.9992 -0.069601 0.315680 -0.385003 13.9960 17.2737 0.87250 0.000000 1.36033
900 4.5000 -2.609831 0.9922 0.206089 -0.137343 0.064967 13.9950 17.2720 0.92644 0.000000 1.36013
1000 5.0000 -2.586758 0.9940 0.086023 -0.022634 -0.323917 13.9988 17.2753 0.94692 0.000000 1.36087
1100 5.5000 -2.592921 0.9862 -0.122082 -0.086459 -0.199607 13.9980 17.2766 0.91452 0.000000 1.36073
1200 6.0000 -2.559453 0.9766 0.060834 0.298212 -0.120371 13.9979 17.2757 0.91920 0.000000 1.36071
1300 6.5000 -2.586834 0.9863 0.081374 0.026484 0.053845 13.9966 17.2812 0.94473 0.000000 1.36044
1400 7.0000 -2.613114 1.0019 -0.293084 -0.061331 -0.047728 13.9959 17.2832 0.83638 0.000000 1.36031
1500 7.5000 -2.589333 0.9763 -0.182494 -0.135174 0.227237 13.9934 17.2805 0.87784 0.000000 1.35983
1600 8.0000 -2.563893 1.0189 0.031504 -0.050851 0.110790 13.9924 17.2857 0.85714 0.000000 1.35964
1700 8.5000 -2.564239 1.0242 0.268599 0.178802 0.167564 13.9998 17.2891 0.85040 0.000000 1.36106
1800 9.0000 -2.574360 0.9996 -0.017157 -0.063285 0.056344 14.0009 17.2922 0.87000 0.000000 1.36128
1900 9.5000 -2.560956 1.0145 -0.035246 0.124670 -0.094416 14.0002 17.2871 0.94759 0.000000 1.36114
2000 10.0000 -2.543759 1.0176 0.248077 -0.134325 0.202004 14.0031 17.2885 0.97384 0.000000 1.36171
2100 10.5000 -2.556138 1.0020 -0.087279 -0.042443 -0.365209 14.0018 17.2861 0.97231 0.000000 1.36146
2200 11.0000 -2.539361 1.0110 0.064634 0.024026 0.115391 13.9983 17.2914 0.94985 0.000000 1.36079
2300 11.5000 -2.551672 1.0091 0.120570 0.025404 -0.084463 14.0008 17.2931 0.90268 0.000000 1.36127
2400 12.0000 -2.546945 1.0196 0.055645 -0.024798 0.315110 14.0017 17.2974 0.88853 0.000000 1.36144
2500 12.5000 -2.578898 1.0015 0.107575 0.002238 -0.060309 14.0027 17.2996 0.85544 0.000000 1.36163
2600 13.0000 -2.561170 1.0083 0.133892 -0.119107 -0.213150 14.0028 17.2981 0.82486 0.000000 1.36165
2700 13.5000 -2.571706 0.9977 -0.083812 0.166335 -0.450577 14.0044 17.2958 0.84235 0.000000 1.36197
2800 14.0000 -2.570272 0.9996 -0.039905 0.103744 0.153613 14.0056 17.2917 0.82392 0.000000 1.36221
2900 14.5000 -2.577755 0.9949 -0.145555 -0.179590 0.050089 14.0015 17.2897 0.86502 0.000000 1.36140
3000 15.0000 -2.578166 1.0143 0.072320 0.014005 0.098028 13.9985 17.2905 0.79990 0.000000 1.36083
3100 15.5000 -2.567513 0.9963 0.206550 -0.029048 0.284486 14.0028 17.2967 0.82930 0.000000 1.36166
3200 16.0000 -2.582594 1.0024 0.073022 -0.080466 -0.217847 14.0022 17.2942 0.83523 0.000000 1.36153
3300 16.5000 -2.588970 0.9948 -0.221833 -0.091359 0.042839 14.0026 17.2993 0.87989 0.000000 1.36162
3400 17.0000 -2.563791 0.9943 0.113608 0.148881 0.016054 14.0009 17.2954 0.85551 0.000000 1.36129
3500 17.5000 -2.576989 0.9876 0.092513 -0.325976 -0.126802 14.0010 17.2927 0.85022 0.000000 1.36130
3600 18.0000 -2.569205 1.0184 -0.005495 0.037884 -0.193560 13.9987 17.2923 0.83561 0.000000 1.36086
3700 18.5000 -2.578203 1.0290 0.033288 0.173258 0.374669 14.0013 17.2950 0.93549 0.000000 1.36136
3800 19.0000 -2.573474 1.0157 -0.144441 0.180864 0.562799 14.0051 17.3044 0.93839 0.000000 1.36211
3900 19.5000 -2.555201 0.9845 0.275524 0.002458 -0.055685 14.0064 17.3044 0.92757 0.000000 1.36236
4000 20.0000 -2.602772 0.9864 -0.202712 -0.041937 -0.386836 14.0013 17.2986 0.91881 0.000000 1.36137
4100 20.5000 -2.564393 0.9958 -0.043908 0.196200 0.016252 14.0004 17.2874 0.91229 0.000000 1.36119
4200 21.0000 -2.533062 0.9917 0.347165 0.379821 -0.251058 14.0032 17.2892 0.90878 0.000000 1.36174
4300 21.5000 -2.580521 0.9993 0.061547 0.237798 -0.169792 14.0059 17.2868 0.95627 0.000000 1.36226
4400 22.0000 -2.577207 0.9866 0.230581 0.172770 -0.286620 14.0084 17.2788 0.92316 0.000000 1.36274
4500 22.5000 -2.576955 0.9731 -0.080406 -0.012739 0.039743 14.0127 17.2749 0.92656 0.000000 1.36358
4600 23.0000 -2.583091 1.0034 0.063469 -0.055455 -0.125200 14.0128 17.2662 0.93021 0.000000 1.36361
4700 23.5000 -2.583565 1.0209 -0.215221 0.056348 0.138248 14.0128 17.2720 0.94078 0.000000 1.36361
4800 24.0000 -2.575256 1.0167 0.177990 0.077281 -0.208361 14.0170 17.2717 0.91179 0.000000 1.36441
4900 24.5000 -2.580802 1.0009 0.143302 -0.041059 -0.035208 14.0171 17.2615 0.85226 0.000000 1.36445
5000 25.0000 -2.567930 0.9901 -0.020435 -0.035034 -0.068188 14.0120 17.2600 0.87538 0.000000 1.36344
5100 25.5000 -2.582552 0.9984 -0.092645 -0.052824 -0.008804 14.0114 17.2592 0.84659 0.000000 1.36334
5200 26.0000 -2.578104 1.0141 -0.075685 0.169514 -0.097005 14.0101 17.2587 0.87007 0.000000 1.36307
5300 26.5000 -2.593198 1.0150 0.112160 0.091683 -0.111057 14.0109 17.2651 0.87293 0.000000 1.36323
5400 27.0000 -2.569271 1.0118 0.043695 -0.032983 -0.015569 14.0147 17.2616 0.90045 0.000000 1.36398
5500 27.5000 -2.559208 0.9989 0.072844 0.227781 0.163209 14.0172 17.2646 0.84822 0.000000 1.36446
5600 28.0000 -2.590442 1.0081 0.046875 -0.105350 0.231399 14.0149 17.2682 0.88886 0.000000 1.36402
5700 28.5000 -2.620694 0.9987 -0.080221 -0.245394 0.000996 14.0110 17.2694 0.81001 0.000000 1.36324
5800 29.0000 -2.615417 0.9930 -0.005577 -0.104310 -0.025372 14.0077 17.2597 0.83514 0.000000 1.36261
5900 29.5000 -2.633195 0.9898 -0.120513 -0.091003 0.009025 14.0040 17.2584 0.83239 0.000000 1.36188
6000 30.0000 -2.594568 1.0003 0.187966 0.122545 0.072561 14.0040 17.2556 0.82718 0.000000 1.36188
6100 30.5000 -2.596710 1.0037 0.067530 0.005403 -0.109567 14.0079 17.2540 0.84130 0.000000 1.36265
6200 31.0000 -2.556980 1.0039 -0.014344 0.148405 0.132308 14.0099 17.2516 0.80477 0.000000 1.36304
6300 31.5000 -2.575456 1.0278 0.228883 -0.160474 0.301869 14.0161 17.2619 0.79093 0.000000 1.36423
6400 32.0000 -2.564467 1.0222 0.132534 0.045804 -0.171866 14.0227 17.2661 0.80332 0.000000 1.36553
6500 32.5000 -2.536399 0.9944 0.079560 0.129660 -0.056649 14.0257 17.2648 0.85312 0.000000 1.36611
6600 33.0000 -2.537364 1.0185 -0.129082 0.108429 -0.410333 14.0252 17.2636 0.87058 0.000000 1.36601
6700 33.5000 -2.540200 1.0175 -0.092794 0.042378 0.127112 14.0246 17.2663 0.81772 0.000000 1.36590
6800 34.0000 -2.538025 0.9878 -0.053212 0.256022 0.189699 14.0254 17.2681 0.83063 0.000000 1.36606
6900 34.5000 -2.524815 1.0045 -0.048769 0.175520 0.042174 14.0256 17.2696 0.82599 0.000000 1.36610
7000 35.0000 -2.523898 1.0151 -0.132992 0.310429 0.105771 14.0249 17.2734 0.83730 0.000000 1.36596
7100 35.5000 -2.504433 0.9768 -0.123590 0.244972 0.013907 14.0259 17.2784 0.90704 0.000000 1.36615
7200 36.0000 -2.541729 0.9961 -0.182268 0.029261 0.261131 14.0249 17.2803 0.89900 0.000000 1.36596
7300 36.5000 -2.530353 1.0085 0.069733 0.160026 -0.090829 14.0245 17.2873 0.90113 0.000000 1.36588
7400 37.0000 -2.553966 1.0078 -0.218629 0.080450 -0.364779 14.0264 17.2857 0.85211 0.000000 1.36625
7500 37.5000 -2.529807 0.9899 -0.107907 0.288271 0.156066 14.0266 17.2871 0.85394 0.000000 1.36628
7600 38.0000 -2.524294 1.0145 0.076031 0.124045 0.148073 14.0253 17.2898 0.85990 0.000000 1.36604
7700 38.5000 -2.510266 1.0146 0.281925 -0.119156 0.228402 14.0269 17.2903 0.88228 0.000000 1.36635
7800 39.0000 -2.542622 1.0244 -0.013980 0.150712 -0.052084 14.0262 17.2940 0.87414 0.000000 1.36621
7900 39.5000 -2.540264 1.0174 -0.038729 -0.063816 0.046925 14.0236 17.2920 0.91658 0.000000 1.36570
8000 40.0000 -2.580515 0.9946 -0.397916 -0.152717 -0.017976 14.0188 17.2949 0.85171 0.000000 1.36477
8100 40.5000 -2.539341 0.9889 0.037842 0.098403 0.540124 14.0164 17.2982 0.80905 0.000000 1.36431
8200 41.0000 -2.538559 0.9941 0.131838 -0.298639 0.036004 14.0199 17.2986 0.85860 0.000000 1.36498
8300 41.5000 -2.545032 0.9994 -0.042528 0.172119 -0.197904 14.0196 17.2981 0.85050 0.000000 1.36492
8400 42.0000 -2.545234 1.0221 -0.056944 -0.044252 0.161567 14.0168 17.3011 0.83852 0.000000 1.36438
8500 42.5000 -2.541686 1.0000 0.087097 0.247948 0.036689 14.0141 17.2982 0.83673 0.000000 1.36386
8600 43.0000 -2.555830 1.0086 -0.048207 -0.146882 -0.076269 14.0194 17.2983 0.82543 0.000000 1.36488
8700 43.5000 -2.530996 1.0298 0.212510 0.059461 0.344978 14.0240 17.3027 0.79523 0.000000 1.36577
8800 44.0000 -2.521579 0.9931 0.113089 0.195548 -0.226633 14.0281 17.3034 0.83285 0.000000 1.36658
8900 44.5000 -2.540707 1.0170 -0.342943 0.322097 0.129753 14.0252 17.3004 0.82555 0.000000 1.36601
9000 45.0000 -2.537014 0.9813 -0.049417 0.019593 0.031868 14.0220 17.2968 0.82433 0.000000 1.36539
9100 45.5000 -2.534872 0.9757 0.057686 -0.022050 -0.066707 14.0205 17.2948 0.86706 0.000000 1.36510
9200 46.0000 -2.580624 1.0148 -0.298456 -0.014840 -0.199983 14.0168 17.2872 0.85837 0.000000 1.36439
9300 46.5000 -2.582006 1.0114 -0.208645 -0.167746 0.250952 14.0135 17.2810 0.81243 0.000000 1.36374
9400 47.0000 -2.537983 0.9829 0.067281 -0.112057 -0.052512 14.0119 17.2792 0.80758 0.000000 1.36343
9500 47.5000 -2.561953 1.0013 0.051906 0.002555 0.117914 14.0123 17.2777 0.84039 0.000000 1.36351
9600 48.0000 -2.598492 1.0179 -0.255163 -0.319579 -0.001490 14.0150 17.2805 0.82938 0.000000 1.36402
9700 48.5000 -2.588007 0.9926 0.052738 -0.126658 0.182687 14.0099 17.2757 0.77398 0.000000 1.36303
9800 49.0000 -2.584100 0.9960 0.046503 0.024141 0.290150 14.0073 17.2811 0.80104 0.000000 1.36254
9900 49.5000 -2.562756 0.9989 0.258723 -0.069014 0.200848 14.0080 17.2860 0.77719 0.000000 1.36267
10000 50.0000 -2.577107 0.9580 0.280456 -0.050248 -0.040868 14.0082 17.2813 0.73072 0.000000 1.36270
10100 50.5000 -2.613647 0.9865 -0.131839 -0.152175 -0.183828 14.0031 17.2797 0.75127 0.000000 1.36172
10200 51.0000 -2.597537 0.9984 -0.115056 -0.023116 0.013408 14.0023 17.2800 0.85390 0.000000 1.36155
10300 51.5000 -2.592109 0.9889 0.172990 -0.052105 0.050111 14.0016 17.2725 0.79077 0.000000 1.36143
10400 52.0000 -2.590231 0.9998 -0.184776 -0.184121 0.139645 14.0031 17.2771 0.77672 0.000000 1.36172
10500 52.5000 -2.582516 1.0078 -0.170061 0.222065 -0.232195 14.0044 17.2784 0.77892 0.000000 1.36196
10600 53.0000 -2.564201 0.9755 0.114315 -0.211546 0.056839 14.0036 17.2754 0.83483 0.000000 1.36182
10700 53.5000 -2.597766 1.0246 0.102507 -0.190135 -0.171958 14.0036 17.2703 0.82848 0.000000 1.36181
10800 54.0000 -2.597816 0.9997 -0.101960 -0.022037 -0.279837 14.0020 17.2660 0.82862 0.000000 1.36150
10900 54.5000 -2.571879 1.0063 0.140773 0.103808 -0.302245 14.0039 17.2648 0.79513 0.000000 1.36186
11000 55.0000 -2.548165 1.0063 0.276938 0.336713 0.112842 14.0071 17.2644 0.79890 0.000000 1.36249
11100 55.5000 -2.571852 1.0256 0.019062 0.101971 -0.382030 14.0125 17.2659 0.81074 0.000000 1.36355
11200 56.0000 -2.557803 0.9951 -0.024331 -0.108808 0.211401 14.0138 17.2651 0.80636 0.000000 1.36380
11300 56.5000 -2.582158 0.9925 -0.115249 -0.161713 -0.000046 14.0082 17.2705 0.77759 0.000000 1.36271
11400 57.0000 -2.618359 1.0036 0.063224 -0.198026 0.078913 14.0034 17.2720 0.74196 0.000000 1.36178
11500 57.5000 -2.611179 0.9906 -0.061248 -0.191723 -0.170321 14.0037 17.2679 0.70395 0.000000 1.36184
11600 58.0000 -2.593277 0.9809 -0.275372 0.083841 -0.161714 13.9981 17.2583 0.83825 0.000000 1.36074
11700 58.5000 -2.599414 0.9903 -0.021114 -0.067115 0.082332 13.9983 17.2574 0.83957 0.000000 1.36078
11800 59.0000 -2.600755 0.9781 -0.168006 0.205247 -0.086027 13.9995 17.2542 0.85068 0.000000 1.36101
11900 59.5000 -2.608977 0.9861 0.176143 0.148727 -0.050147 13.9961 17.2517 0.79463 0.000000 1.36036
12000 60.0000 -2.571537 0.9923 0.218385 0.162272 0.528134 13.9989 17.2514 0.80025 0.000000 1.36090
12100 60.5000 -2.595157 1.0002 -0.080546 0.219777 -0.011740 14.0020 17.2589 0.78339 0.000000 1.36151
12200 61.0000 -2.618614 0.9730 -0.282721 0.105327 -0.385141 14.0018 17.2548 0.74939 0.000000 1.36145
12300 61.5000 -2.612680 0.9931 0.271023 -0.054768 -0.068842 13.9987 17.2564 0.77220 0.000000 1.36086
12400 62.0000 -2.604343 1.0140 0.255554 -0.064502 0.055410 14.0009 17.2552 0.71242 0.000000 1.36129
12500 62.5000 -2.617681 1.0244 -0.087186 -0.246980 -0.201380 14.0035 17.2595 0.76425 0.000000 1.36180
12600 63.0000 -2.560535 0.9865 0.128634 0.316585 0.372803 14.0031 17.2600 0.79562 0.000000 1.36172
12700 63.5000 -2.603751 1.0156 0.217091 -0.193379 -0.010296 14.0029 17.2615 0.77571 0.000000 1.36167
12800 64.0000 -2.582069 1.0017 0.175641 -0.043065 -0.026937 14.0061 17.2643 0.82950 0.000000 1.36230
12900 64.5000 -2.575519 1.0232 0.254664 0.015960 0.324043 14.0090 17.2670 0.76696 0.000000 1.36286
13000 65.0000 -2.576041 1.0112 0.128345 0.260828 0.135882 14.0148 17.2720 0.79070 0.000000 1.36399
13100 65.5000 -2.545196 0.9863 0.219153 0.367534 0.296637 14.0199 17.2750 0.74866 0.000000 1.36499
13200 66.0000 -2.548255 0.9893 0.018617 -0.186354 -0.019533 14.0207 17.2746 0.71071 0.000000 1.36515
13300 66.5000 -2.543772 1.0088 0.115292 0.198223 -0.122054 14.0205 17.2740 0.60096 0.000000 1.36511
13400 67.0000 -2.558187 1.0162 -0.110894 0.038811 -0.266018 14.0218 17.2761 0.72995 0.000000 1.36535
13500 67.5000 -2.539394 1.0076 -0.043437 0.317274 0.331590 14.0208 17.2783 0.76271 0.000000 1.36516
13600 68.0000 -2.561625 1.0067 0.054948 -0.133939 -0.011089 14.0174 17.2848 0.76359 0.000000 1.36449
13700 68.5000 -2.566954 1.0122 0.060846 0.049377 -0.263302 14.0182 17.2871 0.76811 0.000000 1.36466
13800 69.0000 -2.551145 0.9877 0.294753 -0.128855 0.227668 14.0216 17.2915 0.76696 0.000000 1.36531
13900 69.5000 -2.566660 1.0085 -0.277806 0.308539 -0.240764 14.0205 17.2843 0.72271 0.000000 1.36509
14000 70.0000 -2.579579 0.9893 0.149194 -0.110520 -0.098123 14.0194 17.2775 0.75200 0.000000 1.36488
14100 70.5000 -2.546259 0.9838 0.065081 0.070363 -0.432225 14.0202 17.2751 0.77060 0.000000 1.36505
14200 71.0000 -2.576925 0.9988 -0.364247 -0.048484 -0.322416 14.0196 17.2655 0.81836 0.000000 1.36493
14300 71.5000 -2.560702 1.0198 0.143763 -0.104872 0.030852 14.0179 17.2660 0.81419 0.000000 1.36460
14400 72.0000 -2.574481 1.0185 -0.001697 -0.235622 -0.135239 14.0181 17.2623 0.78707 0.000000 1.36463
14500 72.5000 -2.521712 0.9841 0.164283 0.234607 0.478150 14.0204 17.2615 0.78469 0.000000 1.36507
14600 73.0000 -2.560409 1.0069 -0.103917 0.184338 -0.248146 14.0222 17.2645 0.73976 0.000000 1.36543
14700 73.5000 -2.576583 1.0185 0.235226 -0.146077 0.083783 14.0266 17.2603 0.74755 0.000000 1.36629
14800 74.0000 -2.592669 0.9947 0.055269 -0.214658 0.013189 14.0291 17.2639 0.70490 0.000000 1.36677
14900 74.5000 -2.625365 1.0021 -0.230697 -0.296981 -0.069986 14.0212 17.2606 0.69828 0.000000 1.36524
15000 75.0000 -2.600049 1.0005 -0.138705 0.122342 0.083346 14.0153 17.2572 0.68211 0.000000 1.36408
15100 75.5000 -2.586923 1.0074 0.068618 -0.037900 0.194138 14.0194 17.2611 0.66730 0.000000 1.36489
15200 76.0000 -2.591650 0.9808 0.096243 -0.141151 -0.370207 14.0178 17.2563 0.74391 0.000000 1.36458
15300 76.5000 -2.606521 0.9864 -0.256923 -0.048458 -0.066731 14.0115 17.2521 0.73537 0.000000 1.36335
15400 77.0000 -2.587293 0.9954 0.036117 0.335281 -0.042883 14.0089 17.2493 0.66429 0.000000 1.36284
15500 77.5000 -2.616903 0.9895 -0.076348 -0.028679 -0.391966 14.0069 17.2452 0.71187 0.000000 1.36245
15600 78.0000 -2.604933 0.9682 0.013544 -0.133826 -0.152970 14.0067 17.2439 0.71607 0.000000 1.36242
15700 78.5000 -2.605187 0.9939 -0.030836 -0.085865 0.232907 14.0040 17.2427 0.74895 0.000000 1.36189
15800 79.0000 -2.575696 0.9700 0.033452 0.140696 0.356604 14.0040 17.2503 0.76263 0.000000 1.36189
15900 79.5000 -2.599364 0.9887 0.114071 0.282893 -0.012105 14.0071 17.2533 0.74216 0.000000 1.36249
16000 80.0000 -2.595352 0.9852 -0.001292 0.082477 0.072339 14.0070 17.2546 0.76527 0.000000 1.36247
16100 80.5000 -2.551030 0.9923 -0.004563 0.202014 0.396450 14.0134 17.2633 0.71585 0.000000 1.36372
16200 81.0000 -2.577301 0.9860 0.173911 -0.052739 0.030132 14.0150 17.2669 0.67394 0.000000 1.36403
16300 81.5000 -2.583362 0.9886 0.059926 -0.326548 0.094061 14.0105 17.2756 0.69712 0.000000 1.36315
16400 82.0000 -2.592991 0.9832 0.065623 -0.150218 -0.168882 14.0069 17.2721 0.76652 0.000000 1.36245
16500 82.5000 -2.567114 0.9794 -0.210945 0.182598 -0.205690 14.0033 17.2665 0.79301 0.000000 1.36175
16600 83.0000 -2.621272 1.0011 -0.060351 -0.070664 0.213737 14.0042 17.2649 0.80588 0.000000 1.36193
16700 83.5000 -2.599204 0.9893 0.018960 -0.281587 -0.005338 14.0019 17.2658 0.79369 0.000000 1.36148
16800 84.0000 -2.605395 0.9909 -0.153634 -0.159978 0.229622 13.9995 17.2655 0.82166 0.000000 1.36101
16900 84.5000 -2.613833 0.9820 -0.038888 -0.299259 0.148149 13.9929 17.2626 0.83336 0.000000 1.35974
17000 85.0000 -2.610252 0.9798 0.084999 0.159318 0.210981 13.9889 17.2599 0.82339 0.000000 1.35895
17100 85.5000 -2.628529 0.9969 -0.251666 -0.176315 0.140845 13.9896 17.2648 0.83280 0.000000 1.35908
17200 86.0000 -2.654877 1.0240 -0.227331 -0.138943 0.005082 13.9901 17.2623 0.81018 0.000000 1.35919
17300 86.5000 -2.613041 1.0120 0.103027 0.111171 0.389718 13.9893 17.2688 0.79044 0.000000 1.35903
17400 87.0000 -2.566561 0.9999 -0.070346 0.277826 0.097226 13.9960 17.2727 0.84073 0.000000 1.36033
17500 87.5000 -2.551808 1.0139 0.264350 0.131869 0.045941 14.0038 17.2828 0.81576 0.000000 1.36186
17600 88.0000 -2.576962 0.9954 -0.034201 -0.071583 0.359028 14.0042 17.2873 0.80760 0.000000 1.36192
17700 88.5000 -2.558147 0.9859 -0.007243 0.230012 0.015567 14.0069 17.2944 0.82468 0.000000 1.36246
17800 89.0000 -2.565228 1.0008 0.233969 -0.080741 0.171755 14.0047 17.2971 0.77362 0.000000 1.36203
17900 89.5000 -2.552899 0.9945 -0.264244 0.102792 -0.012205 14.0064 17.3006 0.71828 0.000000 1.36236
18000 90.0000 -2.587736 1.0219 -0.103262 -0.242338 -0.227371 14.0042 17.2995 0.75622 0.000000 1.36192
18100 90.5000 -2.552087 1.0125 0.053146 0.164132 0.214464 14.0035 17.3006 0.76748 0.000000 1.36180
18200 91.0000 -2.555720 0.9777 0.273329 -0.063947 0.103989 14.0048 17.2956 0.80808 0.000000 1.36205
18300 91.5000 -2.544034 0.9964 0.162056 -0.064239 0.029835 14.0057 17.3031 0.83540 0.000000 1.36222
18400 92.0000 -2.552823 1.0034 -0.107485 0.091400 -0.099947 14.0058 17.3056 0.83037 0.000000 1.36223
18500 92.5000 -2.548310 1.0116 0.005229 -0.157782 -0.029385 14.0100 17.3039 0.75018 0.000000 1.36305
18600 93.0000 -2.548465 0.9798 -0.053233 -0.072470 -0.056353 14.0127 17.3054 0.74854 0.000000 1.36357
18700 93.5000 -2.565544 0.9800 0.129776 -0.217730 -0.311992 14.0069 17.3077 0.69500 0.000000 1.36246
18800 94.0000 -2.570407 0.9728 -0.247265 0.177183 0.019409 14.0031 17.3059 0.74572 0.000000 1.36171
18900 94.5000 -2.581219 0.9962 -0.159080 -0.219406 -0.314560 14.0030 17.3099 0.76827 0.000000 1.36170
19000 95.0000 -2.566158 0.9960 0.137072 0.033927 -0.252613 14.0045 17.3019 0.71145 0.000000 1.36199
19100 95.5000 -2.568058 1.0086 -0.002835 -0.088435 0.419983 14.0075 17.2981 0.73567 0.000000 1.36257
19200 96.0000 -2.594373 1.0042 -0.065356 -0.389778 -0.290470 14.0039 17.2973 0.69505 0.000000 1.36186
19300 96.5000 -2.596431 1.0055 -0.275452 -0.064766 -0.281536 13.9987 17.2948 0.70249 0.000000 1.36086
19400 97.0000 -2.561745 0.9854 0.139810 0.227847 0.294672 13.9969 17.3013 0.74376 0.000000 1.36051
19500 97.5000 -2.569532 1.0003 -0.037175 -0.128200 -0.015002 13.9968 17.3050 0.76911 0.000000 1.36050
19600 98.0000 -2.587106 1.0066 -0.028076 -0.161865 0.328015 13.9993 17.3067 0.75641 0.000000 1.36098
19700 98.5000 -2.540294 0.9955 0.291388 0.055403 0.285668 14.0009 17.3073 0.86338 0.000000 1.36128
19800 99.0000 -2.573121 1.0142 -0.133364 -0.182020 -0.087913 13.9999 17.3069 0.84986 0.000000 1.36109
19900 99.5000 -2.521163 0.9821 0.338963 0.156471 0.444990 13.9991 17.3083 0.84117 0.000000 1.36093
20000 100.0000 -2.531044 0.9917 0.064541 0.224181 -0.559940 14.0041 17.3086 0.79409 0.000000 1.36191
20100 100.5000 -2.546796 0.9760 0.323847 0.120867 -0.204645 14.0070 17.3029 0.80343 0.000000 1.36248
20200 101.0000 -2.542099 0.9785 -0.289988 0.320988 -0.248609 14.0054 17.2985 0.81116 0.000000 1.36217
20300 101.5000 -2.557215 0.9754 -0.262073 -0.090302 0.313736 14.0049 17.3003 0.77072 0.000000 1.36207
20400 102.0000 -2.600870 0.9944 -0.092782 -0.161204 0.373286 14.0050 17.3083 0.83074 0.000000 1.36209
20500 102.5000 -2.578452 0.9722 -0.038775 0.244493 0.132696 14.0078 17.3045 0.84457 0.000000 1.36263
20600 103.0000 -2.596298 1.0037 -0.061180 -0.040556 0.142870 14.0076 17.3042 0.79246 0.000000 1.36259
20700 103.5000 -2.588121 0.9783 -0.080039 -0.175361 -0.123367 14.0046 17.3058 0.82151 0.000000 1.36200
20800 104.0000 -2.601129 0.9764 -0.088218 -0.172911 -0.007125 13.9977 17.3023 0.79625 0.000000 1.36067
20900 104.5000 -2.584033 0.9743 0.015072 -0.045334 -0.109610 13.9946 17.2967 0.79272 0.000000 1.36006
21000 105.0000 -2.614153 1.0046 0.012379 0.051279 -0.323180 13.9940 17.2857 0.80767 0.000000 1.35995
21100 105.5000 -2.628120 1.0171 -0.095605 0.291210 -0.243815 13.9954 17.2829 0.80454 0.000000 1.36022
21200 106.0000 -2.585720 0.9940 -0.259955 -0.000652 -0.073740 13.9964 17.2816 0.79571 0.000000 1.36041
21300 106.5000 -2.588500 0.9967 -0.048797 -0.137841 0.129846 13.9928 17.2906 0.78746 0.000000 1.35972
21400 107.0000 -2.592996 0.9915 0.081297 -0.079785 -0.071105 13.9885 17.2896 0.82703 0.000000 1.35889
21500 107.5000 -2.609646 0.9990 -0.052089 0.275963 -0.218387 13.9865 17.2863 0.81125 0.000000 1.35848
21600 108.0000 -2.605013 0.9810 0.040752 0.139310 -0.152380 13.9865 17.2783 0.83780 0.000000 1.35848
21700 108.5000 -2.623066 0.9980 -0.050412 -0.059094 0.054905 13.9871 17.2816 0.73671 0.000000 1.35860
21800 109.0000 -2.639778 0.9924 -0.104118 -0.331618 0.135824 13.9802 17.2806 0.76546 0.000000 1.35727
21900 109.5000 -2.614891 0.9926 0.112831 0.140232 -0.438980 13.9799 17.2863 0.76735 0.000000 1.35720
22000 110.0000 -2.639632 1.0083 -0.179655 -0.003467 -0.074912 13.9806 17.2810 0.78449 0.000000 1.35734
22100 110.5000 -2.618110 0.9935 0.057986 0.177134 -0.006038 13.9816 17.2813 0.78040 0.000000 1.35754
22200 111.0000 -2.616762 0.9920 -0.230077 -0.098250 -0.165571 13.9839 17.2842 0.74658 0.000000 1.35797
22300 111.5000 -2.611245 0.9576 0.134553 -0.049887 -0.106134 13.9806 17.2786 0.79775 0.000000 1.35735
22400 112.0000 -2.605677 0.9800 0.045203 -0.008456 0.343793 13.9774 17.2853 0.78104 0.000000 1.35673
22500 112.5000 -2.586143 0.9895 0.088335 -0.049700 -0.213153 13.9808 17.2854 0.79012 0.000000 1.35738
22600 113.0000 -2.622368 1.0222 0.020982 0.002628 -0.199713 13.9822 17.2896 0.77843 0.000000 1.35765
22700 113.5000 -2.604177 0.9954 0.033725 0.145239 -0.061056 13.9829 17.2943 0.79893 0.000000 1.35778
22800 114.0000 -2.614873 1.0126 -0.087205 0.208095 -0.412912 13.9844 17.2953 0.74784 0.000000 1.35809
22900 114.5000 -2.591773 0.9979 0.257306 -0.064496 0.028539 13.9851 17.2862 0.79589 0.000000 1.35821
23000 115.0000 -2.557802 0.9848 0.128881 0.381580 0.427234 13.9871 17.2887 0.77848 0.000000 1.35861
23100 115.5000 -2.588231 1.0073 -0.081851 0.271559 0.170752 13.9873 17.2912 0.76196 0.000000 1.35864
23200 116.0000 -2.567088 0.9852 0.052367 0.009865 0.083736 13.9901 17.2930 0.78217 0.000000 1.35920
23300 116.5000 -2.596187 1.0115 0.156985 -0.096822 0.167835 13.9925 17.2954 0.78675 0.000000 1.35966
23400 117.0000 -2.571821 0.9815 0.322086 -0.054036 0.012401 13.9924 17.2963 0.82598 0.000000 1.35963
23500 117.5000 -2.565514 1.0107 0.187802 0.053173 0.069602 13.9944 17.2939 0.86591 0.000000 1.36002
23600 118.0000 -2.592213 0.9902 0.164993 0.220761 -0.320895 13.9970 17.2962 0.76406 0.000000 1.36052
23700 118.5000 -2.590199 0.9888 -0.143913 0.157928 0.242533 13.9992 17.2993 0.80610 0.000000 1.36096
23800 119.0000 -2.603314 0.9918 -0.065224 -0.139610 -0.002855 14.0005 17.2987 0.73558 0.000000 1.36121
23900 119.5000 -2.603276 1.0162 0.066276 -0.244068 0.168043 13.9996 17.3022 0.82246 0.000000 1.36102
24000 120.0000 -2.619458 1.0131 -0.271660 -0.238841 -0.470523 13.9983 17.3033 0.77631 0.000000 1.36078
24100 120.5000 -2.586582 1.0194 -0.016367 0.039359 -0.014204 14.0005 17.3025 0.84960 0.000000 1.36121
24200 121.0000 -2.557689 1.0070 0.067432 0.202202 -0.530083 14.0071 17.2995 0.83017 0.000000 1.36249
24300 121.5000 -2.600636 1.0291 -0.366702 -0.039696 0.033764 14.0051 17.3027 0.84137 0.000000 1.36211
24400 122.0000 -2.572691 1.0127 0.138216 0.171351 -0.127179 14.0072 17.3036 0.81110 0.000000 1.36251
24500 122.5000 -2.557503 1.0203 0.087846 0.172562 -0.344442 14.0141 17.3040 0.78644 0.000000 1.36384
24600 123.0000 -2.523983 0.9832 0.287520 -0.084758 0.305448 14.0155 17.3018 0.72242 0.000000 1.36413
24700 123.5000 -2.562122 1.0263 -0.077626 -0.053628 0.129762 14.0173 17.3009 0.68158 0.000000 1.36447
24800 124.0000 -2.581197 1.0108 -0.193439 -0.293938 -0.527767 14.0141 17.3043 0.79594 0.000000 1.36385
24900 124.5000 -2.563127 0.9977 -0.054157 0.095933 -0.177591 14.0102 17.2986 0.76141 0.000000 1.36310
25000 125.0000 -2.583205 0.9776 -0.244591 -0.033178 -0.164378 14.0041 17.2977 0.78950 0.000000 1.36192
25100 125.5000 -2.575181 0.9987 -0.124795 0.071718 0.048341 13.9995 17.2931 0.84176 0.000000 1.36102
25200 126.0000 -2.594117 1.0176 -0.235219 0.245663 -0.077974 14.0005 17.2928 0.78217 0.000000 1.36120
25300 126.5000 -2.568751 0.9976 -0.030939 0.314721 -0.242391 13.9977 17.2965 0.80892 0.000000 1.36067
25400 127.0000 -2.591074 1.0017 -0.108673 -0.013739 -0.221963 13.9966 17.2881 0.79710 0.000000 1.36045
25500 127.5000 -2.581974 0.9786 0.026251 -0.048443 -0.050934 13.9954 17.2884 0.85128 0.000000 1.36021
25600 128.0000 -2.575681 0.9925 0.011724 0.053123 -0.182223 13.9943 17.2891 0.88583 0.000000 1.35999
25700 128.5000 -2.550428 0.9925 0.075576 0.206400 0.296886 13.9982 17.2883 0.84809 0.000000 1.36077
25800 129.0000 -2.546754 0.9888 0.129291 0.266691 -0.222116 14.0020 17.2878 0.90372 0.000000 1.36151
25900 129.5000 -2.577856 1.0016 -0.177774 0.121754 0.201933 14.0033 17.2917 0.84669 0.000000 1.36176
26000 130.0000 -2.599535 0.9651 -0.108267 -0.311915 0.010893 14.0008 17.2927 0.87457 0.000000 1.36127
26100 130.5000 -2.599312 1.0084 -0.160443 0.028924 -0.071709 13.9971 17.2932 0.79985 0.000000 1.36054
26200 131.0000 -2.593959 0.9789 0.029957 0.053007 0.114013 13.9966 17.2927 0.89043 0.000000 1.36044
26300 131.5000 -2.592873 0.9932 0.313356 0.035690 0.184907 13.9981 17.2942 0.87530 0.000000 1.36074
26400 132.0000 -2.538161 0.9811 0.313990 0.444009 -0.168417 14.0021 17.2957 0.90633 0.000000 1.36153
26500 132.5000 -2.557834 0.9946 -0.173188 0.255289 -0.241258 14.0080 17.3025 0.90546 0.000000 1.36267
26600 133.0000 -2.568937 0.9968 -0.181874 -0.021659 0.549736 14.0100 17.3052 0.89116 0.000000 1.36305
26700 133.5000 -2.531332 0.9817 0.298321 0.037300 -0.248235 14.0129 17.3073 0.89197 0.000000 1.36361
26800 134.0000 -2.541683 0.9965 0.259914 -0.030251 0.178038 14.0158 17.3068 0.92632 0.000000 1.36419
26900 134.5000 -2.520223 0.9934 0.161197 0.190680 0.126312 14.0180 17.3055 0.98595 0.000000 1.36462
27000 135.0000 -2.532564 1.0185 0.089394 0.055557 0.024588 14.0181 17.3046 0.93878 0.000000 1.36463
27100 135.5000 -2.523328 0.9988 -0.243181 -0.089010 -0.125950 14.0179 17.3054 0.85763 0.000000 1.36460
27200 136.0000 -2.524008 0.9780 -0.107536 -0.056332 0.001018 14.0156 17.3087 0.85189 0.000000 1.36415
27300 136.5000 -2.549051 0.9905 0.077637 -0.061281 -0.100208 14.0114 17.3032 0.92736 0.000000 1.36333
27400 137.0000 -2.577113 0.9958 -0.028212 -0.114116 0.009069 14.0141 17.2997 0.85996 0.000000 1.36386
27500 137.5000 -2.556831 1.0001 -0.064225 -0.208457 -0.201710 14.0164 17.2972 0.90745 0.000000 1.36429
27600 138.0000 -2.536699 0.9646 -0.109044 0.158586 0.029819 14.0126 17.2899 0.96951 0.000000 1.36356
27700 138.5000 -2.567430 1.0096 -0.021458 0.092168 -0.122487 14.0102 17.2912 0.87235 0.000000 1.36310
27800 139.0000 -2.566701 0.9824 -0.140731 -0.284786 -0.183828 14.0065 17.2947 0.87572 0.000000 1.36237
27900 139.5000 -2.586433 1.0138 -0.042083 -0.008273 -0.365142 14.0043 17.2898 0.83355 0.000000 1.36194
28000 140.0000 -2.571881 0.9862 -0.097392 -0.064179 -0.437355 14.0045 17.2932 0.79790 0.000000 1.36198
28100 140.5000 -2.548358 0.9982 -0.062510 0.188533 0.040060 14.0008 17.2873 0.81490 0.000000 1.36127
28200 141.0000 -2.549906 1.0011 -0.006629 0.264352 -0.081581 14.0039 17.2914 0.77107 0.000000 1.36187
28300 141.5000 -2.567024 0.9962 0.036890 0.021484 -0.239735 14.0022 17.2997 0.87205 0.000000 1.36153
28400 142.0000 -2.568986 0.9915 -0.053156 -0.232623 0.012483 14.0040 17.3002 0.94816 0.000000 1.36189
28500 142.5000 -2.541123 0.9988 0.289332 0.156740 0.215157 14.0049 17.3005 0.92235 0.000000 1.36206
28600 143.0000 -2.540079 1.0028 -0.320480 0.170231 0.400074 14.0058 17.3101 0.94345 0.000000 1.36223
28700 143.5000 -2.555165 0.9973 -0.298638 0.088110 -0.433347 14.0062 17.3085 0.92180 0.000000 1.36231
28800 144.0000 -2.555401 0.9957 0.186693 -0.000092 -0.002655 14.0050 17.3107 0.91886 0.000000 1.36209
28900 144.5000 -2.572621 0.9847 0.178477 -0.193312 0.089578 14.0012 17.3065 0.95074 0.000000 1.36135
29000 145.0000 -2.562630 1.0023 -0.022515 -0.097387 -0.154302 13.9995 17.3144 0.99779 0.000000 1.36101
29100 145.5000 -2.567051 1.0173 -0.084333 -0.404222 0.252513 13.9967 17.3154 0.96367 0.000000 1.36046
29200 146.0000 -2.564421 0.9809 -0.040233 0.074818 0.289028 13.9969 17.3180 0.94774 0.000000 1.36051
29300 146.5000 -2.559556 0.9912 -0.076164 0.051757 0.101829 13.9963 17.3182 0.95184 0.000000 1.36040
29400 147.0000 -2.587573 1.0069 -0.079345 -0.228739 -0.017488 13.9910 17.3129 0.95668 0.000000 1.35937
29500 147.5000 -2.554536 1.0246 -0.212084 -0.016278 0.057404 13.9900 17.3101 0.95899 0.000000 1.35916
29600 148.0000 -2.537018 0.9830 0.011346 -0.236349 -0.198950 13.9900 17.3144 0.93215 0.000000 1.35917
29700 148.5000 -2.574235 1.0238 0.075334 -0.130849 0.067762 13.9892 17.3216 0.89121 0.000000 1.35902
29800 149.0000 -2.580083 0.9937 -0.330602 0.102084 -0.127049 13.9867 17.3221 0.90051 0.000000 1.35853
29900 149.5000 -2.573567 0.9874 -0.213218 0.237637 0.218385 13.9898 17.3244 0.86213 0.000000 1.35914
30000 150.0000 -2.575179 0.9829 -0.000285 0.175134 0.309767 13.9892 17.3299 0.94680 0.000000 1.35902
30100 150.5000 -2.589027 1.0032 -0.111848 0.000223 -0.328142 13.9825 17.3269 0.91662 0.000000 1.35772
30200 151.0000 -2.550153 0.9807 0.219990 0.046029 -0.258085 13.9835 17.3267 0.96297 0.000000 1.35791
30300 151.5000 -2.572527 1.0075 0.202692 0.092838 0.327760 13.9876 17.3300 0.98847 0.000000 1.35871
30400 152.0000 -2.548223 0.9941 0.108912 -0.024895 0.203402 13.9862 17.3346 0.98107 0.000000 1.35843
30500 152.5000 -2.567377 1.0026 -0.216730 0.105939 0.223666 13.9857 17.3384 0.92268 0.000000 1.35834
30600 153.0000 -2.551237 0.9972 -0.187667 0.033984 0.054026 13.9891 17.3429 1.02104 0.000000 1.35900
30700 153.5000 -2.546878 1.0138 0.083085 0.265799 -0.078190 13.9895 17.3450 1.07577 0.000000 1.35907
30800 154.0000 -2.558542 1.0000 -0.183486 0.124439 -0.010447 13.9911 17.3404 1.05372 0.000000 1.35937
30900 154.5000 -2.558229 1.0222 0.263705 0.142017 0.325880 13.9932 17.3443 1.08113 0.000000 1.35979
31000 155.0000 -2.567839 1.0144 0.058945 -0.109128 -0.018994 13.9936 17.3423 1.04358 0.000000 1.35986
31100 155.5000 -2.568363 1.0064 -0.096421 0.046711 -0.047589 13.9941 17.3459 1.00122 0.000000 1.35997
31200 156.0000 -2.576855 1.0106 -0.173167 -0.102496 -0.497362 13.9952 17.3484 0.94914 0.000000 1.36018
31300 156.5000 -2.555359 1.0056 0.118263 0.218405 0.275538 13.9972 17.3515 0.96456 0.000000 1.36057
31400 157.0000 -2.537469 1.0139 0.095567 0.161653 0.406519 13.9995 17.3625 0.88246 0.000000 1.36101
31500 157.5000 -2.530989 1.0004 -0.055479 -0.282432 0.091296 13.9972 17.3622 1.01650 0.000000 1.36056
31600 158.0000 -2.532099 1.0013 0.016604 -0.129445 0.292829 13.9926 17.3635 1.01556 0.000000 1.35968
31700 158.5000 -2.564113 0.9861 -0.274976 -0.019422 -0.250429 13.9924 17.3615 1.01562 0.000000 1.35964
31800 159.0000 -2.588768 0.9740 -0.154852 0.042449 -0.054181 13.9846 17.3556 0.99126 0.000000 1.35812
31900 159.5000 -2.603498 0.9895 -0.083062 -0.287543 0.042505 13.9777 17.3514 0.95786 0.000000 1.35677
32000 160.0000 -2.563566 0.9848 -0.020898 -0.087357 -0.060473 13.9759 17.3573 0.94809 0.000000 1.35644
32100 160.5000 -2.574744 0.9965 0.359848 -0.217383 -0.301398 13.9751 17.3537 0.87703 0.000000 1.35627
32200 161.0000 -2.570000 0.9853 0.160872 -0.045707 0.202845 13.9738 17.3533 0.93681 0.000000 1.35603
32300 161.5000 -2.584600 0.9847 -0.051353 -0.013985 -0.195561 13.9694 17.3508 0.98500 0.000000 1.35516
32400 162.0000 -2.569063 1.0217 0.139211 0.131965 -0.096791 13.9748 17.3524 0.96471 0.000000 1.35621
32500 162.5000 -2.545193 1.0044 0.206236 0.124318 0.355579 13.9770 17.3581 1.11399 0.000000 1.35665
32600 163.0000 -2.552942 1.0030 -0.215921 -0.041656 0.135588 13.9765 17.3614 0.91040 0.000000 1.35655
32700 163.5000 -2.573537 1.0222 0.143418 0.064243 0.470531 13.9703 17.3717 1.00731 0.000000 1.35534
32800 164.0000 -2.574651 0.9896 -0.153328 0.060772 -0.049588 13.9680 17.3715 1.02608 0.000000 1.35490
32900 164.5000 -2.570012 0.9965 0.080616 -0.154063 0.151877 13.9657 17.3753 0.98110 0.000000 1.35445
33000 165.0000 -2.559826 1.0018 -0.013054 0.131765 -0.017108 13.9645 17.3698 0.96563 0.000000 1.35422
33100 165.5000 -2.578331 1.0114 0.132444 -0.152430 0.244159 13.9645 17.3746 0.96419 0.000000 1.35422
33200 166.0000 -2.549190 0.9949 0.011683 0.116396 -0.010177 13.9698 17.3793 0.95293 0.000000 1.35525
33300 166.5000 -2.568830 0.9985 0.179207 -0.025818 -0.130131 13.9746 17.3794 0.95075 0.000000 1.35617
33400 167.0000 -2.567632 1.0018 -0.357495 0.218079 -0.040355 13.9749 17.3804 1.02855 0.000000 1.35624
33500 167.5000 -2.538725 0.9941 0.110069 -0.077868 0.207870 13.9735 17.3844 0.98834 0.000000 1.35597
33600 168.0000 -2.554390 1.0031 0.065587 -0.125253 0.100193 13.9724 17.3921 0.96214 0.000000 1.35574
33700 168.5000 -2.575067 1.0043 -0.319664 -0.205836 -0.081851 13.9711 17.3950 0.86355 0.000000 1.35550
33800 169.0000 -2.559968 1.0030 -0.114546 -0.192960 -0.040717 13.9693 17.3889 0.95614 0.000000 1.35515
33900 169.5000 -2.558630 0.9965 0.206107 0.253459 -0.034306 13.9687 17.3936 0.91757 0.000000 1.35504
34000 170.0000 -2.551118 0.9989 0.103757 -0.079933 0.102299 13.9678 17.3914 0.86604 0.000000 1.35486
34100 170.5000 -2.563572 0.9914 -0.075459 -0.062945 0.614929 13.9696 17.3996 0.89403 0.000000 1.35521
34200 171.0000 -2.584739 0.9936 0.038990 -0.209232 0.012453 13.9685 17.3959 0.93986 0.000000 1.35498
34300 171.5000 -2.589984 0.9847 -0.222519 -0.091659 -0.135840 13.9653 17.3978 0.93600 0.000000 1.35437
34400 172.0000 -2.582235 0.9879 -0.268289 0.165376 -0.521202 13.9648 17.3891 0.93385 0.000000 1.35428
34500 172.5000 -2.577234 0.9877 0.052767 0.047459 -0.113384 13.9670 17.3816 0.85748 0.000000 1.35470
34600 173.0000 -2.574504 0.9775 0.254780 -0.055187 -0.204875 13.9657 17.3782 0.89724 0.000000 1.35444
34700 173.5000 -2.551400 0.9837 -0.166510 -0.040184 -0.088398 13.9620 17.3730 0.85248 0.000000 1.35374
34800 174.0000 -2.566915 0.9953 -0.006881 -0.044388 -0.440066 13.9607 17.3690 0.84910 0.000000 1.35349
34900 174.5000 -2.532616 0.9869 0.400606 0.332900 0.220574 13.9673 17.3765 0.79530 0.000000 1.35477
35000 175.0000 -2.564754 0.9758 -0.071475 0.118498 -0.085882 13.9673 17.3710 0.86431 0.000000 1.35476
35100 175.5000 -2.566045 0.9869 0.118753 0.056545 0.652947 13.9701 17.3760 0.82469 0.000000 1.35530
35200 176.0000 -2.590909 0.9998 -0.186813 -0.033415 -0.053039 13.9635 17.3765 0.83664 0.000000 1.35402
35300 176.5000 -2.600575 1.0112 -0.050681 -0.142792 0.140917 13.9590 17.3727 0.82836 0.000000 1.35314
35400 177.0000 -2.575916 0.9840 -0.279827 0.064652 0.126565 13.9614 17.3738 0.81998 0.000000 1.35362
35500 177.5000 -2.566214 0.9687 0.074295 0.061176 -0.131601 13.9558 17.3643 0.82588 0.000000 1.35253
35600 178.0000 -2.570101 0.9921 0.312793 -0.111816 0.034127 13.9603 17.3647 0.83029 0.000000 1.35341
35700 178.5000 -2.552599 0.9897 0.017419 0.209626 -0.192565 13.9609 17.3667 0.79951 0.000000 1.35352
35800 179.0000 -2.547939 0.9957 0.108206 -0.032532 0.257000 13.9642 17.3748 0.81659 0.000000 1.35416
35900 179.5000 -2.584257 1.0056 -0.025244 -0.190464 0.000371 13.9669 17.3834 0.85745 0.000000 1.35469
36000 180.0000 -2.574968 0.9706 -0.024179 -0.162021 0.115704 13.9648 17.3771 0.83711 0.000000 1.35427
36100 180.5000 -2.590408 0.9902 0.019521 -0.151941 -0.124425 13.9657 17.3721 0.87481 0.000000 1.35445
36200 181.0000 -2.582378 1.0090 0.045176 0.023944 -0.219387 13.9657 17.3602 0.88052 0.000000 1.35444
36300 181.5000 -2.590336 1.0147 0.009010 -0.062995 -0.258120 13.9633 17.3603 0.85832 0.000000 1.35399
36400 182.0000 -2.534110 1.0029 0.143929 0.124142 0.036930 13.9645 17.3611 0.86356 0.000000 1.35423
36500 182.5000 -2.569379 1.0154 0.055385 -0.158657 0.198189 13.9650 17.3669 0.79809 0.000000 1.35432
36600 183.0000 -2.559923 0.9777 -0.015468 -0.194104 -0.034542 13.9625 17.3714 0.80323 0.000000 1.35382
36700 183.5000 -2.568664 0.9862 0.155634 -0.054843 0.170263 13.9577 17.3787 0.77644 0.000000 1.35289
36800 184.0000 -2.595219 1.0067 -0.181332 0.102559 -0.150624 13.9564 17.3809 0.80106 0.000000 1.35265
36900 184.5000 -2.587777 1.0156 -0.012089 -0.031923 -0.313949 13.9594 17.3706 0.82399 0.000000 1.35324
37000 185.0000 -2.586138 0.9970 0.131325 0.021541 -0.048386 13.9606 17.3691 0.83470 0.000000 1.35346
37100 185.5000 -2.570402 0.9889 0.017309 0.010081 0.131875 13.9614 17.3646 0.73594 0.000000 1.35362
37200 186.0000 -2.603801 1.0107 -0.283680 0.022640 -0.013266 13.9571 17.3692 0.74069 0.000000 1.35278
37300 186.5000 -2.598143 0.9882 -0.103900 0.148870 0.042076 13.9577 17.3748 0.74513 0.000000 1.35290
37400 187.0000 -2.582112 0.9967 -0.064624 0.099999 0.531942 13.9589 17.3731 0.76764 0.000000 1.35312
37500 187.5000 -2.608014 1.0076 -0.257137 -0.113112 -0.110278 13.9568 17.3738 0.74810 0.000000 1.35273
37600 188.0000 -2.589147 0.9943 0.228670 0.078291 -0.112554 13.9581 17.3781 0.73278 0.000000 1.35298
37700 188.5000 -2.585420 0.9835 0.074447 -0.168821 0.228575 13.9582 17.3788 0.76479 0.000000 1.35300
37800 189.0000 -2.582201 0.9778 0.315126 -0.040784 0.207968 13.9548 17.3821 0.72405 0.000000 1.35233
37900 189.5000 -2.596268 0.9967 0.139044 -0.012707 0.208410 13.9566 17.3858 0.78261 0.000000 1.35268
38000 190.0000 -2.564339 0.9835 0.373717 0.114551 -0.132931 13.9574 17.3878 0.76494 0.000000 1.35285
38100 190.5000 -2.600684 1.0237 -0.161272 -0.018537 -0.283662 13.9614 17.3885 0.77623 0.000000 1.35361
38200 191.0000 -2.608602 1.0166 -0.241550 0.006212 -0.048066 13.9591 17.3886 0.75823 0.000000 1.35317
38300 191.5000 -2.555834 0.9968 0.055866 -0.112719 -0.130087 13.9584 17.3971 0.77775 0.000000 1.35304
38400 192.0000 -2.573708 1.0178 0.042091 -0.011761 -0.266709 13.9610 17.3979 0.84641 0.000000 1.35353
38500 192.5000 -2.548713 0.9759 0.081749 -0.177860 -0.225575 13.9647 17.4013 0.78423 0.000000 1.35426
38600 193.0000 -2.607545 0.9963 -0.162077 -0.189053 0.010597 13.9615 17.4019 0.78726 0.000000 1.35363
38700 193.5000 -2.596545 1.0037 0.023226 -0.138198 0.025047 13.9598 17.4001 0.79430 0.000000 1.35331
38800 194.0000 -2.558227 1.0037 0.088926 0.354036 0.049165 13.9633 17.4015 0.85197 0.000000 1.35398
38900 194.5000 -2.527746 0.9801 -0.070113 0.154971 0.034514 13.9651 17.3986 0.72788 0.000000 1.35433
39000 195.0000 -2.583284 0.9952 -0.072468 -0.306232 -0.323246 13.9613 17.3926 0.78138 0.000000 1.35360
39100 195.5000 -2.586484 0.9905 -0.044637 -0.265902 -0.186036 13.9561 17.3862 0.81304 0.000000 1.35258
39200 196.0000 -2.568271 0.9950 0.083079 -0.132079 0.178398 13.9575 17.3844 0.76864 0.000000 1.35285
39300 196.5000 -2.597582 1.0111 0.116869 -0.152245 -0.189939 13.9565 17.3862 0.74116 0.000000 1.35267
39400 197.0000 -2.604762 0.9957 0.115921 -0.053178 0.171936 13.9594 17.3831 0.76285 0.000000 1.35323
39500 197.5000 -2.581512 0.9998 -0.027403 0.322291 -0.049204 13.9610 17.3788 0.78941 0.000000 1.35354
39600 198.0000 -2.585863 1.0017 0.071476 0.090123 -0.064601 13.9607 17.3802 0.78596 0.000000 1.35348
39700 198.5000 -2.564920 1.0252 0.112078 0.276113 0.004373 13.9699 17.3819 0.86731 0.000000 1.35527
39800 199.0000 -2.533537 1.0206 0.395053 0.112721 0.339580 13.9758 17.3875 0.91746 0.000000 1.35641
39900 199.5000 -2.553500 0.9894 0.084074 -0.198799 0.305299 13.9794 17.3930 0.92718 0.000000 1.35711
40000 200.0000 -2.606072 1.0298 0.096932 -0.062533 -0.573648 13.9774 17.3855 0.89711 0.000000 1.35673
40100 200.5000 -2.564465 1.0120 -0.040631 -0.189260 0.013806 13.9774 17.3865 0.87509 0.000000 1.35671
40200 201.0000 -2.593128 0.9873 -0.150524 -0.049076 -0.161831 13.9736 17.3797 0.81692 0.000000 1.35599
40300 201.5000 -2.631944 0.9891 -0.269363 -0.205562 -0.429254 13.9706 17.3722 0.83781 0.000000 1.35540
40400 202.0000 -2.606714 0.9975 0.050598 -0.189165 0.173350 13.9660 17.3690 0.82592 0.000000 1.35451
40500 202.5000 -2.622914 1.0016 -0.073880 -0.305617 -0.428975 13.9614 17.3657 0.85305 0.000000 1.35362
40600 203.0000 -2.586204 0.9798 -0.171120 0.193798 0.210362 13.9588 17.3639 0.84274 0.000000 1.35312
40700 203.5000 -2.608460 1.0125 -0.151267 -0.010200 -0.169906 13.9600 17.3629 0.80430 0.000000 1.35334
40800 204.0000 -2.618709 1.0044 -0.167241 -0.127075 -0.059561 13.9560 17.3561 0.88460 0.000000 1.35256
40900 204.5000 -2.580197 0.9998 0.192985 0.067162 -0.012169 13.9565 17.3591 0.83452 0.000000 1.35266
41000 205.0000 -2.606799 0.9897 0.200560 -0.203758 0.051240 13.9565 17.3601 0.80343 0.000000 1.35267
41100 205.5000 -2.604612 0.9952 -0.034693 0.314490 0.006208 13.9546 17.3574 0.81063 0.000000 1.35230
41200 206.0000 -2.586300 0.9687 0.116084 0.046835 -0.016457 13.9551 17.3618 0.79362 0.000000 1.35239
41300 206.5000 -2.585668 0.9633 0.060637 0.184452 0.025640 13.9575 17.3651 0.77901 0.000000 1.35287
41400 207.0000 -2.596040 0.9624 0.174811 -0.171733 0.028988 13.9582 17.3615 0.76150 0.000000 1.35300
41500 207.5000 -2.571800 0.9889 0.242569 0.076336 0.366933 13.9592 17.3674 0.72334 0.000000 1.35319
41600 208.0000 -2.578230 1.0088 -0.058758 0.200613 0.184448 13.9579 17.3695 0.76005 0.000000 1.35293
41700 208.5000 -2.574669 1.0161 -0.008702 0.201456 -0.360442 13.9632 17.3785 0.79715 0.000000 1.35397
41800 209.0000 -2.560836 1.0048 0.318238 0.070732 0.171063 13.9677 17.3744 0.84046 0.000000 1.35484
41900 209.5000 -2.568696 1.0084 0.028232 0.030399 0.061414 13.9719 17.3805 0.73140 0.000000 1.35565
42000 210.0000 -2.595759 1.0167 -0.296828 0.018674 -0.296887 13.9722 17.3812 0.78891 0.000000 1.35570
42100 210.5000 -2.588125 1.0147 0.082456 -0.103928 -0.412713 13.9737 17.3717 0.78595 0.000000 1.35599
42200 211.0000 -2.598475 0.9968 0.061820 -0.112225 -0.516374 13.9728 17.3673 0.79953 0.000000 1.35582
42300 211.5000 -2.599760 0.9932 -0.017524 -0.101835 -0.130422 13.9706 17.3639 0.81630 0.000000 1.35541
42400 212.0000 -2.618517 1.0082 -0.110879 -0.322627 -0.443527 13.9668 17.3557 0.82211 0.000000 1.35467
42500 212.5000 -2.614922 1.0032 -0.144672 0.052247 -0.020868 13.9631 17.3475 0.83077 0.000000 1.35395
42600 213.0000 -2.640585 0.9978 -0.032720 -0.194565 -0.263582 13.9602 17.3478 0.82711 0.000000 1.35339
42700 213.5000 -2.608775 0.9885 0.288287 0.005652 0.095036 13.9585 17.3446 0.87285 0.000000 1.35305
42800 214.0000 -2.597265 1.0073 -0.054446 0.348998 -0.316273 13.9624 17.3466 0.79971 0.000000 1.35380
42900 214.5000 -2.583891 0.9935 0.056785 -0.261383 -0.046456 13.9665 17.3435 0.77932 0.000000 1.35460
43000 215.0000 -2.587405 0.9967 0.342521 0.030566 0.235278 13.9673 17.3451 0.71577 0.000000 1.35475
43100 215.5000 -2.603836 0.9905 -0.124878 -0.003713 -0.638461 13.9643 17.3457 0.75522 0.000000 1.35418
43200 216.0000 -2.638481 0.9888 -0.287382 -0.280509 -0.396112 13.9614 17.3434 0.74936 0.000000 1.35361
43300 216.5000 -2.616905 0.9795 -0.078758 -0.193212 -0.284181 13.9596 17.3363 0.77200 0.000000 1.35327
43400 217.0000 -2.596735 1.0085 -0.013360 0.194141 -0.091190 13.9587 17.3328 0.77996 0.000000 1.35309
43500 217.5000 -2.566086 0.9912 0.113219 0.158893 0.460420 13.9611 17.3369 0.82683 0.000000 1.35356
43600 218.0000 -2.616701 1.0014 -0.191393 0.162029 -0.300300 13.9642 17.3321 0.84841 0.000000 1.35415
43700 218.5000 -2.608572 1.0323 0.008187 -0.051339 -0.669215 13.9713 17.3223 0.82212 0.000000 1.35553
43800 219.0000 -2.580426 1.0124 0.451115 0.219735 0.263416 13.9771 17.3203 0.84737 0.000000 1.35667
43900 219.5000 -2.591005 1.0127 -0.034781 0.065102 0.186435 13.9801 17.3192 0.84433 0.000000 1.35724
44000 220.0000 -2.590863 0.9959 -0.294563 -0.183254 -0.443019 13.9821 17.3204 0.78148 0.000000 1.35763
44100 220.5000 -2.605703 0.9950 -0.116658 -0.234886 -0.152193 13.9777 17.3172 0.77557 0.000000 1.35679
44200 221.0000 -2.584132 1.0087 0.022230 -0.109064 -0.246509 13.9761 17.3181 0.83303 0.000000 1.35647
44300 221.5000 -2.566653 0.9962 0.323928 -0.184893 0.451265 13.9766 17.3230 0.80931 0.000000 1.35656
44400 222.0000 -2.542361 0.9983 0.366737 0.358071 0.623120 13.9804 17.3260 0.82622 0.000000 1.35729
44500 222.5000 -2.541581 0.9998 0.138883 0.178291 0.399061 13.9830 17.3345 0.82573 0.000000 1.35782
44600 223.0000 -2.574150 0.9934 -0.179959 -0.009605 0.135947 13.9834 17.3404 0.86166 0.000000 1.35789
44700 223.5000 -2.576660 1.0513 -0.125499 -0.020355 -0.081439 13.9859 17.3467 0.91592 0.000000 1.35836
44800 224.0000 -2.520178 1.0083 -0.020790 0.193345 0.161745 13.9937 17.3564 0.88140 0.000000 1.35989
44900 224.5000 -2.558410 0.9920 -0.077683 -0.017540 0.031532 13.9940 17.3622 0.84821 0.000000 1.35994
45000 225.0000 -2.555610 0.9742 0.045955 -0.035495 -0.024184 13.9907 17.3679 0.86866 0.000000 1.35931
45100 225.5000 -2.581101 1.0016 -0.034552 -0.146756 -0.073929 13.9871 17.3609 0.80448 0.000000 1.35860
45200 226.0000 -2.588494 0.9844 -0.213359 -0.203754 0.212427 13.9824 17.3595 0.78279 0.000000 1.35769
45300 226.5000 -2.577023 0.9997 -0.001076 0.059619 -0.226010 13.9764 17.3590 0.79449 0.000000 1.35653
45400 227.0000 -2.598646 0.9933 -0.008449 0.034832 -0.027868 13.9785 17.3552 0.80845 0.000000 1.35693
45500 227.5000 -2.590490 0.9963 0.021864 0.097535 -0.027310 13.9759 17.3467 0.77667 0.000000 1.35642
45600 228.0000 -2.574141 1.0000 -0.126775 0.293612 0.014117 13.9801 17.3551 0.78698 0.000000 1.35725
45700 228.5000 -2.595944 1.0019 -0.034640 -0.115665 -0.535735 13.9819 17.3604 0.85354 0.000000 1.35759
45800 229.0000 -2.531019 1.0063 0.123893 0.270375 0.106470 13.9789 17.3582 0.84852 0.000000 1.35701
45900 229.5000 -2.567677 0.9962 0.189425 -0.062646 -0.238316 13.9785 17.3584 0.90477 0.000000 1.35693
46000 230.0000 -2.598483 0.9935 -0.112075 0.025815 0.164240 13.9737 17.3581 0.87664 0.000000 1.35601
46100 230.5000 -2.578598 1.0055 0.136832 -0.082874 -0.413633 13.9728 17.3561 0.88835 0.000000 1.35583
46200 231.0000 -2.597955 1.0132 0.194475 -0.050952 -0.189443 13.9716 17.3524 0.89809 0.000000 1.35559
46300 231.5000 -2.566395 0.9797 -0.138060 0.017152 -0.196971 13.9725 17.3541 0.86557 0.000000 1.35576
46400 232.0000 -2.570363 1.0155 0.046205 0.129130 0.139374 13.9734 17.3542 0.89207 0.000000 1.35595
46500 232.5000 -2.570375 1.0048 0.186988 -0.146840 0.224418 13.9808 17.3556 0.89934 0.000000 1.35739
46600 233.0000 -2.540543 0.9913 0.221716 0.026885 0.257860 13.9811 17.3548 0.87769 0.000000 1.35745
46700 233.5000 -2.548115 1.0053 -0.251811 0.242355 -0.218873 13.9859 17.3576 0.91543 0.000000 1.35838
46800 234.0000 -2.582399 1.0070 0.098871 -0.147648 -0.007891 13.9844 17.3544 0.92274 0.000000 1.35808
46900 234.5000 -2.615561 1.0055 -0.453500 -0.075430 -0.322271 13.9826 17.3522 0.87989 0.000000 1.35773
47000 235.0000 -2.584352 0.9912 0.102396 -0.126369 0.071775 13.9788 17.3514 0.88308 0.000000 1.35698
47100 235.5000 -2.583206 1.0051 0.130610 -0.043105 0.040607 13.9771 17.3516 0.91010 0.000000 1.35666
47200 236.0000 -2.573186 0.9780 -0.111792 -0.048869 -0.181909 13.9770 17.3496 0.91649 0.000000 1.35664
47300 236.5000 -2.582629 1.0033 -0.192201 0.035866 -0.020233 13.9734 17.3498 0.91491 0.000000 1.35594
47400 237.0000 -2.557996 1.0000 0.250003 -0.080848 0.363365 13.9750 17.3551 0.94151 0.000000 1.35625
47500 237.5000 -2.556218 1.0250 0.380876 0.021046 0.363807 13.9767 17.3529 0.92248 0.000000 1.35659
47600 238.0000 -2.577707 1.0020 -0.163459 0.021014 -0.038782 13.9740 17.3549 0.88151 0.000000 1.35605
47700 238.5000 -2.584559 1.0161 -0.049479 -0.006571 0.144277 13.9725 17.3477 0.87673 0.000000 1.35577
47800 239.0000 -2.562029 0.9920 0.103119 0.014186 0.107659 13.9755 17.3422 0.89707 0.000000 1.35636
47900 239.5000 -2.555163 1.0038 0.237884 0.487168 0.126715 13.9802 17.3472 0.83444 0.000000 1.35727
48000 240.0000 -2.575423 1.0074 -0.350570 -0.033945 -0.282085 13.9794 17.3536 0.84424 0.000000 1.35711
48100 240.5000 -2.572194 0.9899 -0.084263 0.184699 0.221071 13.9760 17.3530 0.83674 0.000000 1.35644
48200 241.0000 -2.583819 1.0105 -0.111338 -0.217001 0.331381 13.9718 17.3575 0.84836 0.000000 1.35564
48300 241.5000 -2.590430 0.9992 -0.103996 -0.115085 -0.062617 13.9683 17.3561 0.87785 0.000000 1.35495
48400 242.0000 -2.600413 0.9965 0.112023 -0.302109 0.094261 13.9662 17.3565 0.88034 0.000000 1.35455
48500 242.5000 -2.586924 0.9860 -0.043916 -0.055850 -0.391521 13.9655 17.3610 0.93848 0.000000 1.35441
48600 243.0000 -2.577742 0.9931 -0.035310 0.122489 0.053741 13.9623 17.3615 0.90419 0.000000 1.35379
48700 243.5000 -2.592592 1.0156 0.028611 0.262710 0.196868 13.9640 17.3650 0.87739 0.000000 1.35413
48800 244.0000 -2.567784 0.9936 0.012578 0.090578 -0.184540 13.9667 17.3634 0.87756 0.000000 1.35464
48900 244.5000 -2.577587 0.9877 0.110151 -0.102517 0.053702 13.9684 17.3676 0.88561 0.000000 1.35497
49000 245.0000 -2.564058 0.9989 0.076121 -0.166650 0.038504 13.9674 17.3628 0.87571 0.000000 1.35477
49100 245.5000 -2.588857 1.0159 0.120917 -0.006679 -0.118221 13.9685 17.3656 0.87663 0.000000 1.35498
49200 246.0000 -2.572289 0.9991 0.120288 0.274392 -0.040149 13.9721 17.3614 0.84117 0.000000 1.35569
49300 246.5000 -2.557235 0.9896 0.031334 0.150761 0.238025 13.9768 17.3648 0.85264 0.000000 1.35660
49400 247.0000 -2.589153 1.0025 -0.086453 0.081488 -0.203760 13.9736 17.3703 0.86252 0.000000 1.35598
49500 247.5000 -2.584898 1.0139 0.224780 0.079912 -0.003883 13.9724 17.3654 0.85583 0.000000 1.35576
49600 248.0000 -2.594548 1.0176 0.034086 0.010616 -0.096458 13.9776 17.3690 0.85969 0.000000 1.35675
49700 248.5000 -2.601637 0.9920 -0.261758 -0.224616 -0.083584 13.9742 17.3694 0.82041 0.000000 1.35610
49800 249.0000 -2.597363 0.9939 -0.107420 0.002719 -0.182080 13.9731 17.3645 0.82071 0.000000 1.35589
49900 249.5000 -2.598648 1.0056 0.106037 -0.166164 -0.299917 13.9679 17.3539 0.82569 0.000000 1.35487
50000 250.0000 -2.564772 0.9952 0.117566 0.060068 0.150537 13.9678 17.3551 0.78848 0.000000 1.35486
50100 250.5000 -2.571980 1.0200 0.099721 -0.039017 0.169010 13.9676 17.3621 0.79298 0.000000 1.35482
50200 251.0000 -2.600504 1.0247 0.091313 0.018515 -0.057691 13.9694 17.3696 0.83336 0.000000 1.35516
50300 251.5000 -2.587945 0.9890 0.038030 -0.298223 0.036499 13.9656 17.3708 0.80566 0.000000 1.35443
50400 252.0000 -2.569948 1.0145 0.281514 -0.132841 0.409143 13.9648 17.3683 0.76297 0.000000 1.35428
50500 252.5000 -2.559591 1.0013 0.065091 0.016800 0.053598 13.9681 17.3748 0.76183 0.000000 1.35492
50600 253.0000 -2.557655 0.9937 0.096305 0.100976 -0.130162 13.9676 17.3725 0.74080 0.000000 1.35481
50700 253.5000 -2.610396 1.0038 -0.068073 0.000583 0.732566 13.9728 17.3735 0.77714 0.000000 1.35583
50800 254.0000 -2.568395 0.9987 0.002077 0.009482 0.270597 13.9705 17.3727 0.75461 0.000000 1.35538
50900 254.5000 -2.586889 1.0077 -0.250573 -0.145838 0.341912 13.9690 17.3797 0.79809 0.000000 1.35509
51000 255.0000 -2.558083 0.9972 0.040885 -0.078124 0.148978 13.9679 17.3850 0.89579 0.000000 1.35488
51100 255.5000 -2.628392 1.0025 -0.212135 -0.224704 0.001516 13.9605 17.3851 0.89284 0.000000 1.35344
51200 256.0000 -2.574815 1.0198 0.217428 -0.071959 0.081367 13.9594 17.3838 0.80309 0.000000 1.35323
51300 256.5000 -2.551834 1.0093 0.107966 0.073596 -0.009827 13.9659 17.3919 0.74114 0.000000 1.35448
51400 257.0000 -2.549304 0.9897 -0.124935 0.083720 0.233187 13.9661 17.3907 0.81310 0.000000 1.35453
51500 257.5000 -2.581321 1.0258 -0.144056 0.179246 -0.058737 13.9691 17.3867 0.81871 0.000000 1.35510
51600 258.0000 -2.548946 1.0033 0.179342 0.209978 -0.000611 13.9735 17.3809 0.77377 0.000000 1.35595
51700 258.5000 -2.592945 1.0107 -0.200921 0.183171 0.165146 13.9768 17.3824 0.85843 0.000000 1.35660
51800 259.0000 -2.567785 1.0102 -0.115697 0.065775 -0.142134 13.9732 17.3765 0.83495 0.000000 1.35590
51900 259.5000 -2.568600 0.9964 -0.090240 0.304876 -0.255962 13.9749 17.3773 0.79660 0.000000 1.35623
52000 260.0000 -2.588242 0.9869 -0.087695 0.088925 -0.086328 13.9727 17.3732 0.78640 0.000000 1.35581
52100 260.5000 -2.633042 1.0052 -0.275925 -0.348172 -0.223827 13.9658 17.3667 0.83701 0.000000 1.35447
52200 261.0000 -2.639814 0.9997 0.082943 -0.187099 0.101784 13.9603 17.3553 0.81223 0.000000 1.35340
52300 261.5000 -2.647920 1.0018 0.004928 -0.114974 0.083623 13.9595 17.3579 0.75528 0.000000 1.35325
52400 262.0000 -2.646794 0.9892 -0.080036 -0.195868 -0.311675 13.9592 17.3519 0.74821 0.000000 1.35319
52500 262.5000 -2.610101 0.9911 -0.068789 0.050468 -0.007178 13.9569 17.3513 0.75493 0.000000 1.35275
52600 263.0000 -2.613492 0.9850 -0.051914 0.009641 -0.095975 13.9540 17.3477 0.78889 0.000000 1.35218
52700 263.5000 -2.632468 1.0122 0.136437 -0.041707 -0.105939 13.9513 17.3541 0.77611 0.000000 1.35167
52800 264.0000 -2.615870 1.0007 -0.000821 -0.004425 -0.210525 13.9531 17.3531 0.74836 0.000000 1.35201
52900 264.5000 -2.613694 1.0266 0.003595 0.209317 0.129681 13.9597 17.3544 0.76142 0.000000 1.35328
53000 265.0000 -2.585849 0.9927 0.306817 -0.132799 0.083223 13.9613 17.3542 0.74368 0.000000 1.35360
53100 265.5000 -2.578306 1.0027 0.312209 0.094296 0.070471 13.9647 17.3614 0.69311 0.000000 1.35425
53200 266.0000 -2.595510 1.0257 -0.053751 -0.157124 -0.173720 13.9667 17.3633 0.73573 0.000000 1.35465
53300 266.5000 -2.612867 1.0107 -0.050117 -0.044276 -0.009108 13.9679 17.3591 0.81512 0.000000 1.35487
53400 267.0000 -2.597508 1.0122 -0.075751 -0.161371 -0.046179 13.9673 17.3566 0.80672 0.000000 1.35477
53500 267.5000 -2.607299 0.9924 0.032294 -0.150691 -0.241082 13.9691 17.3523 0.78781 0.000000 1.35511
53600 268.0000 -2.618281 1.0167 -0.305338 -0.146310 0.259710 13.9676 17.3522 0.72334 0.000000 1.35482
53700 268.5000 -2.621681 0.9993 -0.060599 -0.178011 -0.135051 13.9676 17.3539 0.71893 0.000000 1.35482
53800 269.0000 -2.608546 1.0007 0.190071 -0.198397 0.108465 13.9697 17.3544 0.76620 0.000000 1.35522
53900 269.5000 -2.576508 1.0064 -0.180005 0.044249 -0.001350 13.9721 17.3525 0.75470 0.000000 1.35568
54000 270.0000 -2.599831 0.9955 0.028042 0.095926 -0.185264 13.9725 17.3505 0.75863 0.000000 1.35578
54100 270.5000 -2.588970 0.9908 -0.013692 -0.125211 -0.135892 13.9753 17.3516 0.76582 0.000000 1.35632
54200 271.0000 -2.598872 1.0096 0.078644 0.028739 -0.028961 13.9754 17.3515 0.75793 0.000000 1.35633
54300 271.5000 -2.552363 0.9941 0.244694 -0.007910 0.063034 13.9802 17.3478 0.81008 0.000000 1.35726
54400 272.0000 -2.595596 1.0350 -0.001905 -0.038874 0.091297 13.9819 17.3531 0.80981 0.000000 1.35760
54500 272.5000 -2.530497 0.9708 -0.020075 0.072251 0.015620 13.9834 17.3524 0.83757 0.000000 1.35788
54600 273.0000 -2.571371 1.0014 0.003862 -0.128282 -0.336059 13.9799 17.3492 0.84778 0.000000 1.35720
54700 273.5000 -2.560075 1.0041 -0.116409 0.225038 0.091437 13.9796 17.3436 0.85395 0.000000 1.35716
54800 274.0000 -2.600601 1.0195 0.021259 -0.000483 -0.499852 13.9832 17.3454 0.72580 0.000000 1.35784
54900 274.5000 -2.608524 0.9957 -0.062366 -0.208300 0.143587 13.9813 17.3382 0.74820 0.000000 1.35748
55000 275.0000 -2.567252 0.9688 -0.069603 0.061978 -0.010019 13.9775 17.3382 0.70580 0.000000 1.35673
55100 275.5000 -2.609188 0.9954 -0.068134 0.123312 0.177434 13.9747 17.3359 0.68098 0.000000 1.35620
55200 276.0000 -2.586227 0.9801 0.155847 -0.028386 0.139377 13.9725 17.3335 0.67882 0.000000 1.35576
55300 276.5000 -2.614553 0.9983 -0.056009 -0.199656 0.096726 13.9705 17.3343 0.73835 0.000000 1.35539
55400 277.0000 -2.625186 1.0096 0.132230 0.010602 -0.042576 13.9685 17.3392 0.68143 0.000000 1.35500
55500 277.5000 -2.620977 0.9746 -0.048291 0.265026 -0.235803 13.9691 17.3347 0.78977 0.000000 1.35510
55600 278.0000 -2.611890 1.0010 -0.018398 0.093491 -0.041770 13.9698 17.3337 0.90512 0.000000 1.35525
55700 278.5000 -2.601785 1.0033 -0.056328 0.066915 -0.037334 13.9743 17.3359 0.84221 0.000000 1.35611
55800 279.0000 -2.598251 1.0059 -0.312254 0.096361 0.020126 13.9729 17.3363 0.83612 0.000000 1.35585
55900 279.5000 -2.592508 0.9924 0.092719 -0.045465 0.085395 13.9700 17.3366 0.83089 0.000000 1.35528
56000 280.0000 -2.576346 1.0011 0.306105 -0.120320 -0.062542 13.9714 17.3327 0.78602 0.000000 1.35556
56100 280.5000 -2.570587 1.0132 0.121339 0.124509 0.173354 13.9770 17.3327 0.84279 0.000000 1.35664
56200 281.0000 -2.574006 1.0156 0.224924 -0.122751 -0.221655 13.9808 17.3350 0.88109 0.000000 1.35738
56300 281.5000 -2.589634 1.0242 -0.237391 -0.169849 -0.403942 13.9838 17.3337 0.82553 0.000000 1.35796
56400 282.0000 -2.600523 1.0195 0.021205 -0.298273 -0.052785 13.9853 17.3349 0.88652 0.000000 1.35826
56500 282.5000 -2.568760 0.9791 0.101782 0.183863 -0.234375 13.9858 17.3280 0.86408 0.000000 1.35835
56600 283.0000 -2.584742 0.9918 -0.177651 0.323389 -0.166688 13.9839 17.3194 0.85233 0.000000 1.35798
56700 283.5000 -2.632012 0.9950 -0.034341 -0.139857 -0.537038 13.9801 17.3155 0.90460 0.000000 1.35725
56800 284.0000 -2.615533 0.9916 -0.109457 -0.043970 -0.214782 13.9765 17.3067 0.88252 0.000000 1.35655
56900 284.5000 -2.641797 0.9960 -0.242463 -0.121716 -0.050232 13.9710 17.2988 0.95861 0.000000 1.35549
57000 285.0000 -2.654381 1.0095 -0.354361 0.088861 -0.124917 13.9699 17.3008 0.83961 0.000000 1.35526
57100 285.5000 -2.664154 0.9984 -0.199022 0.019641 -0.078191 13.9683 17.3018 0.81207 0.000000 1.35496
57200 286.0000 -2.674501 0.9889 -0.384764 -0.022225 -0.049682 13.9603 17.2993 0.81163 0.000000 1.35341
57300 286.5000 -2.633739 0.9735 0.171938 -0.070427 -0.113237 13.9595 17.3012 0.76271 0.000000 1.35324
57400 287.0000 -2.631265 1.0032 -0.250472 0.182527 0.312373 13.9620 17.2938 0.81306 0.000000 1.35373
57500 287.5000 -2.614601 1.0009 0.225227 0.167324 0.173557 13.9629 17.3002 0.82944 0.000000 1.35391
57600 288.0000 -2.645203 0.9922 0.047405 -0.078784 0.081428 13.9656 17.2998 0.76893 0.000000 1.35442
57700 288.5000 -2.628610 1.0011 -0.006144 0.066066 0.038191 13.9654 17.2983 0.75361 0.000000 1.35438
57800 289.0000 -2.619902 0.9997 0.094383 -0.040926 -0.038086 13.9650 17.3055 0.78694 0.000000 1.35431
57900 289.5000 -2.639143 0.9849 -0.264594 -0.135249 -0.051452 13.9668 17.2996 0.76018 0.000000 1.35466
58000 290.0000 -2.631398 0.9714 -0.151966 0.151249 -0.162490 13.9642 17.2985 0.81001 0.000000 1.35415
58100 290.5000 -2.620171 0.9875 0.027623 0.150852 0.066601 13.9633 17.3009 0.75750 0.000000 1.35398
58200 291.0000 -2.616452 0.9790 0.115636 -0.040306 0.079188 13.9641 17.2996 0.78100 0.000000 1.35415
58300 291.5000 -2.647834 1.0113 -0.257879 -0.104975 -0.215736 13.9636 17.3015 0.78322 0.000000 1.35404
58400 292.0000 -2.604549 0.9748 -0.045376 0.115295 -0.000418 13.9656 17.3009 0.82546 0.000000 1.35442
58500 292.5000 -2.628281 0.9983 0.033589 -0.055375 -0.159784 13.9696 17.3086 0.78393 0.000000 1.35521
58600 293.0000 -2.607571 0.9793 0.132862 0.012249 -0.425993 13.9711 17.3079 0.77565 0.000000 1.35549
58700 293.5000 -2.604367 0.9841 0.125458 0.032728 0.227218 13.9711 17.3061 0.73577 0.000000 1.35550
58800 294.0000 -2.600219 1.0105 -0.127200 -0.107453 -0.037022 13.9731 17.3077 0.75676 0.000000 1.35589
58900 294.5000 -2.613254 0.9851 -0.067136 0.013671 -0.041956 13.9732 17.3113 0.70364 0.000000 1.35590
59000 295.0000 -2.641261 0.9769 -0.251607 0.062834 0.069540 13.9694 17.3073 0.69192 0.000000 1.35516
59100 295.5000 -2.618110 0.9734 -0.133499 0.091464 -0.201888 13.9631 17.3058 0.72625 0.000000 1.35395
59200 296.0000 -2.654477 0.9755 -0.355795 -0.261095 -0.008647 13.9580 17.2974 0.75872 0.000000 1.35296
59300 296.5000 -2.658989 0.9724 -0.271302 0.021041 -0.064304 13.9551 17.3005 0.63667 0.000000 1.35239
59400 297.0000 -2.683080 0.9693 -0.276997 -0.283647 -0.377855 13.9491 17.2966 0.69384 0.000000 1.35123
59500 297.5000 -2.672945 0.9680 -0.040544 0.125466 -0.228349 13.9418 17.2855 0.73908 0.000000 1.34981
59600 298.0000 -2.671523 0.9873 0.103346 -0.049836 0.451306 13.9393 17.2865 0.78107 0.000000 1.34933
59700 298.5000 -2.641613 0.9955 0.138516 0.129872 -0.039479 13.9455 17.2889 0.72488 0.000000 1.35053
59800 299.0000 -2.613991 1.0169 -0.012599 0.295822 -0.109677 13.9505 17.2913 0.79200 0.000000 1.35151
59900 299.5000 -2.601947 0.9979 -0.066670 0.256443 0.219677 13.9585 17.2972 0.76541 0.000000 1.35306
60000 300.0000 -2.589405 1.0299 0.449703 0.335464 0.190287 13.9670 17.2953 0.72264 0.000000 1.35471
60100 300.5000 -2.578633 1.0129 0.389553 0.142486 0.159746 13.9792 17.2973 0.77337 0.000000 1.35707
60200 301.0000 -2.604811 1.0007 -0.034206 -0.088967 -0.390566 13.9834 17.2992 0.73492 0.000000 1.35788
60300 301.5000 -2.605738 1.0022 -0.272804 -0.186457 0.050344 13.9871 17.3017 0.74754 0.000000 1.35860
60400 302.0000 -2.605077 0.9950 0.044305 -0.228401 -0.010642 13.9800 17.3045 0.77671 0.000000 1.35723
60500 302.5000 -2.606501 1.0025 -0.379491 0.063625 -0.082851 13.9760 17.3131 0.77338 0.000000 1.35645
60600 303.0000 -2.608362 0.9956 -0.014947 -0.263235 0.106810 13.9721 17.3142 0.80747 0.000000 1.35569
60700 303.5000 -2.593348 0.9942 0.068411 0.018889 0.410021 13.9713 17.3228 0.84996 0.000000 1.35554
60800 304.0000 -2.547304 0.9951 0.256057 0.455382 0.317766 13.9739 17.3319 0.80317 0.000000 1.35604
60900 304.5000 -2.589871 1.0199 0.095077 0.195382 0.013684 13.9755 17.3321 0.81046 0.000000 1.35636
61000 305.0000 -2.577529 0.9843 -0.214119 0.135388 -0.053542 13.9788 17.3322 0.83726 0.000000 1.35699
61100 305.5000 -2.608088 1.0000 -0.266365 -0.065641 0.164899 13.9748 17.3297 0.87286 0.000000 1.35621
61200 306.0000 -2.616548 1.0093 -0.039466 -0.141255 -0.546772 13.9736 17.3288 0.81730 0.000000 1.35599
61300 306.5000 -2.599243 0.9908 -0.189599 0.153321 -0.169987 13.9730 17.3265 0.85443 0.000000 1.35586
61400 307.0000 -2.592221 0.9822 -0.000625 0.092870 0.121754 13.9726 17.3192 0.81526 0.000000 1.35578
61500 307.5000 -2.610702 1.0039 0.244023 0.036892 -0.036433 13.9719 17.3198 0.85556 0.000000 1.35565
61600 308.0000 -2.607241 1.0036 -0.149153 -0.065036 0.058709 13.9730 17.3185 0.83296 0.000000 1.35586
61700 308.5000 -2.579839 1.0017 -0.001420 0.002664 0.186989 13.9718 17.3256 0.85447 0.000000 1.35563
61800 309.0000 -2.575052 0.9965 -0.118860 0.184030 -0.086827 13.9712 17.3275 0.80244 0.000000 1.35552
61900 309.5000 -2.602457 0.9794 -0.184914 0.085764 0.150429 13.9715 17.3272 0.78700 0.000000 1.35557
62000 310.0000 -2.654388 0.9880 -0.349113 -0.094092 -0.240668 13.9673 17.3205 0.70721 0.000000 1.35476
62100 310.5000 -2.624825 0.9838 -0.178920 0.007555 -0.123218 13.9621 17.3161 0.73412 0.000000 1.35375
62200 311.0000 -2.634821 0.9812 -0.268055 -0.022602 0.010231 13.9599 17.3195 0.70671 0.000000 1.35333
62300 311.5000 -2.625877 0.9919 -0.174229 -0.169082 -0.306737 13.9615 17.3157 0.71316 0.000000 1.35364
62400 312.0000 -2.634167 0.9728 -0.203309 -0.003617 -0.024577 13.9586 17.3173 0.67484 0.000000 1.35307
62500 312.5000 -2.608672 0.9704 -0.063742 0.102914 0.064707 13.9589 17.3195 0.72202 0.000000 1.35313
62600 313.0000 -2.613544 0.9925 0.031994 -0.001838 0.083382 13.9602 17.3237 0.71989 0.000000 1.35339
62700 313.5000 -2.617007 0.9888 -0.003404 -0.084031 -0.013489 13.9597 17.3249 0.81274 0.000000 1.35329
62800 314.0000 -2.611798 0.9811 0.008961 0.118776 -0.207113 13.9587 17.3308 0.87789 0.000000 1.35309
62900 314.5000 -2.617391 1.0011 -0.033754 0.266931 -0.116303 13.9622 17.3230 0.86890 0.000000 1.35377
63000 315.0000 -2.602440 0.9982 0.034830 -0.000380 0.041785 13.9635 17.3244 0.82426 0.000000 1.35402
63100 315.5000 -2.594147 0.9863 0.104202 0.046983 0.011570 13.9649 17.3239 0.81098 0.000000 1.35429
63200 316.0000 -2.580626 0.9917 0.050544 0.138638 0.020202 13.9621 17.3169 0.82171 0.000000 1.35375
63300 316.5000 -2.575226 0.9921 0.285858 0.077185 -0.062732 13.9644 17.3228 0.82050 0.000000 1.35420
63400 317.0000 -2.583993 0.9876 -0.063655 0.183195 0.245589 13.9674 17.3286 0.84731 0.000000 1.35477
63500 317.5000 -2.580701 0.9904 0.118502 0.247928 -0.108482 13.9687 17.3373 0.84425 0.000000 1.35502
63600 318.0000 -2.541147 0.9996 0.115727 0.163910 0.347606 13.9701 17.3455 0.82304 0.000000 1.35530
63700 318.5000 -2.591209 0.9992 0.036311 -0.262524 -0.139679 13.9727 17.3496 0.78182 0.000000 1.35581
63800 319.0000 -2.558336 0.9737 -0.201703 0.144882 -0.054510 13.9723 17.3539 0.82001 0.000000 1.35573
63900 319.5000 -2.580827 0.9953 -0.179352 0.193447 -0.245180 13.9671 17.3519 0.81044 0.000000 1.35472
64000 320.0000 -2.611457 1.0093 -0.030295 -0.150765 0.015580 13.9695 17.3502 0.81080 0.000000 1.35519
64100 320.5000 -2.595178 0.9950 -0.032279 0.024341 -0.335365 13.9689 17.3434 0.81308 0.000000 1.35507
64200 321.0000 -2.617878 0.9948 -0.058127 0.179073 -0.402305 13.9688 17.3397 0.75526 0.000000 1.35505
64300 321.5000 -2.627460 0.9878 -0.142900 -0.052137 -0.103896 13.9667 17.3375 0.80413 0.000000 1.35465
64400 322.0000 -2.634859 1.0098 -0.133763 -0.054072 0.112052 13.9680 17.3338 0.78396 0.000000 1.35489
64500 322.5000 -2.615657 0.9952 0.197021 0.073093 -0.166863 13.9673 17.3251 0.86494 0.000000 1.35475
64600 323.0000 -2.618125 1.0006 -0.051906 0.095640 0.110085 13.9691 17.3249 0.79737 0.000000 1.35512
64700 323.5000 -2.599413 0.9861 0.089539 0.027884 -0.117870 13.9689 17.3294 0.78692 0.000000 1.35508
64800 324.0000 -2.624835 0.9657 -0.117068 -0.234430 -0.078373 13.9641 17.3198 0.71868 0.000000 1.35415
64900 324.5000 -2.652351 1.0297 0.167721 -0.272745 -0.012385 13.9628 17.3111 0.77341 0.000000 1.35389
65000 325.0000 -2.629373 0.9979 0.003149 -0.018368 0.049779 13.9591 17.3137 0.74652 0.000000 1.35316
65100 325.5000 -2.607695 0.9698 0.102502 0.206796 -0.059043 13.9604 17.3099 0.75378 0.000000 1.35343
65200 326.0000 -2.629581 0.9655 -0.037585 0.116873 0.074185 13.9591 17.3030 0.72897 0.000000 1.35318
65300 326.5000 -2.610589 0.9725 0.114759 0.263647 -0.310296 13.9569 17.3011 0.72282 0.000000 1.35275
65400 327.0000 -2.642915 1.0011 -0.067321 -0.010715 0.117003 13.9561 17.3007 0.76462 0.000000 1.35258
65500 327.5000 -2.603246 1.0019 -0.165217 0.213223 -0.065948 13.9591 17.3061 0.73132 0.000000 1.35317
65600 328.0000 -2.619736 1.0222 0.036037 0.198711 -0.206773 13.9665 17.3108 0.74217 0.000000 1.35461
65700 328.5000 -2.599474 1.0092 -0.161693 0.171016 -0.263941 13.9684 17.3157 0.75916 0.000000 1.35498
65800 329.0000 -2.597729 1.0009 0.167497 -0.070109 -0.466470 13.9749 17.3167 0.74456 0.000000 1.35624
65900 329.5000 -2.622472 0.9926 -0.069264 -0.056859 0.231043 13.9725 17.3151 0.74232 0.000000 1.35577
66000 330.0000 -2.596091 0.9803 -0.006406 -0.127719 -0.092389 13.9730 17.3176 0.81113 0.000000 1.35587
66100 330.5000 -2.597343 0.9975 0.009866 -0.012603 -0.023435 13.9763 17.3157 0.85959 0.000000 1.35651
66200 331.0000 -2.609336 1.0185 -0.155791 0.052107 -0.141816 13.9766 17.3136 0.86385 0.000000 1.35657
66300 331.5000 -2.585091 0.9759 0.058522 -0.036931 -0.000735 13.9771 17.3154 0.79968 0.000000 1.35667
66400 332.0000 -2.594231 0.9648 0.358129 -0.105241 -0.196808 13.9778 17.3155 0.79233 0.000000 1.35679
66500 332.5000 -2.604010 0.9811 0.153561 0.004222 -0.023400 13.9774 17.3095 0.86816 0.000000 1.35672
66600 333.0000 -2.614859 1.0020 0.114235 0.054350 -0.067646 13.9783 17.3037 0.81655 0.000000 1.35689
66700 333.5000 -2.622049 0.9846 -0.105396 0.034300 0.044489 13.9786 17.3008 0.82301 0.000000 1.35696
66800 334.0000 -2.581158 0.9690 0.099035 0.307993 -0.175190 13.9781 17.2947 0.86328 0.000000 1.35686
66900 334.5000 -2.610483 0.9970 -0.063609 0.089689 -0.431461 13.9813 17.2853 0.87743 0.000000 1.35747
67000 335.0000 -2.598658 0.9990 0.325247 0.124697 0.018582 13.9833 17.2813 0.86040 0.000000 1.35787
67100 335.5000 -2.593431 0.9912 0.027007 0.132015 0.146352 13.9852 17.2757 0.78127 0.000000 1.35824
67200 336.0000 -2.638274 0.9904 -0.297175 -0.130032 -0.293628 13.9833 17.2678 0.83299 0.000000 1.35786
67300 336.5000 -2.627741 0.9930 -0.172294 0.086254 -0.202453 13.9838 17.2648 0.79859 0.000000 1.35797
67400 337.0000 -2.655596 0.9889 -0.276633 -0.227980 -0.105936 13.9837 17.2613 0.80753 0.000000 1.35794
67500 337.5000 -2.640829 0.9734 0.128485 -0.111357 0.051703 13.9804 17.2572 0.84238 0.000000 1.35730
67600 338.0000 -2.621631 0.9925 0.108717 0.081546 0.118103 13.9777 17.2598 0.84223 0.000000 1.35679
67700 338.5000 -2.633982 1.0051 0.232981 0.032503 -0.275426 13.9785 17.2645 0.72477 0.000000 1.35694
67800 339.0000 -2.582053 0.9956 0.277319 -0.048826 0.212602 13.9840 17.2728 0.83042 0.000000 1.35800
67900 339.5000 -2.596319 1.0085 -0.039679 -0.007375 0.073773 13.9864 17.2781 0.79313 0.000000 1.35846
68000 340.0000 -2.616348 1.0022 -0.044407 -0.138885 -0.135605 13.9904 17.2763 0.75245 0.000000 1.35925
68100 340.5000 -2.616512 1.0216 -0.102713 0.053212 0.293280 13.9934 17.2827 0.75325 0.000000 1.35984
68200 341.0000 -2.575931 1.0262 -0.244432 0.171914 -0.635626 13.9920 17.2820 0.77029 0.000000 1.35957
68300 341.5000 -2.585403 1.0155 -0.020805 -0.125353 -0.210527 13.9954 17.2794 0.77085 0.000000 1.36022
68400 342.0000 -2.588539 0.9858 -0.068160 0.086045 0.082433 13.9959 17.2778 0.77084 0.000000 1.36032
68500 342.5000 -2.603426 1.0206 -0.088497 0.087499 -0.327829 13.9992 17.2842 0.77795 0.000000 1.36095
68600 343.0000 -2.601881 1.0111 -0.145285 -0.173384 0.155733 13.9988 17.2815 0.86789 0.000000 1.36088
68700 343.5000 -2.572458 0.9575 -0.185702 0.043015 0.000747 13.9953 17.2789 0.84697 0.000000 1.36019
68800 344.0000 -2.622876 0.9917 -0.094230 -0.177726 -0.177452 13.9925 17.2730 0.84871 0.000000 1.35966
68900 344.5000 -2.597842 0.9808 -0.049910 0.270890 -0.191489 13.9928 17.2703 0.80944 0.000000 1.35970
69000 345.0000 -2.625488 1.0027 0.128804 -0.282465 0.153629 13.9916 17.2755 0.81073 0.000000 1.35948
69100 345.5000 -2.610597 1.0052 0.107344 -0.232682 0.032934 13.9933 17.2753 0.81538 0.000000 1.35981
69200 346.0000 -2.589293 1.0064 0.092888 -0.079155 -0.019762 13.9921 17.2718 0.81686 0.000000 1.35957
69300 346.5000 -2.572093 0.9955 -0.014202 0.242421 0.260762 13.9909 17.2761 0.82056 0.000000 1.35935
69400 347.0000 -2.593587 0.9851 -0.009223 0.347704 -0.119128 13.9946 17.2706 0.77455 0.000000 1.36006
69500 347.5000 -2.603236 0.9956 0.300734 0.217108 0.026873 13.9978 17.2702 0.82497 0.000000 1.36069
69600 348.0000 -2.587359 0.9943 0.115974 0.206706 0.143904 14.0025 17.2719 0.83940 0.000000 1.36159
69700 348.5000 -2.587962 0.9824 0.133405 0.177001 0.163882 14.0038 17.2751 0.85345 0.000000 1.36186
69800 349.0000 -2.594819 0.9835 0.172975 -0.082888 -0.203958 14.0064 17.2709 0.80903 0.000000 1.36236
69900 349.5000 -2.627542 1.0012 -0.113482 -0.073692 -0.095417 14.0064 17.2694 0.82485 0.000000 1.36236
70000 350.0000 -2.609855 0.9875 0.098355 -0.055724 -0.243989 14.0046 17.2608 0.80741 0.000000 1.36201
70100 350.5000 -2.583013 1.0029 0.145217 -0.025778 0.135074 14.0073 17.2648 0.76060 0.000000 1.36253
70200 351.0000 -2.587388 1.0125 -0.046478 -0.284139 0.337534 14.0080 17.2560 0.78691 0.000000 1.36267
70300 351.5000 -2.584197 1.0055 0.078141 -0.333889 -0.152486 14.0071 17.2549 0.80165 0.000000 1.36249
70400 352.0000 -2.571677 0.9879 0.244255 -0.058498 -0.017700 14.0054 17.2565 0.78788 0.000000 1.36216
70500 352.5000 -2.578264 0.9962 -0.055433 0.111939 0.122344 14.0048 17.2502 0.71361 0.000000 1.36204
70600 353.0000 -2.568598 0.9884 -0.044818 0.067716 0.188770 14.0069 17.2549 0.67977 0.000000 1.36245
70700 353.5000 -2.535878 0.9692 0.090725 0.413348 0.438899 14.0068 17.2603 0.74650 0.000000 1.36243
70800 354.0000 -2.569807 0.9927 0.287288 0.212801 0.320385 14.0091 17.2625 0.70465 0.000000 1.36288
70900 354.5000 -2.603268 1.0042 -0.110716 -0.086150 -0.339017 14.0113 17.2621 0.72648 0.000000 1.36330
71000 355.0000 -2.610960 0.9974 -0.009442 -0.064824 -0.153027 14.0113 17.2636 0.80478 0.000000 1.36331
71100 355.5000 -2.591861 0.9795 0.056180 0.014387 0.092115 14.0104 17.2595 0.84439 0.000000 1.36312
71200 356.0000 -2.632785 1.0258 -0.027105 -0.146404 -0.031133 14.0080 17.2547 0.80080 0.000000 1.36266
71300 356.5000 -2.617112 1.0051 -0.070028 -0.070623 -0.010265 14.0073 17.2568 0.88417 0.000000 1.36254
71400 357.0000 -2.618427 1.0236 -0.315473 -0.093364 -0.012674 14.0024 17.2605 0.83051 0.000000 1.36158
71500 357.5000 -2.562121 1.0036 0.279724 0.287881 0.113776 14.0058 17.2582 0.82796 0.000000 1.36224
71600 358.0000 -2.576760 1.0140 0.143817 -0.182505 -0.313954 14.0092 17.2630 0.83682 0.000000 1.36290
71700 358.5000 -2.574825 1.0236 0.089203 0.178627 0.180958 14.0131 17.2655 0.78669 0.000000 1.36365
71800 359.0000 -2.575884 0.9869 0.160131 0.105177 -0.254138 14.0132 17.2645 0.78220 0.000000 1.36368
71900 359.5000 -2.566998 0.9883 -0.084259 0.060501 -0.222630 14.0137 17.2640 0.75746 0.000000 1.36377
72000 360.0000 -2.538650 0.9876 0.079230 0.314365 0.355430 14.0146 17.2611 0.76375 0.000000 1.36394
72100 360.5000 -2.542952 0.9805 -0.062826 -0.039566 0.162989 14.0192 17.2656 0.76233 0.000000 1.36484
72200 361.0000 -2.545979 0.9902 0.140229 0.026260 -0.087709 14.0182 17.2663 0.74314 0.000000 1.36465
72300 361.5000 -2.563822 1.0014 0.093994 -0.005789 -0.177980 14.0195 17.2676 0.71010 0.000000 1.36490
72400 362.0000 -2.581862 0.9993 -0.095805 -0.210810 -0.212364 14.0180 17.2633 0.76713 0.000000 1.36461
72500 362.5000 -2.572520 1.0103 0.183479 0.136497 -0.028502 14.0184 17.2567 0.78547 0.000000 1.36468
72600 363.0000 -2.550191 1.0120 0.024326 0.172862 0.155086 14.0174 17.2492 0.79877 0.000000 1.36449
72700 363.5000 -2.551545 0.9961 0.073356 -0.029078 0.537638 14.0175 17.2570 0.82889 0.000000 1.36452
72800 364.0000 -2.576562 1.0036 -0.088350 0.033488 -0.278978 14.0161 17.2551 0.82167 0.000000 1.36424
72900 364.5000 -2.557252 1.0021 -0.048795 0.120260 0.255763 14.0152 17.2579 0.83809 0.000000 1.36406
73000 365.0000 -2.590512 1.0144 0.070310 -0.046869 -0.381244 14.0176 17.2644 0.84135 0.000000 1.36453
73100 365.5000 -2.577106 1.0336 -0.036807 -0.194212 0.183395 14.0184 17.2688 0.78489 0.000000 1.36468
73200 366.0000 -2.565310 1.0131 -0.087321 -0.167986 -0.182044 14.0228 17.2775 0.77356 0.000000 1.36555
73300 366.5000 -2.555203 1.0043 0.116702 0.037218 -0.062484 14.0229 17.2813 0.75917 0.000000 1.36556
73400 367.0000 -2.546658 0.9905 0.216798 0.112681 0.229822 14.0237 17.2796 0.75157 0.000000 1.36572
73500 367.5000 -2.591554 0.9978 0.016239 0.014909 0.247267 14.0259 17.2813 0.78053 0.000000 1.36614
73600 368.0000 -2.568964 0.9699 0.027049 0.013683 0.314860 14.0232 17.2795 0.72575 0.000000 1.36563
73700 368.5000 -2.587414 0.9845 -0.146336 -0.174034 -0.023307 14.0202 17.2766 0.76767 0.000000 1.36505
73800 369.0000 -2.595880 0.9911 -0.231560 -0.275520 0.007801 14.0128 17.2827 0.72914 0.000000 1.36359
73900 369.5000 -2.580098 1.0072 0.034726 0.217515 0.247497 14.0116 17.2858 0.69212 0.000000 1.36338
74000 370.0000 -2.593102 1.0098 -0.200143 -0.340889 0.311927 14.0106 17.2876 0.71092 0.000000 1.36318
74100 370.5000 -2.579163 0.9964 -0.228984 -0.100270 -0.374082 14.0106 17.2901 0.74262 0.000000 1.36318
74200 371.0000 -2.566463 1.0035 0.075963 -0.097203 0.264986 14.0120 17.2919 0.71213 0.000000 1.36345
74300 371.5000 -2.594724 0.9958 -0.087185 -0.148078 0.036407 14.0144 17.2982 0.67237 0.000000 1.36391
74400 372.0000 -2.589442 1.0051 -0.290108 0.102700 -0.026732 14.0107 17.2949 0.67646 0.000000 1.36319
74500 372.5000 -2.562569 0.9916 0.029829 0.023505 0.304710 14.0085 17.2971 0.67348 0.000000 1.36276
74600 373.0000 -2.560352 0.9932 0.163291 -0.269342 -0.128805 14.0086 17.3002 0.72350 0.000000 1.36278
74700 373.5000 -2.582927 1.0078 -0.207233 0.043409 0.394599 14.0087 17.2983 0.65709 0.000000 1.36281
74800 374.0000 -2.578964 1.0189 -0.060257 -0.150425 -0.039830 14.0075 17.3054 0.67132 0.000000 1.36257
74900 374.5000 -2.558123 0.9996 0.077470 -0.092110 0.058277 14.0044 17.3105 0.66973 0.000000 1.36196
75000 375.0000 -2.589267 1.0016 -0.045683 -0.425761 -0.232071 13.9990 17.3049 0.73752 0.000000 1.36092
75100 375.5000 -2.578575 0.9907 -0.249065 0.096319 0.114283 13.9960 17.3039 0.67739 0.000000 1.36034
75200 376.0000 -2.575480 1.0146 -0.009960 0.098579 0.108019 13.9997 17.3124 0.65080 0.000000 1.36106
75300 376.5000 -2.561671 0.9972 0.283642 0.039377 0.236614 14.0022 17.3029 0.64423 0.000000 1.36154
75400 377.0000 -2.571853 1.0070 0.142404 -0.009561 0.019717 14.0031 17.3082 0.68552 0.000000 1.36171
75500 377.5000 -2.582219 1.0109 0.018937 -0.226890 -0.197093 14.0012 17.3047 0.68908 0.000000 1.36135
75600 378.0000 -2.595079 1.0141 -0.244470 -0.113480 -0.300042 13.9981 17.3007 0.67714 0.000000 1.36073
75700 378.5000 -2.589426 1.0138 -0.016139 -0.194004 -0.014757 14.0000 17.3047 0.65342 0.000000 1.36111
75800 379.0000 -2.562420 0.9766 -0.015211 0.065722 -0.116427 13.9981 17.3076 0.62755 0.000000 1.36074
75900 379.5000 -2.565030 0.9907 -0.091501 -0.132202 0.001359 13.9959 17.3151 0.60893 0.000000 1.36032
76000 380.0000 -2.571952 1.0068 0.246872 -0.015993 0.041150 13.9987 17.3133 0.68383 0.000000 1.36085
76100 380.5000 -2.537886 0.9909 0.030961 0.012278 -0.182074 13.9999 17.3095 0.70545 0.000000 1.36109
76200 381.0000 -2.556444 1.0129 0.229047 -0.015158 -0.130773 14.0008 17.3040 0.69940 0.000000 1.36126
76300 381.5000 -2.610728 1.0196 -0.169512 -0.096597 -0.451324 14.0041 17.2963 0.74792 0.000000 1.36190
76400 382.0000 -2.591290 0.9923 -0.078709 -0.004570 0.130257 14.0035 17.2914 0.69114 0.000000 1.36180
76500 382.5000 -2.550918 0.9919 0.225231 -0.053012 0.064952 14.0049 17.2843 0.74966 0.000000 1.36206
76600 383.0000 -2.552017 0.9977 0.193397 -0.049232 -0.499213 14.0029 17.2844 0.73327 0.000000 1.36168
76700 383.5000 -2.572821 1.0041 -0.179648 -0.086347 0.324330 14.0035 17.2867 0.78993 0.000000 1.36179
76800 384.0000 -2.548394 1.0054 0.122240 0.246092 -0.016577 14.0040 17.2843 0.81706 0.000000 1.36190
76900 384.5000 -2.580972 1.0127 -0.284186 0.016652 -0.271129 14.0058 17.2778 0.79196 0.000000 1.36224
77000 385.0000 -2.599092 0.9945 -0.457333 -0.142399 -0.212521 14.0015 17.2791 0.80142 0.000000 1.36141
77100 385.5000 -2.582465 0.9899 0.011400 0.301604 0.100211 13.9978 17.2775 0.77315 0.000000 1.36068
77200 386.0000 -2.599919 0.9779 -0.110802 -0.108083 -0.054322 13.9951 17.2774 0.73699 0.000000 1.36016
77300 386.5000 -2.595905 0.9926 0.157013 0.041902 -0.625223 13.9971 17.2765 0.66034 0.000000 1.36055
77400 387.0000 -2.606163 0.9795 0.104556 0.018150 0.013063 13.9933 17.2676 0.73703 0.000000 1.35981
77500 387.5000 -2.614180 0.9787 -0.062309 -0.078922 0.058637 13.9908 17.2582 0.68880 0.000000 1.35931
77600 388.0000 -2.627126 0.9848 -0.078524 -0.275197 -0.119467 13.9876 17.2563 0.71718 0.000000 1.35869
77700 388.5000 -2.606176 0.9755 0.151663 -0.246782 -0.281257 13.9819 17.2582 0.72144 0.000000 1.35759
77800 389.0000 -2.585087 0.9690 0.204544 0.350542 0.007536 13.9843 17.2564 0.74191 0.000000 1.35806
77900 389.5000 -2.611546 0.9829 0.155251 0.097180 0.208417 13.9837 17.2570 0.78296 0.000000 1.35795
78000 390.0000 -2.599138 1.0110 0.068834 0.048451 -0.036613 13.9862 17.2533 0.81115 0.000000 1.35844
78100 390.5000 -2.565013 0.9934 0.085172 0.268593 0.346762 13.9948 17.2624 0.73046 0.000000 1.36010
78200 391.0000 -2.600140 1.0082 0.076365 -0.281046 0.260019 13.9994 17.2635 0.66621 0.000000 1.36099
78300 391.5000 -2.580558 0.9938 0.000718 -0.108929 -0.123099 13.9989 17.2672 0.70868 0.000000 1.36089
78400 392.0000 -2.597501 1.0015 -0.047048 0.005842 -0.119334 13.9995 17.2638 0.73643 0.000000 1.36101
78500 392.5000 -2.565167 0.9946 0.112502 0.148915 0.041897 13.9994 17.2633 0.77709 0.000000 1.36100
78600 393.0000 -2.563706 0.9987 0.079778 0.105669 -0.074215 14.0002 17.2681 0.72202 0.000000 1.36116
78700 393.5000 -2.568333 1.0011 0.113637 0.157291 -0.209857 14.0031 17.2666 0.72796 0.000000 1.36172
78800 394.0000 -2.592511 1.0131 -0.108506 0.082886 -0.288429 14.0061 17.2739 0.70363 0.000000 1.36230
78900 394.5000 -2.567296 0.9876 0.022221 -0.024176 0.144575 14.0049 17.2693 0.72785 0.000000 1.36205
79000 395.0000 -2.577609 0.9830 0.146531 0.034176 0.442352 14.0049 17.2786 0.84426 0.000000 1.36207
79100 395.5000 -2.558389 1.0022 0.269225 0.077438 0.041867 14.0089 17.2812 0.84699 0.000000 1.36284
79200 396.0000 -2.581955 0.9888 0.065035 -0.049758 0.121820 14.0121 17.2761 0.86157 0.000000 1.36346
79300 396.5000 -2.574562 0.9957 -0.084737 0.179111 0.125248 14.0082 17.2766 0.84880 0.000000 1.36271
79400 397.0000 -2.625456 1.0038 -0.149215 -0.240819 -0.571154 14.0077 17.2710 0.83096 0.000000 1.36260
79500 397.5000 -2.622551 0.9894 -0.472317 -0.077968 -0.428905 14.0023 17.2716 0.79122 0.000000 1.36157
79600 398.0000 -2.620371 0.9865 0.029346 0.210313 0.055103 13.9998 17.2602 0.71646 0.000000 1.36106
79700 398.5000 -2.624439 0.9743 0.029595 -0.143417 0.056451 13.9985 17.2566 0.80392 0.000000 1.36082
79800 399.0000 -2.587724 0.9774 0.038056 0.034749 0.313618 13.9953 17.2641 0.76602 0.000000 1.36019
79900 399.5000 -2.590984 1.0012 0.074541 0.130737 0.056671 13.9960 17.2616 0.73134 0.000000 1.36033
80000 400.0000 -2.603838 1.0063 -0.223347 0.122033 0.178323 13.9983 17.2687 0.77429 0.000000 1.36079
