# step time Epot/N T Pxx Pyy Pzz Lx Lz gap comF areaperlipid
0 0.0000 -2.599931 1.0261 -0.017077 -0.108563 0.002471 14.0070 17.2601 0.82138 0.000000 1.36248
100 0.5000 -2.552784 1.0082 0.065902 0.273353 -0.037799 14.0107 17.2605 0.88977 0.000000 1.36318
200 1.0000 -2.535093 1.0194 0.081571 0.187596 0.307627 14.0140 17.2687 0.84638 0.000000 1.36384
300 1.5000 -2.543333 1.0112 -0.000547 0.004593 0.140699 14.0207 17.2748 0.88897 0.000000 1.36514
400 2.0000 -2.559611 1.0018 -0.087159 0.043058 -0.256107 14.0214 17.2810 0.92177 0.000000 1.36528
500 2.5000 -2.545564 0.9900 -0.050687 -0.191336 0.063952 14.0232 17.2835 0.92617 0.000000 1.36562
600 3.0000 -2.584594 0.9920 -0.159047 -0.307774 -0.126145 14.0207 17.2843 0.90946 0.000000 1.36513
700 3.5000 -2.574226 1.0086 -0.066486 -0.080517 -0.197221 14.0184 17.2826 0.85509 0.000000 1.36468
800 4.0000 -2.558280 0.9928 -0.135250 -0.022331 -0.143764 14.0176 17.2834 0.78588 0.000000 1.36454
900 4.5000 -2.554922 0.9895 0.157691 0.065763 0.086992 14.0192 17.2817 0.79764 0.000000 1.36485
1000 5.0000 -2.555925 0.9834 0.048808 0.120978 -0.298087 14.0207 17.2765 0.87810 0.000000 1.36513
1100 5.5000 -2.586228 1.0141 -0.223219 -0.016535 -0.028736 14.0215 17.2760 0.86291 0.000000 1.36530
1200 6.0000 -2.562401 0.9874 -0.034909 0.115156 -0.146424 14.0239 17.2780 0.85937 0.000000 1.36576
1300 6.5000 -2.545769 1.0169 -0.005321 0.022168 -0.104167 14.0250 17.2800 0.84071 0.000000 1.36597
1400 7.0000 -2.552271 1.0216 0.123570 -0.001536 -0.243421 14.0267 17.2777 0.83910 0.000000 1.36630
1500 7.5000 -2.518133 1.0023 0.170854 0.010982 0.295231 14.0288 17.2744 0.87704 0.000000 1.36671
1600 8.0000 -2.552528 0.9895 -0.237937 -0.044507 -0.300835 14.0305 17.2805 0.88232 0.000000 1.36705
1700 8.5000 -2.537264 1.0109 -0.073684 -0.199975 0.866893 14.0279 17.2754 0.84848 0.000000 1.36655
1800 9.0000 -2.572259 1.0164 -0.218576 -0.302971 -0.283765 14.0247 17.2797 0.85098 0.000000 1.36593
1900 9.5000 -2.552561 0.9980 0.104611 -0.021591 0.118221 14.0210 17.2778 0.84953 0.000000 1.36521
2000 10.0000 -2.539728 0.9872 0.094581 -0.049729 -0.058820 14.0204 17.2762 0.92435 0.000000 1.36509
2100 10.5000 -2.563319 0.9895 -0.033484 -0.144948 -0.211849 14.0164 17.2729 0.86200 0.000000 1.36431
2200 11.0000 -2.558515 0.9657 0.229906 0.049955 0.049113 14.0144 17.2776 0.88407 0.000000 1.36392
2300 11.5000 -2.595855 0.9913 -0.115528 0.112666 -0.328945 14.0105 17.2728 0.87779 0.000000 1.36315
2400 12.0000 -2.608894 0.9880 -0.128945 0.071667 -0.528067 14.0116 17.2692 0.85993 0.000000 1.36336
2500 12.5000 -2.563950 1.0262 -0.045597 0.188219 -0.191458 14.0126 17.2655 0.91291 0.000000 1.36356
2600 13.0000 -2.596860 0.9997 -0.212164 -0.140563 -0.324151 14.0134 17.2700 0.90688 0.000000 1.36372
2700 13.5000 -2.596097 0.9849 -0.000707 0.117573 -0.130581 14.0108 17.2650 0.88804 0.000000 1.36322
2800 14.0000 -2.595660 0.9842 -0.065120 -0.198255 0.074318 14.0091 17.2642 0.89685 0.000000 1.36287
2900 14.5000 -2.600980 0.9877 -0.057222 -0.349182 -0.007637 14.0049 17.2625 0.86261 0.000000 1.36206
3000 15.0000 -2.577721 0.9879 -0.173700 0.225433 -0.271813 14.0032 17.2575 0.86689 0.000000 1.36174
3100 15.5000 -2.597499 1.0231 0.098392 -0.200363 0.171707 14.0020 17.2595 0.88202 0.000000 1.36150
3200 16.0000 -2.590565 1.0161 -0.123204 -0.034672 -0.163607 14.0010 17.2600 0.87862 0.000000 1.36132
3300 16.5000 -2.592961 0.9946 -0.209175 0.059430 0.106147 14.0004 17.2675 0.85635 0.000000 1.36119
3400 17.0000 -2.604806 0.9754 0.155751 0.099825 0.161437 13.9987 17.2646 0.86691 0.000000 1.36085
3500 17.5000 -2.572402 0.9966 0.339426 0.098117 0.084036 13.9970 17.2678 0.83426 0.000000 1.36053
3600 18.0000 -2.591035 0.9880 0.019491 -0.291758 -0.060076 13.9931 17.2768 0.91594 0.000000 1.35977
3700 18.5000 -2.561100 1.0012 -0.011295 0.398004 0.345062 13.9934 17.2825 0.89416 0.000000 1.35982
3800 19.0000 -2.611858 1.0138 0.071357 0.100995 -0.031068 13.9909 17.2916 0.88999 0.000000 1.35935
3900 19.5000 -2.613259 0.9853 0.009055 -0.052593 0.059644 13.9879 17.2940 0.83247 0.000000 1.35876
4000 20.0000 -2.611760 1.0011 0.058438 -0.126661 0.281491 13.9862 17.2970 0.81465 0.000000 1.35843
4100 20.5000 -2.580797 0.9719 -0.009225 -0.018662 -0.026465 13.9834 17.2987 0.81997 0.000000 1.35789
4200 21.0000 -2.574508 1.0209 0.238389 0.141777 0.205828 13.9847 17.3035 0.86210 0.000000 1.35813
4300 21.5000 -2.574189 1.0000 0.136245 -0.102101 -0.184845 13.9887 17.3100 0.84832 0.000000 1.35891
4400 22.0000 -2.580605 0.9930 0.007082 -0.286655 0.226453 13.9877 17.3138 0.79061 0.000000 1.35872
4500 22.5000 -2.589353 0.9826 0.067970 0.015032 -0.076690 13.9872 17.3172 0.77177 0.000000 1.35862
4600 23.0000 -2.649360 1.0127 0.055879 -0.219201 -0.211502 13.9825 17.3132 0.75402 0.000000 1.35771
4700 23.5000 -2.619423 0.9787 -0.001459 -0.131936 -0.185544 13.9771 17.3075 0.75930 0.000000 1.35666
4800 24.0000 -2.634410 0.9893 -0.230772 0.101541 -0.066872 13.9757 17.3098 0.74681 0.000000 1.35639
4900 24.5000 -2.622078 0.9789 0.052794 0.126456 0.227070 13.9725 17.3086 0.79405 0.000000 1.35577
5000 25.0000 -2.633845 1.0135 -0.406348 -0.134409 0.062618 13.9736 17.3117 0.74459 0.000000 1.35599
5100 25.5000 -2.645436 0.9958 -0.223778 -0.023255 0.024536 13.9682 17.3089 0.74233 0.000000 1.35494
5200 26.0000 -2.637414 1.0088 -0.042208 -0.010542 0.098813 13.9639 17.3081 0.72318 0.000000 1.35410
5300 26.5000 -2.595895 0.9823 -0.041983 0.105868 -0.121186 13.9665 17.3105 0.76520 0.000000 1.35461
5400 27.0000 -2.621506 1.0132 0.154737 -0.071907 -0.237196 13.9692 17.3062 0.79271 0.000000 1.35514
5500 27.5000 -2.578905 0.9627 0.092927 0.243964 -0.043490 13.9712 17.3054 0.80469 0.000000 1.35551
5600 28.0000 -2.630547 1.0009 -0.002164 -0.227970 -0.068076 13.9731 17.3039 0.83609 0.000000 1.35588
5700 28.5000 -2.595878 1.0040 0.123350 -0.076509 0.254501 13.9724 17.3104 0.85359 0.000000 1.35576
5800 29.0000 -2.577606 0.9881 0.210945 0.015518 -0.098375 13.9822 17.3126 0.80383 0.000000 1.35764
5900 29.5000 -2.580625 1.0078 0.209424 -0.084699 0.087048 13.9846 17.3117 0.85341 0.000000 1.35812
6000 30.0000 -2.593746 0.9958 -0.059269 0.029810 -0.213147 13.9840 17.3110 0.77672 0.000000 1.35800
6100 30.5000 -2.577872 0.9929 0.072107 0.202892 0.310457 13.9855 17.3093 0.78781 0.000000 1.35830
6200 31.0000 -2.556657 1.0096 0.395252 0.142198 -0.062816 13.9876 17.3118 0.81202 0.000000 1.35870
6300 31.5000 -2.592147 1.0117 -0.170805 -0.112563 -0.369126 13.9912 17.3105 0.79244 0.000000 1.35940
6400 32.0000 -2.572123 0.9976 0.228010 -0.020270 -0.031364 13.9890 17.3055 0.77229 0.000000 1.35897
6500 32.5000 -2.587950 1.0152 -0.098878 0.164129 -0.223737 13.9907 17.3030 0.82902 0.000000 1.35929
6600 33.0000 -2.541281 0.9929 0.076246 0.427633 0.101311 13.9942 17.2995 0.89490 0.000000 1.35998
6700 33.5000 -2.592979 1.0250 -0.093694 0.024484 -0.111736 13.9965 17.3033 0.80044 0.000000 1.36043
6800 34.0000 -2.577031 0.9878 -0.084040 -0.053244 -0.115367 13.9959 17.3014 0.88948 0.000000 1.36031
6900 34.5000 -2.570972 0.9889 0.080550 0.289829 0.235153 13.9908 17.2893 0.88293 0.000000 1.35933
7000 35.0000 -2.612488 1.0016 -0.174771 -0.069296 0.000963 13.9883 17.2940 0.89131 0.000000 1.35885
7100 35.5000 -2.573837 0.9982 0.032195 0.124732 -0.173405 13.9872 17.2934 0.88083 0.000000 1.35863
7200 36.0000 -2.574925 0.9858 0.017084 -0.109974 -0.095902 13.9876 17.2977 0.87940 0.000000 1.35870
7300 36.5000 -2.583119 1.0093 0.208515 -0.060337 0.035862 13.9880 17.3072 0.87358 0.000000 1.35878
7400 37.0000 -2.580143 1.0004 -0.041157 -0.020776 -0.085412 13.9884 17.3128 0.84523 0.000000 1.35886
7500 37.5000 -2.561336 0.9996 0.359407 0.090545 -0.012687 13.9938 17.3156 0.84351 0.000000 1.35991
7600 38.0000 -2.555361 0.9937 0.149718 0.036821 0.122798 13.9965 17.3141 0.87049 0.000000 1.36044
7700 38.5000 -2.588237 1.0308 0.087501 -0.009727 -0.054647 13.9992 17.3204 0.90742 0.000000 1.36096
7800 39.0000 -2.581827 0.9972 0.175163 -0.142000 0.315710 14.0012 17.3272 0.96066 0.000000 1.36135
7900 39.5000 -2.551043 0.9907 -0.093185 0.200966 -0.236629 14.0033 17.3323 0.96323 0.000000 1.36175
8000 40.0000 -2.563699 0.9930 0.046239 0.183044 0.160138 14.0030 17.3358 0.90602 0.000000 1.36170
8100 40.5000 -2.588973 1.0210 -0.132635 -0.038021 0.109757 14.0032 17.3311 0.92889 0.000000 1.36173
8200 41.0000 -2.595493 0.9901 -0.015092 -0.169729 -0.455333 14.0030 17.3310 0.86173 0.000000 1.36169
8300 41.5000 -2.553618 0.9801 0.050184 0.154921 -0.227306 14.0022 17.3243 0.83154 0.000000 1.36154
8400 42.0000 -2.587901 1.0217 -0.007661 -0.032507 -0.025138 14.0027 17.3209 0.83606 0.000000 1.36164
8500 42.5000 -2.573066 0.9938 -0.204397 -0.095122 0.205574 13.9992 17.3149 0.84937 0.000000 1.36096
8600 43.0000 -2.560556 1.0063 0.031097 0.298631 -0.482127 14.0000 17.3167 0.82992 0.000000 1.36112
8700 43.5000 -2.582617 1.0068 -0.149234 0.095080 -0.375710 14.0035 17.3150 0.88762 0.000000 1.36179
8800 44.0000 -2.551281 0.9930 0.236527 0.131602 -0.061872 14.0030 17.3090 0.87024 0.000000 1.36169
8900 44.5000 -2.566240 1.0028 -0.063039 -0.105285 -0.215781 14.0054 17.3133 0.87851 0.000000 1.36216
9000 45.0000 -2.579262 1.0031 -0.024383 0.037182 -0.215470 13.9959 17.3110 0.87853 0.000000 1.36032
9100 45.5000 -2.565036 1.0220 0.141174 -0.202780 0.051763 13.9955 17.3119 0.88602 0.000000 1.36023
9200 46.0000 -2.581297 1.0275 0.010306 -0.059816 0.061812 13.9978 17.3161 0.85215 0.000000 1.36068
9300 46.5000 -2.554580 1.0089 -0.044023 0.191117 0.071380 13.9996 17.3194 0.85830 0.000000 1.36103
9400 47.0000 -2.540227 0.9984 0.136468 0.191852 -0.035666 14.0064 17.3243 0.86739 0.000000 1.36235
9500 47.5000 -2.551517 1.0010 -0.254583 -0.231347 -0.448052 14.0078 17.3277 0.88583 0.000000 1.36262
9600 48.0000 -2.564764 0.9807 -0.126906 -0.022857 -0.086403 14.0072 17.3167 0.84537 0.000000 1.36250
9700 48.5000 -2.547012 1.0021 0.089672 0.169287 -0.035412 14.0052 17.3137 0.81915 0.000000 1.36213
9800 49.0000 -2.576276 0.9931 -0.041099 0.015918 -0.006913 14.0067 17.3116 0.77627 0.000000 1.36242
9900 49.5000 -2.580814 1.0034 0.177033 -0.107663 -0.119691 14.0055 17.3106 0.82252 0.000000 1.36217
10000 50.0000 -2.555528 1.0229 -0.132002 0.018617 -0.143724 14.0084 17.3136 0.82046 0.000000 1.36274
10100 50.5000 -2.549514 1.0265 -0.095674 0.035067 0.177702 14.0083 17.3195 0.84491 0.000000 1.36272
10200 51.0000 -2.538076 0.9828 -0.016861 0.059284 -0.160390 14.0055 17.3153 0.84723 0.000000 1.36219
10300 51.5000 -2.556428 0.9961 0.144978 -0.085792 0.245003 14.0039 17.3093 0.84326 0.000000 1.36186
10400 52.0000 -2.539597 0.9879 0.127070 0.238646 0.378718 14.0054 17.3093 0.85463 0.000000 1.36216
10500 52.5000 -2.577410 1.0005 -0.095361 -0.081046 0.020011 14.0033 17.3161 0.93338 0.000000 1.36176
10600 53.0000 -2.615880 1.0114 -0.108012 -0.265747 -0.267631 13.9978 17.3167 0.87892 0.000000 1.36068
10700 53.5000 -2.572884 1.0048 -0.026298 -0.041570 -0.200004 14.0002 17.3156 0.86581 0.000000 1.36114
10800 54.0000 -2.544405 1.0011 0.177912 0.134823 0.096554 14.0052 17.3172 0.82863 0.000000 1.36213
10900 54.5000 -2.544114 1.0198 0.185748 0.213532 0.054181 14.0085 17.3186 0.81418 0.000000 1.36275
11000 55.0000 -2.547955 1.0056 0.028846 0.145131 -0.172693 14.0125 17.3283 0.81856 0.000000 1.36355
11100 55.5000 -2.527454 1.0227 0.170415 -0.118427 0.353364 14.0120 17.3246 0.81913 0.000000 1.36345
11200 56.0000 -2.530417 1.0125 -0.294410 -0.046235 0.170270 14.0153 17.3303 0.81737 0.000000 1.36409
11300 56.5000 -2.539034 1.0201 0.002106 -0.156732 0.004783 14.0133 17.3282 0.82017 0.000000 1.36370
11400 57.0000 -2.513192 0.9866 0.051677 0.043958 0.055404 14.0137 17.3379 0.76332 0.000000 1.36377
11500 57.5000 -2.591734 1.0151 -0.141926 -0.052239 -0.063324 14.0087 17.3365 0.75897 0.000000 1.36281
11600 58.0000 -2.532726 0.9998 0.239422 -0.055381 -0.451652 14.0051 17.3332 0.73377 0.000000 1.36211
11700 58.5000 -2.564505 1.0038 -0.141832 0.087487 -0.151475 14.0083 17.3355 0.79700 0.000000 1.36272
11800 59.0000 -2.538346 0.9886 0.177950 -0.064794 0.016667 14.0052 17.3308 0.79626 0.000000 1.36213
11900 59.5000 -2.571029 1.0078 -0.097862 -0.153665 0.089697 14.0025 17.3296 0.84698 0.000000 1.36159
12000 60.0000 -2.556534 1.0048 0.092534 0.049159 -0.323487 14.0030 17.3280 0.86068 0.000000 1.36170
12100 60.5000 -2.554217 1.0087 -0.048258 0.010893 0.101723 14.0028 17.3225 0.84620 0.000000 1.36165
12200 61.0000 -2.601600 1.0120 -0.125477 -0.159841 0.015714 14.0032 17.3251 0.88541 0.000000 1.36173
12300 61.5000 -2.570507 0.9944 -0.216716 0.009330 -0.045430 14.0012 17.3197 0.83228 0.000000 1.36134
12400 62.0000 -2.573549 1.0001 -0.000312 -0.151609 -0.241772 13.9965 17.3278 0.80312 0.000000 1.36043
12500 62.5000 -2.569081 1.0008 -0.205886 0.078043 -0.178718 13.9990 17.3212 0.82163 0.000000 1.36093
12600 63.0000 -2.585532 1.0153 0.009887 -0.102444 -0.243239 14.0021 17.3177 0.89107 0.000000 1.36152
12700 63.5000 -2.607843 1.0248 -0.403839 -0.317023 -0.005182 14.0028 17.3139 0.83252 0.000000 1.36165
12800 64.0000 -2.563769 0.9997 -0.075792 -0.090680 0.191670 13.9979 17.3166 0.83473 0.000000 1.36071
12900 64.5000 -2.570365 1.0010 -0.143265 0.065428 -0.056770 14.0023 17.3233 0.79150 0.000000 1.36156
13000 65.0000 -2.592496 0.9955 0.006643 -0.191039 0.271272 13.9952 17.3209 0.79792 0.000000 1.36019
13100 65.5000 -2.600259 1.0099 -0.153331 -0.196127 0.049258 13.9940 17.3213 0.78702 0.000000 1.35995
13200 66.0000 -2.571967 0.9874 0.064761 -0.074348 -0.089058 13.9939 17.3230 0.76820 0.000000 1.35992
13300 66.5000 -2.575727 0.9989 -0.179737 -0.027173 0.071787 13.9924 17.3338 0.81375 0.000000 1.35962
13400 67.0000 -2.582408 1.0111 -0.226397 -0.068829 -0.052537 13.9906 17.3336 0.77011 0.000000 1.35929
13500 67.5000 -2.556377 0.9970 0.120351 -0.024634 0.136808 13.9876 17.3312 0.80143 0.000000 1.35870
13600 68.0000 -2.586419 0.9982 -0.043554 -0.227945 0.110274 13.9818 17.3291 0.81231 0.000000 1.35757
13700 68.5000 -2.583844 0.9953 0.123942 -0.164949 0.139384 13.9788 17.3355 0.75089 0.000000 1.35699
13800 69.0000 -2.616371 0.9974 -0.260277 -0.285887 -0.065433 13.9787 17.3377 0.75581 0.000000 1.35698
13900 69.5000 -2.603704 0.9904 -0.029553 0.105535 -0.005520 13.9758 17.3347 0.73429 0.000000 1.35642
14000 70.0000 -2.599705 1.0005 0.052106 -0.135290 0.324436 13.9729 17.3363 0.75115 0.000000 1.35585
14100 70.5000 -2.603446 0.9942 -0.175207 -0.151162 0.126507 13.9733 17.3426 0.77638 0.000000 1.35593
14200 71.0000 -2.615255 1.0106 0.073202 -0.100951 -0.097719 13.9675 17.3421 0.72230 0.000000 1.35479
14300 71.5000 -2.589079 0.9961 0.223201 0.000940 0.016814 13.9709 17.3409 0.79411 0.000000 1.35546
14400 72.0000 -2.580138 1.0137 0.161155 -0.168452 0.237130 13.9759 17.3481 0.80642 0.000000 1.35644
14500 72.5000 -2.571115 1.0286 0.003395 0.382371 -0.002818 13.9820 17.3535 0.82083 0.000000 1.35761
14600 73.0000 -2.603194 1.0064 -0.207399 -0.074406 -0.357816 13.9854 17.3531 0.84265 0.000000 1.35827
14700 73.5000 -2.599117 0.9840 0.114160 0.008922 0.034754 13.9807 17.3467 0.79899 0.000000 1.35736
14800 74.0000 -2.604065 1.0170 -0.176127 -0.086989 0.050232 13.9814 17.3517 0.75545 0.000000 1.35750
14900 74.5000 -2.589425 0.9970 -0.149418 -0.286454 0.098817 13.9788 17.3492 0.77137 0.000000 1.35699
15000 75.0000 -2.605413 1.0008 -0.242853 -0.155587 -0.361694 13.9746 17.3486 0.74752 0.000000 1.35618
15100 75.5000 -2.615108 1.0025 -0.288068 0.178272 -0.437334 13.9688 17.3430 0.83216 0.000000 1.35506
15200 76.0000 -2.613712 1.0089 0.207883 0.047456 0.016766 13.9685 17.3459 0.82718 0.000000 1.35498
15300 76.5000 -2.579973 0.9939 0.161183 -0.262485 0.007465 13.9710 17.3530 0.80209 0.000000 1.35548
15400 77.0000 -2.606909 1.0085 -0.155087 -0.107327 0.120165 13.9720 17.3497 0.79979 0.000000 1.35567
15500 77.5000 -2.598079 0.9882 -0.158868 -0.145291 -0.203415 13.9666 17.3514 0.81257 0.000000 1.35462
15600 78.0000 -2.602440 0.9878 0.097117 -0.102297 -0.066459 13.9639 17.3450 0.85198 0.000000 1.35410
15700 78.5000 -2.626051 0.9764 -0.200288 -0.250101 -0.173275 13.9587 17.3431 0.83525 0.000000 1.35308
15800 79.0000 -2.613368 0.9718 0.214913 -0.350190 0.154051 13.9534 17.3428 0.82376 0.000000 1.35207
15900 79.5000 -2.610415 0.9898 -0.011680 -0.372425 0.102818 13.9498 17.3433 0.80077 0.000000 1.35136
16000 80.0000 -2.641546 0.9898 -0.229552 -0.203023 -0.375135 13.9471 17.3391 0.82736 0.000000 1.35085
16100 80.5000 -2.626635 1.0084 0.051185 -0.125022 -0.010930 13.9479 17.3374 0.83583 0.000000 1.35101
16200 81.0000 -2.638724 0.9875 -0.030411 -0.169102 -0.250265 13.9499 17.3301 0.84508 0.000000 1.35139
16300 81.5000 -2.630828 0.9915 -0.102407 -0.133762 -0.163607 13.9505 17.3269 0.83819 0.000000 1.35150
16400 82.0000 -2.630235 0.9888 0.030089 -0.206945 -0.038025 13.9475 17.3302 0.83495 0.000000 1.35092
16500 82.5000 -2.621111 0.9859 0.186418 -0.115384 0.005887 13.9457 17.3296 0.77637 0.000000 1.35057
16600 83.0000 -2.641629 0.9802 0.082023 0.011501 -0.060348 13.9464 17.3318 0.78154 0.000000 1.35070
16700 83.5000 -2.632979 0.9968 -0.229954 0.082076 0.119196 13.9495 17.3352 0.71638 0.000000 1.35131
16800 84.0000 -2.587320 0.9791 -0.060917 0.071675 0.085903 13.9518 17.3372 0.73363 0.000000 1.35176
16900 84.5000 -2.591824 0.9802 -0.198519 0.118898 0.368269 13.9530 17.3402 0.68597 0.000000 1.35198
17000 85.0000 -2.578336 0.9752 -0.185535 0.352316 0.208711 13.9523 17.3447 0.71297 0.000000 1.35186
17100 85.5000 -2.645284 1.0028 -0.171701 0.123728 0.132084 13.9549 17.3473 0.75697 0.000000 1.35235
17200 86.0000 -2.620416 0.9856 -0.010393 -0.192482 0.282532 13.9534 17.3444 0.80528 0.000000 1.35206
17300 86.5000 -2.616723 0.9944 -0.222248 -0.207652 -0.013813 13.9544 17.3535 0.81538 0.000000 1.35226
17400 87.0000 -2.589394 0.9812 0.061141 0.433476 -0.158867 13.9559 17.3495 0.81071 0.000000 1.35256
17500 87.5000 -2.579066 0.9848 0.059882 0.256325 0.142370 13.9569 17.3505 0.81929 0.000000 1.35274
17600 88.0000 -2.578417 0.9879 -0.066837 0.086749 0.243209 13.9591 17.3567 0.86201 0.000000 1.35317
17700 88.5000 -2.568502 0.9949 0.266471 0.024142 -0.250502 13.9580 17.3603 0.86205 0.000000 1.35296
17800 89.0000 -2.567305 1.0112 -0.103320 -0.091016 0.052098 13.9598 17.3586 0.79208 0.000000 1.35330
17900 89.5000 -2.574649 1.0083 0.214391 0.089756 0.303132 13.9632 17.3600 0.82751 0.000000 1.35397
18000 90.0000 -2.596212 1.0064 -0.089073 0.113219 -0.277002 13.9655 17.3647 0.84339 0.000000 1.35441
18100 90.5000 -2.568078 1.0043 0.408702 0.141791 0.093877 13.9677 17.3691 0.80675 0.000000 1.35484
18200 91.0000 -2.540488 0.9928 0.164817 0.043971 0.245727 13.9705 17.3750 0.76726 0.000000 1.35539
18300 91.5000 -2.581636 1.0314 -0.068757 0.047030 0.260578 13.9716 17.3755 0.80138 0.000000 1.35559
18400 92.0000 -2.572128 1.0139 0.003361 -0.120177 -0.039250 13.9741 17.3785 0.78031 0.000000 1.35608
18500 92.5000 -2.547946 1.0117 -0.094600 0.000042 0.047999 13.9790 17.3867 0.84408 0.000000 1.35703
18600 93.0000 -2.530191 1.0144 0.344290 -0.204030 -0.081262 13.9808 17.3841 0.86818 0.000000 1.35738
18700 93.5000 -2.521311 1.0066 0.199493 0.200505 0.196107 13.9807 17.3853 0.85078 0.000000 1.35736
18800 94.0000 -2.547538 0.9935 -0.005451 -0.118303 -0.225996 13.9816 17.3874 0.81607 0.000000 1.35754
18900 94.5000 -2.573183 1.0045 -0.038967 -0.061683 0.064615 13.9827 17.3830 0.92717 0.000000 1.35775
19000 95.0000 -2.531837 0.9900 0.087007 0.065574 -0.031637 13.9858 17.3827 0.86535 0.000000 1.35835
19100 95.5000 -2.542742 0.9876 0.016944 -0.351092 -0.163302 13.9849 17.3830 0.81727 0.000000 1.35817
19200 96.0000 -2.533438 0.9633 0.182632 0.101441 0.011120 13.9817 17.3781 0.94480 0.000000 1.35756
19300 96.5000 -2.583507 0.9824 -0.222399 0.024257 0.082011 13.9792 17.3752 0.92653 0.000000 1.35707
19400 97.0000 -2.599151 0.9990 -0.260708 0.162405 -0.209037 13.9778 17.3769 0.88597 0.000000 1.35679
19500 97.5000 -2.590534 1.0068 -0.027159 -0.082403 -0.326023 13.9741 17.3753 0.93646 0.000000 1.35609
19600 98.0000 -2.566484 0.9856 -0.062907 0.026499 -0.044912 13.9709 17.3726 0.91029 0.000000 1.35547
19700 98.5000 -2.577352 1.0002 0.197010 -0.084642 -0.261278 13.9731 17.3674 0.85798 0.000000 1.35588
19800 99.0000 -2.574886 0.9865 -0.078593 0.226298 -0.148599 13.9723 17.3659 0.81303 0.000000 1.35573
19900 99.5000 -2.545017 0.9803 -0.073890 0.440713 0.196050 13.9755 17.3676 0.81889 0.000000 1.35634
20000 100.0000 -2.571783 1.0111 -0.192760 -0.171726 0.134032 13.9753 17.3792 0.81405 0.000000 1.35631
20100 100.5000 -2.538154 0.9999 0.170979 0.093621 0.018211 13.9734 17.3818 0.80425 0.000000 1.35594
20200 101.0000 -2.581388 0.9876 -0.000091 -0.264378 0.219140 13.9714 17.3803 0.88538 0.000000 1.35556
20300 101.5000 -2.578613 0.9642 -0.030742 -0.118684 0.198458 13.9692 17.3837 0.82605 0.000000 1.35512
20400 102.0000 -2.606996 0.9752 -0.034450 0.024035 -0.264707 13.9613 17.3738 0.78276 0.000000 1.35359
20500 102.5000 -2.594241 0.9802 -0.069385 -0.067989 -0.076101 13.9612 17.3739 0.80141 0.000000 1.35357
20600 103.0000 -2.587473 0.9785 0.079674 -0.217700 -0.554215 13.9603 17.3774 0.82143 0.000000 1.35340
20700 103.5000 -2.570407 0.9743 0.001338 -0.128716 -0.056667 13.9566 17.3801 0.82308 0.000000 1.35268
20800 104.0000 -2.574598 0.9985 -0.165012 0.050377 0.449739 13.9551 17.3895 0.80411 0.000000 1.35240
20900 104.5000 -2.546000 0.9967 0.184306 0.090143 0.289285 13.9575 17.3918 0.87834 0.000000 1.35286
21000 105.0000 -2.544446 0.9944 0.314304 0.014258 -0.015763 13.9614 17.3951 0.86302 0.000000 1.35362
21100 105.5000 -2.581213 1.0128 -0.131445 0.057263 -0.543573 13.9652 17.4028 0.91200 0.000000 1.35435
21200 106.0000 -2.542404 1.0000 -0.017252 0.413456 -0.096167 13.9696 17.3976 0.87453 0.000000 1.35521
21300 106.5000 -2.536294 0.9805 0.027835 0.069422 0.362165 13.9713 17.4055 0.87272 0.000000 1.35553
21400 107.0000 -2.562998 0.9862 -0.084713 -0.080700 0.138400 13.9693 17.4084 0.88451 0.000000 1.35515
21500 107.5000 -2.583360 0.9928 -0.325352 0.172732 0.046978 13.9630 17.4091 0.89250 0.000000 1.35393
21600 108.0000 -2.578425 1.0219 0.315651 -0.074212 -0.073995 13.9627 17.4059 0.88639 0.000000 1.35386
21700 108.5000 -2.559398 0.9952 -0.071021 0.072442 0.160755 13.9646 17.4096 0.88426 0.000000 1.35424
21800 109.0000 -2.573863 0.9789 -0.083658 -0.112228 -0.068188 13.9632 17.4082 0.88189 0.000000 1.35396
21900 109.5000 -2.557978 0.9803 -0.226507 0.249885 -0.170621 13.9607 17.3992 0.88803 0.000000 1.35349
22000 110.0000 -2.555972 0.9803 -0.068834 0.003976 0.215981 13.9619 17.3994 0.82525 0.000000 1.35372
22100 110.5000 -2.572995 1.0318 -0.330673 -0.028695 0.064497 13.9614 17.3967 0.89898 0.000000 1.35361
22200 111.0000 -2.547206 0.9922 0.029823 0.070572 0.112863 13.9612 17.3984 0.83058 0.000000 1.35358
22300 111.5000 -2.574482 1.0127 -0.087603 0.234538 -0.243420 13.9623 17.3967 0.84060 0.000000 1.35379
22400 112.0000 -2.561771 1.0062 0.074999 -0.022100 0.178052 13.9640 17.4001 0.94722 0.000000 1.35411
22500 112.5000 -2.558727 1.0151 -0.058220 0.041539 0.261699 13.9614 17.4046 0.91215 0.000000 1.35361
22600 113.0000 -2.567827 1.0173 -0.130051 0.079706 -0.142278 13.9640 17.4089 0.94200 0.000000 1.35412
22700 113.5000 -2.568976 1.0191 -0.036232 -0.134857 -0.567632 13.9646 17.4097 0.95214 0.000000 1.35423
22800 114.0000 -2.569225 0.9938 0.227681 -0.126823 0.337765 13.9615 17.4114 0.94031 0.000000 1.35364
22900 114.5000 -2.575691 1.0055 -0.082259 -0.071931 0.316051 13.9612 17.4125 0.93347 0.000000 1.35358
23000 115.0000 -2.582679 0.9787 -0.153922 -0.404849 -0.589299 13.9568 17.4112 0.95211 0.000000 1.35273
23100 115.5000 -2.590343 0.9753 -0.013120 -0.129104 -0.111917 13.9536 17.4080 0.87535 0.000000 1.35210
23200 116.0000 -2.621304 0.9874 -0.043000 -0.180896 -0.192025 13.9465 17.3998 0.89612 0.000000 1.35072
23300 116.5000 -2.583261 0.9993 -0.263849 -0.062961 -0.324336 13.9439 17.4054 0.93572 0.000000 1.35023
23400 117.0000 -2.576300 0.9993 0.235893 0.075474 0.226203 13.9429 17.4117 0.91304 0.000000 1.35003
23500 117.5000 -2.583073 0.9877 0.173707 -0.172556 0.061375 13.9439 17.4117 0.87061 0.000000 1.35023
23600 118.0000 -2.599035 1.0199 -0.088848 -0.182703 -0.418800 13.9437 17.4116 0.88369 0.000000 1.35019
23700 118.5000 -2.581972 0.9831 -0.064522 0.035952 -0.044656 13.9447 17.4105 0.85720 0.000000 1.35039
23800 119.0000 -2.585548 0.9935 0.030494 0.032488 -0.095079 13.9430 17.4154 0.90696 0.000000 1.35005
23900 119.5000 -2.597406 0.9966 -0.359401 0.046350 0.141570 13.9410 17.4118 0.88626 0.000000 1.34966
24000 120.0000 -2.583435 0.9941 0.090419 0.058237 0.039651 13.9390 17.4139 0.95350 0.000000 1.34927
24100 120.5000 -2.606777 0.9899 0.023519 -0.241472 -0.019543 13.9408 17.4205 0.88837 0.000000 1.34963
24200 121.0000 -2.615259 0.9809 -0.142624 -0.189931 -0.152555 13.9377 17.4223 0.87899 0.000000 1.34902
24300 121.5000 -2.620051 0.9746 -0.329440 -0.289942 -0.374446 13.9313 17.4253 0.97561 0.000000 1.34778
24400 122.0000 -2.640419 0.9996 0.187477 -0.127509 0.284762 13.9303 17.4300 0.93815 0.000000 1.34759
24500 122.5000 -2.583887 0.9992 0.081992 -0.010721 -0.039563 13.9334 17.4301 0.87346 0.000000 1.34819
24600 123.0000 -2.581714 1.0260 0.205074 0.091003 0.054496 13.9366 17.4339 0.86966 0.000000 1.34881
24700 123.5000 -2.555925 0.9946 -0.097775 0.167372 0.238069 13.9411 17.4383 0.83386 0.000000 1.34968
24800 124.0000 -2.578313 1.0034 -0.204386 0.058309 -0.038605 13.9392 17.4429 0.89777 0.000000 1.34931
24900 124.5000 -2.579554 1.0258 0.019971 0.234294 -0.040850 13.9380 17.4447 0.88295 0.000000 1.34909
25000 125.0000 -2.569634 1.0011 -0.094423 0.153256 0.070659 13.9392 17.4482 0.92139 0.000000 1.34931
25100 125.5000 -2.587576 1.0117 0.001621 -0.144814 -0.092969 13.9374 17.4422 0.88213 0.000000 1.34898
25200 126.0000 -2.605166 1.0154 0.082874 -0.010694 0.156960 13.9346 17.4401 0.92149 0.000000 1.34842
25300 126.5000 -2.604932 0.9785 -0.047393 -0.078857 -0.190156 13.9333 17.4365 0.92845 0.000000 1.34818
25400 127.0000 -2.624128 0.9968 -0.206085 -0.275694 0.153043 13.9262 17.4345 0.86258 0.000000 1.34680
25500 127.5000 -2.618968 1.0060 0.160021 -0.127850 -0.044784 13.9242 17.4395 0.82541 0.000000 1.34641
25600 128.0000 -2.607758 1.0034 -0.031624 -0.003216 0.296308 13.9282 17.4419 0.83584 0.000000 1.34719
25700 128.5000 -2.590004 0.9933 -0.128428 0.089140 0.108483 13.9280 17.4443 0.81197 0.000000 1.34715
25800 129.0000 -2.580749 0.9889 -0.034154 0.155083 0.374781 13.9272 17.4499 0.81222 0.000000 1.34700
25900 129.5000 -2.607857 0.9867 -0.199330 -0.314659 0.124129 13.9261 17.4520 0.86390 0.000000 1.34678
26000 130.0000 -2.599269 1.0147 0.103716 -0.108315 0.097467 13.9226 17.4477 0.83393 0.000000 1.34610
26100 130.5000 -2.593474 1.0086 0.240968 0.117451 -0.036430 13.9220 17.4463 0.83998 0.000000 1.34599
26200 131.0000 -2.593799 1.0077 -0.001115 0.027397 0.205327 13.9246 17.4461 0.85883 0.000000 1.34649
26300 131.5000 -2.582300 0.9952 0.336523 0.265941 -0.092347 13.9257 17.4537 0.87027 0.000000 1.34670
26400 132.0000 -2.591929 0.9966 -0.060835 -0.244474 -0.036810 13.9281 17.4471 0.87829 0.000000 1.34717
26500 132.5000 -2.612618 1.0196 -0.216580 -0.180296 -0.032937 13.9247 17.4527 0.83571 0.000000 1.34651
26600 133.0000 -2.599017 0.9821 -0.279052 0.219299 0.242762 13.9242 17.4522 0.77475 0.000000 1.34641
26700 133.5000 -2.616542 1.0040 -0.047223 -0.234561 -0.083465 13.9194 17.4486 0.82315 0.000000 1.34548
26800 134.0000 -2.617659 1.0035 -0.095065 -0.076739 -0.020806 13.9177 17.4421 0.79079 0.000000 1.34515
26900 134.5000 -2.586086 0.9938 -0.084813 0.381729 0.342914 13.9218 17.4462 0.85555 0.000000 1.34594
27000 135.0000 -2.615816 0.9957 0.025322 -0.138987 0.138053 13.9222 17.4491 0.87557 0.000000 1.34602
27100 135.5000 -2.613763 0.9971 0.064810 -0.073223 -0.058593 13.9240 17.4457 0.86434 0.000000 1.34637
27200 136.0000 -2.593850 0.9869 0.123051 0.183164 0.022749 13.9252 17.4388 0.84979 0.000000 1.34660
27300 136.5000 -2.573034 0.9910 -0.078791 0.228034 -0.296971 13.9267 17.4383 0.83327 0.000000 1.34690
27400 137.0000 -2.575871 1.0035 -0.109049 -0.009151 0.119335 13.9285 17.4357 0.83649 0.000000 1.34724
27500 137.5000 -2.589677 1.0013 0.141952 -0.160149 -0.114369 13.9300 17.4378 0.87996 0.000000 1.34753
27600 138.0000 -2.564308 0.9877 0.064529 -0.079707 0.170237 13.9317 17.4361 0.86736 0.000000 1.34786
27700 138.5000 -2.590438 1.0074 0.003974 0.028499 0.394881 13.9309 17.4308 0.89678 0.000000 1.34771
27800 139.0000 -2.590383 1.0124 0.137382 0.094216 0.059613 13.9324 17.4249 0.88640 0.000000 1.34800
27900 139.5000 -2.585480 1.0276 0.285968 0.134869 0.213185 13.9364 17.4201 0.90975 0.000000 1.34877
28000 140.0000 -2.574649 1.0094 0.159711 -0.085932 -0.166205 13.9406 17.4271 0.92801 0.000000 1.34958
28100 140.5000 -2.571886 1.0053 -0.260714 0.233390 0.316496 13.9434 17.4359 0.85715 0.000000 1.35013
28200 141.0000 -2.561791 1.0064 0.120048 0.022430 0.223917 13.9425 17.4392 0.91802 0.000000 1.34996
28300 141.5000 -2.570033 0.9776 0.241114 -0.117584 -0.324816 13.9423 17.4321 0.85749 0.000000 1.34991
28400 142.0000 -2.571084 1.0026 0.214516 -0.088171 0.157178 13.9378 17.4290 0.85056 0.000000 1.34905
28500 142.5000 -2.536858 0.9909 0.074794 0.326327 -0.256869 13.9398 17.4308 0.89056 0.000000 1.34943
28600 143.0000 -2.551698 1.0180 0.070153 0.097371 0.086812 13.9451 17.4387 0.86268 0.000000 1.35045
28700 143.5000 -2.553472 1.0149 -0.011366 -0.257783 -0.233932 13.9479 17.4438 0.93063 0.000000 1.35099
28800 144.0000 -2.576677 1.0066 0.225616 -0.168237 -0.197358 13.9482 17.4456 0.85651 0.000000 1.35105
28900 144.5000 -2.584709 0.9885 -0.151097 -0.016365 -0.153410 13.9527 17.4344 0.84055 0.000000 1.35194
29000 145.0000 -2.559668 0.9875 -0.054627 0.150865 -0.194275 13.9531 17.4375 0.79968 0.000000 1.35201
29100 145.5000 -2.572016 0.9925 0.049913 -0.147869 -0.165635 13.9577 17.4342 0.74225 0.000000 1.35290
29200 146.0000 -2.554226 0.9978 0.116893 0.191256 -0.253763 13.9563 17.4364 0.70084 0.000000 1.35263
29300 146.5000 -2.590986 1.0134 -0.234351 -0.346430 -0.140827 13.9541 17.4290 0.75698 0.000000 1.35220
29400 147.0000 -2.576768 1.0143 -0.062761 0.033142 -0.170089 13.9521 17.4377 0.77777 0.000000 1.35182
29500 147.5000 -2.588830 1.0193 -0.136801 -0.128282 0.003931 13.9541 17.4436 0.71051 0.000000 1.35221
29600 148.0000 -2.553464 1.0015 0.162555 -0.039941 0.065339 13.9542 17.4451 0.78602 0.000000 1.35222
29700 148.5000 -2.563674 0.9918 0.037753 -0.134072 -0.207101 13.9545 17.4434 0.75865 0.000000 1.35227
29800 149.0000 -2.582028 1.0114 0.018351 0.047142 -0.334597 13.9546 17.4435 0.77709 0.000000 1.35231
29900 149.5000 -2.557237 0.9994 0.010192 0.015623 0.051051 13.9531 17.4409 0.70584 0.000000 1.35201
30000 150.0000 -2.561292 1.0109 -0.334772 0.020175 0.023389 13.9527 17.4392 0.76095 0.000000 1.35192
30100 150.5000 -2.564531 0.9905 -0.026525 -0.002792 -0.410733 13.9507 17.4326 0.81662 0.000000 1.35154
30200 151.0000 -2.577427 1.0008 -0.043915 -0.043113 0.267163 13.9500 17.4328 0.82015 0.000000 1.35140
30300 151.5000 -2.561482 0.9982 -0.076525 0.130842 0.069033 13.9479 17.4315 0.77188 0.000000 1.35100
30400 152.0000 -2.588634 0.9990 -0.279761 -0.019279 0.027087 13.9490 17.4344 0.81142 0.000000 1.35122
