# step time Epot/N T Pxx Pyy Pzz Lx Lz gap comF areaperlipid
0 0.0000 -2.599931 1.0261 -0.017077 -0.108563 0.002471 14.0070 17.2600 0.82138 0.000000 1.36248
100 0.5000 -2.553144 1.0083 0.068408 0.275959 -0.034017 14.0107 17.2586 0.88966 0.000000 1.36320
200 1.0000 -2.535560 1.0194 0.090253 0.192070 0.311859 14.0142 17.2654 0.84616 0.000000 1.36388
300 1.5000 -2.543116 1.0108 -0.001353 0.014718 0.183995 14.0212 17.2700 0.88868 0.000000 1.36524
400 2.0000 -2.573119 1.0144 -0.250681 0.041018 -0.244406 14.0215 17.2745 0.92312 0.000000 1.36530
500 2.5000 -2.567567 0.9750 -0.469853 0.323492 0.049882 14.0194 17.2732 0.87745 0.000000 1.36488
600 3.0000 -2.556985 0.9867 0.139722 -0.170064 0.029447 14.0196 17.2684 0.96549 0.000000 1.36493
700 3.5000 -2.570284 0.9773 -0.338546 0.014274 0.137100 14.0149 17.2632 0.89884 0.000000 1.36400
800 4.0000 -2.625706 0.9833 0.144432 -0.127795 0.001296 14.0069 17.2570 0.89167 0.000000 1.36245
900 4.5000 -2.622777 0.9884 0.002770 0.304597 -0.417939 14.0052 17.2491 0.89179 0.000000 1.36213
1000 5.0000 -2.647431 0.9862 -0.005800 0.054866 -0.270088 14.0048 17.2366 0.85561 0.000000 1.36204
1100 5.5000 -2.609851 1.0036 0.129654 0.069428 0.031525 14.0031 17.2343 0.81394 0.000000 1.36171
1200 6.0000 -2.584533 0.9822 0.121952 0.417864 -0.124380 14.0058 17.2355 0.79174 0.000000 1.36224
1300 6.5000 -2.612149 0.9829 -0.086523 0.077023 -0.384939 14.0059 17.2266 0.78217 0.000000 1.36225
1400 7.0000 -2.620805 0.9883 -0.224628 0.161772 -0.354908 14.0047 17.2213 0.84298 0.000000 1.36203
1500 7.5000 -2.622356 0.9747 -0.163343 0.169536 0.086545 14.0061 17.2244 0.76485 0.000000 1.36230
1600 8.0000 -2.638811 0.9874 -0.281830 -0.031254 -0.156127 14.0040 17.2237 0.84704 0.000000 1.36189
1700 8.5000 -2.609423 0.9866 0.064592 0.008229 0.069674 14.0043 17.2271 0.82508 0.000000 1.36194
1800 9.0000 -2.621549 0.9953 -0.049480 0.241348 -0.305088 14.0075 17.2162 0.79294 0.000000 1.36256
1900 9.5000 -2.601579 0.9915 0.166395 0.155526 -0.150390 14.0097 17.2143 0.79247 0.000000 1.36300
2000 10.0000 -2.621880 1.0025 -0.104740 0.103997 0.269503 14.0131 17.2103 0.79655 0.000000 1.36366
2100 10.5000 -2.611953 0.9966 -0.026560 -0.045561 -0.213107 14.0133 17.2029 0.85663 0.000000 1.36370
2200 11.0000 -2.603200 1.0006 0.206408 -0.158392 -0.249082 14.0106 17.2054 0.81921 0.000000 1.36317
2300 11.5000 -2.628005 1.0137 -0.155022 0.137679 -0.135120 14.0089 17.2050 0.87293 0.000000 1.36284
2400 12.0000 -2.577335 1.0069 0.081482 -0.030516 -0.027366 14.0085 17.2131 0.89930 0.000000 1.36277
2500 12.5000 -2.547588 1.0046 0.117595 0.345795 0.074939 14.0105 17.2104 0.83567 0.000000 1.36315
2600 13.0000 -2.561333 0.9909 0.049868 0.163899 0.146835 14.0136 17.2142 0.88230 0.000000 1.36376
2700 13.5000 -2.595473 0.9976 -0.018613 0.016419 0.058472 14.0131 17.2173 0.82418 0.000000 1.36366
2800 14.0000 -2.619342 1.0215 -0.123028 -0.355103 -0.232007 14.0117 17.2186 0.83313 0.000000 1.36338
2900 14.5000 -2.601055 0.9941 -0.040783 0.157453 0.272713 14.0118 17.2182 0.87990 0.000000 1.36340
3000 15.0000 -2.624945 0.9867 -0.085571 -0.133558 -0.096195 14.0049 17.2145 0.86395 0.000000 1.36207
3100 15.5000 -2.616594 0.9905 0.002532 0.080195 0.266073 14.0046 17.2199 0.84060 0.000000 1.36201
3200 16.0000 -2.621332 1.0181 -0.015383 0.211753 0.008080 14.0057 17.2166 0.85584 0.000000 1.36222
3300 16.5000 -2.610374 0.9960 -0.023060 -0.093122 -0.568823 14.0084 17.2128 0.92231 0.000000 1.36274
3400 17.0000 -2.596814 0.9835 0.125622 -0.080248 0.125701 14.0079 17.2147 0.90208 0.000000 1.36265
3500 17.5000 -2.608912 0.9924 0.056860 -0.250645 0.198227 14.0070 17.2176 0.87786 0.000000 1.36248
3600 18.0000 -2.655493 0.9961 -0.307645 0.087168 0.027459 14.0056 17.2216 0.84148 0.000000 1.36220
3700 18.5000 -2.621865 1.0010 0.018468 -0.155083 0.217745 14.0010 17.2233 0.84432 0.000000 1.36130
3800 19.0000 -2.614912 1.0094 -0.106130 -0.109885 0.095355 13.9989 17.2279 0.76624 0.000000 1.36090
3900 19.5000 -2.591129 0.9968 0.127576 0.140656 0.019871 13.9995 17.2315 0.71784 0.000000 1.36102
4000 20.0000 -2.590077 1.0070 0.155164 0.234423 0.045400 14.0025 17.2388 0.79028 0.000000 1.36159
4100 20.5000 -2.603760 1.0337 -0.045321 -0.048802 -0.114552 14.0062 17.2435 0.84068 0.000000 1.36232
4200 21.0000 -2.583780 0.9944 0.121858 0.068649 -0.007530 14.0096 17.2491 0.78615 0.000000 1.36298
4300 21.5000 -2.619909 0.9955 -0.055869 -0.132936 0.097007 14.0088 17.2432 0.76472 0.000000 1.36282
4400 22.0000 -2.621372 1.0218 -0.052334 -0.089558 -0.514448 14.0092 17.2396 0.75893 0.000000 1.36289
4500 22.5000 -2.563015 0.9827 0.085781 0.060812 0.089338 14.0125 17.2457 0.75072 0.000000 1.36354
4600 23.0000 -2.559251 1.0087 0.092475 0.064188 0.065353 14.0142 17.2498 0.72855 0.000000 1.36388
4700 23.5000 -2.578916 1.0164 0.115634 0.068467 0.080819 14.0163 17.2541 0.76306 0.000000 1.36428
4800 24.0000 -2.592221 1.0348 -0.097523 -0.216038 -0.053109 14.0200 17.2563 0.74014 0.000000 1.36500
4900 24.5000 -2.599837 1.0049 0.093540 -0.116626 -0.250330 14.0237 17.2558 0.71655 0.000000 1.36573
5000 25.0000 -2.586688 0.9961 -0.015720 -0.120835 0.090534 14.0232 17.2550 0.73334 0.000000 1.36563
5100 25.5000 -2.590113 0.9945 -0.153056 0.030006 -0.032013 14.0189 17.2542 0.75028 0.000000 1.36479
5200 26.0000 -2.577844 0.9825 -0.008951 0.138864 0.277703 14.0156 17.2478 0.73400 0.000000 1.36414
5300 26.5000 -2.598565 0.9833 -0.255647 -0.250565 -0.142671 14.0090 17.2406 0.65356 0.000000 1.36287
5400 27.0000 -2.606924 0.9657 -0.218139 -0.040289 0.011711 14.0003 17.2402 0.67863 0.000000 1.36117
5500 27.5000 -2.611070 0.9777 0.085902 0.105496 -0.047958 13.9999 17.2442 0.68971 0.000000 1.36110
5600 28.0000 -2.607016 1.0038 -0.085614 -0.174902 0.262483 13.9995 17.2481 0.70131 0.000000 1.36102
5700 28.5000 -2.605878 1.0081 -0.104156 0.116046 0.104439 13.9979 17.2529 0.68242 0.000000 1.36070
5800 29.0000 -2.585624 0.9862 -0.125647 0.109681 0.202272 14.0016 17.2593 0.68742 0.000000 1.36143
5900 29.5000 -2.612248 1.0021 -0.136917 0.078137 -0.100368 14.0007 17.2524 0.69356 0.000000 1.36126
6000 30.0000 -2.609427 1.0093 -0.180726 -0.229149 0.074571 13.9991 17.2496 0.66354 0.000000 1.36093
6100 30.5000 -2.580099 0.9923 0.079791 0.254871 0.448528 14.0036 17.2595 0.69218 0.000000 1.36181
6200 31.0000 -2.605749 1.0075 0.090688 -0.032540 0.064147 14.0065 17.2603 0.71884 0.000000 1.36237
6300 31.5000 -2.602823 0.9884 0.020306 -0.233195 -0.155424 14.0090 17.2558 0.66590 0.000000 1.36287
6400 32.0000 -2.596839 1.0184 0.060056 -0.006129 -0.540991 14.0051 17.2573 0.70796 0.000000 1.36210
6500 32.5000 -2.609838 1.0064 -0.207274 0.113847 0.210249 14.0055 17.2577 0.63869 0.000000 1.36217
6600 33.0000 -2.590869 1.0102 0.123111 -0.157824 -0.029635 14.0060 17.2618 0.72238 0.000000 1.36227
6700 33.5000 -2.578734 0.9915 0.038406 -0.047366 -0.014048 14.0053 17.2644 0.74636 0.000000 1.36215
6800 34.0000 -2.572833 0.9923 -0.030977 0.207357 0.439264 14.0059 17.2670 0.76196 0.000000 1.36226
6900 34.5000 -2.605182 1.0013 0.026306 -0.078481 0.157157 14.0040 17.2741 0.72806 0.000000 1.36188
7000 35.0000 -2.577784 1.0111 -0.068891 0.101934 0.205306 14.0030 17.2824 0.77672 0.000000 1.36170
7100 35.5000 -2.565103 1.0102 -0.103933 0.125375 0.156669 14.0026 17.2760 0.77009 0.000000 1.36162
7200 36.0000 -2.570964 0.9863 0.079375 0.253017 -0.173076 14.0050 17.2780 0.78313 0.000000 1.36208
7300 36.5000 -2.632382 0.9935 -0.034418 -0.009072 -0.009211 14.0046 17.2700 0.70732 0.000000 1.36201
7400 37.0000 -2.608363 0.9787 -0.048124 -0.021425 -0.200358 14.0004 17.2600 0.74236 0.000000 1.36119
7500 37.5000 -2.596604 0.9659 0.234203 0.110774 0.202648 13.9952 17.2523 0.75354 0.000000 1.36017
7600 38.0000 -2.574709 0.9650 0.047227 0.034977 0.173827 13.9929 17.2549 0.73457 0.000000 1.35974
7700 38.5000 -2.602677 0.9979 0.062636 0.205674 0.615709 13.9922 17.2550 0.70632 0.000000 1.35960
7800 39.0000 -2.639133 1.0024 -0.190699 -0.106690 -0.381793 13.9958 17.2621 0.70410 0.000000 1.36029
7900 39.5000 -2.632755 0.9926 -0.044190 0.030296 -0.036271 13.9940 17.2559 0.73497 0.000000 1.35994
8000 40.0000 -2.621846 1.0105 -0.015721 0.153251 -0.128577 13.9956 17.2580 0.74408 0.000000 1.36025
8100 40.5000 -2.592403 0.9939 0.249673 -0.113717 -0.219074 13.9990 17.2524 0.78206 0.000000 1.36091
8200 41.0000 -2.595665 1.0083 -0.007871 0.166026 0.182566 14.0040 17.2594 0.71437 0.000000 1.36189
8300 41.5000 -2.615285 1.0198 -0.123698 0.012249 0.237004 14.0036 17.2641 0.67661 0.000000 1.36182
8400 42.0000 -2.592985 0.9854 0.003885 -0.007294 -0.143187 14.0036 17.2702 0.69791 0.000000 1.36181
8500 42.5000 -2.613827 1.0039 0.130762 -0.228942 -0.229339 14.0042 17.2746 0.77146 0.000000 1.36193
8600 43.0000 -2.597052 1.0050 -0.091768 0.059084 -0.443862 14.0032 17.2700 0.76180 0.000000 1.36172
8700 43.5000 -2.604218 1.0152 0.184400 0.144909 -0.102163 14.0092 17.2650 0.84192 0.000000 1.36291
8800 44.0000 -2.576650 1.0040 -0.155436 0.033936 0.017342 14.0084 17.2624 0.82204 0.000000 1.36275
8900 44.5000 -2.599115 1.0196 -0.091555 -0.137418 -0.356240 14.0085 17.2645 0.86630 0.000000 1.36276
9000 45.0000 -2.577069 1.0184 0.209348 -0.060165 0.195133 14.0088 17.2685 0.85812 0.000000 1.36283
9100 45.5000 -2.558773 0.9977 0.083643 0.119280 0.155006 14.0102 17.2693 0.80972 0.000000 1.36310
9200 46.0000 -2.577407 0.9909 0.121710 -0.018391 0.176038 14.0103 17.2681 0.85423 0.000000 1.36311
9300 46.5000 -2.604536 0.9924 0.082866 -0.066443 -0.251588 14.0103 17.2612 0.82187 0.000000 1.36312
9400 47.0000 -2.608199 0.9951 -0.092468 -0.102312 -0.014942 14.0134 17.2636 0.79738 0.000000 1.36372
9500 47.5000 -2.605639 0.9991 -0.027893 0.034260 -0.031103 14.0114 17.2591 0.77804 0.000000 1.36334
9600 48.0000 -2.627257 1.0120 -0.307085 -0.004171 0.020250 14.0108 17.2534 0.81089 0.000000 1.36321
9700 48.5000 -2.595068 0.9818 0.119545 -0.027618 -0.246143 14.0083 17.2520 0.78238 0.000000 1.36274
9800 49.0000 -2.612419 0.9973 -0.140105 0.008971 -0.138965 14.0075 17.2544 0.83008 0.000000 1.36257
9900 49.5000 -2.604374 0.9787 -0.028386 0.013838 -0.233943 14.0042 17.2461 0.78025 0.000000 1.36193
10000 50.0000 -2.609483 0.9803 -0.244137 0.159408 -0.112000 14.0004 17.2461 0.77546 0.000000 1.36120
10100 50.5000 -2.589462 0.9898 -0.026569 0.012694 -0.136892 13.9984 17.2433 0.79119 0.000000 1.36080
10200 51.0000 -2.582854 0.9942 -0.048086 0.120741 0.248600 14.0025 17.2483 0.82193 0.000000 1.36159
10300 51.5000 -2.588477 0.9993 0.271227 0.004460 0.120852 14.0015 17.2453 0.79927 0.000000 1.36140
10400 52.0000 -2.581726 0.9888 0.029204 0.054623 0.174173 14.0000 17.2552 0.82202 0.000000 1.36111
10500 52.5000 -2.600836 1.0051 0.154334 0.265661 0.031089 13.9993 17.2567 0.72248 0.000000 1.36098
10600 53.0000 -2.608256 1.0114 -0.178466 0.059649 -0.606194 13.9997 17.2550 0.72724 0.000000 1.36105
10700 53.5000 -2.632716 1.0158 -0.309472 -0.188438 0.014009 14.0002 17.2497 0.66007 0.000000 1.36114
10800 54.0000 -2.584190 0.9946 0.119427 0.061194 0.007870 13.9981 17.2476 0.69965 0.000000 1.36075
10900 54.5000 -2.581471 0.9940 -0.117337 0.379639 -0.074389 13.9971 17.2464 0.70044 0.000000 1.36055
11000 55.0000 -2.617099 0.9846 -0.177116 -0.016479 -0.063658 13.9957 17.2441 0.68859 0.000000 1.36028
11100 55.5000 -2.612497 1.0093 0.137141 0.060056 -0.266113 13.9965 17.2444 0.77363 0.000000 1.36043
11200 56.0000 -2.579461 1.0015 0.438685 0.083411 0.320967 14.0019 17.2492 0.75102 0.000000 1.36148
11300 56.5000 -2.569621 1.0000 0.052671 -0.070347 0.083190 14.0033 17.2528 0.73484 0.000000 1.36175
11400 57.0000 -2.617358 1.0120 -0.075438 -0.065743 0.008086 14.0022 17.2515 0.70476 0.000000 1.36154
11500 57.5000 -2.591441 0.9939 -0.003900 0.018355 -0.002602 14.0003 17.2543 0.76898 0.000000 1.36117
11600 58.0000 -2.616793 1.0228 -0.102288 0.093873 0.101835 14.0027 17.2601 0.75494 0.000000 1.36163
11700 58.5000 -2.608852 0.9945 0.042274 -0.014811 -0.153703 14.0023 17.2600 0.78298 0.000000 1.36156
11800 59.0000 -2.615123 0.9997 0.023287 -0.069453 -0.214390 14.0044 17.2551 0.76247 0.000000 1.36198
11900 59.5000 -2.628337 0.9795 -0.308368 -0.139568 0.105448 13.9990 17.2571 0.72372 0.000000 1.36092
12000 60.0000 -2.619980 0.9820 0.028234 -0.107089 -0.109261 13.9957 17.2496 0.68454 0.000000 1.36028
12100 60.5000 -2.623406 0.9932 0.035761 -0.143431 -0.198532 13.9942 17.2509 0.68725 0.000000 1.35998
12200 61.0000 -2.610859 0.9975 0.244958 0.013762 0.110772 13.9949 17.2511 0.75816 0.000000 1.36011
12300 61.5000 -2.596527 1.0044 0.154366 0.070567 -0.194946 13.9982 17.2541 0.77231 0.000000 1.36076
12400 62.0000 -2.603838 1.0090 0.125934 -0.172071 -0.075283 14.0006 17.2561 0.71895 0.000000 1.36123
12500 62.5000 -2.603347 0.9953 0.230264 -0.034917 0.114242 14.0014 17.2567 0.70091 0.000000 1.36139
12600 63.0000 -2.601352 0.9965 -0.095527 0.273050 -0.183715 14.0006 17.2578 0.76190 0.000000 1.36123
12700 63.5000 -2.633579 1.0091 0.049715 -0.222122 0.099503 14.0030 17.2586 0.74204 0.000000 1.36170
12800 64.0000 -2.601372 0.9847 -0.176194 -0.148674 0.383844 14.0005 17.2669 0.76359 0.000000 1.36121
12900 64.5000 -2.608873 0.9864 0.063668 0.048854 0.063032 13.9927 17.2666 0.77290 0.000000 1.35970
13000 65.0000 -2.641911 0.9945 -0.116862 -0.269442 -0.286226 13.9900 17.2635 0.76922 0.000000 1.35916
13100 65.5000 -2.643907 0.9880 -0.348125 0.008679 -0.379530 13.9877 17.2618 0.79764 0.000000 1.35871
13200 66.0000 -2.643277 1.0076 0.042364 -0.135115 0.060808 13.9824 17.2601 0.79625 0.000000 1.35769
13300 66.5000 -2.598340 0.9988 -0.152136 0.303051 -0.046531 13.9814 17.2690 0.82815 0.000000 1.35750
13400 67.0000 -2.603565 1.0090 -0.091622 -0.057511 0.247303 13.9796 17.2741 0.77768 0.000000 1.35714
13500 67.5000 -2.574581 0.9889 0.317253 0.113549 0.319620 13.9819 17.2828 0.77088 0.000000 1.35759
13600 68.0000 -2.595683 0.9876 0.040874 0.018817 0.062366 13.9872 17.2901 0.78340 0.000000 1.35863
13700 68.5000 -2.612363 0.9896 -0.111598 0.021470 0.133928 13.9864 17.2915 0.81057 0.000000 1.35847
13800 69.0000 -2.653290 1.0326 -0.197124 -0.164879 -0.033494 13.9913 17.2962 0.78875 0.000000 1.35942
13900 69.5000 -2.616151 1.0056 -0.037948 0.054719 -0.066752 13.9888 17.2999 0.76957 0.000000 1.35894
14000 70.0000 -2.584041 1.0063 0.354833 0.133176 -0.108433 13.9858 17.2996 0.74848 0.000000 1.35835
14100 70.5000 -2.613786 1.0011 0.065083 -0.002147 -0.099529 13.9898 17.2998 0.71003 0.000000 1.35913
14200 71.0000 -2.601626 0.9992 0.244181 -0.024491 -0.134220 13.9923 17.2953 0.77482 0.000000 1.35962
14300 71.5000 -2.571397 0.9893 0.317592 -0.127312 0.071442 13.9970 17.2923 0.76199 0.000000 1.36052
14400 72.0000 -2.606288 0.9976 0.097220 -0.186895 -0.409422 13.9943 17.2889 0.69405 0.000000 1.36000
14500 72.5000 -2.606226 0.9747 -0.189994 0.163443 0.224827 13.9914 17.2913 0.74412 0.000000 1.35945
14600 73.0000 -2.615136 0.9799 -0.148010 -0.251489 0.026260 13.9914 17.2832 0.74456 0.000000 1.35943
14700 73.5000 -2.607461 0.9818 0.122749 -0.190477 -0.059697 13.9852 17.2762 0.81656 0.000000 1.35823
14800 74.0000 -2.627369 1.0094 -0.022332 -0.347299 -0.133459 13.9840 17.2739 0.73647 0.000000 1.35801
14900 74.5000 -2.623495 1.0130 -0.140101 -0.163145 0.106865 13.9844 17.2744 0.75862 0.000000 1.35807
15000 75.0000 -2.632228 0.9799 -0.074985 -0.096962 -0.162279 13.9843 17.2662 0.77271 0.000000 1.35805
15100 75.5000 -2.619270 0.9873 -0.077899 -0.010949 -0.075606 13.9792 17.2733 0.70845 0.000000 1.35706
15200 76.0000 -2.626036 0.9990 0.082396 -0.121496 0.052774 13.9771 17.2766 0.73160 0.000000 1.35666
15300 76.5000 -2.608837 0.9988 -0.065633 -0.021313 0.287891 13.9775 17.2776 0.74552 0.000000 1.35675
15400 77.0000 -2.594683 0.9958 0.071521 0.238526 0.090301 13.9835 17.2817 0.78054 0.000000 1.35791
15500 77.5000 -2.586690 0.9965 0.109085 0.000623 -0.122435 13.9866 17.2856 0.79693 0.000000 1.35850
15600 78.0000 -2.599166 0.9982 0.053415 0.075776 -0.240344 13.9851 17.2852 0.80863 0.000000 1.35822
15700 78.5000 -2.635143 1.0070 -0.338131 -0.182845 0.148245 13.9844 17.2830 0.70583 0.000000 1.35808
15800 79.0000 -2.626169 1.0210 -0.024737 0.004418 -0.209082 13.9872 17.2790 0.69535 0.000000 1.35862
15900 79.5000 -2.612052 0.9908 -0.131564 -0.170380 0.310410 13.9817 17.2843 0.75783 0.000000 1.35756
16000 80.0000 -2.622131 0.9930 0.350178 -0.063963 -0.022901 13.9771 17.2891 0.75933 0.000000 1.35666
16100 80.5000 -2.634684 0.9866 -0.221548 -0.227846 0.028245 13.9756 17.2846 0.81285 0.000000 1.35637
16200 81.0000 -2.615798 0.9600 0.218642 0.088849 -0.105620 13.9731 17.2866 0.76296 0.000000 1.35588
16300 81.5000 -2.639210 0.9804 0.030002 0.365108 -0.075331 13.9702 17.2852 0.81871 0.000000 1.35532
16400 82.0000 -2.666218 1.0053 -0.138043 -0.054153 -0.556625 13.9690 17.2799 0.84867 0.000000 1.35509
16500 82.5000 -2.615577 0.9886 -0.065058 0.173237 -0.003414 13.9692 17.2829 0.85090 0.000000 1.35513
16600 83.0000 -2.624342 0.9998 0.082229 0.096552 -0.126183 13.9721 17.2886 0.79830 0.000000 1.35569
16700 83.5000 -2.627196 0.9926 0.113400 0.029073 -0.288808 13.9709 17.2873 0.86348 0.000000 1.35546
16800 84.0000 -2.593202 1.0211 0.151116 0.019298 0.313672 13.9761 17.2935 0.82061 0.000000 1.35647
16900 84.5000 -2.613091 1.0096 -0.219857 0.116488 -0.122604 13.9804 17.2916 0.85546 0.000000 1.35730
17000 85.0000 -2.598846 0.9988 0.199954 0.086171 -0.115195 13.9834 17.2868 0.76114 0.000000 1.35789
17100 85.5000 -2.579108 1.0206 0.069803 0.317161 -0.112967 13.9870 17.2901 0.84095 0.000000 1.35858
17200 86.0000 -2.606955 1.0342 -0.298875 -0.119284 -0.387592 13.9906 17.2882 0.84788 0.000000 1.35929
17300 86.5000 -2.578680 0.9928 -0.010463 -0.109077 -0.184107 13.9928 17.2843 0.92019 0.000000 1.35971
17400 87.0000 -2.589864 1.0049 -0.028256 -0.137356 0.047289 13.9917 17.2806 0.86533 0.000000 1.35949
17500 87.5000 -2.612741 0.9799 -0.100620 -0.083432 0.052934 13.9902 17.2779 0.86945 0.000000 1.35920
17600 88.0000 -2.608705 0.9786 -0.008445 -0.155905 0.212591 13.9884 17.2852 0.86420 0.000000 1.35886
17700 88.5000 -2.626380 0.9853 -0.144218 -0.225813 -0.108159 13.9841 17.2831 0.84454 0.000000 1.35801
17800 89.0000 -2.583399 0.9859 0.189618 0.046146 0.212637 13.9786 17.2754 0.79626 0.000000 1.35695
17900 89.5000 -2.596713 1.0123 -0.023461 0.201241 0.074195 13.9834 17.2749 0.85158 0.000000 1.35788
18000 90.0000 -2.599603 1.0028 -0.094548 0.141937 -0.035720 13.9895 17.2758 0.87398 0.000000 1.35907
18100 90.5000 -2.593246 1.0368 0.203787 0.343501 0.186415 13.9916 17.2787 0.87675 0.000000 1.35948
18200 91.0000 -2.575684 1.0189 0.082868 0.262518 0.038086 13.9957 17.2806 0.88480 0.000000 1.36027
18300 91.5000 -2.565714 1.0015 0.038413 0.047360 -0.101272 13.9947 17.2791 0.84846 0.000000 1.36008
18400 92.0000 -2.597501 0.9942 0.011923 -0.363429 0.082421 13.9930 17.2840 0.83118 0.000000 1.35976
18500 92.5000 -2.594242 0.9786 -0.029126 0.152533 -0.314698 13.9889 17.2797 0.91381 0.000000 1.35895
18600 93.0000 -2.601873 0.9976 0.048170 0.147705 -0.086420 13.9911 17.2779 0.82097 0.000000 1.35938
18700 93.5000 -2.583861 0.9782 0.091764 0.226929 -0.199625 13.9933 17.2779 0.86173 0.000000 1.35981
18800 94.0000 -2.611137 0.9756 0.247776 -0.064405 -0.050677 13.9923 17.2805 0.86691 0.000000 1.35961
18900 94.5000 -2.635343 0.9756 -0.048721 -0.154371 0.065649 13.9932 17.2825 0.90197 0.000000 1.35979
19000 95.0000 -2.581716 0.9840 0.081089 -0.261951 -0.077533 13.9920 17.2845 0.90455 0.000000 1.35955
19100 95.5000 -2.598547 0.9910 -0.096443 0.270716 0.225252 13.9893 17.2890 0.83973 0.000000 1.35903
19200 96.0000 -2.628872 1.0057 -0.447777 -0.338163 0.020845 13.9909 17.2901 0.89740 0.000000 1.35935
19300 96.5000 -2.605565 0.9847 -0.075072 0.065497 -0.163031 13.9866 17.2883 0.85679 0.000000 1.35850
19400 97.0000 -2.596849 1.0043 -0.000174 0.143786 0.193648 13.9878 17.2876 0.86292 0.000000 1.35873
19500 97.5000 -2.618821 0.9946 -0.038999 0.016654 -0.011697 13.9876 17.2873 0.84814 0.000000 1.35871
19600 98.0000 -2.608420 1.0022 -0.195427 -0.054388 0.037455 13.9836 17.2866 0.83769 0.000000 1.35792
19700 98.5000 -2.613663 0.9754 -0.006072 -0.045012 0.184948 13.9780 17.2834 0.88960 0.000000 1.35683
19800 99.0000 -2.650245 0.9590 -0.363284 -0.031253 0.161844 13.9702 17.2806 0.87664 0.000000 1.35533
19900 99.5000 -2.674962 0.9765 -0.140927 -0.201644 -0.199170 13.9647 17.2712 0.87778 0.000000 1.35425
20000 100.0000 -2.619268 0.9526 0.078164 0.237982 0.009936 13.9616 17.2664 0.86281 0.000000 1.35365
20100 100.5000 -2.643931 0.9682 -0.149036 0.075857 0.292784 13.9594 17.2687 0.83596 0.000000 1.35323
20200 101.0000 -2.689186 0.9815 0.072155 -0.217292 -0.178335 13.9566 17.2754 0.83208 0.000000 1.35269
20300 101.5000 -2.637190 0.9437 -0.060322 0.420706 0.433085 13.9568 17.2741 0.84070 0.000000 1.35272
20400 102.0000 -2.656777 0.9798 0.050347 -0.141804 -0.296020 13.9557 17.2728 0.83538 0.000000 1.35252
20500 102.5000 -2.616751 0.9958 -0.050824 0.195688 0.139076 13.9582 17.2768 0.81500 0.000000 1.35299
20600 103.0000 -2.646093 0.9815 -0.172755 0.243450 -0.206985 13.9625 17.2757 0.77966 0.000000 1.35382
20700 103.5000 -2.650805 0.9795 -0.089689 -0.021153 0.025396 13.9607 17.2669 0.86105 0.000000 1.35348
20800 104.0000 -2.650833 0.9820 -0.108933 0.260589 -0.069019 13.9576 17.2666 0.85121 0.000000 1.35288
20900 104.5000 -2.663391 0.9870 0.029680 0.035223 0.205940 13.9562 17.2672 0.87687 0.000000 1.35262
21000 105.0000 -2.661449 0.9906 0.253933 -0.182970 -0.157365 13.9585 17.2708 0.77918 0.000000 1.35305
21100 105.5000 -2.627428 0.9649 -0.000225 -0.065123 0.102924 13.9614 17.2723 0.78008 0.000000 1.35362
21200 106.0000 -2.620183 0.9856 0.169467 0.034980 0.467944 13.9600 17.2710 0.82097 0.000000 1.35335
21300 106.5000 -2.600268 1.0002 -0.184246 0.211311 0.234088 13.9632 17.2790 0.75137 0.000000 1.35396
21400 107.0000 -2.641663 1.0082 -0.089909 -0.078936 -0.083193 13.9637 17.2733 0.77633 0.000000 1.35407
21500 107.5000 -2.605036 0.9825 -0.054676 0.422897 0.223498 13.9629 17.2745 0.75209 0.000000 1.35391
21600 108.0000 -2.606786 0.9735 0.139205 0.007668 0.253828 13.9685 17.2855 0.69633 0.000000 1.35499
21700 108.5000 -2.645754 0.9943 -0.243534 -0.079687 0.021473 13.9655 17.2869 0.66481 0.000000 1.35441
21800 109.0000 -2.621561 0.9760 0.090976 0.260918 0.214852 13.9652 17.2878 0.72276 0.000000 1.35434
21900 109.5000 -2.598513 0.9752 0.016309 0.156550 0.140657 13.9651 17.2914 0.70579 0.000000 1.35432
22000 110.0000 -2.595546 0.9771 0.315852 0.060838 0.324230 13.9646 17.2990 0.60425 0.000000 1.35424
22100 110.5000 -2.618154 0.9980 -0.094525 0.066026 0.090190 13.9702 17.3054 0.62864 0.000000 1.35532
22200 111.0000 -2.598918 1.0129 0.150735 -0.001653 0.127215 13.9738 17.3111 0.61724 0.000000 1.35602
22300 111.5000 -2.597666 1.0182 -0.126073 0.139902 0.066831 13.9777 17.3149 0.67776 0.000000 1.35678
22400 112.0000 -2.559371 0.9977 0.130768 0.288161 0.294382 13.9798 17.3158 0.66717 0.000000 1.35719
22500 112.5000 -2.569098 1.0120 0.037257 0.065892 0.030952 13.9811 17.3147 0.61328 0.000000 1.35744
22600 113.0000 -2.553617 1.0007 0.008961 0.286703 0.352139 13.9860 17.3216 0.69082 0.000000 1.35839
22700 113.5000 -2.583221 0.9930 0.070640 -0.085874 0.251762 13.9861 17.3252 0.73521 0.000000 1.35840
22800 114.0000 -2.581026 0.9870 -0.237450 -0.037299 -0.017322 13.9849 17.3203 0.73734 0.000000 1.35818
22900 114.5000 -2.613984 1.0155 -0.096330 0.070989 -0.234514 13.9867 17.3090 0.76924 0.000000 1.35852
23000 115.0000 -2.585736 1.0086 0.050073 -0.004497 -0.543627 13.9865 17.3069 0.80803 0.000000 1.35849
23100 115.5000 -2.607754 1.0085 0.009062 -0.001180 -0.313182 13.9877 17.3050 0.74125 0.000000 1.35872
23200 116.0000 -2.580977 0.9712 0.125166 -0.208812 0.224011 13.9880 17.3052 0.81103 0.000000 1.35879
23300 116.5000 -2.605128 0.9945 0.097292 0.017829 -0.239998 13.9858 17.3033 0.70392 0.000000 1.35834
23400 117.0000 -2.599035 0.9896 -0.047474 -0.072963 -0.208023 13.9809 17.3012 0.80482 0.000000 1.35739
23500 117.5000 -2.606171 0.9792 0.277339 -0.033946 0.401995 13.9811 17.2987 0.86715 0.000000 1.35744
23600 118.0000 -2.617661 1.0062 -0.039327 0.020338 -0.685186 13.9826 17.2972 0.85894 0.000000 1.35772
23700 118.5000 -2.586246 0.9855 0.189808 -0.009996 0.073381 13.9797 17.2984 0.85005 0.000000 1.35717
23800 119.0000 -2.617518 0.9903 -0.055796 -0.100819 0.310075 13.9805 17.2957 0.82087 0.000000 1.35732
23900 119.5000 -2.638603 0.9866 -0.172561 0.039355 -0.256600 13.9752 17.2976 0.82967 0.000000 1.35630
24000 120.0000 -2.624115 0.9775 -0.035914 0.336898 -0.321849 13.9709 17.2923 0.86472 0.000000 1.35546
24100 120.5000 -2.640859 0.9948 -0.228397 0.066835 -0.248372 13.9686 17.2928 0.87757 0.000000 1.35501
24200 121.0000 -2.616143 0.9794 -0.062394 0.154343 0.059015 13.9680 17.2979 0.91251 0.000000 1.35490
24300 121.5000 -2.631739 0.9830 0.071966 0.196067 -0.340216 13.9679 17.2933 0.87755 0.000000 1.35488
24400 122.0000 -2.610182 0.9841 0.084086 0.216129 0.068659 13.9700 17.2914 0.87404 0.000000 1.35529
24500 122.5000 -2.611947 1.0147 0.191051 0.101263 -0.046303 13.9736 17.2940 0.87366 0.000000 1.35599
24600 123.0000 -2.598118 0.9986 0.041657 0.345719 0.154182 13.9797 17.2912 0.85774 0.000000 1.35717
24700 123.5000 -2.622061 0.9999 -0.030653 -0.026501 0.000840 13.9819 17.2952 0.78694 0.000000 1.35760
24800 124.0000 -2.613709 0.9827 0.111733 0.053126 -0.088406 13.9814 17.2947 0.74837 0.000000 1.35749
24900 124.5000 -2.615847 0.9637 0.174656 0.085535 0.254341 13.9799 17.2963 0.78362 0.000000 1.35720
25000 125.0000 -2.633902 0.9848 -0.028407 -0.109615 0.359126 13.9808 17.2975 0.79701 0.000000 1.35739
25100 125.5000 -2.642216 0.9780 -0.051385 -0.202483 -0.428446 13.9789 17.2981 0.71588 0.000000 1.35702
25200 126.0000 -2.618478 0.9855 -0.073150 0.011104 0.442019 13.9738 17.2939 0.76485 0.000000 1.35602
25300 126.5000 -2.612377 0.9898 0.110944 -0.054423 0.172250 13.9730 17.2954 0.76104 0.000000 1.35586
25400 127.0000 -2.644193 1.0149 -0.056274 -0.057277 0.190802 13.9658 17.2955 0.75114 0.000000 1.35447
25500 127.5000 -2.604438 1.0096 0.352644 0.079615 -0.186947 13.9710 17.2991 0.79345 0.000000 1.35548
25600 128.0000 -2.619231 1.0175 0.163175 -0.092598 -0.086322 13.9782 17.3005 0.77006 0.000000 1.35689
25700 128.5000 -2.609689 0.9843 0.011277 -0.149087 -0.253080 13.9769 17.2973 0.78128 0.000000 1.35663
25800 129.0000 -2.613871 1.0177 -0.003389 0.184898 0.171099 13.9762 17.3011 0.76526 0.000000 1.35648
25900 129.5000 -2.587660 1.0055 -0.187934 -0.106420 -0.186804 13.9782 17.3082 0.78268 0.000000 1.35688
26000 130.0000 -2.598767 0.9976 0.075072 0.026112 -0.116399 13.9786 17.3119 0.77308 0.000000 1.35694
26100 130.5000 -2.623278 0.9944 -0.323122 -0.113623 -0.307477 13.9749 17.3151 0.72334 0.000000 1.35623
26200 131.0000 -2.626061 1.0024 0.032053 -0.094467 0.028946 13.9707 17.3132 0.75039 0.000000 1.35542
26300 131.5000 -2.633793 1.0119 -0.096245 0.095492 -0.260187 13.9670 17.3170 0.74893 0.000000 1.35469
26400 132.0000 -2.594512 0.9919 0.074983 0.112890 0.177403 13.9652 17.3196 0.81476 0.000000 1.35435
26500 132.5000 -2.614836 1.0080 -0.055048 0.089064 0.268047 13.9627 17.3214 0.75364 0.000000 1.35387
26600 133.0000 -2.600873 0.9864 0.004570 0.210106 0.353380 13.9626 17.3302 0.74447 0.000000 1.35384
26700 133.5000 -2.625942 1.0126 -0.292488 0.163583 0.052958 13.9630 17.3307 0.73884 0.000000 1.35392
26800 134.0000 -2.627023 1.0080 -0.225354 0.208088 0.031399 13.9631 17.3301 0.76788 0.000000 1.35395
26900 134.5000 -2.597494 1.0016 -0.098508 0.123539 -0.151376 13.9616 17.3289 0.72198 0.000000 1.35366
27000 135.0000 -2.583998 1.0073 0.094430 0.119749 0.134528 13.9652 17.3308 0.72487 0.000000 1.35436
27100 135.5000 -2.566246 0.9929 0.142519 -0.005565 -0.147917 13.9723 17.3354 0.73848 0.000000 1.35573
27200 136.0000 -2.568900 0.9790 0.190271 0.140706 -0.083606 13.9735 17.3356 0.71422 0.000000 1.35597
27300 136.5000 -2.571819 0.9793 0.077924 0.130421 -0.109906 13.9742 17.3357 0.71462 0.000000 1.35610
27400 137.0000 -2.618276 1.0225 0.026439 0.032310 0.119778 13.9804 17.3304 0.71432 0.000000 1.35729
27500 137.5000 -2.579970 1.0066 0.076284 -0.123136 0.117448 13.9835 17.3337 0.76486 0.000000 1.35790
27600 138.0000 -2.588942 1.0113 -0.179329 -0.203822 -0.042119 13.9808 17.3261 0.77085 0.000000 1.35738
27700 138.5000 -2.579557 1.0271 0.158713 -0.251664 0.128445 13.9838 17.3250 0.79684 0.000000 1.35796
27800 139.0000 -2.560210 1.0132 0.292209 0.216875 0.259002 13.9859 17.3253 0.69602 0.000000 1.35836
27900 139.5000 -2.578448 1.0149 0.177387 -0.018277 0.399765 13.9895 17.3313 0.71985 0.000000 1.35907
28000 140.0000 -2.569648 0.9927 0.153471 0.005592 -0.136304 13.9918 17.3323 0.73593 0.000000 1.35952
28100 140.5000 -2.592342 0.9897 -0.065576 0.015794 -0.105378 13.9883 17.3274 0.70128 0.000000 1.35885
28200 141.0000 -2.602400 0.9944 -0.189937 0.004698 -0.332799 13.9828 17.3207 0.78792 0.000000 1.35776
28300 141.5000 -2.597640 1.0018 0.169847 0.020800 0.068511 13.9794 17.3186 0.82151 0.000000 1.35712
28400 142.0000 -2.595906 0.9863 -0.113509 -0.047297 -0.274063 13.9793 17.3161 0.81976 0.000000 1.35708
28500 142.5000 -2.622139 0.9860 -0.173651 0.024914 -0.333732 13.9762 17.3077 0.76891 0.000000 1.35648
28600 143.0000 -2.649892 1.0218 -0.118522 -0.244708 -0.211749 13.9716 17.3006 0.81458 0.000000 1.35560
28700 143.5000 -2.615973 1.0018 -0.142932 0.152685 -0.292070 13.9718 17.2994 0.80024 0.000000 1.35563
28800 144.0000 -2.610704 1.0034 -0.038575 0.039336 -0.277994 13.9697 17.2954 0.79740 0.000000 1.35523
28900 144.5000 -2.603907 0.9919 0.063973 0.025589 0.415225 13.9678 17.2971 0.84162 0.000000 1.35486
29000 145.0000 -2.605756 0.9924 0.167053 0.093291 -0.240338 13.9693 17.2983 0.80037 0.000000 1.35516
29100 145.5000 -2.601356 0.9905 0.295426 -0.015131 -0.026592 13.9713 17.2988 0.89056 0.000000 1.35554
29200 146.0000 -2.617743 1.0052 0.040082 0.008172 0.179047 13.9719 17.3009 0.80309 0.000000 1.35566
29300 146.5000 -2.625712 0.9867 0.102111 0.044922 0.116398 13.9684 17.2984 0.74448 0.000000 1.35498
29400 147.0000 -2.636514 0.9948 -0.141407 0.291044 0.016718 13.9712 17.2925 0.77990 0.000000 1.35552
29500 147.5000 -2.615334 0.9890 0.007671 -0.043859 0.036138 13.9756 17.2925 0.78174 0.000000 1.35638
29600 148.0000 -2.592600 0.9998 0.043943 0.216855 0.496191 13.9771 17.3017 0.77941 0.000000 1.35667
29700 148.5000 -2.575856 1.0065 0.006212 -0.097444 -0.098049 13.9827 17.3049 0.75521 0.000000 1.35775
29800 149.0000 -2.583429 1.0009 0.199830 0.166410 0.218205 13.9856 17.3137 0.79244 0.000000 1.35831
29900 149.5000 -2.553108 0.9840 0.241760 0.171411 -0.078721 13.9900 17.3095 0.71786 0.000000 1.35917
30000 150.0000 -2.571346 1.0043 0.311034 0.255177 -0.216843 13.9953 17.3052 0.74817 0.000000 1.36019
30100 150.5000 -2.590234 0.9926 -0.063193 0.164193 -0.118465 13.9961 17.3093 0.72379 0.000000 1.36036
30200 151.0000 -2.585596 0.9641 -0.011689 0.058480 0.072863 13.9948 17.3018 0.73688 0.000000 1.36011
30300 151.5000 -2.621388 0.9830 -0.187528 -0.117234 0.008235 13.9925 17.2971 0.69679 0.000000 1.35966
30400 152.0000 -2.589236 0.9767 0.128500 -0.147682 0.017174 13.9921 17.2982 0.69854 0.000000 1.35958
30500 152.5000 -2.579769 0.9604 0.149369 -0.184551 0.055562 13.9915 17.2973 0.69296 0.000000 1.35946
30600 153.0000 -2.602073 0.9824 -0.146529 -0.098602 0.198394 13.9903 17.3046 0.69308 0.000000 1.35923
30700 153.5000 -2.612934 0.9825 -0.273632 -0.021971 -0.230352 13.9879 17.3019 0.65027 0.000000 1.35875
30800 154.0000 -2.585556 0.9934 0.074200 -0.131514 -0.022655 13.9821 17.2914 0.67941 0.000000 1.35764
30900 154.5000 -2.593370 0.9884 0.124644 0.009934 -0.307244 13.9853 17.2922 0.75246 0.000000 1.35825
31000 155.0000 -2.619942 1.0048 -0.376512 -0.043734 0.184730 13.9830 17.2936 0.74044 0.000000 1.35780
31100 155.5000 -2.588238 0.9911 0.018086 0.279554 0.073937 13.9840 17.2945 0.75376 0.000000 1.35801
31200 156.0000 -2.624533 1.0142 -0.244799 -0.133207 0.055109 13.9842 17.2990 0.72910 0.000000 1.35805
31300 156.5000 -2.612214 0.9900 -0.071685 -0.298699 0.357995 13.9837 17.3039 0.77129 0.000000 1.35795
31400 157.0000 -2.618882 0.9939 0.014549 -0.153950 -0.081874 13.9822 17.3027 0.74811 0.000000 1.35766
31500 157.5000 -2.629423 0.9866 -0.072840 -0.090551 0.013795 13.9801 17.2970 0.77726 0.000000 1.35725
31600 158.0000 -2.639527 0.9967 0.195614 -0.030142 -0.255299 13.9792 17.2926 0.84065 0.000000 1.35707
31700 158.5000 -2.635256 0.9650 -0.071764 0.089944 -0.085922 13.9804 17.2858 0.76285 0.000000 1.35731
31800 159.0000 -2.622360 0.9691 -0.282466 0.041408 0.213362 13.9736 17.2795 0.82354 0.000000 1.35597
31900 159.5000 -2.625976 0.9927 0.137888 0.018027 0.141906 13.9683 17.2796 0.78456 0.000000 1.35496
32000 160.0000 -2.636058 1.0065 -0.001972 -0.043399 -0.389138 13.9698 17.2758 0.82930 0.000000 1.35524
32100 160.5000 -2.624589 1.0119 0.346243 0.011720 0.310675 13.9745 17.2797 0.83539 0.000000 1.35616
32200 161.0000 -2.624876 1.0116 -0.049845 0.090700 -0.141905 13.9797 17.2819 0.84182 0.000000 1.35716
32300 161.5000 -2.599113 0.9996 0.151790 -0.050175 0.025803 13.9868 17.2884 0.84304 0.000000 1.35854
32400 162.0000 -2.615557 1.0055 -0.180339 0.177073 -0.300564 13.9879 17.2874 0.82575 0.000000 1.35876
32500 162.5000 -2.579936 1.0040 0.408305 0.129248 -0.010397 13.9903 17.2890 0.76415 0.000000 1.35922
32600 163.0000 -2.599533 1.0088 0.128359 -0.034273 0.052498 13.9949 17.2857 0.79091 0.000000 1.36012
32700 163.5000 -2.612822 1.0125 -0.097337 -0.055873 -0.072813 13.9978 17.2906 0.86446 0.000000 1.36068
32800 164.0000 -2.650614 1.0102 -0.388896 -0.077044 -0.007595 13.9980 17.2896 0.88445 0.000000 1.36073
32900 164.5000 -2.610386 0.9909 -0.178769 -0.071890 -0.030356 13.9969 17.2831 0.87747 0.000000 1.36051
33000 165.0000 -2.614660 0.9863 -0.068624 -0.005602 0.293604 13.9941 17.2828 0.83002 0.000000 1.35996
33100 165.5000 -2.578820 0.9799 0.118844 0.248245 0.153283 13.9949 17.2825 0.81725 0.000000 1.36013
33200 166.0000 -2.600026 0.9990 -0.278213 -0.119446 0.297747 13.9948 17.2873 0.86823 0.000000 1.36011
33300 166.5000 -2.622800 1.0177 0.057429 0.053951 -0.138511 13.9948 17.2895 0.82108 0.000000 1.36010
33400 167.0000 -2.603278 0.9721 -0.306244 -0.228196 -0.440911 13.9895 17.2825 0.84153 0.000000 1.35908
33500 167.5000 -2.586334 0.9889 0.045350 -0.099197 0.255892 13.9867 17.2870 0.87696 0.000000 1.35853
33600 168.0000 -2.585804 0.9933 0.094298 0.002311 -0.027364 13.9848 17.2876 0.88407 0.000000 1.35816
33700 168.5000 -2.567472 0.9808 0.068016 0.077428 0.177192 13.9821 17.2966 0.90029 0.000000 1.35764
33800 169.0000 -2.579276 0.9862 -0.048295 0.034499 -0.003170 13.9813 17.2945 0.93504 0.000000 1.35748
33900 169.5000 -2.558917 0.9710 0.205473 0.202860 0.156127 13.9813 17.2957 0.92621 0.000000 1.35748
34000 170.0000 -2.574713 0.9820 -0.153472 -0.187638 -0.014065 13.9833 17.2995 0.91750 0.000000 1.35787
34100 170.5000 -2.585046 0.9750 0.115386 0.246645 0.001610 13.9838 17.2968 0.88198 0.000000 1.35797
34200 171.0000 -2.585815 0.9820 0.116868 -0.128840 0.089841 13.9862 17.3001 0.84336 0.000000 1.35843
34300 171.5000 -2.594108 1.0021 0.163748 0.089494 -0.018445 13.9879 17.3023 0.82830 0.000000 1.35875
34400 172.0000 -2.589135 1.0107 0.140181 0.156348 0.289931 13.9927 17.3028 0.85010 0.000000 1.35969
34500 172.5000 -2.554561 0.9934 0.057879 0.286204 0.231441 13.9958 17.2932 0.89508 0.000000 1.36029
34600 173.0000 -2.560550 1.0157 0.294086 -0.179877 -0.306817 13.9971 17.2946 0.87559 0.000000 1.36055
34700 173.5000 -2.576428 1.0171 -0.105521 0.155911 0.202631 14.0025 17.2932 0.93023 0.000000 1.36160
34800 174.0000 -2.537918 1.0069 0.385108 0.160868 0.703028 14.0045 17.2954 0.93356 0.000000 1.36199
34900 174.5000 -2.559101 0.9904 -0.056980 0.225479 0.243425 14.0085 17.2933 0.92620 0.000000 1.36276
35000 175.0000 -2.565774 1.0089 0.262961 -0.016502 0.279754 14.0108 17.2935 0.92113 0.000000 1.36320
35100 175.5000 -2.589077 1.0109 -0.181699 0.084890 -0.177716 14.0062 17.2882 0.89495 0.000000 1.36232
35200 176.0000 -2.616395 0.9890 -0.210174 -0.164474 -0.138761 14.0016 17.2845 0.90632 0.000000 1.36142
35300 176.5000 -2.601918 0.9778 0.104010 -0.090396 0.145948 13.9969 17.2835 0.84785 0.000000 1.36051
35400 177.0000 -2.609558 0.9894 0.017502 0.053288 -0.027353 14.0018 17.2868 0.83856 0.000000 1.36146
35500 177.5000 -2.628621 1.0021 -0.134211 -0.179711 -0.228027 14.0043 17.2796 0.84824 0.000000 1.36195
35600 178.0000 -2.633119 1.0113 -0.312614 -0.336563 -0.313139 14.0014 17.2793 0.88556 0.000000 1.36139
35700 178.5000 -2.576710 1.0030 -0.029413 0.225698 -0.058615 14.0054 17.2762 0.84148 0.000000 1.36216
35800 179.0000 -2.552345 0.9977 0.181592 -0.039725 0.182322 14.0069 17.2788 0.86254 0.000000 1.36244
35900 179.5000 -2.570644 0.9823 -0.017123 -0.147591 -0.123443 14.0079 17.2760 0.82426 0.000000 1.36265
36000 180.0000 -2.577158 0.9876 -0.189105 0.060572 0.081998 14.0026 17.2769 0.82838 0.000000 1.36161
36100 180.5000 -2.606223 1.0015 -0.054076 -0.134928 -0.019866 14.0005 17.2753 0.80881 0.000000 1.36121
36200 181.0000 -2.591996 0.9914 0.155447 0.040087 0.114367 14.0008 17.2763 0.84904 0.000000 1.36127
36300 181.5000 -2.586229 0.9965 0.167513 -0.228276 0.256303 14.0025 17.2730 0.88558 0.000000 1.36161
36400 182.0000 -2.592654 0.9866 -0.168220 -0.126618 -0.113127 14.0008 17.2759 0.85581 0.000000 1.36126
36500 182.5000 -2.614151 0.9860 -0.147207 0.035462 -0.134790 13.9930 17.2703 0.88399 0.000000 1.35976
36600 183.0000 -2.620397 0.9890 -0.124878 -0.295700 0.344875 13.9878 17.2674 0.91152 0.000000 1.35873
36700 183.5000 -2.595700 0.9863 0.167678 0.229535 -0.081754 13.9896 17.2617 0.93085 0.000000 1.35909
36800 184.0000 -2.633396 0.9930 -0.119045 -0.180724 -0.004991 13.9855 17.2555 0.90683 0.000000 1.35829
36900 184.5000 -2.651350 0.9921 -0.430909 -0.260711 -0.333168 13.9772 17.2469 0.94260 0.000000 1.35669
37000 185.0000 -2.640051 1.0063 -0.047059 -0.108304 0.208764 13.9747 17.2446 0.92131 0.000000 1.35620
37100 185.5000 -2.622860 0.9822 -0.036918 0.042781 -0.075210 13.9759 17.2420 0.92896 0.000000 1.35644
37200 186.0000 -2.638521 0.9889 -0.039761 -0.167401 -0.065286 13.9777 17.2450 0.96756 0.000000 1.35677
37300 186.5000 -2.643206 0.9937 -0.219632 0.064422 0.221198 13.9753 17.2476 0.95185 0.000000 1.35632
37400 187.0000 -2.651443 1.0077 -0.095440 0.026489 -0.244947 13.9740 17.2463 0.99090 0.000000 1.35606
37500 187.5000 -2.615782 0.9990 0.276709 0.143432 -0.116089 13.9781 17.2475 0.91032 0.000000 1.35686
37600 188.0000 -2.599579 0.9820 0.336713 -0.098815 0.128724 13.9838 17.2520 0.93310 0.000000 1.35797
37700 188.5000 -2.628737 1.0015 -0.005233 -0.168230 0.310347 13.9870 17.2616 0.94191 0.000000 1.35858
37800 189.0000 -2.612290 1.0017 0.025862 -0.035818 0.270226 13.9882 17.2655 0.91094 0.000000 1.35881
37900 189.5000 -2.609921 1.0056 -0.143087 0.004155 -0.070167 13.9866 17.2711 0.90388 0.000000 1.35851
38000 190.0000 -2.613016 1.0196 0.054432 -0.189133 0.030768 13.9895 17.2746 0.87977 0.000000 1.35908
38100 190.5000 -2.615597 1.0017 -0.072052 0.034413 -0.301353 13.9865 17.2785 0.89404 0.000000 1.35848
38200 191.0000 -2.594356 0.9768 0.091528 0.047937 -0.193202 13.9879 17.2725 0.89191 0.000000 1.35876
38300 191.5000 -2.599367 0.9862 -0.134859 -0.057744 -0.043641 13.9848 17.2697 0.91539 0.000000 1.35816
38400 192.0000 -2.610192 0.9980 -0.218779 0.055009 0.013470 13.9830 17.2706 0.92969 0.000000 1.35781
38500 192.5000 -2.597718 0.9881 0.289098 0.122122 -0.225219 13.9806 17.2643 0.96934 0.000000 1.35735
38600 193.0000 -2.608908 0.9930 -0.123338 0.024002 -0.109124 13.9812 17.2644 0.96723 0.000000 1.35746
38700 193.5000 -2.611113 1.0218 -0.043242 0.087394 -0.174245 13.9810 17.2618 0.95121 0.000000 1.35742
38800 194.0000 -2.592365 0.9875 0.211572 -0.015134 -0.005494 13.9830 17.2678 0.92212 0.000000 1.35780
38900 194.5000 -2.601112 0.9982 -0.031308 0.034264 -0.203743 13.9826 17.2695 0.95288 0.000000 1.35774
39000 195.0000 -2.600330 0.9863 -0.228240 -0.085163 0.015847 13.9804 17.2686 0.93920 0.000000 1.35731
39100 195.5000 -2.609251 1.0128 0.313823 -0.094903 0.250596 13.9795 17.2695 0.88967 0.000000 1.35712
39200 196.0000 -2.592665 0.9957 0.245263 -0.042980 -0.023065 13.9828 17.2720 0.89417 0.000000 1.35777
39300 196.5000 -2.600996 1.0181 0.174101 -0.137800 0.628952 13.9852 17.2748 0.87495 0.000000 1.35824
39400 197.0000 -2.575162 0.9852 0.115425 -0.070727 0.268081 13.9848 17.2771 0.83754 0.000000 1.35815
39500 197.5000 -2.583894 0.9772 0.140238 0.069188 -0.141910 13.9863 17.2791 0.86939 0.000000 1.35844
39600 198.0000 -2.621045 0.9654 -0.022669 -0.141279 -0.162036 13.9812 17.2726 0.87777 0.000000 1.35745
39700 198.5000 -2.616345 0.9751 0.173374 -0.186661 0.234441 13.9811 17.2798 0.82323 0.000000 1.35744
39800 199.0000 -2.630929 0.9809 -0.031072 -0.116603 -0.532331 13.9767 17.2803 0.83910 0.000000 1.35658
39900 199.5000 -2.612169 0.9898 0.105807 0.103988 -0.034803 13.9760 17.2758 0.86834 0.000000 1.35644
40000 200.0000 -2.611287 0.9897 0.142198 0.196548 -0.013122 13.9781 17.2729 0.84937 0.000000 1.35686
40100 200.5000 -2.618737 1.0219 -0.120894 -0.284574 0.043464 13.9809 17.2732 0.84296 0.000000 1.35740
40200 201.0000 -2.618129 1.0029 -0.224218 0.053312 0.069417 13.9791 17.2751 0.89481 0.000000 1.35704
40300 201.5000 -2.609974 0.9748 0.103350 0.050900 -0.462295 13.9788 17.2738 0.87812 0.000000 1.35699
40400 202.0000 -2.630167 1.0015 0.050908 -0.188078 -0.024755 13.9811 17.2674 0.82306 0.000000 1.35744
40500 202.5000 -2.637590 0.9873 0.122127 0.032323 0.183736 13.9790 17.2701 0.79265 0.000000 1.35704
40600 203.0000 -2.657242 0.9844 -0.115356 -0.145551 0.320788 13.9757 17.2670 0.80635 0.000000 1.35639
40700 203.5000 -2.634339 0.9846 0.037974 -0.013344 0.029873 13.9695 17.2646 0.84167 0.000000 1.35518
40800 204.0000 -2.622153 0.9715 0.151886 -0.051232 0.061494 13.9693 17.2703 0.79466 0.000000 1.35515
40900 204.5000 -2.637983 0.9754 -0.090295 -0.170591 -0.301955 13.9717 17.2672 0.84320 0.000000 1.35561
41000 205.0000 -2.652829 1.0036 0.147718 0.043008 -0.106067 13.9703 17.2696 0.87250 0.000000 1.35534
41100 205.5000 -2.629102 0.9767 -0.017399 0.133434 0.110766 13.9740 17.2737 0.82956 0.000000 1.35606
41200 206.0000 -2.628528 1.0061 0.211991 -0.110789 -0.107943 13.9776 17.2720 0.82022 0.000000 1.35676
41300 206.5000 -2.615211 1.0135 0.055629 0.197217 0.279591 13.9811 17.2766 0.85869 0.000000 1.35745
41400 207.0000 -2.626502 1.0104 0.014680 -0.263117 -0.231228 13.9806 17.2845 0.83328 0.000000 1.35735
41500 207.5000 -2.602906 1.0154 0.035566 -0.201864 0.448822 13.9810 17.2911 0.86935 0.000000 1.35741
41600 208.0000 -2.619553 1.0016 0.092004 -0.008988 0.008594 13.9823 17.2869 0.84658 0.000000 1.35767
41700 208.5000 -2.593933 0.9863 0.273824 0.140032 0.092364 13.9860 17.2929 0.85296 0.000000 1.35838
41800 209.0000 -2.588598 0.9810 0.039344 -0.227659 -0.235298 13.9850 17.2940 0.82249 0.000000 1.35819
41900 209.5000 -2.573254 0.9723 0.042945 0.192332 0.761959 13.9803 17.2959 0.81367 0.000000 1.35727
42000 210.0000 -2.626850 0.9907 0.124642 0.008972 -0.225576 13.9818 17.2949 0.77059 0.000000 1.35756
42100 210.5000 -2.627707 0.9834 -0.076602 -0.046280 -0.202516 13.9795 17.2962 0.73540 0.000000 1.35714
42200 211.0000 -2.640104 0.9904 -0.108189 -0.224180 -0.088160 13.9750 17.2954 0.77482 0.000000 1.35625
42300 211.5000 -2.600749 0.9816 -0.068422 0.063166 0.670236 13.9742 17.2891 0.78950 0.000000 1.35610
42400 212.0000 -2.649899 1.0057 -0.051047 -0.259737 -0.400763 13.9692 17.2809 0.83133 0.000000 1.35513
42500 212.5000 -2.619179 1.0099 0.043897 0.011338 0.276585 13.9721 17.2797 0.80373 0.000000 1.35569
42600 213.0000 -2.611233 0.9891 -0.016236 0.112976 0.267027 13.9773 17.2914 0.86122 0.000000 1.35670
42700 213.5000 -2.610719 1.0119 0.054176 -0.200256 -0.007927 13.9803 17.3041 0.80789 0.000000 1.35729
42800 214.0000 -2.611574 0.9725 -0.147363 0.038818 -0.127009 13.9753 17.3007 0.81650 0.000000 1.35632
42900 214.5000 -2.606401 0.9748 -0.074506 0.099520 -0.129960 13.9686 17.3050 0.83476 0.000000 1.35502
43000 215.0000 -2.616376 0.9642 -0.005674 0.069081 0.081812 13.9678 17.3032 0.82437 0.000000 1.35487
43100 215.5000 -2.579067 0.9842 0.222213 0.088340 0.175285 13.9688 17.3059 0.86687 0.000000 1.35506
43200 216.0000 -2.577147 0.9928 0.077918 0.095452 0.119103 13.9700 17.3075 0.91500 0.000000 1.35528
43300 216.5000 -2.608336 1.0059 0.080873 0.064886 0.446397 13.9742 17.3152 0.85537 0.000000 1.35609
43400 217.0000 -2.581948 0.9856 0.018551 -0.040600 0.200288 13.9775 17.3217 0.80434 0.000000 1.35673
43500 217.5000 -2.605851 1.0321 -0.056963 -0.025513 0.074551 13.9791 17.3233 0.82474 0.000000 1.35706
43600 218.0000 -2.588476 1.0011 0.025688 -0.009859 -0.012177 13.9808 17.3257 0.83947 0.000000 1.35739
43700 218.5000 -2.565077 1.0048 0.227444 0.074756 -0.081421 13.9845 17.3293 0.86282 0.000000 1.35810
43800 219.0000 -2.567755 1.0126 0.361310 0.175554 -0.152659 13.9908 17.3253 0.92533 0.000000 1.35933
43900 219.5000 -2.535481 1.0039 0.283414 -0.048529 0.017452 13.9940 17.3294 0.91890 0.000000 1.35995
44000 220.0000 -2.546937 1.0364 0.109599 0.131259 0.026489 13.9973 17.3330 0.89809 0.000000 1.36058
44100 220.5000 -2.535988 1.0012 0.008760 -0.010770 0.132399 14.0012 17.3336 0.86308 0.000000 1.36134
44200 221.0000 -2.573755 1.0089 0.020147 -0.008535 0.065620 13.9985 17.3314 0.89058 0.000000 1.36081
44300 221.5000 -2.584575 0.9979 0.010488 -0.121635 -0.045175 13.9948 17.3311 0.90491 0.000000 1.36010
44400 222.0000 -2.592597 1.0032 0.040123 -0.057528 0.249755 13.9880 17.3299 0.92056 0.000000 1.35877
44500 222.5000 -2.582819 1.0054 0.319736 -0.102029 0.186483 13.9847 17.3220 0.82449 0.000000 1.35813
44600 223.0000 -2.580394 1.0033 0.191152 -0.130963 -0.046555 13.9862 17.3265 0.77203 0.000000 1.35842
44700 223.5000 -2.557113 0.9834 -0.192629 0.318131 -0.125953 13.9858 17.3195 0.84543 0.000000 1.35835
44800 224.0000 -2.568946 1.0158 -0.156640 0.034261 -0.090637 13.9916 17.3198 0.81356 0.000000 1.35947
44900 224.5000 -2.594737 0.9859 -0.047324 -0.045224 0.072232 13.9925 17.3203 0.88764 0.000000 1.35966
45000 225.0000 -2.601918 0.9874 -0.214193 0.068681 -0.540916 13.9891 17.3175 0.93921 0.000000 1.35899
45100 225.5000 -2.623880 1.0044 -0.168057 -0.191718 -0.251577 13.9842 17.3184 0.92755 0.000000 1.35803
45200 226.0000 -2.607875 0.9908 -0.184522 0.005415 -0.213781 13.9782 17.3134 0.88941 0.000000 1.35687
45300 226.5000 -2.611521 0.9690 -0.093380 0.005014 0.202696 13.9753 17.3097 0.89048 0.000000 1.35630
45400 227.0000 -2.620695 0.9767 0.008739 -0.100312 -0.255076 13.9702 17.3052 0.89822 0.000000 1.35532
45500 227.5000 -2.592418 0.9890 0.160984 0.213323 0.069797 13.9714 17.3106 0.86273 0.000000 1.35555
45600 228.0000 -2.633778 1.0115 0.142947 -0.164423 0.160752 13.9727 17.3137 0.91813 0.000000 1.35581
45700 228.5000 -2.609491 1.0187 0.107020 -0.113126 0.285509 13.9747 17.3214 0.93643 0.000000 1.35619
45800 229.0000 -2.598438 0.9832 -0.035690 -0.362763 -0.053480 13.9714 17.3188 0.94224 0.000000 1.35555
45900 229.5000 -2.598908 1.0047 0.201552 -0.059885 0.050139 13.9659 17.3092 0.91720 0.000000 1.35449
46000 230.0000 -2.609601 0.9847 -0.163370 0.168835 -0.381669 13.9638 17.3096 0.88536 0.000000 1.35409
46100 230.5000 -2.597016 0.9833 0.217435 0.212364 0.069283 13.9630 17.3033 0.86474 0.000000 1.35393
46200 231.0000 -2.649946 1.0062 -0.225071 0.129984 0.254711 13.9666 17.3094 0.88297 0.000000 1.35463
46300 231.5000 -2.619942 1.0106 -0.136998 -0.116793 0.097384 13.9689 17.3141 0.86897 0.000000 1.35507
46400 232.0000 -2.611194 1.0107 0.078355 0.117613 0.286992 13.9693 17.3143 0.92234 0.000000 1.35515
46500 232.5000 -2.607863 1.0074 -0.056481 0.183934 0.003391 13.9704 17.3082 0.97605 0.000000 1.35536
46600 233.0000 -2.587604 1.0079 -0.181406 0.482914 0.091101 13.9719 17.3079 0.98860 0.000000 1.35566
46700 233.5000 -2.595753 1.0140 -0.122722 -0.152954 0.203180 13.9724 17.3163 1.02549 0.000000 1.35574
46800 234.0000 -2.596530 1.0003 -0.198697 0.046805 -0.570817 13.9751 17.3182 1.03936 0.000000 1.35626
46900 234.5000 -2.574476 1.0126 0.057611 0.079103 0.017926 13.9750 17.3166 1.07036 0.000000 1.35625
47000 235.0000 -2.605321 1.0199 0.048950 -0.194197 -0.095443 13.9771 17.3155 0.95193 0.000000 1.35665
47100 235.5000 -2.595371 1.0058 -0.011509 -0.011715 0.058545 13.9836 17.3196 0.92121 0.000000 1.35792
47200 236.0000 -2.561876 1.0053 0.101550 0.112768 -0.034805 13.9887 17.3136 0.95864 0.000000 1.35891
47300 236.5000 -2.608509 1.0000 -0.277920 0.000498 0.116399 13.9890 17.3104 0.99211 0.000000 1.35897
47400 237.0000 -2.574312 1.0121 -0.070434 -0.067099 -0.004662 13.9901 17.3157 0.93066 0.000000 1.35919
47500 237.5000 -2.563948 1.0067 0.200211 0.103290 0.087374 13.9936 17.3186 0.94498 0.000000 1.35988
47600 238.0000 -2.572362 1.0066 -0.225095 -0.044729 -0.420444 14.0025 17.3194 0.90605 0.000000 1.36160
47700 238.5000 -2.561441 1.0023 -0.010184 -0.266226 0.083923 14.0002 17.3143 0.86155 0.000000 1.36115
47800 239.0000 -2.564114 0.9885 0.146869 0.078590 -0.183885 14.0042 17.3058 0.87458 0.000000 1.36192
47900 239.5000 -2.558303 1.0010 0.030059 0.045635 -0.037554 14.0042 17.3036 0.91787 0.000000 1.36193
48000 240.0000 -2.607711 1.0251 -0.089224 -0.172504 -0.202121 14.0057 17.2940 0.88091 0.000000 1.36222
48100 240.5000 -2.520246 1.0004 0.154595 0.141776 -0.191182 14.0055 17.2936 0.89827 0.000000 1.36219
48200 241.0000 -2.533774 0.9994 0.024344 0.273041 -0.139330 14.0126 17.3004 0.87575 0.000000 1.36355
48300 241.5000 -2.555219 0.9737 -0.008609 -0.036250 -0.261375 14.0113 17.2941 0.86251 0.000000 1.36331
48400 242.0000 -2.599174 0.9923 -0.226316 0.103136 0.037894 14.0091 17.2868 0.88000 0.000000 1.36287
48500 242.5000 -2.590658 0.9849 -0.147856 0.000398 0.532249 14.0038 17.2826 0.85017 0.000000 1.36186
48600 243.0000 -2.592890 0.9730 -0.058832 0.207470 -0.199531 14.0018 17.2842 0.86490 0.000000 1.36146
48700 243.5000 -2.603597 0.9744 -0.047581 0.197660 -0.133364 14.0004 17.2807 0.91554 0.000000 1.36119
48800 244.0000 -2.621070 1.0038 -0.046621 -0.097371 -0.112426 14.0029 17.2797 0.87324 0.000000 1.36168
48900 244.5000 -2.616911 0.9996 0.057272 -0.042698 -0.066251 14.0034 17.2814 0.81102 0.000000 1.36177
49000 245.0000 -2.589323 1.0104 -0.075785 0.208720 -0.175644 14.0054 17.2851 0.79426 0.000000 1.36215
49100 245.5000 -2.570145 1.0092 -0.166125 -0.125037 0.266143 14.0039 17.2890 0.83757 0.000000 1.36187
49200 246.0000 -2.582591 0.9927 -0.106213 -0.023059 -0.185178 14.0050 17.2854 0.82393 0.000000 1.36209
49300 246.5000 -2.614516 1.0086 0.027457 -0.137614 -0.260246 14.0040 17.2836 0.80375 0.000000 1.36189
49400 247.0000 -2.590308 1.0133 0.133845 0.160221 0.000487 14.0051 17.2842 0.84822 0.000000 1.36210
49500 247.5000 -2.594808 1.0036 0.057042 0.106261 0.159191 14.0050 17.2882 0.79386 0.000000 1.36208
49600 248.0000 -2.583130 0.9927 -0.076217 -0.181009 0.138350 14.0039 17.2909 0.78199 0.000000 1.36187
49700 248.5000 -2.585055 0.9864 -0.153638 -0.119339 -0.184911 14.0019 17.2852 0.79471 0.000000 1.36149
49800 249.0000 -2.539258 0.9967 -0.168660 0.167341 0.010486 14.0008 17.2821 0.81366 0.000000 1.36126
49900 249.5000 -2.587527 1.0085 -0.013280 -0.064651 -0.292471 13.9991 17.2821 0.85441 0.000000 1.36093
50000 250.0000 -2.577598 1.0218 -0.180719 0.009099 0.224498 14.0006 17.2842 0.85512 0.000000 1.36124
50100 250.5000 -2.556064 1.0203 0.288803 0.014661 0.113873 14.0064 17.2798 0.78196 0.000000 1.36236
50200 251.0000 -2.569691 0.9919 -0.057786 -0.133320 0.019523 14.0121 17.2753 0.79072 0.000000 1.36346
50300 251.5000 -2.578017 0.9966 -0.019789 -0.122004 0.398712 14.0077 17.2709 0.86207 0.000000 1.36261
50400 252.0000 -2.550243 0.9640 -0.080169 0.244642 -0.044400 14.0069 17.2641 0.82064 0.000000 1.36246
50500 252.5000 -2.589078 0.9845 0.026223 -0.189847 -0.143901 14.0012 17.2558 0.84555 0.000000 1.36134
50600 253.0000 -2.593414 1.0113 0.119507 -0.007384 0.086108 14.0020 17.2533 0.88321 0.000000 1.36150
50700 253.5000 -2.581419 1.0057 0.117026 0.078547 -0.122690 14.0060 17.2538 0.84252 0.000000 1.36228
50800 254.0000 -2.581218 0.9892 0.021038 -0.018533 -0.194434 14.0034 17.2632 0.83889 0.000000 1.36176
50900 254.5000 -2.602153 1.0013 -0.066081 -0.130549 0.035375 14.0063 17.2673 0.80545 0.000000 1.36233
51000 255.0000 -2.592315 0.9888 -0.010417 0.129988 0.014267 14.0063 17.2704 0.81638 0.000000 1.36233
51100 255.5000 -2.594979 1.0004 -0.078545 -0.007688 -0.438939 14.0032 17.2658 0.76924 0.000000 1.36173
51200 256.0000 -2.598580 1.0086 0.181816 -0.002389 0.107802 14.0030 17.2599 0.77257 0.000000 1.36170
51300 256.5000 -2.622758 1.0058 -0.094190 -0.189880 -0.431082 14.0019 17.2637 0.75881 0.000000 1.36149
51400 257.0000 -2.589544 1.0141 0.046156 0.175459 0.045879 14.0015 17.2595 0.77238 0.000000 1.36140
51500 257.5000 -2.564380 1.0164 0.105029 0.318862 0.069148 14.0057 17.2587 0.72800 0.000000 1.36223
51600 258.0000 -2.597073 0.9934 0.102975 0.056913 -0.131777 14.0086 17.2532 0.68558 0.000000 1.36278
51700 258.5000 -2.583303 0.9886 0.297192 0.083246 -0.137492 14.0119 17.2474 0.70957 0.000000 1.36343
51800 259.0000 -2.601464 0.9932 -0.175229 -0.091737 -0.229591 14.0103 17.2450 0.78501 0.000000 1.36312
51900 259.5000 -2.587651 0.9949 -0.039196 0.011380 0.360088 14.0079 17.2532 0.77825 0.000000 1.36265
52000 260.0000 -2.609722 1.0090 0.079393 0.190646 -0.301213 14.0107 17.2498 0.72762 0.000000 1.36320
52100 260.5000 -2.591025 1.0035 0.120544 -0.014571 0.092958 14.0109 17.2452 0.74459 0.000000 1.36323
52200 261.0000 -2.584688 1.0014 0.003832 -0.183005 -0.431545 14.0109 17.2425 0.79044 0.000000 1.36323
52300 261.5000 -2.556377 1.0017 0.258846 0.222389 -0.123188 14.0128 17.2391 0.77767 0.000000 1.36360
52400 262.0000 -2.556579 0.9968 0.195800 0.028556 0.024402 14.0181 17.2372 0.68785 0.000000 1.36464
52500 262.5000 -2.595815 0.9941 -0.240785 -0.075186 0.004553 14.0171 17.2353 0.79817 0.000000 1.36444
52600 263.0000 -2.628029 1.0099 -0.312773 -0.123099 -0.566954 14.0108 17.2289 0.80570 0.000000 1.36321
52700 263.5000 -2.597057 0.9871 0.293214 -0.189255 -0.114647 14.0094 17.2244 0.82073 0.000000 1.36295
52800 264.0000 -2.635746 1.0239 -0.371750 -0.192579 -0.557675 14.0100 17.2217 0.89084 0.000000 1.36306
52900 264.5000 -2.618836 1.0024 0.197464 -0.034685 0.326164 14.0061 17.2190 0.84294 0.000000 1.36230
53000 265.0000 -2.609158 0.9942 -0.152687 0.018159 0.280467 14.0063 17.2170 0.85872 0.000000 1.36234
53100 265.5000 -2.640773 0.9777 -0.022834 -0.051205 0.113802 14.0031 17.2156 0.85458 0.000000 1.36171
53200 266.0000 -2.626166 1.0000 -0.035333 0.195502 0.121283 14.0077 17.2181 0.85716 0.000000 1.36262
53300 266.5000 -2.623857 0.9872 -0.237823 0.072310 0.032261 14.0126 17.2218 0.90503 0.000000 1.36356
53400 267.0000 -2.602418 1.0070 -0.040184 0.272735 -0.280225 14.0116 17.2224 0.90790 0.000000 1.36337
53500 267.5000 -2.597780 1.0031 0.020059 0.242394 0.026332 14.0139 17.2164 0.84995 0.000000 1.36382
53600 268.0000 -2.568294 0.9843 -0.045183 -0.026566 0.159628 14.0140 17.2139 0.83518 0.000000 1.36384
53700 268.5000 -2.565844 1.0003 0.150823 0.108109 0.242293 14.0189 17.2187 0.84183 0.000000 1.36479
53800 269.0000 -2.559430 1.0051 0.102369 0.089781 0.463340 14.0206 17.2209 0.85630 0.000000 1.36511
53900 269.5000 -2.575714 0.9959 0.129395 -0.045149 -0.226038 14.0259 17.2162 0.84761 0.000000 1.36615
54000 270.0000 -2.584205 0.9950 0.115450 -0.039308 -0.159731 14.0244 17.2109 0.87102 0.000000 1.36587
54100 270.5000 -2.581449 0.9802 0.122074 -0.017974 0.124638 14.0271 17.2106 0.88400 0.000000 1.36639
54200 271.0000 -2.598625 0.9917 -0.239674 0.070346 0.023251 14.0225 17.2025 0.88286 0.000000 1.36549
54300 271.5000 -2.628156 1.0001 -0.197759 -0.288334 -0.207917 14.0170 17.1957 0.84218 0.000000 1.36442
54400 272.0000 -2.631622 1.0075 0.080402 -0.145313 -0.133252 14.0136 17.1964 0.86508 0.000000 1.36376
54500 272.5000 -2.587622 1.0017 -0.166602 0.104239 -0.109962 14.0098 17.1964 0.86225 0.000000 1.36302
54600 273.0000 -2.591357 1.0143 0.187683 -0.051410 0.179948 14.0078 17.2042 0.86819 0.000000 1.36264
54700 273.5000 -2.583891 0.9932 0.057600 -0.095533 0.002376 14.0101 17.2053 0.85572 0.000000 1.36307
54800 274.0000 -2.597374 0.9920 -0.009389 -0.040777 -0.041591 14.0082 17.2087 0.89953 0.000000 1.36271
54900 274.5000 -2.577454 0.9883 0.123006 -0.086850 0.274597 14.0084 17.2120 0.95619 0.000000 1.36274
55000 275.0000 -2.616955 0.9954 -0.002944 -0.078186 -0.478705 14.0075 17.2120 0.85927 0.000000 1.36258
55100 275.5000 -2.607278 0.9696 -0.036009 -0.086745 0.210530 14.0044 17.2080 0.87345 0.000000 1.36196
55200 276.0000 -2.612563 0.9940 -0.003319 -0.133456 -0.492650 14.0029 17.2061 0.83388 0.000000 1.36168
55300 276.5000 -2.600386 1.0137 0.038779 -0.000155 0.236690 14.0013 17.2114 0.87006 0.000000 1.36136
55400 277.0000 -2.597861 0.9939 0.242555 0.152893 -0.015812 14.0045 17.2098 0.86451 0.000000 1.36198
55500 277.5000 -2.630647 1.0354 -0.078098 -0.062482 0.344715 14.0068 17.2104 0.85825 0.000000 1.36244
55600 278.0000 -2.590603 1.0219 0.074889 0.025449 0.185739 14.0081 17.2177 0.85772 0.000000 1.36268
55700 278.5000 -2.563082 1.0095 0.258683 0.208242 -0.165500 14.0129 17.2229 0.84007 0.000000 1.36361
55800 279.0000 -2.598051 0.9787 -0.189093 -0.002677 -0.166907 14.0162 17.2235 0.89690 0.000000 1.36427
55900 279.5000 -2.606882 0.9788 -0.036041 -0.114411 -0.415896 14.0116 17.2099 0.85263 0.000000 1.36336
56000 280.0000 -2.581502 0.9832 0.326844 0.281702 0.043323 14.0164 17.2081 0.86878 0.000000 1.36431
56100 280.5000 -2.553049 0.9895 0.093305 -0.027990 0.259083 14.0230 17.2151 0.87268 0.000000 1.36559
56200 281.0000 -2.595576 0.9958 -0.174243 -0.066449 0.060369 14.0222 17.2180 0.86629 0.000000 1.36543
56300 281.5000 -2.593806 0.9889 -0.046266 -0.225937 0.187002 14.0197 17.2180 0.85513 0.000000 1.36495
56400 282.0000 -2.595676 1.0021 0.043640 0.094828 0.028112 14.0201 17.2177 0.89253 0.000000 1.36502
56500 282.5000 -2.573710 1.0006 0.079090 0.099387 0.153534 14.0212 17.2218 0.83501 0.000000 1.36524
56600 283.0000 -2.607595 1.0074 -0.131723 -0.264557 0.071979 14.0201 17.2282 0.82414 0.000000 1.36502
56700 283.5000 -2.614275 1.0046 0.201538 -0.114807 -0.327833 14.0253 17.2260 0.81340 0.000000 1.36603
56800 284.0000 -2.570569 1.0190 0.337856 0.072070 -0.067672 14.0306 17.2220 0.84290 0.000000 1.36707
56900 284.5000 -2.556916 0.9939 -0.058628 0.072383 -0.005295 14.0338 17.2268 0.83649 0.000000 1.36769
57000 285.0000 -2.564632 0.9883 -0.032299 0.029281 -0.320566 14.0348 17.2251 0.90021 0.000000 1.36789
57100 285.5000 -2.608240 0.9788 -0.209066 -0.194815 -0.228001 14.0303 17.2187 0.86396 0.000000 1.36700
57200 286.0000 -2.598726 0.9913 0.087079 -0.038674 0.198684 14.0281 17.2168 0.87185 0.000000 1.36659
57300 286.5000 -2.597987 1.0073 -0.001619 0.003043 0.210188 14.0258 17.2172 0.78664 0.000000 1.36612
57400 287.0000 -2.587415 0.9931 -0.153903 -0.136397 -0.136613 14.0232 17.2169 0.82435 0.000000 1.36564
57500 287.5000 -2.630212 1.0217 0.031907 -0.053552 -0.142440 14.0207 17.2158 0.80830 0.000000 1.36514
57600 288.0000 -2.604501 1.0138 -0.005745 0.367202 -0.265427 14.0272 17.2155 0.79833 0.000000 1.36640
57700 288.5000 -2.599293 1.0004 -0.050077 0.033737 0.425891 14.0315 17.2228 0.82103 0.000000 1.36724
57800 289.0000 -2.588144 1.0033 -0.006842 -0.163161 0.160285 14.0307 17.2218 0.76576 0.000000 1.36708
57900 289.5000 -2.594188 1.0033 0.120508 0.050331 -0.052788 14.0282 17.2236 0.76496 0.000000 1.36659
58000 290.0000 -2.573838 0.9865 0.047421 -0.042731 -0.022292 14.0311 17.2207 0.71799 0.000000 1.36716
58100 290.5000 -2.589376 0.9878 0.091393 0.065944 -0.190826 14.0328 17.2188 0.67112 0.000000 1.36750
58200 291.0000 -2.607877 1.0067 0.047039 0.265338 0.086468 14.0360 17.2157 0.68630 0.000000 1.36811
58300 291.5000 -2.601866 1.0201 -0.445841 -0.156594 -0.194187 14.0379 17.2161 0.74102 0.000000 1.36848
58400 292.0000 -2.586262 1.0199 -0.185041 0.022803 0.472575 14.0410 17.2094 0.68195 0.000000 1.36909
58500 292.5000 -2.589251 1.0033 -0.388045 0.007782 -0.115178 14.0408 17.2127 0.68370 0.000000 1.36906
58600 293.0000 -2.571346 1.0000 0.058563 0.102713 0.104689 14.0409 17.2100 0.75686 0.000000 1.36907
58700 293.5000 -2.611117 1.0283 -0.192817 0.237676 -0.250056 14.0420 17.2103 0.80621 0.000000 1.36928
58800 294.0000 -2.599607 0.9842 -0.200492 0.017827 -0.302535 14.0405 17.2105 0.78482 0.000000 1.36899
58900 294.5000 -2.575810 0.9977 -0.133660 0.077426 0.022290 14.0356 17.2029 0.79157 0.000000 1.36804
59000 295.0000 -2.590778 0.9985 -0.146105 -0.151367 0.089748 14.0361 17.2074 0.80320 0.000000 1.36815
59100 295.5000 -2.569814 0.9845 0.064845 -0.050869 -0.437685 14.0308 17.2090 0.82237 0.000000 1.36711
59200 296.0000 -2.589887 1.0060 -0.196647 -0.249673 -0.028887 14.0267 17.2097 0.82106 0.000000 1.36631
59300 296.5000 -2.591551 1.0160 0.009659 0.056607 0.079726 14.0257 17.2078 0.84356 0.000000 1.36611
59400 297.0000 -2.606829 1.0201 0.135287 0.413919 -0.129340 14.0318 17.2137 0.78213 0.000000 1.36730
59500 297.5000 -2.601439 1.0244 -0.236814 0.067658 0.227819 14.0359 17.2183 0.86642 0.000000 1.36810
59600 298.0000 -2.590547 0.9933 -0.031934 0.251574 -0.218081 14.0350 17.2109 0.76737 0.000000 1.36793
59700 298.5000 -2.556950 0.9993 0.079865 -0.136243 0.198231 14.0341 17.2138 0.81305 0.000000 1.36776
59800 299.0000 -2.551299 1.0097 0.144705 0.240243 0.054510 14.0321 17.2139 0.79845 0.000000 1.36735
59900 299.5000 -2.577600 1.0120 -0.212039 -0.055240 -0.425747 14.0341 17.2199 0.75458 0.000000 1.36775
60000 300.0000 -2.574120 1.0237 0.175546 0.038300 0.045632 14.0345 17.2143 0.82533 0.000000 1.36783
60100 300.5000 -2.538590 1.0032 0.167152 0.099930 -0.169894 14.0386 17.2159 0.79082 0.000000 1.36862
60200 301.0000 -2.593907 1.0295 -0.223901 -0.249553 -0.065974 14.0410 17.2190 0.77539 0.000000 1.36910
60300 301.5000 -2.569129 1.0032 0.160399 -0.062681 -0.073976 14.0425 17.2145 0.76760 0.000000 1.36938
60400 302.0000 -2.586290 1.0027 -0.052427 -0.084614 -0.002421 14.0423 17.2153 0.83759 0.000000 1.36935
60500 302.5000 -2.588141 0.9889 -0.145029 0.104685 0.015374 14.0405 17.2084 0.83839 0.000000 1.36899
60600 303.0000 -2.596803 1.0113 -0.107336 -0.215979 -0.401816 14.0404 17.2049 0.86466 0.000000 1.36898
60700 303.5000 -2.556767 1.0047 -0.077960 0.031416 -0.194748 14.0422 17.2018 0.84134 0.000000 1.36933
60800 304.0000 -2.585229 1.0016 -0.262500 0.213526 -0.053422 14.0430 17.2037 0.86226 0.000000 1.36949
60900 304.5000 -2.578158 1.0138 -0.051921 -0.229066 -0.377116 14.0439 17.2080 0.80540 0.000000 1.36967
61000 305.0000 -2.585379 1.0250 0.148339 -0.197055 -0.056599 14.0416 17.2105 0.78686 0.000000 1.36922
61100 305.5000 -2.570379 0.9870 -0.190303 -0.042108 -0.111661 14.0412 17.2109 0.79566 0.000000 1.36913
61200 306.0000 -2.588993 1.0080 -0.017201 -0.121144 0.044746 14.0384 17.2106 0.81970 0.000000 1.36859
61300 306.5000 -2.592111 0.9970 0.011268 -0.070306 -0.245274 14.0371 17.2052 0.86633 0.000000 1.36833
61400 307.0000 -2.559457 0.9982 0.153444 0.017560 0.535200 14.0421 17.2002 0.83020 0.000000 1.36930
61500 307.5000 -2.562167 0.9769 -0.090288 0.047126 0.099609 14.0420 17.2040 0.87435 0.000000 1.36929
61600 308.0000 -2.578110 0.9891 0.005673 -0.011489 0.457432 14.0418 17.2067 0.85171 0.000000 1.36925
61700 308.5000 -2.585906 1.0099 0.084675 0.070961 0.131171 14.0394 17.2070 0.86476 0.000000 1.36877
61800 309.0000 -2.584845 0.9916 -0.346805 -0.110664 -0.193952 14.0321 17.2059 0.85797 0.000000 1.36735
61900 309.5000 -2.570172 0.9968 0.040579 0.045649 -0.124822 14.0321 17.2036 0.84342 0.000000 1.36736
62000 310.0000 -2.604112 0.9956 -0.185294 -0.107083 -0.026880 14.0326 17.2023 0.82834 0.000000 1.36746
62100 310.5000 -2.620038 1.0008 -0.095133 -0.135219 -0.167952 14.0235 17.1938 0.86032 0.000000 1.36568
62200 311.0000 -2.663170 0.9867 -0.168471 -0.205068 -0.598543 14.0161 17.1877 0.84515 0.000000 1.36425
62300 311.5000 -2.650680 1.0119 0.193004 -0.154677 0.263687 14.0143 17.1812 0.85180 0.000000 1.36389
62400 312.0000 -2.614487 1.0034 -0.041426 0.113847 0.183069 14.0166 17.1875 0.86689 0.000000 1.36434
62500 312.5000 -2.589013 0.9866 0.141055 0.311942 0.125058 14.0203 17.1918 0.84136 0.000000 1.36506
62600 313.0000 -2.620263 1.0034 -0.017226 -0.079311 0.232572 14.0224 17.1917 0.88213 0.000000 1.36547
62700 313.5000 -2.611841 0.9955 0.094314 -0.104880 0.305069 14.0262 17.1970 0.90716 0.000000 1.36622
62800 314.0000 -2.576460 0.9901 0.069369 0.079165 0.099872 14.0276 17.2019 0.89751 0.000000 1.36648
62900 314.5000 -2.600819 1.0024 -0.041482 -0.000829 -0.249415 14.0275 17.2014 0.85682 0.000000 1.36646
63000 315.0000 -2.571757 1.0147 0.240573 0.178917 0.205279 14.0319 17.2026 0.88965 0.000000 1.36732
63100 315.5000 -2.559213 0.9954 -0.105735 0.221392 0.096875 14.0365 17.2067 0.90425 0.000000 1.36823
63200 316.0000 -2.573114 1.0090 -0.220269 0.008095 0.246565 14.0345 17.2068 0.90094 0.000000 1.36783
63300 316.5000 -2.562140 1.0014 0.243207 0.013840 -0.123628 14.0381 17.2134 0.84023 0.000000 1.36853
63400 317.0000 -2.549705 1.0357 0.049415 0.268122 0.247097 14.0414 17.2160 0.87200 0.000000 1.36916
63500 317.5000 -2.561103 1.0152 0.118969 -0.013172 -0.012821 14.0478 17.2209 0.89032 0.000000 1.37042
63600 318.0000 -2.544786 1.0145 0.120463 0.139044 0.140651 14.0524 17.2227 0.86152 0.000000 1.37131
63700 318.5000 -2.531623 0.9952 -0.279455 0.102527 0.180106 14.0567 17.2275 0.87703 0.000000 1.37216
63800 319.0000 -2.555917 1.0071 -0.191950 -0.068169 -0.088920 14.0551 17.2200 0.88002 0.000000 1.37184
63900 319.5000 -2.559802 0.9934 -0.077955 -0.055190 -0.410006 14.0496 17.2192 0.79988 0.000000 1.37076
64000 320.0000 -2.564265 0.9913 -0.218799 0.058584 0.017259 14.0518 17.2128 0.85614 0.000000 1.37119
64100 320.5000 -2.546728 0.9777 -0.068052 0.309499 0.121896 14.0525 17.2115 0.80583 0.000000 1.37134
64200 321.0000 -2.583714 1.0090 -0.305449 0.115162 -0.432664 14.0528 17.2092 0.81472 0.000000 1.37139
64300 321.5000 -2.559471 0.9703 0.150788 -0.124866 0.154963 14.0496 17.2071 0.81679 0.000000 1.37077
64400 322.0000 -2.595758 0.9740 0.034939 -0.279470 -0.046779 14.0446 17.2021 0.78049 0.000000 1.36980
64500 322.5000 -2.586159 0.9673 -0.073244 0.143081 0.197129 14.0443 17.1989 0.78113 0.000000 1.36973
64600 323.0000 -2.605487 0.9880 -0.241943 0.108671 0.213561 14.0374 17.1978 0.80569 0.000000 1.36839
64700 323.5000 -2.596158 1.0011 -0.030141 0.092801 -0.009062 14.0403 17.1961 0.76406 0.000000 1.36896
64800 324.0000 -2.584995 0.9842 -0.118217 0.087622 -0.250755 14.0398 17.1987 0.81095 0.000000 1.36885
64900 324.5000 -2.591417 0.9794 -0.083961 0.052103 0.091478 14.0389 17.1857 0.83150 0.000000 1.36868
65000 325.0000 -2.573079 0.9826 0.150348 0.137074 0.313586 14.0412 17.1835 0.81294 0.000000 1.36913
65100 325.5000 -2.583282 0.9926 -0.133409 -0.000024 -0.016545 14.0390 17.1831 0.79228 0.000000 1.36870
65200 326.0000 -2.547747 1.0082 0.394933 -0.124753 -0.019725 14.0417 17.1869 0.80477 0.000000 1.36922
65300 326.5000 -2.560846 1.0006 0.089553 0.131612 0.003345 14.0474 17.1870 0.78592 0.000000 1.37034
65400 327.0000 -2.543336 0.9905 0.248282 0.086886 -0.166036 14.0481 17.1825 0.79469 0.000000 1.37048
65500 327.5000 -2.555966 0.9936 0.328181 -0.144075 0.273270 14.0509 17.1830 0.81400 0.000000 1.37104
65600 328.0000 -2.589510 1.0009 -0.120920 -0.155095 -0.115151 14.0512 17.1821 0.79813 0.000000 1.37108
65700 328.5000 -2.587158 1.0086 -0.110491 0.119073 0.107633 14.0502 17.1785 0.82749 0.000000 1.37089
65800 329.0000 -2.564852 1.0012 0.020722 -0.051086 0.042386 14.0532 17.1738 0.83088 0.000000 1.37148
65900 329.5000 -2.605922 1.0086 -0.073146 -0.142637 -0.330755 14.0505 17.1750 0.82671 0.000000 1.37094
66000 330.0000 -2.607764 1.0140 -0.162680 -0.026096 -0.067393 14.0467 17.1685 0.87020 0.000000 1.37020
66100 330.5000 -2.603241 0.9913 0.026401 0.028792 0.335189 14.0470 17.1673 0.86172 0.000000 1.37026
66200 331.0000 -2.572588 0.9987 -0.090767 0.242364 -0.139202 14.0489 17.1632 0.84295 0.000000 1.37063
66300 331.5000 -2.574226 0.9895 -0.100427 0.081477 -0.088828 14.0485 17.1702 0.86254 0.000000 1.37057
66400 332.0000 -2.608449 0.9691 -0.158447 -0.242057 0.251865 14.0435 17.1682 0.84971 0.000000 1.36959
66500 332.5000 -2.626108 0.9836 -0.139703 -0.125825 -0.109822 14.0379 17.1618 0.89887 0.000000 1.36849
66600 333.0000 -2.637822 0.9962 -0.312625 -0.447142 -0.422477 14.0305 17.1619 0.84807 0.000000 1.36706
66700 333.5000 -2.619330 1.0177 -0.147228 -0.006581 0.040154 14.0268 17.1694 0.85037 0.000000 1.36632
66800 334.0000 -2.612743 1.0135 -0.037029 0.071227 -0.007240 14.0267 17.1679 0.88466 0.000000 1.36631
66900 334.5000 -2.566647 1.0008 0.040478 0.169804 -0.176824 14.0326 17.1681 0.86265 0.000000 1.36745
67000 335.0000 -2.616075 0.9952 0.115381 -0.152760 -0.040949 14.0349 17.1687 0.86681 0.000000 1.36790
67100 335.5000 -2.599950 0.9952 -0.077405 -0.123424 0.310436 14.0327 17.1671 0.86196 0.000000 1.36747
67200 336.0000 -2.613762 0.9954 0.023094 -0.210552 0.314482 14.0313 17.1767 0.76436 0.000000 1.36720
67300 336.5000 -2.607591 0.9913 0.237443 -0.231412 0.190720 14.0270 17.1783 0.75934 0.000000 1.36637
67400 337.0000 -2.601628 0.9903 0.066702 -0.030131 0.103114 14.0251 17.1838 0.74808 0.000000 1.36600
67500 337.5000 -2.609318 1.0090 -0.057963 0.069299 -0.137150 14.0285 17.1878 0.77738 0.000000 1.36665
67600 338.0000 -2.562606 0.9809 -0.003934 0.516872 0.190769 14.0314 17.1871 0.71551 0.000000 1.36722
67700 338.5000 -2.568677 0.9921 0.131478 0.154272 -0.019326 14.0361 17.1963 0.72102 0.000000 1.36813
67800 339.0000 -2.556888 0.9835 -0.116893 0.053503 0.605066 14.0377 17.1985 0.71799 0.000000 1.36845
67900 339.5000 -2.589316 0.9938 0.050003 0.102368 -0.136195 14.0352 17.1987 0.75924 0.000000 1.36796
68000 340.0000 -2.590133 1.0003 0.231998 0.150550 0.111960 14.0367 17.2021 0.83074 0.000000 1.36826
68100 340.5000 -2.601674 0.9882 -0.196902 -0.105785 -0.349377 14.0378 17.1994 0.84758 0.000000 1.36846
68200 341.0000 -2.595994 0.9790 -0.162173 0.147289 0.010626 14.0341 17.1907 0.85955 0.000000 1.36775
68300 341.5000 -2.576340 0.9780 0.242264 0.054850 0.347510 14.0332 17.1858 0.78754 0.000000 1.36758
68400 342.0000 -2.571402 0.9816 0.132322 -0.171773 0.623137 14.0330 17.1899 0.84565 0.000000 1.36753
68500 342.5000 -2.548699 0.9944 0.046313 0.386711 0.313489 14.0344 17.1964 0.80281 0.000000 1.36780
68600 343.0000 -2.559205 0.9924 -0.106970 0.046316 0.077750 14.0363 17.1991 0.77920 0.000000 1.36818
68700 343.5000 -2.565167 0.9985 0.188548 0.198518 0.159938 14.0399 17.2024 0.79433 0.000000 1.36888
68800 344.0000 -2.590535 0.9896 -0.082283 0.082775 -0.275448 14.0373 17.1969 0.85032 0.000000 1.36837
68900 344.5000 -2.585711 0.9711 0.065141 -0.008896 -0.357450 14.0358 17.1840 0.90381 0.000000 1.36808
69000 345.0000 -2.577261 1.0075 -0.071161 0.043544 0.143914 14.0366 17.1859 0.91097 0.000000 1.36824
69100 345.5000 -2.544780 0.9904 0.334514 0.229427 0.259979 14.0399 17.1885 0.84948 0.000000 1.36887
69200 346.0000 -2.557482 0.9881 0.109653 -0.143575 -0.145937 14.0422 17.1813 0.85303 0.000000 1.36932
69300 346.5000 -2.607655 0.9808 -0.082916 0.118725 0.067590 14.0403 17.1815 0.75330 0.000000 1.36896
69400 347.0000 -2.583053 0.9867 0.166853 0.188303 0.350333 14.0413 17.1803 0.83708 0.000000 1.36916
69500 347.5000 -2.600744 0.9992 -0.018723 -0.089912 -0.483141 14.0431 17.1818 0.86629 0.000000 1.36950
69600 348.0000 -2.603316 1.0036 0.089640 -0.077414 -0.208552 14.0469 17.1761 0.84316 0.000000 1.37025
69700 348.5000 -2.595447 0.9890 -0.178687 0.133770 -0.091251 14.0482 17.1726 0.86336 0.000000 1.37051
69800 349.0000 -2.594689 1.0024 -0.245892 0.029103 -0.000825 14.0433 17.1686 0.84783 0.000000 1.36955
69900 349.5000 -2.590324 1.0247 0.003303 0.144850 -0.355357 14.0431 17.1721 0.77621 0.000000 1.36951
70000 350.0000 -2.566593 0.9914 0.045450 0.143357 0.201560 14.0486 17.1815 0.72552 0.000000 1.37058
70100 350.5000 -2.605941 0.9883 -0.004721 0.072911 -0.068787 14.0440 17.1816 0.79347 0.000000 1.36968
70200 351.0000 -2.574797 0.9931 -0.116065 0.308838 -0.163995 14.0438 17.1789 0.73342 0.000000 1.36965
70300 351.5000 -2.588551 0.9815 -0.178891 -0.015723 -0.128760 14.0446 17.1798 0.78446 0.000000 1.36979
70400 352.0000 -2.592424 0.9908 -0.047161 0.077068 -0.562235 14.0422 17.1752 0.67158 0.000000 1.36933
70500 352.5000 -2.642556 1.0021 -0.172697 -0.185642 0.049996 14.0375 17.1794 0.72392 0.000000 1.36840
70600 353.0000 -2.623343 0.9999 -0.003101 -0.124505 -0.111175 14.0363 17.1748 0.71556 0.000000 1.36818
70700 353.5000 -2.618724 0.9736 0.079810 -0.108456 0.041430 14.0332 17.1726 0.73770 0.000000 1.36757
70800 354.0000 -2.596011 0.9681 0.254832 0.001068 0.262073 14.0304 17.1737 0.71535 0.000000 1.36704
70900 354.5000 -2.624647 0.9918 -0.276971 -0.072316 -0.050692 14.0258 17.1738 0.74387 0.000000 1.36613
71000 355.0000 -2.600018 0.9929 0.248502 0.250230 -0.068808 14.0250 17.1771 0.77711 0.000000 1.36598
71100 355.5000 -2.566567 1.0043 0.365764 0.207585 0.247086 14.0359 17.1811 0.70731 0.000000 1.36810
71200 356.0000 -2.592320 0.9882 0.227198 0.074819 -0.003778 14.0422 17.1876 0.71989 0.000000 1.36933
71300 356.5000 -2.644173 0.9899 -0.473221 -0.275493 -0.524900 14.0378 17.1781 0.76037 0.000000 1.36848
71400 357.0000 -2.615719 0.9769 -0.183171 0.055736 -0.223732 14.0346 17.1676 0.77323 0.000000 1.36785
71500 357.5000 -2.594157 0.9825 -0.094641 0.014549 -0.067846 14.0319 17.1740 0.67026 0.000000 1.36731
71600 358.0000 -2.617467 1.0067 0.083457 0.193957 0.232463 14.0307 17.1751 0.67962 0.000000 1.36708
71700 358.5000 -2.607487 0.9806 -0.281825 -0.023593 -0.102994 14.0266 17.1745 0.70835 0.000000 1.36630
71800 359.0000 -2.605206 0.9970 0.186417 -0.254490 -0.179542 14.0264 17.1723 0.73212 0.000000 1.36626
71900 359.5000 -2.586729 0.9937 -0.008685 0.196018 0.205611 14.0291 17.1781 0.76588 0.000000 1.36677
72000 360.0000 -2.547569 1.0199 0.275041 0.151591 0.091926 14.0317 17.1872 0.84785 0.000000 1.36728
72100 360.5000 -2.600025 1.0015 -0.022257 -0.107190 -0.126890 14.0341 17.1886 0.82317 0.000000 1.36775
72200 361.0000 -2.595883 0.9803 -0.198108 0.176452 -0.108423 14.0342 17.1891 0.81506 0.000000 1.36777
72300 361.5000 -2.593174 0.9822 -0.018986 0.218442 0.153113 14.0384 17.1813 0.86772 0.000000 1.36859
72400 362.0000 -2.585474 0.9945 -0.064443 0.171487 0.219311 14.0399 17.1814 0.82308 0.000000 1.36889
72500 362.5000 -2.560797 0.9885 0.082954 0.094906 0.175402 14.0384 17.1771 0.82146 0.000000 1.36859
72600 363.0000 -2.622421 1.0151 -0.074325 -0.026782 0.134748 14.0383 17.1860 0.79446 0.000000 1.36857
72700 363.5000 -2.605470 1.0010 0.017168 -0.095125 -0.414897 14.0359 17.1811 0.89139 0.000000 1.36810
72800 364.0000 -2.575984 1.0113 0.075693 0.121939 -0.089331 14.0381 17.1768 0.83170 0.000000 1.36853
72900 364.5000 -2.581786 0.9933 0.208842 0.104388 -0.197885 14.0391 17.1749 0.78743 0.000000 1.36873
73000 365.0000 -2.570099 1.0121 0.227324 0.050857 -0.024000 14.0419 17.1738 0.84089 0.000000 1.36928
73100 365.5000 -2.582401 0.9873 -0.197247 -0.104028 -0.262415 14.0424 17.1724 0.83783 0.000000 1.36936
73200 366.0000 -2.606889 0.9821 -0.184133 -0.165181 -0.476095 14.0363 17.1684 0.84490 0.000000 1.36817
73300 366.5000 -2.611421 0.9971 -0.000842 -0.278780 0.331995 14.0334 17.1681 0.81442 0.000000 1.36762
73400 367.0000 -2.580119 1.0005 0.142956 0.117776 0.304381 14.0364 17.1678 0.85907 0.000000 1.36820
73500 367.5000 -2.566369 1.0127 0.323479 0.250899 -0.188517 14.0413 17.1695 0.85638 0.000000 1.36915
73600 368.0000 -2.523866 0.9981 0.244836 0.367490 0.304179 14.0506 17.1734 0.84808 0.000000 1.37097
73700 368.5000 -2.580773 1.0101 0.037313 -0.092326 -0.391604 14.0531 17.1815 0.95856 0.000000 1.37145
73800 369.0000 -2.544458 0.9971 0.151191 0.152518 -0.074341 14.0565 17.1733 0.96991 0.000000 1.37213
73900 369.5000 -2.567410 0.9834 -0.168416 -0.186967 0.136856 14.0574 17.1754 0.88860 0.000000 1.37230
74000 370.0000 -2.609708 1.0007 -0.079278 -0.109749 -0.091821 14.0504 17.1646 0.96993 0.000000 1.37093
74100 370.5000 -2.575538 0.9856 -0.049529 0.380616 0.096159 14.0466 17.1535 0.87262 0.000000 1.37019
74200 371.0000 -2.596677 0.9926 -0.068626 -0.257346 -0.350263 14.0475 17.1507 0.83597 0.000000 1.37036
74300 371.5000 -2.593929 0.9862 -0.041724 -0.038107 -0.003230 14.0409 17.1473 0.73337 0.000000 1.36908
74400 372.0000 -2.610398 1.0087 -0.180092 0.036036 -0.058624 14.0399 17.1425 0.75090 0.000000 1.36888
74500 372.5000 -2.614939 0.9994 -0.138526 0.004107 0.098366 14.0384 17.1472 0.72134 0.000000 1.36859
74600 373.0000 -2.616942 1.0422 0.131594 -0.056260 -0.013197 14.0396 17.1456 0.72415 0.000000 1.36882
74700 373.5000 -2.593807 0.9994 -0.014432 0.118652 0.288532 14.0442 17.1482 0.73765 0.000000 1.36971
74800 374.0000 -2.612541 0.9961 -0.064230 -0.173526 -0.708313 14.0481 17.1499 0.72605 0.000000 1.37049
74900 374.5000 -2.596676 0.9980 -0.230727 -0.011420 -0.176132 14.0494 17.1470 0.80181 0.000000 1.37074
75000 375.0000 -2.592623 1.0061 0.160431 -0.189860 0.055719 14.0476 17.1438 0.83409 0.000000 1.37038
75100 375.5000 -2.561079 1.0032 0.005013 0.090489 0.099823 14.0502 17.1485 0.86530 0.000000 1.37090
75200 376.0000 -2.578317 1.0140 0.023122 -0.005677 0.195235 14.0483 17.1560 0.80884 0.000000 1.37051
75300 376.5000 -2.540298 0.9981 0.253069 -0.107722 0.343306 14.0528 17.1625 0.87485 0.000000 1.37139
75400 377.0000 -2.549482 1.0180 0.193336 0.083022 0.153784 14.0554 17.1648 0.83067 0.000000 1.37191
75500 377.5000 -2.559745 1.0031 0.325129 -0.186304 0.128105 14.0580 17.1630 0.84737 0.000000 1.37242
75600 378.0000 -2.531598 0.9987 -0.049024 0.206437 0.351494 14.0619 17.1651 0.85210 0.000000 1.37317
75700 378.5000 -2.552162 0.9961 0.233876 -0.070158 -0.023827 14.0646 17.1689 0.78036 0.000000 1.37371
75800 379.0000 -2.589588 1.0100 0.136599 -0.170960 -0.069459 14.0625 17.1629 0.89800 0.000000 1.37329
75900 379.5000 -2.562730 1.0054 -0.016205 0.096628 -0.176008 14.0671 17.1598 0.83682 0.000000 1.37418
76000 380.0000 -2.525305 0.9974 0.018204 0.185374 0.384114 14.0704 17.1647 0.83147 0.000000 1.37483
76100 380.5000 -2.537076 1.0054 -0.007910 0.127793 0.143969 14.0684 17.1645 0.87912 0.000000 1.37445
76200 381.0000 -2.529245 1.0082 0.220408 0.102235 -0.138685 14.0695 17.1669 0.82855 0.000000 1.37467
76300 381.5000 -2.516925 1.0078 0.152610 0.101292 0.012586 14.0721 17.1712 0.89152 0.000000 1.37516
76400 382.0000 -2.539057 0.9906 -0.153417 -0.147586 0.058638 14.0745 17.1659 0.87990 0.000000 1.37563
76500 382.5000 -2.548652 0.9869 0.069932 0.058905 -0.147787 14.0745 17.1663 0.87427 0.000000 1.37564
76600 383.0000 -2.540262 1.0038 -0.037205 0.019147 -0.053304 14.0773 17.1663 0.78482 0.000000 1.37619
76700 383.5000 -2.574601 1.0093 0.022854 -0.216584 -0.078821 14.0780 17.1609 0.80144 0.000000 1.37632
76800 384.0000 -2.558788 0.9938 -0.028119 -0.053637 -0.122901 14.0742 17.1569 0.82314 0.000000 1.37558
76900 384.5000 -2.559985 1.0151 -0.123180 0.006025 -0.205657 14.0735 17.1533 0.83483 0.000000 1.37544
77000 385.0000 -2.547501 0.9941 0.006449 -0.007916 0.192321 14.0721 17.1586 0.80032 0.000000 1.37517
77100 385.5000 -2.575910 0.9979 -0.008565 -0.032396 -0.142883 14.0667 17.1550 0.87048 0.000000 1.37412
77200 386.0000 -2.522005 0.9855 0.182685 0.107925 -0.020198 14.0686 17.1525 0.85032 0.000000 1.37449
77300 386.5000 -2.552016 1.0074 0.163895 -0.090978 -0.058616 14.0697 17.1477 0.80642 0.000000 1.37469
77400 387.0000 -2.574109 0.9928 -0.011013 -0.202737 0.057064 14.0707 17.1456 0.83386 0.000000 1.37490
77500 387.5000 -2.565622 1.0081 -0.120226 0.055505 0.010066 14.0731 17.1463 0.88051 0.000000 1.37537
77600 388.0000 -2.531927 1.0067 0.173514 -0.123145 0.473214 14.0736 17.1430 0.89415 0.000000 1.37547
77700 388.5000 -2.546990 0.9867 -0.078860 0.188208 -0.174833 14.0766 17.1467 0.94851 0.000000 1.37605
77800 389.0000 -2.552117 0.9910 0.119168 -0.142325 0.041086 14.0753 17.1425 0.93166 0.000000 1.37579
77900 389.5000 -2.587297 1.0032 -0.237279 0.104091 -0.156887 14.0720 17.1360 0.94857 0.000000 1.37515
78000 390.0000 -2.566043 1.0171 0.091716 0.132269 -0.135224 14.0708 17.1399 0.85180 0.000000 1.37492
78100 390.5000 -2.575416 1.0081 -0.085218 0.190591 -0.117384 14.0738 17.1363 0.86028 0.000000 1.37551
78200 391.0000 -2.559631 0.9918 -0.002109 0.137743 -0.044720 14.0732 17.1331 0.84399 0.000000 1.37538
78300 391.5000 -2.557926 1.0048 0.064589 0.252765 0.041945 14.0767 17.1275 0.82642 0.000000 1.37607
78400 392.0000 -2.590633 1.0355 -0.228021 -0.309497 0.016473 14.0749 17.1257 0.79864 0.000000 1.37571
78500 392.5000 -2.579675 1.0262 -0.040250 0.148165 0.138436 14.0759 17.1274 0.80524 0.000000 1.37591
78600 393.0000 -2.554832 1.0008 0.191959 0.085758 -0.125747 14.0786 17.1252 0.77294 0.000000 1.37644
78700 393.5000 -2.563713 1.0353 -0.106262 0.012835 0.271552 14.0801 17.1310 0.80158 0.000000 1.37674
78800 394.0000 -2.559671 1.0106 -0.106574 -0.051553 0.038535 14.0781 17.1257 0.84197 0.000000 1.37635
78900 394.5000 -2.569177 0.9944 -0.103705 0.139334 0.125640 14.0743 17.1262 0.75506 0.000000 1.37560
79000 395.0000 -2.560588 0.9799 0.017622 0.000907 -0.200137 14.0723 17.1193 0.73454 0.000000 1.37521
79100 395.5000 -2.593208 1.0024 0.149307 -0.147717 -0.036478 14.0696 17.1150 0.73042 0.000000 1.37467
79200 396.0000 -2.581047 0.9924 -0.152942 -0.018662 0.312102 14.0673 17.1191 0.69845 0.000000 1.37422
79300 396.5000 -2.596666 0.9850 0.029249 0.081367 0.142866 14.0684 17.1222 0.69181 0.000000 1.37444
79400 397.0000 -2.602193 0.9881 0.075564 0.009040 0.162922 14.0705 17.1239 0.76100 0.000000 1.37486
79500 397.5000 -2.590216 0.9938 0.070859 -0.232914 -0.144241 14.0680 17.1201 0.76796 0.000000 1.37436
79600 398.0000 -2.570262 0.9899 0.235940 -0.067630 0.020623 14.0661 17.1185 0.69689 0.000000 1.37399
79700 398.5000 -2.591248 0.9802 -0.000179 -0.091251 0.091705 14.0618 17.1224 0.74758 0.000000 1.37315
79800 399.0000 -2.617498 0.9767 -0.050522 -0.096651 -0.008377 14.0576 17.1198 0.73469 0.000000 1.37234
79900 399.5000 -2.599848 0.9945 0.012840 -0.114631 0.085809 14.0556 17.1225 0.77534 0.000000 1.37194
80000 400.0000 -2.588679 0.9886 0.008550 0.055772 0.232116 14.0534 17.1262 0.77920 0.000000 1.37152
