# step time Epot/N T Pxx Pyy Pzz Lx Lz gap comF areaperlipid
0 0.0000 -2.539413 0.9910 -0.100384 -0.140294 -0.032499 14.0070 17.2600 0.82045 749.915077 1.36247
100 0.5000 -2.455225 0.9932 -0.024953 0.010050 0.322542 14.0113 17.2668 0.96980 591.199019 1.36331
200 1.0000 -2.381354 1.0013 0.384407 0.300397 0.965439 14.0213 17.2791 1.08962 494.557311 1.36526
300 1.5000 -2.382996 0.9994 0.302012 0.466765 0.483509 14.0340 17.2911 1.15826 457.446532 1.36772
400 2.0000 -2.341132 1.0077 0.386189 0.028419 0.549608 14.0454 17.3059 1.22014 416.012814 1.36996
500 2.5000 -2.340079 1.0460 0.387179 0.264256 0.511658 14.0584 17.3202 1.18198 443.410124 1.37249
600 3.0000 -2.411257 1.0644 0.200437 0.118566 -0.028321 14.0611 17.3190 1.15921 425.008063 1.37302
700 3.5000 -2.415762 1.0264 0.112717 -0.080666 0.090976 14.0607 17.3124 1.08946 476.189147 1.37293
800 4.0000 -2.436475 1.0108 -0.020958 -0.140971 0.229650 14.0574 17.3039 1.13240 403.547293 1.37230
900 4.5000 -2.464767 1.0008 -0.075303 -0.161224 -0.281951 14.0513 17.2905 1.14874 390.341687 1.37111
1000 5.0000 -2.521943 1.0011 -0.304829 -0.211637 -0.172505 14.0457 17.2794 1.03771 470.843988 1.37002
1100 5.5000 -2.501304 1.0014 -0.045197 -0.088530 -0.278506 14.0388 17.2649 1.08122 425.709849 1.36867
1200 6.0000 -2.534795 1.0021 -0.075856 -0.220356 -0.101147 14.0344 17.2546 1.02135 422.210607 1.36781
1300 6.5000 -2.510600 0.9922 0.092164 -0.164081 0.191831 14.0291 17.2467 1.06273 456.625426 1.36678
1400 7.0000 -2.538504 1.0296 -0.039459 -0.119665 0.041808 14.0239 17.2458 1.09557 435.730428 1.36577
1500 7.5000 -2.513203 1.0047 0.044750 -0.078514 0.528475 14.0200 17.2476 1.01105 482.586807 1.36500
1600 8.0000 -2.562586 1.0181 -0.439923 0.023287 0.000513 14.0161 17.2501 0.98957 505.188274 1.36424
1700 8.5000 -2.576762 1.0066 -0.226859 -0.217010 0.093843 14.0152 17.2464 1.05156 421.869287 1.36406
1800 9.0000 -2.558526 0.9960 0.014005 -0.145681 -0.203495 14.0116 17.2321 0.99003 433.468225 1.36337
1900 9.5000 -2.556657 0.9959 0.051547 0.196527 -0.178050 14.0104 17.2277 0.97581 451.122857 1.36314
2000 10.0000 -2.547292 0.9903 -0.035150 -0.039731 -0.042911 14.0151 17.2138 0.96630 453.655031 1.36405
2100 10.5000 -2.564886 0.9815 -0.019980 -0.237602 -0.280452 14.0136 17.2018 0.99455 473.732240 1.36375
2200 11.0000 -2.616971 0.9870 -0.251401 -0.171531 -0.279479 14.0078 17.1903 0.93763 509.055392 1.36262
2300 11.5000 -2.641558 0.9983 -0.050279 -0.273748 -0.607756 13.9991 17.1784 0.96219 419.558334 1.36094
2400 12.0000 -2.601036 0.9549 -0.013492 0.131397 0.169234 13.9936 17.1660 0.89273 476.518182 1.35987
2500 12.5000 -2.609375 0.9746 0.012979 0.080486 0.165848 13.9930 17.1657 0.92976 446.611227 1.35975
2600 13.0000 -2.647504 0.9772 -0.393234 -0.095186 -0.104935 13.9910 17.1612 0.82753 449.758135 1.35936
2700 13.5000 -2.645052 0.9596 -0.144453 -0.157758 -0.111357 13.9855 17.1592 0.93198 421.056140 1.35829
2800 14.0000 -2.652808 0.9820 -0.172184 0.256189 0.066907 13.9841 17.1535 0.91599 433.247622 1.35802
2900 14.5000 -2.632023 1.0034 0.432540 -0.125098 -0.224013 13.9893 17.1479 0.95554 439.893485 1.35902
3000 15.0000 -2.651876 1.0339 0.037631 0.050136 0.276941 13.9943 17.1498 0.96072 440.771170 1.36000
3100 15.5000 -2.634651 0.9992 0.069759 0.102351 -0.034197 13.9983 17.1483 0.87682 455.367921 1.36079
3200 16.0000 -2.635981 1.0012 -0.035309 0.095053 0.012048 14.0019 17.1460 0.84432 456.387651 1.36148
3300 16.5000 -2.636240 1.0072 0.040730 0.091491 0.041116 14.0029 17.1444 0.85919 464.697309 1.36167
3400 17.0000 -2.616573 0.9928 0.148817 0.078964 -0.052080 14.0039 17.1419 0.95025 456.287867 1.36187
3500 17.5000 -2.657930 1.0048 0.031795 -0.018898 -0.356093 14.0058 17.1325 0.91110 487.032422 1.36224
3600 18.0000 -2.649714 0.9936 -0.081880 -0.021040 0.110848 14.0097 17.1248 0.87864 463.561605 1.36299
3700 18.5000 -2.636284 0.9844 0.068071 -0.024157 -0.302979 14.0080 17.1229 0.94538 479.808063 1.36266
3800 19.0000 -2.618058 0.9851 -0.204658 0.253706 -0.125578 14.0066 17.1142 0.86996 452.727026 1.36240
3900 19.5000 -2.620988 0.9834 0.264401 0.043953 0.122197 14.0069 17.1128 0.94255 505.620585 1.36244
4000 20.0000 -2.586088 0.9878 -0.033744 0.435437 0.242878 14.0104 17.1103 0.90199 486.158057 1.36313
4100 20.5000 -2.597654 0.9949 0.136647 0.079911 0.054127 14.0129 17.1146 0.89147 501.604801 1.36362
4200 21.0000 -2.574893 1.0065 -0.128992 0.363507 0.312939 14.0144 17.1156 0.88266 497.095871 1.36391
4300 21.5000 -2.568726 1.0125 -0.041864 0.325237 0.467302 14.0224 17.1226 0.93626 486.047849 1.36547
4400 22.0000 -2.575628 0.9985 0.205801 -0.057760 -0.200334 14.0243 17.1269 0.96662 480.471336 1.36584
4500 22.5000 -2.568747 0.9886 -0.084952 0.221162 0.308499 14.0228 17.1331 0.99641 467.631330 1.36554
4600 23.0000 -2.582627 1.0017 0.061775 0.188487 -0.017772 14.0214 17.1310 0.93127 486.614187 1.36527
4700 23.5000 -2.582488 0.9912 0.074026 -0.088782 -0.087196 14.0224 17.1267 1.01933 507.270086 1.36547
4800 24.0000 -2.573564 1.0010 0.130531 0.022783 0.068046 14.0243 17.1263 0.97565 503.117794 1.36584
4900 24.5000 -2.586155 1.0156 0.440777 -0.126945 0.476151 14.0282 17.1305 0.91517 512.811768 1.36660
5000 25.0000 -2.584968 0.9790 0.169645 0.185176 -0.132145 14.0296 17.1311 0.97445 472.171234 1.36688
5100 25.5000 -2.620531 0.9973 -0.111652 -0.129485 -0.116218 14.0235 17.1252 0.91462 496.773290 1.36569
5200 26.0000 -2.575560 0.9916 0.075030 0.046687 0.207946 14.0286 17.1260 0.91239 519.333659 1.36667
5300 26.5000 -2.594974 1.0032 -0.228890 0.081721 -0.036687 14.0296 17.1282 0.90423 477.742285 1.36687
5400 27.0000 -2.607307 0.9990 -0.157090 0.114878 0.215691 14.0313 17.1296 0.89324 444.470457 1.36720
5500 27.5000 -2.584910 0.9829 0.225667 0.190897 0.190391 14.0333 17.1301 0.85471 476.968150 1.36760
5600 28.0000 -2.585667 0.9985 -0.053045 -0.134242 -0.300688 14.0377 17.1350 0.87707 453.147524 1.36844
5700 28.5000 -2.608068 1.0030 -0.422427 -0.022457 -0.087079 14.0329 17.1283 0.87994 467.597534 1.36751
5800 29.0000 -2.561146 1.0085 0.184901 0.265520 -0.337210 14.0366 17.1270 0.94570 489.205624 1.36824
5900 29.5000 -2.570321 1.0035 -0.087818 0.239278 -0.027378 14.0422 17.1299 0.92600 462.493575 1.36933
6000 30.0000 -2.554733 0.9717 -0.111831 0.055135 -0.277554 14.0408 17.1254 0.92828 442.101846 1.36906
6100 30.5000 -2.598045 0.9894 -0.006257 -0.011315 -0.599815 14.0388 17.1231 0.91251 446.114561 1.36866
6200 31.0000 -2.597260 1.0043 -0.056793 0.194124 -0.030770 14.0357 17.1179 0.93004 430.822393 1.36806
6300 31.5000 -2.573586 0.9813 0.104513 0.131819 -0.054686 14.0377 17.1129 0.97977 489.354254 1.36846
6400 32.0000 -2.565054 1.0005 0.140430 0.110215 -0.031792 14.0441 17.1038 0.99023 507.901196 1.36970
6500 32.5000 -2.585838 0.9967 -0.094807 0.023729 0.217631 14.0491 17.1074 1.01481 454.946823 1.37068
6600 33.0000 -2.591547 0.9829 -0.027401 -0.035805 -0.133648 14.0465 17.0994 1.06408 440.512843 1.37017
6700 33.5000 -2.629550 1.0134 -0.336094 -0.259674 -0.091217 14.0449 17.0973 1.01334 430.374125 1.36986
6800 34.0000 -2.607717 0.9798 -0.237479 0.225509 -0.191069 14.0411 17.0812 0.96371 433.982108 1.36912
6900 34.5000 -2.601990 1.0146 0.209102 -0.071835 0.095928 14.0427 17.0847 0.98723 457.299694 1.36942
7000 35.0000 -2.594524 1.0059 -0.193266 -0.050646 -0.205164 14.0463 17.0878 0.96927 431.679126 1.37013
7100 35.5000 -2.569847 0.9863 0.215394 0.046308 0.029622 14.0468 17.0935 1.08698 434.964177 1.37022
7200 36.0000 -2.593682 1.0193 0.036990 -0.085778 -0.020875 14.0447 17.0899 1.08624 441.276957 1.36981
7300 36.5000 -2.558501 0.9947 -0.004422 0.187661 0.494676 14.0465 17.0856 1.07207 459.305004 1.37018
7400 37.0000 -2.572539 1.0246 0.103460 -0.091918 -0.285873 14.0483 17.0862 1.10038 489.340021 1.37053
7500 37.5000 -2.583726 1.0200 0.043789 -0.081116 -0.086697 14.0527 17.0855 1.05165 487.951906 1.37138
7600 38.0000 -2.565082 1.0115 0.072710 -0.110613 -0.166785 14.0530 17.0867 1.14248 448.333262 1.37143
7700 38.5000 -2.593859 1.0255 0.112477 -0.180921 0.154567 14.0565 17.0783 1.13496 464.881015 1.37213
7800 39.0000 -2.570798 1.0009 -0.038605 0.248995 0.009707 14.0586 17.0779 1.12482 474.730730 1.37253
7900 39.5000 -2.558800 0.9900 -0.182636 0.155640 -0.167832 14.0578 17.0735 1.17267 480.787282 1.37238
8000 40.0000 -2.588704 1.0075 0.179538 -0.045133 -0.164212 14.0572 17.0697 1.07149 475.254783 1.37225
8100 40.5000 -2.561680 0.9993 0.138978 0.144895 0.293284 14.0606 17.0675 1.05537 481.966572 1.37291
8200 41.0000 -2.581560 1.0168 -0.249195 0.184848 0.211952 14.0659 17.0724 1.10268 471.383949 1.37395
8300 41.5000 -2.574530 1.0085 0.181082 0.026576 0.110864 14.0684 17.0730 1.06022 498.957721 1.37444
8400 42.0000 -2.610062 0.9893 0.006741 -0.048167 -0.105264 14.0668 17.0712 1.09812 434.029305 1.37413
8500 42.5000 -2.595584 0.9640 0.270268 0.087392 0.047497 14.0654 17.0633 1.07443 469.460720 1.37386
8600 43.0000 -2.627152 0.9741 -0.083544 -0.218781 -0.092661 14.0633 17.0598 1.01778 471.725799 1.37345
8700 43.5000 -2.613078 0.9958 -0.007372 -0.037490 0.010724 14.0637 17.0497 0.97840 472.436721 1.37352
8800 44.0000 -2.614331 0.9757 -0.142888 0.058395 -0.101088 14.0630 17.0443 0.96171 470.367778 1.37339
8900 44.5000 -2.599119 0.9867 -0.059191 -0.164127 -0.193987 14.0616 17.0411 1.01924 485.303979 1.37311
9000 45.0000 -2.592080 0.9957 -0.064053 0.035695 0.144500 14.0600 17.0443 1.00656 460.444191 1.37279
9100 45.5000 -2.587834 0.9847 0.173481 0.192910 0.144332 14.0585 17.0430 0.97591 495.476100 1.37252
9200 46.0000 -2.589670 0.9914 0.086001 0.107567 -0.056319 14.0591 17.0445 1.05250 478.535015 1.37262
9300 46.5000 -2.628998 1.0112 -0.019280 -0.217241 0.136024 14.0589 17.0379 0.95311 504.623317 1.37258
9400 47.0000 -2.565522 0.9839 0.307399 -0.088132 0.472347 14.0614 17.0378 1.02868 462.485288 1.37308
9500 47.5000 -2.579568 0.9910 -0.246797 0.314785 -0.299952 14.0624 17.0372 1.02093 445.963176 1.37328
9600 48.0000 -2.591367 0.9980 -0.089997 0.053206 -0.409229 14.0623 17.0339 1.01709 473.358168 1.37325
9700 48.5000 -2.630218 0.9900 0.143187 -0.140993 -0.386383 14.0634 17.0314 0.97634 479.434482 1.37347
9800 49.0000 -2.621037 1.0021 -0.028733 0.011330 -0.566251 14.0640 17.0260 0.98582 463.072775 1.37359
9900 49.5000 -2.612460 0.9980 -0.111826 -0.284745 -0.097806 14.0647 17.0239 0.91880 464.704815 1.37372
10000 50.0000 -2.577259 0.9796 0.375192 0.323484 -0.066513 14.0681 17.0169 0.90706 479.955221 1.37439
10100 50.5000 -2.586414 0.9969 0.309159 -0.008301 0.167184 14.0754 17.0085 0.87136 495.103195 1.37580
10200 51.0000 -2.579664 1.0084 0.223089 0.160624 0.175900 14.0834 17.0119 0.90002 455.090278 1.37737
10300 51.5000 -2.601948 1.0047 0.113110 0.109258 0.002595 14.0859 17.0074 0.87357 460.579643 1.37786
10400 52.0000 -2.550877 1.0156 -0.051695 0.054963 -0.075823 14.0896 17.0129 0.88691 478.091327 1.37860
10500 52.5000 -2.614817 1.0252 -0.143251 0.037556 -0.159880 14.0924 17.0104 0.85880 510.429690 1.37914
10600 53.0000 -2.615206 0.9725 -0.216023 -0.144550 -0.251696 14.0915 16.9994 0.86528 476.234315 1.37896
10700 53.5000 -2.603517 0.9791 0.056586 -0.048762 -0.123103 14.0851 16.9915 0.96441 497.045870 1.37770
10800 54.0000 -2.607968 1.0092 0.102255 -0.025952 -0.722433 14.0838 16.9828 0.96411 485.734776 1.37745
10900 54.5000 -2.597354 1.0094 -0.117143 0.200831 -0.076414 14.0854 16.9804 0.96358 488.492978 1.37778
11000 55.0000 -2.598940 1.0054 -0.016875 -0.178677 -0.328794 14.0864 16.9782 0.96230 456.436937 1.37797
11100 55.5000 -2.604124 0.9810 -0.027935 -0.165661 -0.083528 14.0867 16.9804 0.91565 494.218930 1.37802
11200 56.0000 -2.567940 0.9846 0.276294 0.235842 0.124851 14.0889 16.9790 0.93027 471.650601 1.37846
11300 56.5000 -2.599379 0.9995 -0.148175 -0.106152 -0.329656 14.0945 16.9797 0.93021 480.733911 1.37955
11400 57.0000 -2.580336 1.0088 -0.218416 -0.189303 -0.108775 14.0921 16.9818 0.93353 513.807075 1.37908
11500 57.5000 -2.577750 0.9874 0.332889 0.015367 0.076984 14.0929 16.9858 0.96954 497.974458 1.37924
11600 58.0000 -2.586854 1.0014 -0.049407 -0.258356 -0.019630 14.0873 16.9848 0.91065 503.962856 1.37814
11700 58.5000 -2.554448 0.9984 0.216569 0.053434 0.281647 14.0871 16.9888 0.95918 498.974750 1.37810
11800 59.0000 -2.581264 1.0001 -0.256253 -0.025592 -0.217320 14.0830 16.9946 0.93356 471.195402 1.37730
11900 59.5000 -2.602687 0.9856 0.087010 -0.304427 -0.192880 14.0842 16.9944 0.99124 396.685515 1.37753
12000 60.0000 -2.575132 0.9805 -0.149692 0.185720 0.303950 14.0828 16.9974 0.97994 455.830818 1.37726
12100 60.5000 -2.577636 0.9772 -0.107030 0.241746 -0.152435 14.0848 16.9994 0.99206 391.487445 1.37765
12200 61.0000 -2.585716 0.9961 0.033220 -0.040184 -0.210594 14.0934 17.0009 0.90564 465.561635 1.37934
12300 61.5000 -2.575656 0.9873 0.043332 0.123136 0.111740 14.0941 16.9978 0.97307 484.103416 1.37946
12400 62.0000 -2.595460 0.9722 -0.202042 -0.070635 -0.425612 14.0899 16.9935 0.90222 494.925663 1.37866
12500 62.5000 -2.597816 0.9892 -0.169513 0.123191 -0.222001 14.0872 16.9891 0.84767 496.359021 1.37812
12600 63.0000 -2.624089 0.9983 -0.099003 -0.345566 -0.219471 14.0872 16.9838 0.89656 447.794203 1.37812
12700 63.5000 -2.616465 0.9965 -0.103585 0.072782 -0.240619 14.0885 16.9848 0.83186 438.741379 1.37837
12800 64.0000 -2.598586 0.9898 -0.043115 0.009205 -0.426211 14.0892 16.9783 0.88023 474.311799 1.37850
12900 64.5000 -2.597927 0.9837 0.203903 0.055989 -0.217183 14.0865 16.9720 0.86109 467.055203 1.37799
13000 65.0000 -2.608448 0.9825 0.125289 -0.322918 -0.114747 14.0842 16.9638 0.77713 501.825572 1.37752
13100 65.5000 -2.605434 1.0001 -0.103999 0.285525 -0.181879 14.0824 16.9598 0.78737 449.490506 1.37718
13200 66.0000 -2.606534 0.9998 -0.012755 -0.013390 0.063482 14.0855 16.9622 0.77569 474.306153 1.37778
13300 66.5000 -2.560816 0.9929 -0.045932 0.234649 -0.143587 14.0903 16.9667 0.79591 485.033220 1.37873
13400 67.0000 -2.560683 0.9698 0.071198 0.299099 0.253268 14.0913 16.9712 0.70745 504.201172 1.37892
13500 67.5000 -2.579896 0.9899 -0.001096 0.019875 0.161726 14.0930 16.9632 0.73237 489.571784 1.37926
13600 68.0000 -2.584595 0.9694 0.073208 -0.034040 -0.191880 14.0938 16.9660 0.75585 464.112380 1.37942
13700 68.5000 -2.589375 0.9865 -0.103354 -0.081330 -0.154269 14.0950 16.9630 0.72968 467.752546 1.37964
13800 69.0000 -2.571153 0.9951 0.080472 0.163115 0.278254 14.0951 16.9600 0.73622 495.854702 1.37967
13900 69.5000 -2.583933 0.9924 -0.036326 0.127126 0.077325 14.0953 16.9598 0.77103 475.374402 1.37971
14000 70.0000 -2.599458 0.9964 0.185449 -0.039655 -0.103994 14.0953 16.9552 0.77550 463.183072 1.37971
14100 70.5000 -2.600155 0.9925 -0.057082 -0.285020 -0.122541 14.0955 16.9520 0.71710 469.235842 1.37975
14200 71.0000 -2.627890 0.9948 -0.226357 -0.285401 -0.283691 14.0979 16.9532 0.84344 473.275370 1.38022
14300 71.5000 -2.593719 0.9909 -0.010321 -0.100268 0.046070 14.0928 16.9438 0.80190 500.205449 1.37922
14400 72.0000 -2.577684 0.9872 0.069363 -0.155447 -0.050186 14.0958 16.9482 0.83487 509.056408 1.37980
14500 72.5000 -2.593897 1.0129 0.096581 0.056596 -0.205847 14.0941 16.9471 0.83883 515.410332 1.37948
14600 73.0000 -2.602741 1.0191 0.154095 0.286702 -0.389768 14.1012 16.9482 0.84193 500.039229 1.38085
14700 73.5000 -2.550361 1.0076 0.238646 0.195637 -0.024867 14.1084 16.9503 0.84423 479.470689 1.38227
14800 74.0000 -2.533970 0.9946 -0.056816 0.198302 0.165618 14.1112 16.9520 0.79741 448.868622 1.38281
14900 74.5000 -2.539598 1.0108 -0.043804 -0.005532 0.322717 14.1116 16.9540 0.87350 473.829712 1.38289
15000 75.0000 -2.569224 1.0109 -0.020852 -0.008360 -0.139474 14.1147 16.9539 0.88274 472.509208 1.38351
15100 75.5000 -2.560682 1.0042 -0.082977 -0.039976 0.242255 14.1111 16.9564 0.74110 470.509328 1.38281
15200 76.0000 -2.512853 0.9878 0.181167 0.362884 0.120503 14.1136 16.9520 0.76345 502.962981 1.38329
15300 76.5000 -2.562609 1.0028 -0.122724 0.131515 -0.251676 14.1149 16.9506 0.70422 504.821119 1.38354
15400 77.0000 -2.577386 0.9900 -0.016908 0.183487 -0.195431 14.1151 16.9479 0.78709 518.744292 1.38359
15500 77.5000 -2.556533 1.0018 -0.075985 0.097687 0.280137 14.1163 16.9430 0.84393 497.856294 1.38381
15600 78.0000 -2.559527 1.0051 0.039281 -0.147854 0.229298 14.1197 16.9377 0.87579 504.517912 1.38450
15700 78.5000 -2.589430 0.9924 -0.248493 -0.065899 -0.123016 14.1186 16.9340 0.96772 481.413500 1.38427
15800 79.0000 -2.557237 0.9921 -0.016252 -0.092456 -0.017180 14.1172 16.9339 0.93805 463.787644 1.38400
15900 79.5000 -2.547264 1.0060 -0.078346 0.229104 0.210851 14.1170 16.9395 0.87623 497.181445 1.38395
16000 80.0000 -2.528509 1.0184 0.171533 0.327551 0.410341 14.1245 16.9395 0.89327 532.165920 1.38543
16100 80.5000 -2.537890 0.9856 -0.091520 -0.028214 -0.156420 14.1247 16.9423 0.89688 520.841936 1.38546
16200 81.0000 -2.530129 1.0037 0.017629 -0.158406 0.327079 14.1231 16.9362 0.89304 479.658646 1.38515
16300 81.5000 -2.542978 0.9980 -0.054773 0.037544 -0.129306 14.1246 16.9423 0.96470 467.316289 1.38545
16400 82.0000 -2.507676 0.9651 0.052092 0.095476 0.049361 14.1249 16.9458 0.88919 493.020829 1.38551
16500 82.5000 -2.558929 1.0224 -0.026669 -0.012428 -0.400655 14.1258 16.9520 0.98099 489.791306 1.38569
16600 83.0000 -2.543983 1.0076 0.177484 -0.013250 0.081911 14.1282 16.9551 0.94248 513.851387 1.38615
16700 83.5000 -2.545462 1.0212 -0.011657 -0.203574 -0.421481 14.1338 16.9548 0.89990 508.395438 1.38726
16800 84.0000 -2.526683 1.0048 0.245251 -0.185025 0.488755 14.1361 16.9547 0.88447 530.183326 1.38771
16900 84.5000 -2.542169 1.0135 -0.043511 -0.088360 0.279160 14.1343 16.9564 0.89253 474.256304 1.38736
17000 85.0000 -2.552666 1.0193 0.100283 0.183562 0.088080 14.1346 16.9591 0.91591 482.539608 1.38740
17100 85.5000 -2.555559 0.9998 -0.124177 -0.046170 -0.051363 14.1361 16.9574 0.95557 493.315017 1.38770
17200 86.0000 -2.539661 0.9699 0.145030 -0.114866 -0.286397 14.1320 16.9595 0.99597 521.268204 1.38689
17300 86.5000 -2.577487 0.9831 -0.217338 -0.362309 -0.158470 14.1271 16.9597 1.03085 464.911615 1.38593
17400 87.0000 -2.571290 0.9742 -0.035209 -0.029060 -0.256246 14.1198 16.9513 0.96058 462.273718 1.38451
17500 87.5000 -2.570563 0.9729 -0.141820 0.000720 -0.190327 14.1184 16.9449 0.93484 478.353107 1.38424
17600 88.0000 -2.562940 0.9701 0.096584 0.188589 0.158762 14.1152 16.9431 0.87878 512.745293 1.38361
17700 88.5000 -2.641599 1.0015 0.037423 -0.371882 -0.252631 14.1130 16.9372 0.93995 489.225192 1.38318
17800 89.0000 -2.593968 0.9763 0.109846 -0.023815 -0.019155 14.1118 16.9297 1.04200 452.455572 1.38294
17900 89.5000 -2.585838 0.9793 0.307079 0.112242 0.188171 14.1143 16.9271 0.99562 507.077438 1.38344
18000 90.0000 -2.584068 1.0054 0.146979 0.082300 -0.511722 14.1169 16.9288 0.99076 463.426009 1.38393
18100 90.5000 -2.602341 1.0216 -0.059758 -0.082056 0.027244 14.1211 16.9257 0.90842 455.178395 1.38476
18200 91.0000 -2.569518 0.9966 0.090024 -0.207871 -0.229247 14.1225 16.9281 0.92116 449.015350 1.38503
18300 91.5000 -2.543163 0.9850 0.052327 0.388726 0.118156 14.1246 16.9268 0.95531 504.305943 1.38545
18400 92.0000 -2.538802 1.0034 0.117294 0.157929 -0.047464 14.1302 16.9270 0.87367 492.231814 1.38655
18500 92.5000 -2.550357 1.0137 0.039603 0.396742 0.244333 14.1341 16.9284 0.84376 508.639593 1.38731
18600 93.0000 -2.555980 1.0056 0.013641 0.060127 0.091487 14.1389 16.9328 0.90174 462.998497 1.38825
18700 93.5000 -2.543752 1.0047 0.226528 0.141044 0.082292 14.1398 16.9326 0.94393 479.825514 1.38843
18800 94.0000 -2.568077 0.9862 -0.290719 -0.059108 -0.247420 14.1401 16.9334 0.99146 486.529780 1.38849
18900 94.5000 -2.549333 0.9979 0.180807 -0.009489 -0.032011 14.1379 16.9362 0.89539 495.194805 1.38806
19000 95.0000 -2.551115 0.9814 -0.147666 -0.008599 -0.127346 14.1388 16.9365 0.88253 504.268719 1.38823
19100 95.5000 -2.556005 1.0048 0.025969 0.132177 0.182743 14.1363 16.9331 0.89087 509.925035 1.38775
19200 96.0000 -2.544402 0.9938 -0.147506 0.308805 0.210307 14.1385 16.9341 0.86509 493.440720 1.38818
19300 96.5000 -2.548010 1.0061 -0.074138 0.021053 -0.094426 14.1356 16.9359 0.87625 507.468707 1.38760
19400 97.0000 -2.538587 0.9937 0.084139 -0.153194 -0.097353 14.1367 16.9301 0.90950 536.452759 1.38783
19500 97.5000 -2.545808 0.9926 0.064436 -0.005842 0.237514 14.1341 16.9287 0.89802 478.447889 1.38732
19600 98.0000 -2.549208 1.0154 0.054839 -0.027181 0.141726 14.1359 16.9298 0.94100 471.460066 1.38766
19700 98.5000 -2.560290 1.0064 -0.016995 0.006809 0.080162 14.1370 16.9356 0.97356 462.109660 1.38788
19800 99.0000 -2.552604 0.9939 0.151966 0.269561 -0.123740 14.1419 16.9334 0.90167 449.615004 1.38884
19900 99.5000 -2.511051 0.9963 0.184066 0.198602 -0.018857 14.1471 16.9330 1.03782 457.525944 1.38986
20000 100.0000 -2.541044 0.9630 0.021105 -0.249554 -0.101911 14.1416 16.9285 1.00432 466.843638 1.38878
20100 100.5000 -2.572780 0.9580 -0.215594 -0.058241 -0.128775 14.1349 16.9216 0.99169 497.386174 1.38746
20200 101.0000 -2.580442 0.9710 -0.156723 0.011427 -0.191335 14.1272 16.9202 0.97126 440.865008 1.38595
20300 101.5000 -2.583951 0.9823 -0.182049 0.073159 -0.058685 14.1235 16.9124 1.02043 444.690444 1.38523
20400 102.0000 -2.613535 1.0065 0.023699 -0.074051 0.200221 14.1224 16.9164 0.98824 445.379366 1.38502
20500 102.5000 -2.573000 1.0026 0.098050 0.036884 0.077479 14.1242 16.9167 1.00237 428.068735 1.38537
20600 103.0000 -2.537750 0.9962 0.069064 0.379641 -0.116182 14.1258 16.9144 0.90221 454.055499 1.38568
20700 103.5000 -2.573380 1.0211 0.052600 0.096520 -0.224136 14.1315 16.9121 0.84127 427.250297 1.38680
20800 104.0000 -2.581669 1.0338 -0.057648 0.148403 0.368206 14.1353 16.9196 0.87852 416.947398 1.38755
20900 104.5000 -2.524599 0.9883 0.243198 0.300274 0.380240 14.1449 16.9246 0.90226 377.509438 1.38944
21000 105.0000 -2.566787 0.9943 -0.153245 0.051535 -0.307858 14.1488 16.9239 0.96396 406.570044 1.39019
21100 105.5000 -2.529440 0.9800 0.151400 0.177685 -0.014728 14.1521 16.9211 0.94098 401.340243 1.39085
21200 106.0000 -2.518731 1.0000 -0.055442 0.133810 0.130748 14.1557 16.9176 0.95169 395.582901 1.39156
21300 106.5000 -2.565744 1.0009 -0.089437 0.389790 -0.311415 14.1591 16.9171 0.90449 413.460450 1.39223
21400 107.0000 -2.571916 0.9924 -0.138784 -0.220346 -0.136737 14.1581 16.9094 0.86663 388.799040 1.39202
21500 107.5000 -2.561547 0.9821 -0.204503 0.006620 0.101795 14.1516 16.9107 0.92758 446.030886 1.39075
21600 108.0000 -2.536282 0.9876 0.168161 -0.098843 -0.442473 14.1492 16.9088 0.87432 418.164746 1.39028
21700 108.5000 -2.569404 1.0089 -0.185062 0.049974 -0.084479 14.1515 16.9094 0.94738 423.208483 1.39072
21800 109.0000 -2.565502 0.9922 0.263988 -0.102763 0.004266 14.1516 16.9055 0.99306 410.933022 1.39076
21900 109.5000 -2.571593 0.9887 0.029554 -0.175175 -0.116186 14.1471 16.8997 1.09078 412.321731 1.38985
22000 110.0000 -2.558190 1.0040 0.112207 0.153281 0.043261 14.1489 16.9007 1.08689 412.684645 1.39021
22100 110.5000 -2.567997 1.0083 0.003667 0.186565 0.046798 14.1550 16.9014 0.97219 394.703327 1.39141
22200 111.0000 -2.553284 0.9941 0.083880 0.118284 0.344912 14.1553 16.9009 1.04584 395.981935 1.39147
22300 111.5000 -2.580836 1.0000 -0.332348 0.033721 -0.169720 14.1552 16.8959 1.09434 361.082628 1.39146
22400 112.0000 -2.555251 0.9941 0.303456 -0.059250 0.187987 14.1578 16.8950 1.08851 414.836595 1.39196
22500 112.5000 -2.575257 1.0250 0.304560 -0.315486 -0.016687 14.1627 16.8975 1.15796 355.353110 1.39293
22600 113.0000 -2.551316 1.0055 0.003453 -0.039221 0.261528 14.1640 16.9059 1.08903 355.368213 1.39319
22700 113.5000 -2.584765 0.9916 -0.307996 -0.241215 -0.589430 14.1614 16.9019 1.02037 381.976981 1.39267
22800 114.0000 -2.572109 0.9896 -0.190704 -0.175152 0.180042 14.1532 16.8892 1.03115 388.260133 1.39107
22900 114.5000 -2.569891 0.9842 -0.102708 0.193204 -0.366592 14.1496 16.8833 0.99218 382.937213 1.39036
23000 115.0000 -2.590973 0.9919 -0.060103 0.221013 0.254981 14.1492 16.8796 1.01121 392.104541 1.39027
23100 115.5000 -2.587962 0.9803 0.144736 0.111555 -0.159277 14.1519 16.8837 0.92379 431.999777 1.39081
23200 116.0000 -2.571978 0.9694 0.027076 0.072186 -0.137756 14.1518 16.8784 0.92416 390.502715 1.39078
23300 116.5000 -2.552896 0.9747 -0.081448 0.092004 -0.137968 14.1503 16.8770 0.89051 425.297831 1.39049
23400 117.0000 -2.576542 1.0093 -0.157542 -0.349964 0.180744 14.1451 16.8778 1.00748 448.851627 1.38947
23500 117.5000 -2.524906 1.0044 0.110006 0.443731 0.314985 14.1443 16.8847 1.03848 424.359677 1.38932
23600 118.0000 -2.526696 1.0023 -0.118230 0.249395 0.273998 14.1514 16.8955 1.12794 374.320891 1.39071
23700 118.5000 -2.561518 1.0217 0.074834 -0.097808 0.031204 14.1553 16.9023 1.01230 382.351063 1.39148
23800 119.0000 -2.536524 1.0004 -0.066383 0.092823 -0.125748 14.1570 16.9056 1.03390 438.212541 1.39180
23900 119.5000 -2.543285 0.9837 0.015305 0.061652 0.023514 14.1531 16.9063 1.04746 430.869715 1.39105
24000 120.0000 -2.590018 1.0006 0.005876 -0.334595 0.037334 14.1514 16.9063 1.12055 378.652473 1.39071
24100 120.5000 -2.578472 1.0061 0.197584 -0.084995 0.146401 14.1494 16.9027 1.11947 371.670733 1.39032
24200 121.0000 -2.559082 0.9699 -0.117269 0.208665 0.339129 14.1490 16.9064 0.97001 406.616315 1.39023
24300 121.5000 -2.562464 0.9690 0.011502 -0.135831 -0.196201 14.1461 16.9108 1.04889 406.689471 1.38967
24400 122.0000 -2.582451 0.9811 -0.011536 -0.241783 0.041440 14.1403 16.9114 0.98461 386.532050 1.38853
24500 122.5000 -2.574619 0.9714 0.130078 -0.107749 0.024594 14.1337 16.9161 0.99787 405.312538 1.38723
24600 123.0000 -2.583611 1.0037 -0.161564 0.101355 -0.043027 14.1351 16.9188 1.02247 408.167126 1.38751
24700 123.5000 -2.568963 1.0033 -0.119759 0.105537 0.179241 14.1401 16.9259 1.04607 406.332637 1.38849
24800 124.0000 -2.569411 0.9944 0.129255 -0.275429 0.492832 14.1455 16.9273 1.10886 376.992883 1.38955
24900 124.5000 -2.560448 0.9937 0.251592 -0.164721 -0.162008 14.1464 16.9305 1.07664 378.811284 1.38972
25000 125.0000 -2.547149 0.9763 0.202367 -0.011840 0.033906 14.1467 16.9330 1.10448 419.881883 1.38978
25100 125.5000 -2.550536 0.9920 -0.032838 -0.117058 -0.103125 14.1467 16.9347 1.09624 416.417886 1.38978
25200 126.0000 -2.524309 0.9942 -0.067588 0.127548 0.127755 14.1485 16.9354 1.10591 349.515079 1.39013
25300 126.5000 -2.547773 0.9955 0.087680 0.144818 0.439082 14.1476 16.9412 1.15053 366.883750 1.38997
25400 127.0000 -2.603971 0.9876 -0.349227 -0.496138 -0.282366 14.1460 16.9389 1.10824 355.110484 1.38964
25500 127.5000 -2.572407 0.9939 0.108088 -0.056629 0.005236 14.1432 16.9321 1.09571 357.652974 1.38911
25600 128.0000 -2.557919 0.9749 -0.245273 -0.006656 -0.425049 14.1416 16.9306 1.04113 389.988877 1.38877
25700 128.5000 -2.585741 0.9936 0.147311 0.001398 0.176385 14.1378 16.9315 1.04238 377.205659 1.38805
25800 129.0000 -2.605248 0.9957 -0.293152 0.083626 0.045974 14.1327 16.9299 0.99345 404.505593 1.38703
25900 129.5000 -2.573606 0.9787 0.001870 0.202552 0.156373 14.1319 16.9329 0.99653 425.866470 1.38689
26000 130.0000 -2.574444 1.0042 -0.056025 0.240213 0.370254 14.1358 16.9354 0.99037 418.669908 1.38765
26100 130.5000 -2.561476 0.9869 0.185819 0.066304 0.150866 14.1382 16.9369 1.08796 427.632331 1.38812
26200 131.0000 -2.573955 1.0117 -0.037663 -0.019040 -0.062975 14.1373 16.9357 1.05129 467.659948 1.38794
26300 131.5000 -2.536162 0.9940 0.141337 0.112599 -0.075313 14.1382 16.9374 1.00904 435.516074 1.38812
26400 132.0000 -2.565851 1.0091 -0.023365 0.131035 -0.111495 14.1403 16.9343 0.98850 451.570190 1.38854
26500 132.5000 -2.550434 1.0057 0.026827 -0.122049 0.082415 14.1450 16.9317 1.00578 428.382747 1.38946
26600 133.0000 -2.563987 1.0053 -0.091162 0.160127 -0.297322 14.1397 16.9284 1.03289 445.909414 1.38842
26700 133.5000 -2.561165 0.9931 0.110850 -0.060402 -0.234985 14.1416 16.9252 1.08503 406.829647 1.38878
26800 134.0000 -2.607146 1.0159 -0.105661 -0.076062 -0.551480 14.1419 16.9246 0.93976 438.661557 1.38885
26900 134.5000 -2.618108 1.0021 -0.089650 -0.284057 0.005877 14.1404 16.9201 0.98824 424.316544 1.38856
27000 135.0000 -2.593844 0.9999 0.078858 0.040947 -0.338815 14.1392 16.9160 1.02525 434.126961 1.38831
27100 135.5000 -2.564527 0.9961 0.275165 -0.162934 0.079080 14.1410 16.9131 0.96266 457.439011 1.38867
27200 136.0000 -2.559740 1.0026 0.280476 0.005080 0.137288 14.1434 16.9090 1.04491 412.197272 1.38913
27300 136.5000 -2.555042 0.9965 -0.235259 0.022678 -0.372295 14.1443 16.9104 1.02399 440.831465 1.38932
27400 137.0000 -2.602882 0.9980 -0.218136 0.020579 -0.352897 14.1441 16.9081 1.02773 429.849135 1.38928
27500 137.5000 -2.561974 0.9978 0.104058 0.012244 -0.236147 14.1428 16.9099 1.00728 422.501409 1.38902
27600 138.0000 -2.568019 1.0142 -0.076492 0.263405 -0.040750 14.1475 16.9060 1.14423 419.048937 1.38994
27700 138.5000 -2.563243 1.0051 0.002065 -0.007516 0.585774 14.1521 16.9085 1.06167 438.735555 1.39085
27800 139.0000 -2.553505 1.0058 0.170379 0.025887 0.195368 14.1532 16.9106 0.97701 443.778464 1.39106
27900 139.5000 -2.561935 1.0116 0.234177 0.255664 -0.007435 14.1577 16.9092 0.97610 397.633105 1.39195
28000 140.0000 -2.542114 1.0286 0.277243 0.002017 -0.268412 14.1663 16.9156 0.98879 426.002985 1.39363
28100 140.5000 -2.513080 0.9922 0.049727 -0.025022 0.505478 14.1730 16.9256 1.12152 372.515481 1.39495
28200 141.0000 -2.538518 1.0155 0.156567 -0.053633 0.072620 14.1729 16.9288 1.03637 423.584567 1.39495
28300 141.5000 -2.546871 1.0215 -0.154582 0.089236 0.237615 14.1743 16.9299 1.05252 405.322688 1.39522
28400 142.0000 -2.533136 1.0153 0.090103 0.207967 0.038792 14.1724 16.9325 1.16289 374.471111 1.39485
28500 142.5000 -2.534251 1.0133 0.051548 0.138117 0.232182 14.1758 16.9373 1.15519 402.291230 1.39551
28600 143.0000 -2.507557 1.0004 -0.268710 -0.123743 -0.259238 14.1729 16.9404 1.08735 404.886579 1.39494
28700 143.5000 -2.508648 0.9942 -0.052893 -0.011621 -0.315048 14.1706 16.9406 1.11486 395.007248 1.39448
28800 144.0000 -2.522967 0.9920 -0.017873 -0.081328 -0.172381 14.1645 16.9383 1.07233 406.165469 1.39329
28900 144.5000 -2.545137 0.9893 0.014047 0.017373 -0.295128 14.1597 16.9394 1.08907 397.739395 1.39234
29000 145.0000 -2.517021 0.9723 0.418641 -0.059928 -0.164485 14.1562 16.9362 1.15696 391.123678 1.39165
29100 145.5000 -2.565767 0.9845 -0.222790 0.024277 0.093476 14.1539 16.9311 1.09231 403.876146 1.39120
29200 146.0000 -2.562136 1.0037 -0.149369 -0.089290 -0.197426 14.1497 16.9274 1.12272 376.296955 1.39037
29300 146.5000 -2.566639 0.9797 0.210444 -0.133741 0.029313 14.1509 16.9245 1.06972 385.805287 1.39062
29400 147.0000 -2.558447 0.9737 0.212710 0.269925 0.221454 14.1479 16.9153 1.03256 358.859860 1.39003
29500 147.5000 -2.582355 0.9743 0.244525 0.037688 -0.361218 14.1466 16.9196 1.13286 369.382554 1.38977
29600 148.0000 -2.592873 0.9845 -0.147792 -0.133996 0.019545 14.1400 16.9211 1.16917 336.823811 1.38848
29700 148.5000 -2.590602 0.9865 -0.174446 -0.380340 0.226943 14.1392 16.9194 1.08091 348.946125 1.38832
29800 149.0000 -2.598571 0.9833 0.150528 -0.235300 -0.018480 14.1359 16.9188 1.02866 357.752452 1.38767
29900 149.5000 -2.586186 0.9813 0.064472 0.281194 0.474182 14.1387 16.9177 1.08186 357.999438 1.38822
30000 150.0000 -2.600292 1.0002 0.136485 -0.151042 0.040504 14.1427 16.9164 1.05438 351.413813 1.38900
30100 150.5000 -2.573502 0.9958 0.169373 0.228551 -0.058773 14.1415 16.9221 1.02877 369.748371 1.38877
30200 151.0000 -2.578753 0.9831 -0.020284 -0.078890 -0.028956 14.1442 16.9217 1.02249 380.188948 1.38930
30300 151.5000 -2.561652 0.9785 0.205827 -0.019932 -0.219628 14.1421 16.9275 1.16907 382.957067 1.38889
30400 152.0000 -2.553210 0.9950 -0.256790 -0.006207 -0.170257 14.1482 16.9357 1.10903 316.856377 1.39009
30500 152.5000 -2.543369 0.9725 -0.029214 0.129849 0.131822 14.1462 16.9373 1.18751 323.778000 1.38968
30600 153.0000 -2.574097 0.9824 -0.054124 0.113511 0.053510 14.1440 16.9393 1.09144 402.071015 1.38925
30700 153.5000 -2.543614 0.9680 -0.084648 -0.180300 0.184954 14.1404 16.9431 1.07758 389.158858 1.38855
30800 154.0000 -2.558599 1.0076 0.116636 0.260018 -0.066625 14.1384 16.9437 1.12629 360.410459 1.38816
30900 154.5000 -2.569871 0.9981 -0.058842 0.089953 0.267690 14.1448 16.9525 1.16400 362.445977 1.38942
31000 155.0000 -2.539847 1.0023 0.001231 -0.094474 0.058541 14.1449 16.9512 1.14951 368.265807 1.38943
31100 155.5000 -2.521325 0.9921 0.424401 0.153593 0.089112 14.1468 16.9615 1.14588 389.916958 1.38980
31200 156.0000 -2.538759 1.0053 -0.088088 0.196559 -0.076371 14.1505 16.9605 1.00093 376.614503 1.39054
31300 156.5000 -2.532956 1.0013 0.281843 -0.173170 -0.069454 14.1536 16.9615 0.96641 336.477191 1.39114
31400 157.0000 -2.535608 0.9938 -0.144993 -0.026432 -0.013011 14.1536 16.9632 0.95983 324.045350 1.39114
31500 157.5000 -2.535806 1.0081 0.052119 0.000759 0.164521 14.1533 16.9618 1.06242 374.463860 1.39108
31600 158.0000 -2.539265 0.9882 -0.323550 -0.205160 -0.115346 14.1474 16.9578 1.00587 322.511607 1.38992
31700 158.5000 -2.540097 0.9934 -0.074695 -0.175325 0.193764 14.1405 16.9664 0.94413 374.561744 1.38857
31800 159.0000 -2.567419 0.9869 -0.150324 -0.282893 0.149587 14.1373 16.9585 0.96457 375.632684 1.38794
31900 159.5000 -2.608163 0.9972 -0.190675 -0.394635 -0.092938 14.1334 16.9574 1.00878 376.482647 1.38718
32000 160.0000 -2.571373 0.9851 0.043040 0.174348 0.119726 14.1296 16.9531 0.93944 375.785133 1.38644
32100 160.5000 -2.585847 0.9953 -0.030410 0.016871 -0.485147 14.1318 16.9528 1.01132 398.523721 1.38686
32200 161.0000 -2.590859 0.9629 -0.207928 -0.299982 -0.104090 14.1228 16.9500 1.06586 351.736371 1.38510
32300 161.5000 -2.586900 0.9819 -0.250636 -0.265113 0.172171 14.1191 16.9472 1.02852 345.221689 1.38437
32400 162.0000 -2.609481 0.9748 -0.097708 -0.268655 0.004454 14.1106 16.9462 0.96397 368.290079 1.38271
32500 162.5000 -2.629748 1.0051 -0.233957 -0.409545 -0.149745 14.1073 16.9413 0.90600 343.762349 1.38206
32600 163.0000 -2.638072 0.9948 -0.076966 -0.193859 -0.317990 14.1034 16.9387 1.00822 339.648483 1.38129
32700 163.5000 -2.609349 0.9878 -0.036685 0.014309 0.333997 14.1036 16.9456 0.96022 327.769474 1.38132
32800 164.0000 -2.614271 0.9914 -0.196450 0.257106 -0.343004 14.1072 16.9451 0.97710 331.909927 1.38204
32900 164.5000 -2.556130 0.9570 -0.025253 0.306210 -0.006700 14.1053 16.9429 1.01785 347.186604 1.38167
33000 165.0000 -2.615878 1.0203 -0.135145 0.131849 -0.412360 14.1049 16.9518 1.07864 358.453007 1.38158
33100 165.5000 -2.576135 0.9965 -0.036994 0.262859 0.201345 14.1048 16.9502 1.09624 360.196136 1.38157
33200 166.0000 -2.565592 0.9835 0.131299 0.131457 -0.219036 14.1063 16.9487 1.11788 356.986956 1.38185
33300 166.5000 -2.553693 0.9720 0.266146 0.380054 0.036656 14.1096 16.9497 1.09964 357.192869 1.38251
33400 167.0000 -2.590679 0.9872 -0.076941 0.058993 -0.011102 14.1108 16.9519 1.00455 361.681994 1.38273
33500 167.5000 -2.581478 0.9839 0.010053 0.035174 -0.152986 14.1097 16.9537 0.99042 371.998116 1.38253
33600 168.0000 -2.586067 0.9896 0.070479 0.256549 0.101906 14.1083 16.9483 1.08507 380.480100 1.38225
33700 168.5000 -2.570896 0.9855 0.029287 0.019680 0.139466 14.1092 16.9535 1.07867 358.190617 1.38244
33800 169.0000 -2.565406 0.9915 0.038568 -0.260292 0.128551 14.1110 16.9585 1.03819 371.281951 1.38277
33900 169.5000 -2.576312 1.0155 -0.084375 0.111604 -0.158883 14.1158 16.9683 0.95231 365.368178 1.38373
34000 170.0000 -2.566858 0.9880 0.175290 -0.132557 -0.076513 14.1192 16.9688 0.92580 305.870034 1.38438
34100 170.5000 -2.583788 1.0020 0.132908 -0.054890 -0.141087 14.1194 16.9636 1.01308 301.571745 1.38443
