# step time Epot/N T Pxx Pyy Pzz Lx Lz gap comF areaperlipid
0 0.0000 -2.575202 0.9761 -0.110794 -0.144274 0.032383 14.0070 17.2601 0.82193 449.878890 1.36247
100 0.5000 -2.442235 0.9930 0.256428 0.278061 0.190304 14.0143 17.2742 0.89288 332.886181 1.36389
200 1.0000 -2.440828 0.9926 0.374385 0.261317 0.115517 14.0269 17.2860 0.97551 290.843338 1.36635
300 1.5000 -2.433151 0.9994 0.259013 0.173471 0.452622 14.0380 17.3008 0.98249 283.809544 1.36851
400 2.0000 -2.409899 1.0103 0.077282 0.061400 0.154162 14.0505 17.3066 1.02617 242.586287 1.37095
500 2.5000 -2.344402 1.0249 0.475961 0.742424 0.256624 14.0621 17.3141 0.94177 256.776905 1.37322
600 3.0000 -2.443943 1.0306 0.060598 -0.050233 0.347193 14.0719 17.3181 0.90315 241.191317 1.37513
700 3.5000 -2.437618 1.0155 0.119841 0.168000 -0.348329 14.0752 17.3106 0.94086 286.603553 1.37577
800 4.0000 -2.462901 1.0357 -0.124863 0.068035 -0.250077 14.0772 17.3026 0.87975 281.814114 1.37617
900 4.5000 -2.476020 1.0262 -0.234175 0.191094 0.015683 14.0769 17.2947 0.89006 283.981601 1.37610
1000 5.0000 -2.518759 1.0063 -0.179851 -0.071166 -0.341082 14.0702 17.2828 0.88285 287.874188 1.37480
1100 5.5000 -2.542961 1.0094 -0.363726 -0.349894 -0.085484 14.0620 17.2715 0.90863 302.563935 1.37319
1200 6.0000 -2.530479 0.9839 -0.119610 -0.312521 -0.333501 14.0526 17.2619 0.89639 265.803883 1.37135
1300 6.5000 -2.536291 0.9713 -0.162607 -0.258529 -0.298560 14.0482 17.2511 0.92530 275.465704 1.37049
1400 7.0000 -2.544244 0.9746 0.089853 -0.203212 0.011623 14.0411 17.2436 0.92527 284.682858 1.36912
1500 7.5000 -2.542869 0.9956 -0.054553 0.012864 -0.019445 14.0370 17.2346 0.93923 296.495736 1.36832
1600 8.0000 -2.558844 0.9993 -0.193583 -0.033477 0.076132 14.0306 17.2267 0.97335 283.926050 1.36706
1700 8.5000 -2.553277 1.0206 -0.042309 0.203239 -0.051469 14.0285 17.2272 0.97226 273.158076 1.36666
1800 9.0000 -2.555701 1.0088 -0.006321 0.209503 -0.145845 14.0304 17.2224 1.00396 273.538899 1.36702
1900 9.5000 -2.555079 0.9847 -0.014899 -0.148352 -0.245976 14.0276 17.2279 0.92744 337.600804 1.36649
2000 10.0000 -2.590375 1.0081 -0.229045 -0.164778 -0.023549 14.0227 17.2196 0.92891 336.469662 1.36554
2100 10.5000 -2.566407 0.9671 -0.011937 -0.101715 -0.077309 14.0175 17.2201 0.90196 314.120110 1.36451
2200 11.0000 -2.559874 0.9833 0.102305 0.176582 0.449181 14.0178 17.2161 0.95929 299.149788 1.36457
2300 11.5000 -2.603375 1.0276 0.038097 -0.250268 -0.026877 14.0191 17.2142 0.89501 313.821319 1.36483
2400 12.0000 -2.588165 1.0149 -0.101375 0.135241 -0.343069 14.0171 17.2109 0.89680 335.351923 1.36444
2500 12.5000 -2.575082 1.0056 0.023015 0.063991 -0.224042 14.0159 17.2051 0.88989 333.874983 1.36421
2600 13.0000 -2.584386 1.0226 -0.381857 0.305048 0.048103 14.0163 17.1996 0.85020 311.960188 1.36428
2700 13.5000 -2.560395 1.0143 -0.011584 0.271462 0.095954 14.0206 17.2008 0.93392 278.148887 1.36512
2800 14.0000 -2.541730 1.0002 -0.170138 0.111303 -0.078512 14.0237 17.2019 0.87786 284.333563 1.36572
2900 14.5000 -2.565176 1.0300 -0.134969 -0.073735 0.297787 14.0275 17.2075 0.90547 274.570018 1.36647
3000 15.0000 -2.590122 1.0008 -0.219402 -0.307847 -0.350190 14.0288 17.2080 0.91407 224.432246 1.36671
3100 15.5000 -2.582056 0.9748 -0.093310 -0.041586 -0.094766 14.0248 17.2042 0.91350 259.141574 1.36593
3200 16.0000 -2.595894 0.9799 -0.170718 0.010230 0.240301 14.0183 17.1987 0.83660 315.203733 1.36468
3300 16.5000 -2.615984 1.0013 -0.165883 -0.038276 -0.067570 14.0113 17.1987 0.78940 332.579851 1.36331
3400 17.0000 -2.588604 0.9911 -0.026765 0.220086 -0.167116 14.0090 17.1932 0.86723 312.015482 1.36287
3500 17.5000 -2.635844 1.0075 0.013929 -0.321791 -0.143144 14.0057 17.1943 0.81533 314.834164 1.36223
3600 18.0000 -2.616605 1.0185 -0.138127 0.014585 -0.090315 14.0023 17.1946 0.88919 282.817153 1.36156
3700 18.5000 -2.602107 1.0082 -0.338930 0.105072 0.058410 14.0059 17.1964 0.94726 279.191841 1.36225
3800 19.0000 -2.581734 1.0090 0.151469 0.157816 -0.187816 14.0050 17.1975 0.93511 269.298212 1.36208
3900 19.5000 -2.637512 1.0128 -0.292843 -0.013186 0.048941 14.0043 17.1913 0.93731 278.492117 1.36194
4000 20.0000 -2.616253 1.0083 0.027644 0.146865 0.291486 14.0069 17.1830 0.90179 279.949002 1.36246
4100 20.5000 -2.599239 0.9668 -0.160439 0.115720 -0.049031 14.0143 17.1836 0.86683 307.625542 1.36390
4200 21.0000 -2.619663 0.9773 0.030964 0.017209 -0.030974 14.0167 17.1749 0.83558 273.608842 1.36437
4300 21.5000 -2.621015 0.9808 -0.203498 -0.081925 -0.307810 14.0092 17.1703 0.86187 224.199706 1.36290
4400 22.0000 -2.637327 0.9809 -0.246067 -0.192234 0.141478 14.0047 17.1678 0.87771 259.820175 1.36202
4500 22.5000 -2.632337 0.9786 0.150103 -0.036453 -0.051433 14.0029 17.1606 0.76213 294.610802 1.36167
4600 23.0000 -2.646897 1.0118 -0.257534 -0.343164 -0.206570 14.0013 17.1562 0.77635 297.813386 1.36137
4700 23.5000 -2.627497 0.9899 0.073435 -0.016188 0.415891 14.0029 17.1586 0.79940 288.491231 1.36168
4800 24.0000 -2.644229 0.9672 -0.273029 0.042069 -0.015691 14.0038 17.1546 0.75627 286.583095 1.36184
4900 24.5000 -2.603232 0.9813 0.040992 0.149708 -0.208687 14.0031 17.1472 0.83424 284.263602 1.36171
5000 25.0000 -2.628862 0.9752 -0.081013 0.240202 -0.147541 13.9999 17.1402 0.73410 329.098433 1.36109
5100 25.5000 -2.659789 0.9778 0.004210 -0.080464 -0.400229 13.9979 17.1350 0.73395 360.913546 1.36071
5200 26.0000 -2.651611 0.9893 -0.095371 -0.178906 0.121949 13.9965 17.1336 0.75805 355.482504 1.36042
5300 26.5000 -2.659561 1.0167 -0.122590 0.134501 -0.046433 13.9976 17.1349 0.74047 339.675454 1.36065
5400 27.0000 -2.641269 0.9803 0.124447 0.432777 -0.166001 14.0021 17.1273 0.71604 311.969515 1.36152
5500 27.5000 -2.644992 0.9877 0.142086 -0.010044 -0.131320 14.0041 17.1269 0.81757 326.388977 1.36192
5600 28.0000 -2.652574 1.0143 0.086831 0.361239 0.611060 14.0080 17.1294 0.79793 298.662418 1.36268
5700 28.5000 -2.657537 1.0100 -0.084760 0.178104 0.099824 14.0115 17.1247 0.81007 327.006902 1.36335
5800 29.0000 -2.654420 1.0003 0.122872 0.055139 0.041636 14.0147 17.1263 0.84019 298.461383 1.36397
5900 29.5000 -2.654161 0.9991 0.126278 -0.052126 0.051467 14.0167 17.1209 0.80812 318.604259 1.36435
6000 30.0000 -2.625632 1.0132 0.141055 -0.020947 0.316563 14.0218 17.1233 0.85686 318.695084 1.36535
6100 30.5000 -2.603240 0.9893 0.092183 -0.052504 -0.224561 14.0243 17.1256 0.82717 310.360913 1.36583
6200 31.0000 -2.645389 1.0091 -0.418334 0.049268 -0.084826 14.0218 17.1279 0.91314 310.970686 1.36535
6300 31.5000 -2.632965 0.9650 0.227437 -0.230907 0.258632 14.0187 17.1217 0.85132 323.363181 1.36475
6400 32.0000 -2.635462 0.9653 0.176141 0.083792 -0.341976 14.0169 17.1187 0.93558 313.787451 1.36440
6500 32.5000 -2.627652 0.9655 -0.087433 -0.047365 -0.201845 14.0157 17.1107 0.84931 280.750202 1.36416
6600 33.0000 -2.671657 0.9639 0.137125 -0.058326 0.088574 14.0133 17.1080 0.89020 295.782337 1.36369
6700 33.5000 -2.668547 0.9749 -0.130036 -0.016926 0.287727 14.0120 17.1104 0.88804 247.965169 1.36345
6800 34.0000 -2.661805 0.9766 -0.165245 0.288275 0.149567 14.0118 17.1146 0.91318 249.959924 1.36341
6900 34.5000 -2.659559 1.0030 -0.054655 -0.129777 -0.526146 14.0139 17.1159 0.89081 272.317027 1.36382
7000 35.0000 -2.611939 0.9927 0.281044 0.200988 0.044413 14.0177 17.1168 0.85070 253.333381 1.36456
7100 35.5000 -2.631567 0.9896 0.024830 0.403061 0.073150 14.0186 17.1043 0.89560 294.020312 1.36474
7200 36.0000 -2.613313 1.0035 -0.000863 -0.230567 0.025765 14.0234 17.1092 0.95013 293.330547 1.36566
7300 36.5000 -2.609006 1.0007 0.113516 0.247133 0.401096 14.0246 17.1122 0.94969 269.855242 1.36590
7400 37.0000 -2.615888 0.9971 -0.019749 -0.051945 0.219132 14.0272 17.1146 0.88214 284.678506 1.36641
7500 37.5000 -2.602032 0.9996 0.310323 0.395907 0.210232 14.0298 17.1182 0.95536 315.045910 1.36692
7600 38.0000 -2.612545 0.9748 0.115413 0.012045 -0.162650 14.0330 17.1188 0.89745 281.814055 1.36754
7700 38.5000 -2.624759 1.0023 0.058215 0.120309 -0.184314 14.0316 17.1095 0.88368 308.782892 1.36726
7800 39.0000 -2.598362 1.0140 0.087818 -0.053128 0.593396 14.0353 17.1104 0.85680 303.744365 1.36799
7900 39.5000 -2.615628 1.0014 -0.093610 -0.221144 0.228628 14.0384 17.1130 0.90047 274.038415 1.36859
8000 40.0000 -2.614611 0.9756 -0.258463 0.070761 -0.248065 14.0350 17.1067 0.77904 279.185337 1.36792
8100 40.5000 -2.636147 0.9943 -0.103320 0.173743 0.194955 14.0310 17.1053 0.75513 306.054786 1.36714
8200 41.0000 -2.625072 0.9891 0.025870 0.015995 0.081034 14.0283 17.1068 0.76111 297.718496 1.36663
8300 41.5000 -2.619197 0.9974 0.007158 -0.169806 0.253794 14.0279 17.1111 0.70815 307.578141 1.36654
8400 42.0000 -2.628887 0.9895 0.155442 -0.060536 -0.073054 14.0289 17.1108 0.74234 302.327156 1.36674
8500 42.5000 -2.654452 1.0095 0.146667 -0.293954 -0.087621 14.0317 17.1115 0.80609 312.669056 1.36728
8600 43.0000 -2.596972 1.0007 0.152566 0.434755 0.021607 14.0327 17.1149 0.85927 306.058278 1.36747
8700 43.5000 -2.610175 0.9804 -0.162786 -0.024178 -0.171695 14.0327 17.1149 0.85626 290.320411 1.36747
8800 44.0000 -2.605735 0.9803 -0.095386 0.090444 -0.178902 14.0311 17.1145 0.87788 276.927433 1.36717
8900 44.5000 -2.618153 1.0068 -0.110804 -0.004586 -0.231911 14.0352 17.1156 0.89410 299.649660 1.36797
9000 45.0000 -2.578484 1.0029 0.176079 0.106277 0.435900 14.0382 17.1208 0.94814 280.966975 1.36854
9100 45.5000 -2.611334 1.0205 -0.170750 -0.009450 -0.100779 14.0397 17.1209 0.92725 305.664965 1.36884
9200 46.0000 -2.606596 0.9941 -0.014131 -0.016860 0.055775 14.0379 17.1190 0.88477 317.914996 1.36848
9300 46.5000 -2.612409 0.9909 0.114922 -0.022872 0.098831 14.0340 17.1200 0.84497 319.341417 1.36773
9400 47.0000 -2.629735 0.9941 -0.253189 0.064613 0.069522 14.0353 17.1181 0.89703 302.204262 1.36798
9500 47.5000 -2.611879 0.9862 -0.100507 0.138496 0.234432 14.0344 17.1174 0.89191 312.815375 1.36781
9600 48.0000 -2.615136 0.9964 -0.216793 0.199684 -0.335553 14.0321 17.1165 0.82219 333.569259 1.36737
9700 48.5000 -2.610335 0.9630 0.183227 0.074305 0.088654 14.0306 17.1154 0.82691 296.294413 1.36706
9800 49.0000 -2.624969 0.9955 -0.045329 -0.018702 0.113865 14.0291 17.1137 0.86130 282.122709 1.36677
9900 49.5000 -2.618680 0.9890 -0.067712 0.043976 -0.185089 14.0332 17.1149 0.84962 328.653295 1.36757
10000 50.0000 -2.611751 1.0040 0.115115 -0.082177 0.162730 14.0321 17.1174 0.81744 280.208901 1.36737
10100 50.5000 -2.656575 0.9918 -0.249441 0.096724 -0.083701 14.0304 17.1172 0.82988 267.613474 1.36704
10200 51.0000 -2.643296 0.9933 0.114064 -0.144336 0.087967 14.0310 17.1136 0.85041 286.965085 1.36714
10300 51.5000 -2.645959 0.9990 -0.303332 0.066393 0.106778 14.0296 17.1201 0.87326 306.695329 1.36688
10400 52.0000 -2.626108 1.0216 -0.088202 -0.006598 0.045908 14.0319 17.1235 0.87271 307.512841 1.36732
10500 52.5000 -2.600369 0.9844 -0.160250 0.049116 0.369418 14.0327 17.1267 0.89833 254.296847 1.36747
10600 53.0000 -2.607026 0.9784 -0.024841 -0.126147 0.183466 14.0313 17.1282 0.87461 289.173964 1.36720
10700 53.5000 -2.583796 0.9953 0.241508 0.142218 -0.029594 14.0333 17.1315 0.95582 261.138012 1.36759
10800 54.0000 -2.585095 1.0221 -0.014075 0.036182 0.162086 14.0388 17.1374 0.98570 273.648528 1.36867
10900 54.5000 -2.583268 0.9886 0.011815 0.170176 0.380567 14.0386 17.1418 0.94640 305.148921 1.36863
11000 55.0000 -2.583173 1.0002 -0.068378 0.061603 0.075970 14.0369 17.1482 0.92492 318.151152 1.36829
11100 55.5000 -2.552653 1.0204 0.221498 0.170256 0.115578 14.0373 17.1519 0.91631 267.900826 1.36837
11200 56.0000 -2.549680 1.0201 0.093084 0.360090 0.060910 14.0449 17.1575 0.91436 308.542496 1.36986
11300 56.5000 -2.541724 0.9871 -0.009613 0.151825 -0.141513 14.0465 17.1535 0.93058 297.596249 1.37016
11400 57.0000 -2.580236 1.0235 -0.282159 0.150699 -0.182708 14.0456 17.1522 0.97742 306.159721 1.36999
11500 57.5000 -2.548385 0.9949 0.131261 0.111494 -0.505553 14.0484 17.1472 0.92901 293.096462 1.37053
11600 58.0000 -2.571613 0.9897 0.017925 0.048870 -0.090179 14.0529 17.1413 0.96085 321.653142 1.37141
11700 58.5000 -2.607583 1.0176 -0.080502 -0.079508 0.078230 14.0538 17.1426 0.89050 341.940670 1.37159
11800 59.0000 -2.584109 0.9943 -0.084132 -0.177868 -0.274989 14.0550 17.1448 0.88801 316.565877 1.37183
11900 59.5000 -2.607669 0.9789 -0.272355 -0.113794 0.025019 14.0471 17.1439 0.82504 303.669619 1.37028
12000 60.0000 -2.655919 0.9914 -0.292291 -0.353119 -0.477332 14.0415 17.1373 0.80524 313.863659 1.36918
12100 60.5000 -2.624636 0.9762 0.117604 -0.155771 -0.233552 14.0363 17.1309 0.83501 316.450444 1.36818
12200 61.0000 -2.636459 0.9657 -0.122946 -0.022758 -0.315219 14.0347 17.1227 0.79867 297.955358 1.36786
12300 61.5000 -2.645076 1.0135 -0.025155 -0.021191 -0.507691 14.0360 17.1181 0.86286 277.388074 1.36811
12400 62.0000 -2.605167 0.9920 0.093634 -0.034945 -0.047804 14.0394 17.1168 0.85295 316.368277 1.36878
12500 62.5000 -2.615562 1.0079 -0.148215 -0.093001 -0.253611 14.0388 17.1125 0.84585 292.562908 1.36866
12600 63.0000 -2.626176 1.0209 -0.014917 -0.325332 0.226636 14.0384 17.1106 0.85162 303.148391 1.36859
12700 63.5000 -2.585289 0.9765 0.022524 0.060287 -0.140334 14.0358 17.1042 0.83519 279.463321 1.36809
12800 64.0000 -2.629004 1.0075 0.012513 0.022651 0.074206 14.0380 17.1041 0.86731 317.995302 1.36852
12900 64.5000 -2.623311 0.9970 -0.021333 -0.073434 -0.157875 14.0390 17.1096 0.91085 300.017122 1.36871
13000 65.0000 -2.598380 0.9825 -0.078234 0.000945 0.526502 14.0404 17.1069 0.86939 263.357030 1.36897
13100 65.5000 -2.617454 0.9888 -0.056894 -0.032677 0.052227 14.0422 17.1082 0.87681 290.770776 1.36933
13200 66.0000 -2.600546 0.9916 -0.003318 -0.101449 0.059426 14.0377 17.1079 0.92439 325.240531 1.36845
13300 66.5000 -2.597581 0.9894 0.183026 -0.024774 0.117998 14.0338 17.1085 0.87141 310.139559 1.36769
13400 67.0000 -2.605090 1.0019 0.040672 -0.157445 0.209638 14.0349 17.1096 0.93629 316.709258 1.36791
13500 67.5000 -2.632421 0.9989 -0.122970 0.093903 -0.252357 14.0350 17.1101 0.83205 350.904703 1.36793
13600 68.0000 -2.636145 0.9818 0.039017 -0.122399 -0.335186 14.0321 17.1032 0.81207 356.994624 1.36736
13700 68.5000 -2.634091 0.9949 0.107225 -0.046203 0.403821 14.0333 17.0942 0.81446 349.177423 1.36760
13800 69.0000 -2.624799 0.9891 -0.030020 -0.149713 0.030330 14.0313 17.0919 0.85142 342.486872 1.36720
13900 69.5000 -2.619527 1.0052 0.176500 0.260355 -0.292356 14.0311 17.0912 0.81401 339.307662 1.36717
14000 70.0000 -2.574448 1.0000 0.321137 0.289605 0.057975 14.0396 17.0968 0.82835 340.221326 1.36881
14100 70.5000 -2.618719 1.0121 -0.041035 -0.056437 0.540729 14.0456 17.1018 0.79365 305.317517 1.36998
14200 71.0000 -2.588188 1.0147 0.210986 0.104071 0.505276 14.0514 17.1080 0.88437 289.480927 1.37112
14300 71.5000 -2.593132 1.0332 0.088219 -0.298820 0.111437 14.0572 17.1101 0.88647 312.587282 1.37225
14400 72.0000 -2.588612 1.0082 0.009061 0.034354 0.028453 14.0560 17.1164 0.81670 310.801173 1.37203
14500 72.5000 -2.586765 1.0166 -0.301774 -0.157740 -0.164211 14.0534 17.1139 0.79306 324.378808 1.37152
14600 73.0000 -2.588383 1.0236 0.015262 -0.190228 -0.095233 14.0509 17.1085 0.77170 340.092734 1.37102
14700 73.5000 -2.577759 1.0016 0.218297 0.138576 0.229260 14.0543 17.1045 0.84131 347.665945 1.37169
14800 74.0000 -2.569146 0.9800 -0.019609 0.219727 -0.286863 14.0577 17.0977 0.82933 310.092839 1.37236
14900 74.5000 -2.560674 1.0062 -0.146245 0.011292 -0.253114 14.0612 17.0942 0.81913 331.783556 1.37304
15000 75.0000 -2.545876 1.0189 -0.005712 0.047670 0.181266 14.0608 17.0964 0.85969 355.339824 1.37295
15100 75.5000 -2.573025 1.0270 -0.193217 -0.146402 -0.497612 14.0643 17.1005 0.84897 352.361800 1.37363
15200 76.0000 -2.564180 1.0010 0.045081 0.277152 0.643328 14.0602 17.1024 0.81046 380.729525 1.37285
15300 76.5000 -2.586607 0.9905 -0.177746 0.011382 -0.104163 14.0625 17.1013 0.85288 356.726755 1.37330
15400 77.0000 -2.597921 0.9835 -0.021318 -0.114479 -0.092649 14.0558 17.0919 0.80248 383.607524 1.37198
15500 77.5000 -2.606132 0.9965 -0.013986 -0.167217 -0.418915 14.0515 17.0844 0.85660 317.617055 1.37115
15600 78.0000 -2.590768 0.9905 -0.233313 0.259023 0.148433 14.0493 17.0856 0.86051 309.628119 1.37071
15700 78.5000 -2.594253 1.0022 0.007610 0.324635 -0.313631 14.0496 17.0832 0.86660 295.313686 1.37076
15800 79.0000 -2.591303 1.0010 -0.014990 -0.014536 0.063055 14.0490 17.0817 0.88335 299.367423 1.37066
15900 79.5000 -2.606493 1.0097 0.221927 -0.012458 -0.176812 14.0511 17.0861 0.90281 336.447625 1.37107
16000 80.0000 -2.613589 1.0312 0.012007 -0.019302 -0.051828 14.0533 17.0769 0.90552 310.550512 1.37149
16100 80.5000 -2.563382 1.0027 0.130220 -0.067218 -0.037301 14.0536 17.0728 0.89151 340.862718 1.37154
16200 81.0000 -2.565662 0.9895 0.062184 -0.006675 0.047351 14.0560 17.0730 0.89969 326.412976 1.37202
16300 81.5000 -2.620555 0.9754 -0.149182 -0.248999 0.069596 14.0474 17.0684 0.86934 308.634400 1.37035
16400 82.0000 -2.643151 0.9787 -0.115938 -0.115376 -0.187447 14.0414 17.0569 0.82910 325.074623 1.36916
16500 82.5000 -2.647780 0.9839 0.029669 -0.137251 -0.209256 14.0422 17.0517 0.83436 321.825300 1.36933
16600 83.0000 -2.628625 0.9985 0.170978 0.108848 0.315357 14.0399 17.0452 0.80425 314.694741 1.36888
16700 83.5000 -2.630574 0.9909 0.054617 0.054052 0.019509 14.0428 17.0472 0.86036 343.227213 1.36944
16800 84.0000 -2.637256 0.9795 -0.034512 -0.081896 -0.045983 14.0436 17.0412 0.91898 331.376743 1.36960
16900 84.5000 -2.639795 0.9841 -0.020244 0.029419 -0.165471 14.0412 17.0399 0.88477 315.604452 1.36914
17000 85.0000 -2.644211 0.9957 -0.309093 0.142113 -0.069034 14.0442 17.0383 0.87354 326.685648 1.36972
17100 85.5000 -2.615095 0.9858 0.146822 0.081618 0.275946 14.0441 17.0412 0.89649 299.474743 1.36970
17200 86.0000 -2.646959 0.9904 -0.049283 -0.042001 0.169373 14.0429 17.0385 0.87345 337.695871 1.36946
17300 86.5000 -2.625909 0.9788 0.087618 0.112161 -0.064839 14.0420 17.0365 0.84656 346.989919 1.36929
17400 87.0000 -2.640104 0.9910 -0.021549 0.072828 0.077654 14.0411 17.0478 0.87568 315.033581 1.36912
17500 87.5000 -2.626100 1.0016 0.219866 -0.009237 0.053889 14.0426 17.0475 0.82540 294.724142 1.36940
17600 88.0000 -2.624064 0.9837 0.110373 -0.212725 0.127773 14.0478 17.0519 0.80439 323.027007 1.37042
17700 88.5000 -2.604016 0.9784 0.104429 -0.086173 0.605594 14.0441 17.0517 0.81325 329.003858 1.36971
17800 89.0000 -2.607231 0.9879 0.144427 -0.077995 0.387370 14.0446 17.0630 0.85218 288.660909 1.36979
17900 89.5000 -2.624893 0.9978 0.016609 0.042891 -0.418235 14.0491 17.0669 0.81942 311.703235 1.37068
18000 90.0000 -2.601372 0.9967 0.195318 0.109997 0.143362 14.0521 17.0653 0.76514 335.627581 1.37126
18100 90.5000 -2.606329 0.9909 0.050284 0.203678 -0.273243 14.0548 17.0688 0.74984 347.772238 1.37178
18200 91.0000 -2.610279 1.0031 0.039831 0.080618 0.476367 14.0581 17.0657 0.72920 312.877678 1.37243
18300 91.5000 -2.600835 0.9959 -0.040529 -0.151507 -0.039701 14.0603 17.0685 0.76617 335.069499 1.37285
18400 92.0000 -2.598157 1.0066 -0.234105 0.038354 -0.019806 14.0624 17.0703 0.70151 345.474479 1.37327
18500 92.5000 -2.634113 1.0070 -0.184734 -0.245941 -0.191913 14.0590 17.0687 0.68324 377.742665 1.37260
18600 93.0000 -2.598182 0.9850 -0.116781 0.247352 -0.195602 14.0552 17.0648 0.65279 347.999112 1.37187
18700 93.5000 -2.658839 0.9967 -0.239668 -0.143948 0.110048 14.0584 17.0592 0.71666 326.878360 1.37249
18800 94.0000 -2.629707 0.9968 -0.003322 -0.022321 -0.369713 14.0578 17.0497 0.74012 310.208808 1.37238
18900 94.5000 -2.615471 0.9988 -0.039286 -0.139242 -0.602052 14.0574 17.0438 0.72731 326.249826 1.37229
19000 95.0000 -2.593755 0.9896 0.247401 0.105168 0.215819 14.0572 17.0387 0.76041 334.454348 1.37226
19100 95.5000 -2.594936 1.0034 0.079357 0.088665 -0.009312 14.0621 17.0365 0.72853 340.567440 1.37322
19200 96.0000 -2.628838 1.0095 -0.012645 -0.227818 -0.387069 14.0640 17.0421 0.71500 305.789125 1.37359
19300 96.5000 -2.634365 1.0335 -0.038499 -0.016632 -0.060913 14.0655 17.0372 0.72432 338.956292 1.37388
19400 97.0000 -2.612400 1.0152 -0.207671 0.101944 -0.011106 14.0697 17.0359 0.76066 366.703845 1.37469
19500 97.5000 -2.620994 1.0016 -0.025893 0.248362 -0.640281 14.0722 17.0373 0.77122 341.771071 1.37519
19600 98.0000 -2.607298 0.9753 -0.131266 -0.020330 -0.009954 14.0710 17.0280 0.77602 339.459935 1.37495
19700 98.5000 -2.599719 0.9840 0.024694 -0.064964 -0.108074 14.0698 17.0325 0.81534 332.348874 1.37473
19800 99.0000 -2.620699 0.9840 -0.043992 0.005152 0.031567 14.0674 17.0264 0.80644 331.199748 1.37425
19900 99.5000 -2.592364 0.9582 -0.018159 0.438040 0.193885 14.0696 17.0247 0.82050 346.881791 1.37468
20000 100.0000 -2.639037 0.9952 0.012933 -0.085748 -0.010136 14.0650 17.0142 0.76228 338.879431 1.37378
20100 100.5000 -2.625764 0.9967 -0.158060 -0.064510 0.192231 14.0624 17.0128 0.79197 309.703932 1.37327
20200 101.0000 -2.605678 0.9988 0.094262 0.133612 0.009689 14.0669 17.0164 0.83923 327.837374 1.37414
20300 101.5000 -2.605295 1.0279 0.349363 0.052397 0.031075 14.0740 17.0208 0.84010 322.376558 1.37553
20400 102.0000 -2.626317 0.9876 -0.087136 0.331509 0.288553 14.0763 17.0219 0.82850 343.550845 1.37599
20500 102.5000 -2.602242 0.9871 0.082488 0.104985 0.198049 14.0780 17.0193 0.89220 316.577257 1.37633
20600 103.0000 -2.586999 0.9940 -0.116277 0.169508 -0.052670 14.0785 17.0174 0.84369 319.179129 1.37641
20700 103.5000 -2.583198 0.9907 -0.063676 0.088690 0.142145 14.0814 17.0164 0.92011 358.548660 1.37698
20800 104.0000 -2.613739 1.0111 -0.074263 -0.118613 -0.325969 14.0848 17.0108 0.89149 343.204384 1.37764
20900 104.5000 -2.597604 0.9852 0.070978 -0.075863 -0.038944 14.0812 17.0104 0.87272 322.712319 1.37695
21000 105.0000 -2.602145 0.9909 0.199784 0.123278 0.229984 14.0790 17.0135 0.87587 326.564632 1.37652
21100 105.5000 -2.667198 1.0004 -0.473656 -0.440064 0.108268 14.0743 17.0096 0.81556 326.236403 1.37560
21200 106.0000 -2.653554 0.9926 -0.165904 -0.287157 -0.423448 14.0677 17.0116 0.87172 318.280417 1.37431
21300 106.5000 -2.640230 0.9820 0.075183 -0.161851 -0.307354 14.0658 17.0077 0.88836 311.621106 1.37394
21400 107.0000 -2.602773 0.9590 0.248410 0.038362 0.248160 14.0689 17.0039 0.83186 386.853735 1.37454
21500 107.5000 -2.635087 0.9998 -0.289589 0.153542 -0.124685 14.0671 17.0012 0.77796 366.122330 1.37419
21600 108.0000 -2.616180 1.0046 0.049826 -0.133842 -0.152968 14.0626 16.9958 0.84589 344.431078 1.37330
21700 108.5000 -2.649812 1.0071 -0.005176 -0.131896 -0.105619 14.0612 16.9908 0.80654 365.186065 1.37303
21800 109.0000 -2.637769 0.9775 0.049486 0.117468 0.026825 14.0633 16.9925 0.77594 339.204211 1.37345
21900 109.5000 -2.647373 0.9637 -0.100579 -0.172536 -0.264736 14.0611 16.9844 0.77890 293.215720 1.37302
22000 110.0000 -2.650246 0.9746 -0.005094 -0.088538 0.176027 14.0568 16.9748 0.87612 291.874689 1.37218
22100 110.5000 -2.657118 0.9758 0.070835 0.059589 0.456297 14.0568 16.9733 0.79074 320.373067 1.37218
22200 111.0000 -2.654668 0.9805 0.046765 0.092950 -0.268283 14.0547 16.9726 0.84910 301.144799 1.37177
22300 111.5000 -2.663718 0.9668 0.105442 -0.080695 -0.253764 14.0542 16.9658 0.82432 344.167767 1.37167
22400 112.0000 -2.651617 0.9805 0.011504 0.104095 0.119020 14.0538 16.9674 0.82299 356.269996 1.37160
22500 112.5000 -2.634091 1.0111 0.029313 0.211531 -0.191347 14.0569 16.9728 0.83364 342.496231 1.37219
22600 113.0000 -2.648539 0.9818 -0.132609 0.107486 0.053127 14.0605 16.9762 0.88330 312.987711 1.37290
22700 113.5000 -2.642494 0.9990 0.122751 0.219844 -0.036832 14.0621 16.9737 0.83887 358.266831 1.37321
22800 114.0000 -2.615114 0.9752 0.181328 0.147138 0.185295 14.0655 16.9793 0.84092 352.637061 1.37387
22900 114.5000 -2.609740 0.9996 0.209187 0.130465 -0.159922 14.0689 16.9813 0.80668 353.623563 1.37454
23000 115.0000 -2.624591 1.0237 -0.210030 0.106464 0.455730 14.0744 16.9849 0.77635 340.605928 1.37561
23100 115.5000 -2.606952 0.9970 -0.114255 0.198845 -0.210002 14.0752 16.9903 0.82969 391.165840 1.37576
23200 116.0000 -2.600704 0.9988 -0.003577 0.138415 0.293692 14.0782 16.9841 0.79950 385.577559 1.37636
23300 116.5000 -2.617634 0.9874 0.010605 0.130033 -0.326960 14.0829 16.9930 0.77821 332.436011 1.37728
23400 117.0000 -2.613869 0.9969 0.026123 0.033936 -0.005978 14.0868 16.9894 0.83579 355.051523 1.37804
23500 117.5000 -2.571369 1.0085 0.116858 0.232748 -0.092353 14.0909 16.9867 0.83717 361.435061 1.37885
23600 118.0000 -2.597690 1.0030 -0.070208 0.003710 0.245874 14.0942 16.9875 0.78574 361.343200 1.37949
23700 118.5000 -2.606267 0.9950 0.077234 -0.321679 -0.314618 14.0897 16.9872 0.76730 358.310021 1.37861
23800 119.0000 -2.603031 1.0024 0.025547 -0.050312 0.261013 14.0897 16.9931 0.76449 362.395390 1.37860
23900 119.5000 -2.572855 0.9892 0.144024 0.077599 -0.009983 14.0901 16.9929 0.81592 331.405844 1.37870
24000 120.0000 -2.570847 0.9940 0.373453 0.140769 -0.000603 14.0924 16.9936 0.83417 350.820285 1.37914
24100 120.5000 -2.611782 1.0015 0.241085 -0.135902 -0.157873 14.0937 16.9950 0.73585 333.573951 1.37938
24200 121.0000 -2.573390 0.9806 0.176524 -0.038500 0.235365 14.0949 17.0003 0.79075 312.401452 1.37962
24300 121.5000 -2.627010 0.9722 -0.167647 -0.255626 -0.391760 14.0927 16.9962 0.84145 345.884243 1.37920
24400 122.0000 -2.618052 0.9979 -0.224458 0.053751 -0.475795 14.0884 16.9895 0.80987 344.826444 1.37835
24500 122.5000 -2.567995 0.9838 0.106155 0.314505 0.392215 14.0870 16.9859 0.84274 345.986499 1.37808
24600 123.0000 -2.622603 1.0045 -0.017054 -0.110201 -0.484409 14.0895 16.9907 0.87326 324.483702 1.37858
24700 123.5000 -2.622943 0.9924 -0.169840 -0.031465 -0.145945 14.0889 16.9839 0.85031 334.172953 1.37845
24800 124.0000 -2.623193 0.9857 0.108134 -0.209461 -0.098488 14.0860 16.9836 0.87655 303.179350 1.37789
24900 124.5000 -2.630781 1.0049 0.139266 0.048862 -0.349395 14.0884 16.9760 0.84368 359.335570 1.37835
25000 125.0000 -2.627195 0.9983 0.000327 -0.188656 -0.296825 14.0884 16.9742 0.86783 337.724173 1.37836
25100 125.5000 -2.635941 0.9964 0.036369 -0.069289 0.199115 14.0898 16.9718 0.94131 311.916572 1.37862
25200 126.0000 -2.607504 0.9964 0.082151 0.186702 -0.077468 14.0934 16.9628 0.89897 311.324334 1.37932
25300 126.5000 -2.616002 1.0045 0.201810 0.180741 0.440415 14.0992 16.9707 0.90662 361.944835 1.38047
25400 127.0000 -2.614130 0.9763 -0.074246 0.027341 0.057412 14.0972 16.9674 0.94171 351.856489 1.38008
25500 127.5000 -2.613679 0.9855 0.023217 0.144730 -0.043438 14.0964 16.9578 0.86382 368.638883 1.37993
25600 128.0000 -2.623716 1.0000 0.090810 0.114630 -0.337601 14.0952 16.9567 0.90993 309.392013 1.37968
25700 128.5000 -2.616407 0.9908 0.154080 0.122347 -0.229196 14.0967 16.9494 0.89408 287.968378 1.37998
25800 129.0000 -2.629899 1.0071 -0.049548 0.270072 -0.191801 14.0993 16.9533 0.90080 314.178401 1.38049
25900 129.5000 -2.620147 1.0120 -0.041781 -0.023292 -0.012885 14.1025 16.9585 0.89953 356.505185 1.38111
26000 130.0000 -2.584936 1.0056 -0.183591 0.157293 0.452858 14.1022 16.9625 0.87843 350.173989 1.38105
26100 130.5000 -2.604916 0.9886 -0.152958 -0.216311 -0.252520 14.0993 16.9699 0.96160 284.642161 1.38048
26200 131.0000 -2.634040 1.0058 -0.178316 -0.192785 0.159350 14.0958 16.9644 0.96229 325.680706 1.37981
26300 131.5000 -2.637161 0.9958 -0.228683 0.055197 -0.050982 14.0921 16.9655 0.91057 319.847586 1.37908
26400 132.0000 -2.584054 0.9995 0.147890 0.001443 0.000347 14.0901 16.9709 0.94801 350.632114 1.37868
26500 132.5000 -2.632410 1.0178 0.036798 -0.295236 -0.009689 14.0868 16.9715 0.86109 341.406734 1.37805
26600 133.0000 -2.600481 1.0102 0.138275 0.189348 0.287083 14.0914 16.9734 0.83915 348.829289 1.37893
26700 133.5000 -2.601657 1.0330 -0.228097 -0.081327 0.192839 14.0949 16.9850 0.83249 355.178542 1.37963
26800 134.0000 -2.568282 0.9919 0.223413 0.018843 -0.347455 14.0998 16.9846 0.87895 327.801003 1.38058
26900 134.5000 -2.574838 0.9976 -0.061018 -0.121681 0.246551 14.0981 16.9832 0.85211 330.017565 1.38025
27000 135.0000 -2.581451 0.9931 -0.112061 0.008117 -0.010925 14.0962 16.9826 0.82786 328.449332 1.37989
27100 135.5000 -2.606335 1.0138 -0.225125 -0.023244 -0.112743 14.0929 16.9828 0.86124 352.020689 1.37924
27200 136.0000 -2.584349 0.9895 0.141701 0.182553 0.378366 14.0951 16.9909 0.81719 333.723392 1.37967
27300 136.5000 -2.621786 0.9882 -0.139915 -0.387500 0.061140 14.0986 16.9967 0.85943 369.115531 1.38035
27400 137.0000 -2.595636 0.9753 0.130683 -0.032517 0.226904 14.0911 16.9937 0.92352 362.770579 1.37888
27500 137.5000 -2.603595 0.9916 0.042236 0.033610 0.003511 14.0878 16.9941 0.95398 348.179290 1.37823
27600 138.0000 -2.594319 0.9805 -0.034144 0.045431 -0.124556 14.0855 16.9960 0.97779 337.872263 1.37780
27700 138.5000 -2.584064 1.0181 0.343355 -0.031071 0.304128 14.0922 17.0007 0.99874 336.930225 1.37911
27800 139.0000 -2.578041 1.0013 0.129764 0.013578 0.008409 14.0967 17.0045 1.02766 334.192012 1.37998
27900 139.5000 -2.560819 1.0079 -0.088610 0.326702 0.174088 14.0959 17.0095 0.93895 351.820038 1.37982
28000 140.0000 -2.566735 1.0249 0.039373 0.277064 -0.480236 14.1033 17.0096 0.93588 379.803270 1.38127
28100 140.5000 -2.582032 1.0240 -0.078934 0.058419 0.002134 14.1071 17.0146 0.94682 330.013179 1.38201
28200 141.0000 -2.569906 1.0237 -0.133804 0.031265 -0.134695 14.1096 17.0196 0.95565 336.314754 1.38250
28300 141.5000 -2.579144 0.9889 -0.244692 -0.013055 -0.351492 14.1105 17.0162 0.85428 359.454431 1.38268
28400 142.0000 -2.609014 0.9907 0.020562 0.099525 -0.073845 14.1077 17.0074 0.91032 328.892948 1.38213
28500 142.5000 -2.629445 0.9921 -0.438864 -0.097673 0.130120 14.1030 17.0018 0.89195 314.960518 1.38122
28600 143.0000 -2.607165 0.9971 -0.014289 0.081520 -0.041476 14.0975 16.9993 0.90402 326.240544 1.38014
28700 143.5000 -2.616963 1.0183 0.026966 0.024092 -0.314080 14.0981 16.9963 0.76138 334.819989 1.38025
28800 144.0000 -2.607678 1.0067 0.052135 -0.240002 -0.255432 14.0966 16.9986 0.78547 339.053150 1.37995
28900 144.5000 -2.586827 1.0118 0.254258 0.181469 -0.097053 14.0989 16.9940 0.78209 327.666625 1.38040
29000 145.0000 -2.618385 1.0060 -0.041534 0.124214 0.316462 14.1002 16.9972 0.85761 316.897064 1.38067
29100 145.5000 -2.559680 0.9920 0.169500 0.152627 0.229059 14.1030 16.9985 0.90046 300.194348 1.38121
29200 146.0000 -2.584383 0.9794 -0.052290 -0.184005 0.064114 14.1005 16.9993 0.85371 356.204580 1.38073
29300 146.5000 -2.597809 1.0028 0.077092 -0.222672 0.307533 14.0994 16.9931 0.85531 330.415336 1.38050
29400 147.0000 -2.605391 0.9972 0.060883 -0.076941 -0.390617 14.0992 16.9851 0.91332 322.947036 1.38047
29500 147.5000 -2.602423 1.0109 -0.027186 0.015970 0.557083 14.0986 16.9829 0.86528 342.359661 1.38036
29600 148.0000 -2.604646 1.0173 -0.072964 -0.051641 -0.576427 14.0975 16.9827 0.93419 332.844913 1.38014
29700 148.5000 -2.605554 1.0049 -0.022903 -0.053712 0.142361 14.0982 16.9816 0.93869 346.540112 1.38027
29800 149.0000 -2.595821 0.9842 -0.056830 -0.087218 0.204536 14.0972 16.9840 0.88433 343.817988 1.38008
29900 149.5000 -2.623613 0.9869 -0.054087 -0.144277 0.031422 14.0932 16.9837 0.86106 341.468747 1.37930
30000 150.0000 -2.612382 0.9739 -0.079821 0.022071 -0.244321 14.0896 16.9821 0.81730 331.715656 1.37859
30100 150.5000 -2.624380 1.0013 0.076667 0.073637 0.214845 14.0911 16.9797 0.72549 377.558318 1.37888
30200 151.0000 -2.597171 0.9767 0.088598 0.059226 0.208101 14.0887 16.9745 0.80138 349.573360 1.37842
30300 151.5000 -2.614658 0.9701 0.143980 -0.067929 0.364268 14.0857 16.9754 0.76775 353.257181 1.37783
30400 152.0000 -2.619859 0.9900 -0.023087 0.199667 0.291963 14.0881 16.9775 0.81074 340.922811 1.37830
30500 152.5000 -2.648929 0.9897 -0.052283 -0.060050 -0.201931 14.0856 16.9687 0.82123 318.607916 1.37781
30600 153.0000 -2.624050 0.9823 0.123723 -0.053384 -0.228767 14.0849 16.9625 0.82283 320.021836 1.37767
30700 153.5000 -2.626028 0.9835 0.120487 -0.212572 -0.331602 14.0844 16.9627 0.83238 361.254321 1.37757
30800 154.0000 -2.632399 0.9890 0.085991 -0.021543 0.354193 14.0833 16.9592 0.90925 345.829304 1.37737
30900 154.5000 -2.608197 0.9768 -0.106001 0.035081 0.037392 14.0806 16.9587 0.82764 338.533178 1.37683
31000 155.0000 -2.636331 0.9954 -0.147580 0.034003 0.333794 14.0826 16.9577 0.79985 399.607970 1.37722
31100 155.5000 -2.623312 0.9900 -0.121908 -0.067060 0.067851 14.0817 16.9620 0.80510 348.422563 1.37705
31200 156.0000 -2.615720 0.9812 0.031312 -0.055261 -0.106886 14.0838 16.9592 0.80562 358.694178 1.37746
31300 156.5000 -2.629028 0.9802 -0.170777 0.118090 -0.032781 14.0843 16.9597 0.81337 346.710815 1.37755
31400 157.0000 -2.681290 1.0389 -0.197467 -0.243700 -0.168581 14.0811 16.9563 0.81846 351.241286 1.37694
31500 157.5000 -2.632724 0.9785 0.118209 0.185955 0.397698 14.0816 16.9581 0.83946 360.967562 1.37703
31600 158.0000 -2.630635 1.0064 0.177424 0.145378 -0.153888 14.0838 16.9557 0.84906 326.723873 1.37746
31700 158.5000 -2.631209 0.9898 -0.055400 -0.065735 0.136715 14.0879 16.9619 0.83141 331.404458 1.37826
31800 159.0000 -2.621514 1.0067 0.288078 0.105998 0.121855 14.0899 16.9679 0.84622 342.914811 1.37865
31900 159.5000 -2.574628 1.0314 0.156913 0.402561 0.290745 14.0987 16.9750 0.80103 339.319757 1.38036
32000 160.0000 -2.580210 1.0193 0.211672 -0.042697 0.021130 14.1096 16.9804 0.81632 335.379446 1.38251
32100 160.5000 -2.550254 0.9979 -0.121824 0.097604 0.240868 14.1119 16.9753 0.86884 345.021582 1.38295
32200 161.0000 -2.547373 1.0020 -0.094826 0.018450 0.036638 14.1117 16.9799 0.91530 369.828382 1.38291
32300 161.5000 -2.575783 0.9979 0.070786 -0.073308 -0.253557 14.1126 16.9783 0.89992 311.308369 1.38310
32400 162.0000 -2.543344 1.0164 -0.136779 -0.028906 -0.179568 14.1129 16.9733 0.88462 342.774432 1.38315
32500 162.5000 -2.557688 1.0229 0.143106 -0.038109 -0.008542 14.1141 16.9756 0.89142 348.832990 1.38340
32600 163.0000 -2.554559 1.0018 0.090567 0.138601 -0.345619 14.1136 16.9714 0.83008 327.881261 1.38330
32700 163.5000 -2.557590 1.0316 0.121787 -0.042972 -0.130319 14.1155 16.9738 0.78250 355.269425 1.38367
32800 164.0000 -2.557927 1.0267 -0.118552 0.037791 -0.087232 14.1192 16.9806 0.79195 331.074610 1.38439
32900 164.5000 -2.582967 1.0188 -0.077403 -0.052639 0.051479 14.1175 16.9741 0.81469 346.087035 1.38406
33000 165.0000 -2.598084 1.0141 -0.449673 -0.174511 -0.284405 14.1152 16.9722 0.80250 321.705646 1.38360
33100 165.5000 -2.596339 0.9878 -0.230911 -0.131948 -0.019831 14.1093 16.9674 0.79712 323.733467 1.38244
33200 166.0000 -2.640470 0.9967 -0.478275 -0.352940 -0.256954 14.1015 16.9690 0.78161 308.366536 1.38092
33300 166.5000 -2.608709 1.0122 0.142312 -0.073302 0.359420 14.1024 16.9670 0.81431 325.841198 1.38109
