# step time Epot/N T Pxx Pyy Pzz Lx Lz gap comF areaperlipid
0 0.0000 -2.591983 0.9829 -0.067761 -0.098153 -0.082690 14.0070 17.2600 0.82084 225.304450 1.36247
100 0.5000 -2.450205 1.0119 0.634811 0.317484 0.177441 14.0194 17.2736 0.86722 166.170654 1.36488
200 1.0000 -2.455352 1.0303 -0.069620 0.189073 0.187721 14.0320 17.2859 0.93723 89.271209 1.36733
300 1.5000 -2.364288 1.0181 0.256331 0.470595 0.774707 14.0436 17.3001 1.00877 129.675983 1.36961
400 2.0000 -2.344720 1.0278 0.485719 0.025931 0.425380 14.0577 17.3168 0.96114 96.065080 1.37234
500 2.5000 -2.309315 1.0227 0.283274 0.166485 0.831101 14.0701 17.3325 0.93825 75.196089 1.37478
600 3.0000 -2.403707 1.0699 0.092975 0.177715 -0.104458 14.0745 17.3354 0.93237 81.104326 1.37563
700 3.5000 -2.400975 1.0586 0.119648 0.232296 0.528397 14.0804 17.3334 0.93103 121.274587 1.37680
800 4.0000 -2.449330 1.0492 -0.019675 -0.178940 -0.006525 14.0775 17.3268 0.92107 119.497582 1.37621
900 4.5000 -2.436348 0.9926 -0.067788 -0.055908 0.163278 14.0758 17.3203 0.79389 171.055723 1.37590
1000 5.0000 -2.502463 1.0129 -0.184467 -0.428196 -0.317028 14.0687 17.3162 0.80411 152.656992 1.37450
1100 5.5000 -2.490438 1.0230 -0.286068 0.086366 -0.041525 14.0640 17.3145 0.77880 172.813238 1.37358
1200 6.0000 -2.491030 1.0048 -0.020817 -0.010556 0.128454 14.0594 17.3081 0.78906 188.983138 1.37269
1300 6.5000 -2.507677 1.0097 -0.048066 0.012978 -0.144878 14.0559 17.3033 0.79274 173.523032 1.37200
1400 7.0000 -2.514009 0.9914 0.141276 -0.174563 -0.376781 14.0518 17.2938 0.87797 154.304208 1.37121
1500 7.5000 -2.510652 1.0008 0.132855 -0.059267 -0.289542 14.0480 17.2881 0.79677 170.144532 1.37045
1600 8.0000 -2.512118 0.9971 -0.055656 -0.025554 0.164285 14.0456 17.2764 0.77495 177.739286 1.36998
1700 8.5000 -2.557280 1.0097 -0.455102 -0.206349 -0.283114 14.0388 17.2757 0.81600 153.575795 1.36867
1800 9.0000 -2.579926 1.0300 -0.255735 -0.025909 -0.266584 14.0323 17.2745 0.84434 186.322752 1.36739
1900 9.5000 -2.544834 0.9885 -0.097100 0.052082 -0.208356 14.0335 17.2641 0.83529 138.440231 1.36762
2000 10.0000 -2.591898 1.0024 -0.272939 -0.116455 -0.241749 14.0307 17.2494 0.83469 164.339316 1.36710
2100 10.5000 -2.588457 1.0111 -0.107568 -0.212920 -0.667121 14.0284 17.2392 0.84678 141.303223 1.36665
2200 11.0000 -2.590530 0.9942 0.349157 -0.039925 -0.243888 14.0209 17.2274 0.89909 133.858888 1.36517
2300 11.5000 -2.565477 0.9791 0.123295 0.048975 0.192815 14.0189 17.2262 0.78598 128.686427 1.36478
2400 12.0000 -2.594226 1.0182 -0.085102 -0.002831 -0.242723 14.0184 17.2307 0.79713 148.815615 1.36469
2500 12.5000 -2.564065 1.0297 0.280441 -0.151622 -0.304964 14.0198 17.2248 0.75050 170.668728 1.36496
2600 13.0000 -2.552595 1.0007 0.144974 -0.179853 -0.194204 14.0245 17.2268 0.81481 154.697274 1.36588
2700 13.5000 -2.584277 1.0016 0.085054 -0.101224 -0.302475 14.0224 17.2234 0.80959 125.672163 1.36548
2800 14.0000 -2.581272 0.9896 -0.035092 -0.027373 -0.500109 14.0213 17.2164 0.75586 136.209976 1.36526
2900 14.5000 -2.638669 0.9920 0.004966 -0.051959 -0.173109 14.0175 17.2080 0.86320 136.847049 1.36452
3000 15.0000 -2.580336 0.9709 -0.159304 0.307652 0.282327 14.0165 17.2025 0.87177 173.403463 1.36431
3100 15.5000 -2.585230 1.0034 -0.060247 0.257971 -0.331571 14.0184 17.2073 0.88571 159.728459 1.36468
3200 16.0000 -2.566366 1.0012 -0.070818 0.350944 -0.010347 14.0222 17.2131 0.88482 148.010749 1.36543
3300 16.5000 -2.562916 1.0001 0.191821 0.068701 0.117677 14.0280 17.2154 0.88565 140.701729 1.36656
3400 17.0000 -2.567350 0.9988 0.057579 0.030196 -0.015038 14.0291 17.2076 0.88651 103.913397 1.36677
3500 17.5000 -2.595897 1.0085 0.083159 -0.056808 -0.282480 14.0248 17.2003 0.88056 109.255415 1.36594
3600 18.0000 -2.577447 0.9895 0.233507 -0.066039 -0.094924 14.0275 17.1967 0.87979 149.420507 1.36647
3700 18.5000 -2.593623 0.9831 0.065470 -0.048123 -0.319704 14.0271 17.1885 0.90414 147.775547 1.36639
3800 19.0000 -2.619740 0.9605 0.118707 -0.148077 0.159049 14.0213 17.1839 0.92267 161.582435 1.36526
3900 19.5000 -2.640267 0.9927 -0.205848 -0.102137 0.081404 14.0151 17.1836 0.79354 162.875491 1.36404
4000 20.0000 -2.631699 0.9795 0.298364 -0.072565 0.516583 14.0154 17.1877 0.93888 131.742471 1.36410
4100 20.5000 -2.604264 1.0053 0.091277 -0.004382 -0.171894 14.0168 17.1825 0.94314 148.915399 1.36439
4200 21.0000 -2.634114 1.0011 -0.053128 0.079802 -0.515646 14.0194 17.1803 0.87296 147.528692 1.36489
4300 21.5000 -2.586807 0.9548 0.308896 0.207040 -0.091333 14.0206 17.1837 0.92247 168.731567 1.36512
4400 22.0000 -2.606883 0.9699 0.239027 -0.018050 0.155361 14.0229 17.1778 0.85841 168.284161 1.36556
4500 22.5000 -2.620667 0.9718 -0.132213 0.010949 -0.050263 14.0179 17.1731 0.83125 178.847089 1.36460
4600 23.0000 -2.623477 0.9773 0.005128 -0.100142 -0.122665 14.0121 17.1710 0.80738 218.801413 1.36347
4700 23.5000 -2.640693 1.0103 0.042119 -0.039397 -0.212348 14.0140 17.1732 0.77874 170.788394 1.36383
4800 24.0000 -2.593586 0.9819 -0.071077 0.237614 0.296174 14.0150 17.1764 0.75045 150.262324 1.36404
4900 24.5000 -2.600784 1.0049 -0.107681 0.179199 0.085699 14.0185 17.1788 0.82541 142.163827 1.36472
5000 25.0000 -2.594515 1.0012 -0.064559 0.043121 -0.265620 14.0181 17.1798 0.84115 133.096305 1.36464
5100 25.5000 -2.581084 0.9980 0.152992 0.262649 0.385721 14.0186 17.1772 0.80888 214.315813 1.36472
5200 26.0000 -2.565934 0.9981 0.000888 0.121624 0.151425 14.0212 17.1853 0.81525 187.863825 1.36524
5300 26.5000 -2.592429 1.0181 -0.029940 0.074283 -0.156287 14.0226 17.1945 0.83562 120.132489 1.36550
5400 27.0000 -2.609319 1.0217 -0.175532 -0.199615 -0.451041 14.0259 17.1992 0.80952 146.283662 1.36614
5500 27.5000 -2.603462 0.9922 -0.201121 -0.037209 -0.110275 14.0237 17.1947 0.81968 126.409080 1.36572
5600 28.0000 -2.586697 0.9902 0.065619 0.175192 -0.229362 14.0242 17.1872 0.84557 184.768076 1.36583
5700 28.5000 -2.573977 0.9986 0.007883 -0.036066 0.057907 14.0262 17.1948 0.90070 173.418979 1.36620
5800 29.0000 -2.577689 0.9854 -0.245584 0.140193 0.174374 14.0249 17.1953 0.83061 186.074739 1.36596
5900 29.5000 -2.586463 1.0089 -0.097835 0.245286 0.061684 14.0220 17.1999 0.84936 143.474312 1.36540
6000 30.0000 -2.594765 1.0077 0.091354 0.202124 0.069634 14.0216 17.2005 0.84155 173.860706 1.36531
6100 30.5000 -2.584047 0.9841 0.094738 0.052178 0.131761 14.0238 17.1968 0.77095 162.821303 1.36574
6200 31.0000 -2.608585 1.0027 -0.073595 0.055460 -0.189734 14.0222 17.1881 0.80731 153.904262 1.36542
6300 31.5000 -2.620126 1.0183 -0.051656 -0.061840 0.333367 14.0166 17.1850 0.78206 165.484422 1.36434
6400 32.0000 -2.615061 0.9855 -0.038333 -0.007931 -0.233341 14.0136 17.1874 0.84655 145.682367 1.36375
6500 32.5000 -2.626800 0.9870 -0.098971 -0.065586 -0.139045 14.0115 17.1831 0.89903 150.630515 1.36335
6600 33.0000 -2.659967 0.9822 -0.069549 -0.326710 0.067516 14.0092 17.1766 0.88520 128.256357 1.36290
6700 33.5000 -2.640815 1.0074 0.014314 0.004884 -0.097580 14.0074 17.1723 0.94806 181.365463 1.36255
6800 34.0000 -2.631727 1.0066 -0.008244 0.144950 0.120812 14.0074 17.1745 0.97570 166.982608 1.36255
6900 34.5000 -2.624476 0.9805 -0.065085 -0.097710 0.156416 14.0050 17.1731 0.89450 150.149900 1.36208
7000 35.0000 -2.620836 0.9990 0.086341 0.030032 0.320568 14.0046 17.1769 0.84612 147.758939 1.36201
7100 35.5000 -2.614213 0.9913 0.103014 0.107074 -0.039698 14.0046 17.1846 0.82909 174.712898 1.36201
7200 36.0000 -2.614887 0.9729 -0.058849 0.121075 0.254364 14.0004 17.1875 0.83597 151.153482 1.36118
7300 36.5000 -2.610602 0.9907 -0.140734 -0.020459 -0.401966 14.0020 17.1881 0.81235 127.967161 1.36150
7400 37.0000 -2.619690 0.9903 0.191106 -0.182320 -0.072124 14.0002 17.1816 0.86152 126.265147 1.36116
7500 37.5000 -2.627326 1.0035 0.054973 -0.042871 0.157835 14.0016 17.1823 0.86187 127.103329 1.36142
7600 38.0000 -2.638903 1.0251 0.200058 -0.002318 0.277937 14.0050 17.1868 0.96505 122.419445 1.36208
7700 38.5000 -2.626596 1.0027 0.054002 0.073648 -0.037044 14.0090 17.1897 0.87153 116.043570 1.36286
7800 39.0000 -2.603597 1.0001 -0.213314 0.098188 0.020966 14.0101 17.1927 0.94311 117.138260 1.36307
7900 39.5000 -2.627075 1.0269 -0.168607 0.045124 0.045667 14.0117 17.1893 0.84449 141.346393 1.36339
8000 40.0000 -2.581271 1.0122 0.056078 0.168252 0.327396 14.0172 17.1962 0.90989 148.490898 1.36445
8100 40.5000 -2.571048 1.0223 0.099187 0.352397 0.136134 14.0221 17.1999 0.81582 197.961577 1.36542
8200 41.0000 -2.586082 1.0130 -0.068589 0.077957 -0.241225 14.0256 17.1993 0.80492 176.704257 1.36609
8300 41.5000 -2.601923 1.0165 -0.143174 -0.200398 -0.311732 14.0261 17.1928 0.79502 138.958214 1.36619
8400 42.0000 -2.624361 1.0310 -0.017012 -0.132886 -0.223973 14.0265 17.1889 0.80603 144.596991 1.36628
8500 42.5000 -2.598455 0.9999 0.123813 0.202542 -0.328421 14.0281 17.1911 0.79082 154.419664 1.36658
8600 43.0000 -2.591608 1.0014 0.141218 -0.088188 -0.074330 14.0263 17.1944 0.81681 166.645449 1.36624
8700 43.5000 -2.600954 1.0140 -0.094961 -0.098519 -0.098112 14.0261 17.2014 0.82000 134.140049 1.36619
8800 44.0000 -2.624054 1.0011 0.056203 -0.153283 -0.297506 14.0273 17.2008 0.78386 155.884983 1.36643
8900 44.5000 -2.588575 1.0022 -0.115858 0.041086 0.039493 14.0257 17.2019 0.83619 129.370100 1.36611
9000 45.0000 -2.584335 1.0285 -0.053432 -0.061256 -0.087835 14.0264 17.2012 0.82089 128.204462 1.36625
9100 45.5000 -2.575402 1.0192 -0.002680 -0.196708 -0.169466 14.0276 17.2058 0.76873 148.027001 1.36648
9200 46.0000 -2.565912 0.9947 0.138551 -0.052137 0.367562 14.0294 17.2013 0.78398 120.172059 1.36683
9300 46.5000 -2.572600 0.9937 -0.076739 0.149517 0.073762 14.0305 17.1968 0.82720 146.511975 1.36705
9400 47.0000 -2.582723 0.9860 -0.022071 0.161418 -0.304215 14.0333 17.2001 0.83121 176.455778 1.36760
9500 47.5000 -2.574948 1.0095 0.065254 0.106099 -0.187145 14.0312 17.1958 0.83159 141.016803 1.36719
9600 48.0000 -2.588875 0.9849 -0.124434 0.009070 -0.108424 14.0287 17.1951 0.76848 176.971102 1.36669
9700 48.5000 -2.587699 0.9877 -0.087290 0.158769 0.122908 14.0274 17.1942 0.85199 151.766760 1.36645
9800 49.0000 -2.560228 0.9865 0.221506 0.108304 0.199877 14.0312 17.1937 0.82176 166.288135 1.36719
9900 49.5000 -2.549955 1.0003 0.045823 0.151887 0.267583 14.0367 17.2026 0.82438 157.984607 1.36827
10000 50.0000 -2.554763 1.0130 -0.093103 0.012224 0.352949 14.0367 17.2071 0.77659 148.123643 1.36825
10100 50.5000 -2.577755 1.0054 -0.064304 0.179681 -0.189248 14.0370 17.2109 0.85544 152.449176 1.36831
10200 51.0000 -2.610719 1.0127 -0.270071 0.139731 -0.082194 14.0341 17.2175 0.79680 165.623564 1.36775
10300 51.5000 -2.574768 0.9915 -0.124872 0.010011 -0.098175 14.0294 17.2157 0.76164 191.566806 1.36683
10400 52.0000 -2.584138 1.0122 -0.281381 0.062221 -0.155910 14.0265 17.2125 0.75534 174.826853 1.36627
10500 52.5000 -2.552816 1.0031 0.127959 0.154350 0.049244 14.0287 17.2128 0.79908 155.387475 1.36670
10600 53.0000 -2.556631 1.0019 -0.352386 0.069258 -0.083247 14.0333 17.2185 0.74475 200.407007 1.36760
10700 53.5000 -2.555717 0.9924 -0.323808 -0.050788 -0.115227 14.0286 17.2132 0.77791 171.295701 1.36668
10800 54.0000 -2.551398 0.9987 0.061867 0.194148 0.089353 14.0313 17.2115 0.73473 131.359872 1.36720
10900 54.5000 -2.575797 1.0342 0.081953 -0.300989 0.122621 14.0350 17.2084 0.71154 127.047183 1.36793
11000 55.0000 -2.571724 0.9974 0.105357 -0.063391 -0.204591 14.0342 17.2072 0.74579 154.274503 1.36777
11100 55.5000 -2.574055 1.0008 0.052255 -0.158465 -0.133711 14.0336 17.2048 0.73832 145.580290 1.36765
11200 56.0000 -2.564440 0.9927 0.053180 0.066199 0.278709 14.0302 17.2088 0.77296 161.401684 1.36699
11300 56.5000 -2.578536 0.9962 0.002279 0.232071 -0.062122 14.0283 17.2044 0.84311 148.168848 1.36662
11400 57.0000 -2.575463 0.9839 0.074250 0.062122 0.002508 14.0276 17.2006 0.84055 180.294876 1.36648
11500 57.5000 -2.555957 0.9761 -0.138760 -0.050628 0.177301 14.0249 17.1961 0.83524 186.699810 1.36596
11600 58.0000 -2.561367 1.0019 0.061628 0.261954 0.278906 14.0214 17.1924 0.82976 189.380747 1.36527
11700 58.5000 -2.583645 1.0089 0.051974 0.175175 -0.153952 14.0291 17.1992 0.78749 172.897606 1.36677
11800 59.0000 -2.597495 1.0171 -0.189500 0.079676 -0.107567 14.0326 17.1911 0.85083 150.613790 1.36746
11900 59.5000 -2.591919 0.9999 0.048775 -0.103800 0.040579 14.0316 17.1867 0.78173 174.716924 1.36726
12000 60.0000 -2.570655 0.9915 0.146791 0.221084 0.497664 14.0314 17.1840 0.86853 198.989991 1.36723
12100 60.5000 -2.605281 1.0059 -0.133321 -0.235278 -0.062832 14.0323 17.1816 0.90058 161.803491 1.36740
12200 61.0000 -2.609727 1.0155 -0.059304 -0.207498 0.052079 14.0327 17.1789 0.92802 160.218534 1.36747
12300 61.5000 -2.573562 0.9770 0.265290 -0.119334 0.059700 14.0373 17.1767 0.85741 154.337850 1.36837
12400 62.0000 -2.586004 1.0027 0.083944 0.110420 0.255645 14.0385 17.1757 0.86353 153.735609 1.36860
12500 62.5000 -2.600930 1.0006 -0.110066 -0.104265 0.179986 14.0354 17.1762 0.84030 151.404751 1.36800
12600 63.0000 -2.628126 1.0085 -0.094421 -0.404783 -0.567673 14.0301 17.1740 0.82040 153.195081 1.36697
12700 63.5000 -2.616672 0.9905 0.098969 -0.204950 -0.066296 14.0272 17.1761 0.87929 184.041481 1.36641
12800 64.0000 -2.620146 0.9890 -0.057521 0.011133 0.125180 14.0239 17.1701 0.85899 195.327808 1.36576
12900 64.5000 -2.613410 0.9872 -0.225603 0.040940 -0.156778 14.0178 17.1648 0.85496 184.691079 1.36457
13000 65.0000 -2.639652 1.0114 0.100790 0.004504 -0.223687 14.0159 17.1609 0.84150 157.086487 1.36420
13100 65.5000 -2.653926 0.9902 -0.187598 -0.071662 0.279229 14.0155 17.1605 0.82462 127.625019 1.36413
13200 66.0000 -2.626588 0.9697 -0.109077 -0.004305 0.031357 14.0136 17.1556 0.83039 154.862740 1.36375
13300 66.5000 -2.629234 0.9855 -0.085791 0.158441 0.014046 14.0117 17.1541 0.78773 148.476539 1.36338
13400 67.0000 -2.639482 0.9895 -0.079964 -0.010462 -0.144695 14.0108 17.1506 0.79754 147.204176 1.36320
13500 67.5000 -2.648295 1.0032 0.089169 0.091410 -0.009511 14.0100 17.1539 0.75834 199.347927 1.36306
13600 68.0000 -2.652365 1.0156 -0.202988 0.084031 -0.205325 14.0115 17.1547 0.79865 138.598516 1.36335
13700 68.5000 -2.623024 1.0028 0.127778 0.024247 0.011294 14.0138 17.1466 0.80564 117.578998 1.36380
13800 69.0000 -2.629133 0.9910 0.091135 -0.049360 0.123801 14.0169 17.1430 0.72295 167.950456 1.36439
13900 69.5000 -2.639258 0.9790 0.136768 -0.126566 0.044716 14.0132 17.1459 0.78953 175.090358 1.36369
14000 70.0000 -2.659307 1.0051 0.062415 -0.193212 -0.473825 14.0088 17.1448 0.77286 181.033925 1.36283
14100 70.5000 -2.639175 0.9973 -0.321304 -0.013674 -0.172444 14.0089 17.1410 0.75600 155.046523 1.36283
14200 71.0000 -2.687351 1.0008 -0.261404 -0.250943 -0.269852 14.0048 17.1380 0.84755 124.958540 1.36204
14300 71.5000 -2.655456 1.0293 0.249079 0.237581 0.062082 14.0060 17.1361 0.83158 144.856081 1.36229
14400 72.0000 -2.617890 1.0143 0.333479 0.226844 0.129054 14.0143 17.1454 0.86012 157.470712 1.36390
14500 72.5000 -2.640417 0.9922 -0.149817 -0.077165 0.058956 14.0161 17.1506 0.79346 182.265149 1.36424
14600 73.0000 -2.622566 1.0174 -0.058559 -0.161118 -0.037517 14.0186 17.1514 0.79156 172.707583 1.36474
14700 73.5000 -2.624921 1.0144 -0.041719 -0.042092 -0.084938 14.0227 17.1511 0.78813 160.958780 1.36554
14800 74.0000 -2.605171 0.9853 0.109234 0.008020 -0.135980 14.0208 17.1493 0.85663 150.485925 1.36515
14900 74.5000 -2.632151 1.0030 0.124794 -0.036562 0.056901 14.0178 17.1511 0.79537 167.468444 1.36457
15000 75.0000 -2.611134 0.9844 0.156361 0.104568 -0.083811 14.0223 17.1543 0.80467 163.112138 1.36545
15100 75.5000 -2.603866 0.9808 0.103212 -0.052608 0.264235 14.0223 17.1481 0.77622 184.208812 1.36544
15200 76.0000 -2.607281 1.0126 0.012799 -0.115167 0.054834 14.0227 17.1556 0.78765 163.479678 1.36552
15300 76.5000 -2.591362 1.0049 0.002084 0.033676 0.253742 14.0249 17.1633 0.68097 172.223297 1.36595
15400 77.0000 -2.597260 0.9945 -0.086971 0.016158 -0.067870 14.0264 17.1651 0.80392 155.526148 1.36624
15500 77.5000 -2.592092 1.0031 -0.006130 -0.228450 0.108431 14.0271 17.1679 0.86166 122.167530 1.36639
15600 78.0000 -2.586528 0.9943 0.026010 -0.100670 0.204773 14.0271 17.1703 0.87753 139.571593 1.36639
15700 78.5000 -2.585409 0.9736 0.063152 -0.088370 0.189206 14.0224 17.1681 0.81486 169.266572 1.36547
15800 79.0000 -2.639260 1.0001 0.157191 -0.393393 -0.146899 14.0160 17.1614 0.87452 126.152322 1.36423
15900 79.5000 -2.638925 0.9912 0.025746 0.002741 -0.238102 14.0127 17.1514 0.86230 106.614190 1.36358
16000 80.0000 -2.651608 0.9912 -0.109786 0.071953 0.415824 14.0120 17.1447 0.82499 127.583526 1.36345
16100 80.5000 -2.642403 0.9709 0.039076 -0.022129 0.265146 14.0115 17.1478 0.83750 185.200805 1.36334
16200 81.0000 -2.636859 0.9810 -0.047331 0.104947 -0.103667 14.0109 17.1477 0.85287 184.530146 1.36322
16300 81.5000 -2.657973 0.9817 -0.028275 0.067127 0.027021 14.0082 17.1426 0.77589 159.128548 1.36271
16400 82.0000 -2.661115 0.9992 -0.143127 -0.163987 0.111620 14.0092 17.1447 0.81380 132.624173 1.36291
16500 82.5000 -2.639435 0.9936 -0.050791 -0.120456 -0.130123 14.0100 17.1460 0.75183 148.422143 1.36305
16600 83.0000 -2.638020 0.9825 -0.089661 0.138345 -0.607813 14.0105 17.1430 0.75884 158.618625 1.36316
16700 83.5000 -2.610902 0.9739 -0.051507 0.132010 0.362895 14.0105 17.1466 0.78860 194.840033 1.36315
16800 84.0000 -2.619163 0.9800 -0.140210 0.063522 -0.240949 14.0113 17.1484 0.80401 183.291461 1.36331
16900 84.5000 -2.665805 1.0155 -0.227412 -0.258150 -0.106318 14.0122 17.1491 0.80114 147.808076 1.36348
17000 85.0000 -2.620574 0.9935 -0.051743 0.118510 0.232015 14.0132 17.1534 0.81832 181.038270 1.36368
17100 85.5000 -2.635703 0.9690 -0.200142 -0.033745 -0.583744 14.0107 17.1479 0.83624 147.079774 1.36320
17200 86.0000 -2.660633 0.9969 -0.034575 -0.145823 0.119014 14.0096 17.1440 0.78050 186.284643 1.36298
17300 86.5000 -2.618193 0.9844 0.164044 0.223612 -0.050212 14.0128 17.1478 0.79234 155.670590 1.36361
17400 87.0000 -2.634546 0.9914 -0.165289 0.017449 -0.048757 14.0108 17.1455 0.83993 159.502228 1.36322
17500 87.5000 -2.607645 1.0031 0.044805 0.079922 -0.127109 14.0156 17.1484 0.83593 196.390172 1.36415
17600 88.0000 -2.620969 1.0002 -0.110108 -0.027405 -0.165541 14.0155 17.1525 0.89354 148.442152 1.36413
17700 88.5000 -2.617553 0.9827 0.107830 0.153822 -0.319571 14.0145 17.1577 0.83242 114.425269 1.36394
17800 89.0000 -2.641902 1.0201 -0.054270 -0.079735 0.016252 14.0136 17.1605 0.77595 127.613629 1.36375
17900 89.5000 -2.624717 0.9956 -0.115157 0.127704 -0.063871 14.0105 17.1627 0.80344 150.892275 1.36316
18000 90.0000 -2.634806 0.9941 -0.164494 -0.004367 0.020184 14.0106 17.1660 0.85741 165.533079 1.36317
18100 90.5000 -2.622589 0.9937 0.340248 0.141734 0.060438 14.0101 17.1699 0.79753 180.549349 1.36308
18200 91.0000 -2.647562 0.9863 -0.295497 -0.181593 -0.303895 14.0096 17.1644 0.75750 155.457156 1.36298
18300 91.5000 -2.644703 0.9776 0.017064 -0.013219 0.276897 14.0051 17.1599 0.74719 153.662135 1.36210
18400 92.0000 -2.636003 0.9700 0.160829 -0.081388 -0.017789 14.0036 17.1558 0.82050 119.245393 1.36181
18500 92.5000 -2.685302 1.0066 0.004495 -0.239354 -0.305932 14.0011 17.1542 0.83457 123.581195 1.36133
18600 93.0000 -2.640580 0.9909 -0.010509 -0.094233 -0.324714 14.0032 17.1522 0.83630 159.166232 1.36174
18700 93.5000 -2.605535 0.9518 0.206860 0.095078 0.578985 14.0042 17.1503 0.89158 134.424780 1.36193
18800 94.0000 -2.627854 0.9832 -0.036331 -0.296458 -0.107557 14.0019 17.1605 0.85639 134.394035 1.36147
18900 94.5000 -2.625064 0.9830 0.069304 0.165958 0.298311 13.9981 17.1632 0.88626 115.508153 1.36073
19000 95.0000 -2.646703 1.0192 -0.075055 -0.070456 0.004617 14.0024 17.1694 0.90173 123.742041 1.36157
19100 95.5000 -2.634762 0.9652 0.179063 -0.197444 0.104438 14.0004 17.1714 0.90371 150.725329 1.36118
19200 96.0000 -2.650317 0.9871 0.171238 -0.090374 -0.258801 13.9951 17.1631 0.86402 137.280943 1.36017
19300 96.5000 -2.644075 0.9963 0.096136 0.103733 0.033184 13.9966 17.1698 0.88799 151.069819 1.36045
19400 97.0000 -2.625623 1.0075 -0.113580 0.277298 0.133713 14.0017 17.1726 0.83697 162.063685 1.36145
19500 97.5000 -2.626350 1.0026 -0.156194 -0.039916 0.201001 14.0036 17.1787 0.81047 158.315095 1.36181
19600 98.0000 -2.647017 1.0079 0.198191 0.122765 -0.140815 14.0027 17.1814 0.77410 138.383518 1.36163
19700 98.5000 -2.632438 0.9861 -0.063321 -0.135564 0.210949 14.0041 17.1815 0.79338 183.444085 1.36190
19800 99.0000 -2.604265 0.9757 -0.046323 -0.068216 -0.403047 14.0041 17.1874 0.82254 107.280568 1.36191
19900 99.5000 -2.603636 0.9987 0.228538 -0.016271 -0.159444 14.0029 17.1828 0.84949 149.168697 1.36167
20000 100.0000 -2.604816 1.0012 0.129624 0.327150 -0.059429 14.0056 17.1921 0.82617 133.163207 1.36219
20100 100.5000 -2.611804 0.9885 -0.282011 -0.096787 0.031987 14.0072 17.1981 0.77078 121.433637 1.36251
20200 101.0000 -2.627140 0.9988 0.057174 -0.152250 -0.139658 14.0034 17.1901 0.75286 127.721721 1.36177
20300 101.5000 -2.605040 1.0004 0.062017 -0.034588 -0.075072 14.0077 17.1889 0.75330 139.541432 1.36261
20400 102.0000 -2.622951 1.0045 0.178618 0.016689 -0.234691 14.0123 17.1893 0.76996 126.648540 1.36350
20500 102.5000 -2.602970 0.9937 0.036246 -0.056872 0.139783 14.0102 17.1832 0.75345 113.362523 1.36309
20600 103.0000 -2.616746 1.0141 -0.101342 0.376235 -0.440319 14.0145 17.1800 0.75850 114.927950 1.36393
20700 103.5000 -2.607015 1.0036 0.100697 0.012247 0.027790 14.0155 17.1814 0.77354 149.472109 1.36413
20800 104.0000 -2.621369 1.0081 -0.064591 0.129476 -0.353131 14.0142 17.1813 0.65988 134.745194 1.36387
20900 104.5000 -2.602223 1.0015 0.047778 0.314756 0.103127 14.0139 17.1845 0.80390 134.168707 1.36381
21000 105.0000 -2.610712 0.9993 -0.020510 0.172256 0.140691 14.0192 17.1881 0.81199 179.349669 1.36484
21100 105.5000 -2.636175 1.0013 -0.164943 -0.285880 0.116170 14.0167 17.1925 0.78000 154.617569 1.36435
21200 106.0000 -2.637308 0.9857 0.041086 -0.160752 0.014869 14.0092 17.1991 0.70595 162.405923 1.36290
21300 106.5000 -2.605227 0.9829 0.126652 -0.163914 -0.126809 14.0091 17.1958 0.78029 127.759080 1.36287
21400 107.0000 -2.582387 0.9871 0.095290 0.030052 -0.183370 14.0079 17.1970 0.89214 106.503888 1.36265
21500 107.5000 -2.605689 1.0087 -0.045808 0.042743 0.087540 14.0068 17.1972 0.85609 155.097651 1.36244
21600 108.0000 -2.604015 0.9913 0.187089 0.028195 -0.274673 14.0046 17.1996 0.82092 100.821159 1.36201
21700 108.5000 -2.598343 0.9808 0.075286 -0.002428 0.299258 14.0059 17.2025 0.81058 146.804220 1.36227
21800 109.0000 -2.615741 0.9721 -0.044654 0.145772 -0.270478 14.0040 17.2049 0.84324 129.822722 1.36188
21900 109.5000 -2.634541 0.9555 0.050951 -0.102261 -0.316068 14.0005 17.2011 0.83487 135.868558 1.36120
22000 110.0000 -2.608313 0.9737 -0.121722 0.084724 0.262722 13.9974 17.1996 0.83440 130.861238 1.36060
22100 110.5000 -2.629951 0.9854 -0.133480 0.112307 -0.149942 13.9985 17.1995 0.82209 165.311587 1.36082
22200 111.0000 -2.617706 0.9907 0.059608 -0.104862 -0.059226 13.9987 17.2015 0.88501 160.331464 1.36085
22300 111.5000 -2.616418 0.9781 0.164341 0.046885 0.063712 13.9976 17.2058 0.83372 179.039428 1.36065
22400 112.0000 -2.634849 0.9766 -0.129871 -0.233519 -0.266275 13.9986 17.1959 0.82229 164.804171 1.36084
22500 112.5000 -2.647372 0.9868 0.061639 -0.260574 -0.110120 13.9953 17.1906 0.81666 180.520779 1.36019
22600 113.0000 -2.649375 1.0011 -0.008443 -0.026835 -0.217977 13.9941 17.1851 0.84848 173.302066 1.35996
22700 113.5000 -2.613050 0.9850 0.154916 0.068326 -0.087919 13.9999 17.1786 0.88815 148.317037 1.36109
22800 114.0000 -2.629754 0.9782 0.155431 -0.039210 -0.497929 13.9993 17.1714 0.94754 140.593330 1.36097
22900 114.5000 -2.633798 0.9936 0.007740 -0.151193 -0.221862 13.9994 17.1681 0.82378 187.503620 1.36099
23000 115.0000 -2.600381 0.9879 0.123090 -0.107159 0.054743 13.9997 17.1709 0.90617 172.703436 1.36105
23100 115.5000 -2.630134 0.9962 0.091203 -0.041229 0.166658 14.0000 17.1671 0.85711 189.403606 1.36112
23200 116.0000 -2.625486 0.9646 0.136073 0.204104 0.204389 13.9995 17.1691 0.88096 176.665511 1.36102
23300 116.5000 -2.636418 0.9700 -0.170536 -0.035039 -0.166075 14.0004 17.1707 0.88500 195.498229 1.36119
23400 117.0000 -2.614271 1.0013 -0.017301 0.141114 0.061694 14.0014 17.1796 0.89196 132.864001 1.36138
23500 117.5000 -2.609064 0.9830 0.317988 -0.007335 0.173034 14.0035 17.1809 0.92695 157.254496 1.36180
23600 118.0000 -2.627033 0.9971 -0.055340 -0.058617 -0.048276 14.0040 17.1812 0.89207 154.498238 1.36189
23700 118.5000 -2.631077 0.9967 0.276008 -0.093937 0.250416 14.0036 17.1834 0.83842 175.295528 1.36181
23800 119.0000 -2.599455 0.9639 0.163247 -0.043324 -0.096359 14.0034 17.1842 0.81239 172.558932 1.36178
23900 119.5000 -2.616445 0.9975 0.054293 -0.346404 0.065519 13.9998 17.1906 0.88680 151.058200 1.36107
24000 120.0000 -2.600273 1.0039 -0.072408 0.181955 0.285514 14.0006 17.1962 0.80526 185.719126 1.36122
24100 120.5000 -2.605581 0.9991 0.144900 0.142344 -0.320061 14.0059 17.1904 0.80797 175.765940 1.36225
24200 121.0000 -2.605045 0.9871 0.174788 -0.094507 0.428801 14.0069 17.1802 0.77326 173.441951 1.36245
24300 121.5000 -2.625946 0.9863 -0.103035 0.076700 0.258595 14.0092 17.1792 0.83724 183.866695 1.36291
24400 122.0000 -2.651233 1.0046 -0.016431 0.078245 -0.274853 14.0079 17.1730 0.84120 161.257741 1.36264
24500 122.5000 -2.640581 0.9975 -0.127502 -0.090392 0.477457 14.0055 17.1666 0.83901 177.209620 1.36218
24600 123.0000 -2.633933 0.9883 -0.072999 -0.201407 0.003398 14.0034 17.1747 0.86738 170.412180 1.36178
24700 123.5000 -2.648634 1.0020 0.011212 -0.183832 -0.091230 14.0028 17.1646 0.84705 161.456717 1.36165
24800 124.0000 -2.647410 0.9985 -0.027032 0.083846 0.309425 14.0049 17.1589 0.92247 162.211150 1.36207
24900 124.5000 -2.639279 0.9990 0.080926 -0.165204 -0.258796 14.0064 17.1618 0.85750 160.657622 1.36235
25000 125.0000 -2.653961 1.0004 -0.241315 0.311570 -0.294386 14.0054 17.1550 0.94506 152.280050 1.36216
25100 125.5000 -2.613818 0.9794 0.124996 0.164364 -0.092480 14.0125 17.1545 0.92298 205.233665 1.36355
25200 126.0000 -2.656919 0.9870 -0.099055 0.033769 -0.488713 14.0168 17.1433 0.87894 211.962494 1.36438
25300 126.5000 -2.632841 0.9662 0.104977 -0.083439 0.117896 14.0149 17.1372 0.89904 172.673961 1.36402
25400 127.0000 -2.636543 0.9595 0.225510 0.259537 -0.201111 14.0107 17.1339 0.96510 173.337125 1.36319
25500 127.5000 -2.655787 0.9620 -0.140121 0.125698 -0.034896 14.0089 17.1313 0.86380 181.360258 1.36284
25600 128.0000 -2.633773 0.9521 -0.083343 0.228901 0.013253 14.0045 17.1330 0.93490 187.567185 1.36198
25700 128.5000 -2.663698 0.9503 -0.036040 -0.182754 0.078314 13.9985 17.1274 0.88317 153.297521 1.36081
25800 129.0000 -2.655811 0.9707 0.137062 -0.172662 -0.144588 13.9933 17.1227 0.85516 178.299738 1.35980
25900 129.5000 -2.684006 1.0065 -0.045060 -0.028460 0.480618 13.9922 17.1322 0.78358 199.137734 1.35959
26000 130.0000 -2.682711 0.9867 0.002248 -0.220867 -0.003525 13.9919 17.1351 0.84003 150.638067 1.35954
26100 130.5000 -2.660902 0.9899 -0.193958 0.025215 0.255019 13.9903 17.1396 0.85987 175.148853 1.35922
26200 131.0000 -2.651021 1.0229 0.018907 0.072435 -0.009763 13.9935 17.1453 0.90529 159.218617 1.35985
26300 131.5000 -2.608936 1.0056 0.116992 0.099366 0.523041 13.9991 17.1523 0.86775 146.956791 1.36093
26400 132.0000 -2.590022 0.9898 0.413665 0.016554 -0.008803 14.0043 17.1564 0.87442 162.622832 1.36195
26500 132.5000 -2.592078 1.0055 -0.031543 0.293583 0.410035 14.0081 17.1611 0.84447 187.196273 1.36269
26600 133.0000 -2.586936 1.0206 0.120984 0.133628 0.136369 14.0140 17.1687 0.81481 177.890949 1.36383
26700 133.5000 -2.578539 0.9997 0.079662 0.131006 -0.082781 14.0222 17.1749 0.79438 147.228442 1.36542
26800 134.0000 -2.619982 1.0098 0.167376 0.124644 0.006608 14.0228 17.1694 0.81433 165.172788 1.36555
26900 134.5000 -2.603690 0.9891 -0.113078 0.092830 0.468847 14.0246 17.1708 0.82268 149.204503 1.36590
27000 135.0000 -2.613543 0.9861 -0.214003 0.241710 -0.081401 14.0200 17.1718 0.79703 185.580823 1.36501
27100 135.5000 -2.618329 0.9716 0.019349 0.091416 0.069968 14.0157 17.1698 0.84172 151.398740 1.36417
27200 136.0000 -2.626371 0.9914 0.155931 0.193418 -0.024242 14.0175 17.1608 0.83558 161.074218 1.36451
27300 136.5000 -2.600894 0.9883 0.110261 0.124726 -0.227658 14.0181 17.1622 0.90404 137.669510 1.36464
27400 137.0000 -2.605501 1.0091 0.052544 0.302485 -0.062041 14.0194 17.1649 0.89813 175.542017 1.36489
27500 137.5000 -2.629232 1.0182 -0.149962 -0.148820 -0.237993 14.0231 17.1691 0.89787 164.649836 1.36560
27600 138.0000 -2.621817 1.0104 -0.228132 -0.018358 0.017658 14.0217 17.1684 0.89864 157.022132 1.36533
27700 138.5000 -2.609859 0.9995 0.032584 -0.069506 0.306595 14.0220 17.1666 0.84996 217.089957 1.36540
27800 139.0000 -2.601296 0.9895 0.045655 0.110071 -0.148479 14.0199 17.1617 0.83782 196.754716 1.36499
27900 139.5000 -2.626786 0.9874 -0.135910 0.194933 -0.014996 14.0213 17.1596 0.90596 184.610221 1.36525
28000 140.0000 -2.593667 0.9803 0.024536 0.020263 0.257951 14.0226 17.1556 0.87364 152.136021 1.36551
28100 140.5000 -2.632571 1.0103 -0.281575 -0.132859 0.397981 14.0226 17.1602 0.88040 146.288953 1.36551
28200 141.0000 -2.576782 0.9874 0.121682 -0.073576 0.302281 14.0218 17.1555 0.87805 114.509934 1.36536
28300 141.5000 -2.605513 1.0124 -0.089263 -0.145836 -0.679820 14.0245 17.1599 0.83173 159.568592 1.36587
28400 142.0000 -2.611367 1.0147 -0.000857 0.069839 -0.289656 14.0278 17.1584 0.83122 175.067604 1.36652
28500 142.5000 -2.604963 0.9993 -0.247458 0.025315 -0.364562 14.0277 17.1582 0.86747 129.694431 1.36651
28600 143.0000 -2.660472 1.0104 -0.309200 0.016622 -0.437236 14.0254 17.1555 0.84403 202.674794 1.36605
28700 143.5000 -2.637549 0.9974 -0.135579 0.034265 0.138041 14.0243 17.1524 0.89313 189.049891 1.36583
28800 144.0000 -2.625637 0.9926 0.015227 0.110190 -0.295499 14.0236 17.1480 0.89871 204.121838 1.36570
28900 144.5000 -2.600442 0.9939 -0.030419 0.154447 0.266404 14.0283 17.1452 0.88221 183.585134 1.36662
29000 145.0000 -2.606325 0.9776 0.124113 -0.115598 -0.126298 14.0301 17.1455 0.81644 194.558847 1.36697
29100 145.5000 -2.639860 0.9917 0.008734 -0.074053 -0.150600 14.0262 17.1445 0.84139 172.423333 1.36621
29200 146.0000 -2.638882 0.9872 -0.218253 -0.129804 -0.564586 14.0242 17.1359 0.81650 147.196775 1.36582
29300 146.5000 -2.630372 1.0041 -0.208643 0.222819 0.322884 14.0189 17.1355 0.86072 170.644447 1.36479
29400 147.0000 -2.619320 0.9802 0.075313 0.012502 0.254280 14.0246 17.1335 0.88215 207.032390 1.36590
29500 147.5000 -2.642961 0.9929 -0.047592 0.041597 0.076378 14.0237 17.1338 0.83422 185.856562 1.36573
29600 148.0000 -2.598390 0.9800 0.259055 0.051467 0.237475 14.0254 17.1364 0.86372 142.106114 1.36606
29700 148.5000 -2.619170 0.9904 -0.032261 -0.195775 0.284032 14.0239 17.1314 0.88327 132.135928 1.36576
29800 149.0000 -2.638684 1.0109 0.096938 -0.033038 -0.125742 14.0241 17.1391 0.88461 213.588876 1.36581
29900 149.5000 -2.626064 1.0090 0.115790 -0.045119 0.081042 14.0233 17.1322 0.91329 184.824441 1.36564
30000 150.0000 -2.601883 0.9649 0.205393 0.122441 0.084017 14.0219 17.1388 0.85954 205.439628 1.36536
30100 150.5000 -2.604067 0.9967 0.042533 0.296407 0.146114 14.0227 17.1324 0.77895 177.445582 1.36554
30200 151.0000 -2.622108 0.9900 -0.065165 -0.130636 -0.165482 14.0262 17.1259 0.79346 186.160883 1.36620
30300 151.5000 -2.632497 0.9891 0.168672 0.041921 0.021345 14.0263 17.1249 0.79793 205.496155 1.36623
30400 152.0000 -2.619763 0.9821 -0.089744 -0.096759 -0.102410 14.0278 17.1256 0.83214 155.890571 1.36652
30500 152.5000 -2.625314 1.0002 -0.054305 -0.044022 -0.018792 14.0280 17.1204 0.80284 138.947671 1.36656
30600 153.0000 -2.621741 1.0014 0.043771 -0.212043 0.200790 14.0300 17.1210 0.87292 131.076770 1.36694
30700 153.5000 -2.647951 1.0104 -0.039485 -0.225809 0.043347 14.0314 17.1166 0.82648 163.494055 1.36722
30800 154.0000 -2.634341 1.0006 -0.097833 0.007844 -0.007515 14.0312 17.1160 0.81434 189.728352 1.36718
30900 154.5000 -2.613781 0.9958 -0.049179 0.093271 0.263506 14.0355 17.1237 0.82640 162.211906 1.36801
31000 155.0000 -2.621919 1.0111 -0.012655 0.139620 -0.044376 14.0375 17.1290 0.82114 167.803662 1.36840
31100 155.5000 -2.607656 1.0024 0.045415 0.061159 0.051266 14.0380 17.1267 0.78518 195.024296 1.36851
31200 156.0000 -2.592740 0.9827 -0.030751 -0.231233 -0.075022 14.0385 17.1284 0.81372 204.951581 1.36860
31300 156.5000 -2.604131 1.0015 -0.042275 0.337366 -0.025722 14.0384 17.1204 0.84820 203.485972 1.36859
31400 157.0000 -2.629780 0.9976 -0.138237 -0.018142 -0.615645 14.0405 17.1108 0.90872 167.828730 1.36900
31500 157.5000 -2.627127 0.9900 0.011624 -0.076181 0.119026 14.0384 17.1010 0.86982 181.410937 1.36859
31600 158.0000 -2.627527 0.9953 0.144552 -0.148393 -0.085387 14.0356 17.1013 0.82719 173.030096 1.36804
31700 158.5000 -2.627318 1.0038 0.030901 -0.125720 -0.002820 14.0351 17.1004 0.86960 183.886332 1.36794
31800 159.0000 -2.608287 0.9885 -0.127694 0.109435 -0.244514 14.0364 17.1020 0.89248 152.285013 1.36820
31900 159.5000 -2.604292 1.0024 0.043486 -0.173284 0.244087 14.0364 17.1071 0.84701 176.462438 1.36820
32000 160.0000 -2.579220 0.9980 0.206090 0.130094 0.090909 14.0398 17.1137 0.86383 174.464980 1.36886
32100 160.5000 -2.585076 1.0011 0.227373 -0.159144 -0.049161 14.0411 17.1149 0.85130 170.077713 1.36912
32200 161.0000 -2.623458 1.0079 -0.036947 -0.073428 -0.027554 14.0400 17.1171 0.91673 143.759623 1.36890
32300 161.5000 -2.598285 0.9892 -0.060195 0.095682 0.292585 14.0418 17.1140 0.86641 176.880925 1.36924
32400 162.0000 -2.615085 1.0013 0.099458 0.087162 -0.341477 14.0430 17.1067 0.85251 165.418579 1.36948
32500 162.5000 -2.590569 1.0096 0.024159 0.072822 0.276093 14.0469 17.1017 0.87279 219.109424 1.37025
