# step time Epot/N T Pxx Pyy Pzz Lx Lz gap comF areaperlipid
0 0.0000 -2.248618 0.9978 -0.074547 -0.140781 -0.047725 14.0070 17.2600 0.81864 1800.076738 1.36247
100 0.5000 -2.222177 1.0152 0.125795 0.357723 0.527076 14.0159 17.2667 1.04028 1406.764595 1.36421
200 1.0000 -2.241596 1.0208 0.536595 0.660827 0.190144 14.0291 17.2821 1.27677 1106.629829 1.36678
300 1.5000 -2.296979 1.0097 0.592233 0.333011 0.073104 14.0431 17.2972 1.35921 970.986229 1.36951
400 2.0000 -2.262655 1.0127 0.535707 0.698845 0.819052 14.0572 17.3103 1.39892 901.079758 1.37225
500 2.5000 -2.244680 1.0067 0.542191 0.451039 0.498698 14.0711 17.3266 1.36465 947.640862 1.37497
600 3.0000 -2.326219 1.0380 0.162326 0.156429 -0.191079 14.0803 17.3174 1.22573 934.447282 1.37677
700 3.5000 -2.368526 1.0169 0.000553 -0.083365 -0.241313 14.0844 17.3099 1.18604 927.127607 1.37756
800 4.0000 -2.355181 1.0034 -0.036054 0.159860 -0.431508 14.0856 17.3036 1.24302 892.556626 1.37780
900 4.5000 -2.394626 1.0162 -0.159662 0.028837 -0.378826 14.0852 17.2903 1.29917 898.149467 1.37773
1000 5.0000 -2.359428 0.9929 -0.043737 0.165965 -0.203255 14.0884 17.2740 1.23366 942.190958 1.37836
1100 5.5000 -2.374958 1.0046 -0.108208 0.380829 -0.245302 14.0915 17.2613 1.17274 968.229103 1.37895
1200 6.0000 -2.401607 0.9819 0.195162 -0.142159 -0.365001 14.0936 17.2517 1.09499 989.376844 1.37938
1300 6.5000 -2.397436 0.9987 0.097196 -0.172766 -0.168104 14.0981 17.2391 1.12899 944.447432 1.38024
1400 7.0000 -2.359197 0.9725 0.276276 0.209675 -0.039430 14.1029 17.2317 1.11553 937.429135 1.38119
1500 7.5000 -2.365636 0.9978 -0.048844 0.230205 0.077609 14.1071 17.2243 1.06730 990.091528 1.38202
1600 8.0000 -2.359141 0.9820 0.238257 0.247016 -0.265613 14.1070 17.2146 1.14948 920.236467 1.38199
1700 8.5000 -2.403600 0.9926 0.043879 0.124582 -0.908580 14.1060 17.2046 1.13468 936.527724 1.38181
1800 9.0000 -2.415550 1.0022 0.160331 0.048451 0.017769 14.1082 17.1944 1.17762 956.741363 1.38224
1900 9.5000 -2.401340 0.9986 0.173329 0.096209 0.514620 14.1093 17.1852 1.18837 989.206373 1.38245
2000 10.0000 -2.397286 1.0096 0.160643 0.012179 0.048331 14.1163 17.1784 1.04550 1002.812216 1.38382
2100 10.5000 -2.401614 1.0132 0.129658 0.092892 -0.416701 14.1153 17.1674 1.07317 971.613483 1.38362
2200 11.0000 -2.423228 0.9909 -0.154037 0.315758 -0.063294 14.1178 17.1629 1.11309 948.560803 1.38412
2300 11.5000 -2.433345 0.9891 -0.276509 -0.011651 -0.351346 14.1144 17.1586 1.05507 956.992995 1.38345
2400 12.0000 -2.409260 0.9889 0.292276 -0.225535 -0.132059 14.1158 17.1560 1.08562 953.796369 1.38372
2500 12.5000 -2.424180 1.0131 0.005527 -0.147447 -0.324794 14.1164 17.1517 1.11595 873.230035 1.38384
2600 13.0000 -2.421992 1.0088 0.318748 0.125847 -0.357891 14.1220 17.1451 1.06443 874.358731 1.38494
2700 13.5000 -2.402502 0.9758 0.205304 0.064723 -0.283352 14.1230 17.1371 1.10552 893.276943 1.38514
2800 14.0000 -2.429676 0.9875 0.024482 -0.296012 -0.070222 14.1273 17.1282 1.07062 919.068031 1.38598
2900 14.5000 -2.427709 0.9719 -0.018285 -0.003906 -0.457410 14.1226 17.1208 1.06468 957.341144 1.38505
3000 15.0000 -2.398665 0.9787 0.272399 0.009342 -0.162862 14.1223 17.1126 1.15152 938.570891 1.38500
3100 15.5000 -2.421521 0.9904 0.045382 -0.117776 -0.073378 14.1265 17.1109 1.20043 898.476732 1.38583
3200 16.0000 -2.440582 0.9955 -0.017837 0.147961 -0.143348 14.1333 17.1019 1.23007 929.005026 1.38716
3300 16.5000 -2.416625 0.9942 0.054387 0.038623 0.148860 14.1378 17.0957 1.16742 945.990143 1.38805
3400 17.0000 -2.385973 1.0111 0.273490 0.119875 0.004879 14.1450 17.0993 1.13932 905.623861 1.38944
3500 17.5000 -2.419872 1.0022 -0.044755 0.062146 -0.465680 14.1500 17.0972 1.15528 878.244621 1.39043
3600 18.0000 -2.387223 1.0085 0.192009 -0.012053 -0.213702 14.1517 17.0967 1.18902 910.710104 1.39077
3700 18.5000 -2.345704 0.9836 0.144041 0.437785 0.067735 14.1539 17.0913 1.25426 891.418083 1.39119
3800 19.0000 -2.388490 1.0016 0.009288 0.071679 -0.141011 14.1598 17.0939 1.25264 857.246441 1.39237
3900 19.5000 -2.388038 0.9862 -0.087526 0.063763 0.056807 14.1650 17.0939 1.25273 850.030470 1.39339
4000 20.0000 -2.416429 0.9873 0.043514 -0.011792 -0.343662 14.1677 17.0850 1.21027 903.113262 1.39391
4100 20.5000 -2.445806 1.0310 0.010331 0.012292 -0.217933 14.1692 17.0756 1.22863 854.257227 1.39422
4200 21.0000 -2.434709 1.0044 0.271773 0.134427 -0.192192 14.1742 17.0652 1.21592 838.253563 1.39520
4300 21.5000 -2.428988 0.9549 -0.016744 -0.115027 -0.300793 14.1781 17.0524 1.37123 821.926734 1.39595
4400 22.0000 -2.462847 0.9805 -0.097505 0.131248 -0.310198 14.1771 17.0405 1.35451 798.469792 1.39576
4500 22.5000 -2.453535 1.0059 0.117844 -0.135475 -0.526628 14.1819 17.0317 1.26969 786.271780 1.39671
4600 23.0000 -2.448409 1.0109 -0.190238 -0.010227 -0.178548 14.1837 17.0184 1.31651 829.796169 1.39706
4700 23.5000 -2.428268 1.0010 -0.039751 0.182473 0.138980 14.1873 17.0114 1.28724 803.425777 1.39778
4800 24.0000 -2.417551 1.0053 0.068717 0.185047 0.098895 14.1910 17.0110 1.43549 797.025287 1.39850
4900 24.5000 -2.397763 0.9678 0.292481 0.134055 -0.099358 14.1932 17.0100 1.35797 818.316091 1.39893
5000 25.0000 -2.425154 1.0093 -0.159814 -0.185419 0.193675 14.1955 17.0112 1.44726 800.531606 1.39938
5100 25.5000 -2.424699 0.9981 -0.032396 0.085014 -0.113914 14.1983 17.0063 1.50243 817.104737 1.39995
5200 26.0000 -2.422595 0.9958 0.049412 -0.042285 0.003697 14.1992 17.0013 1.48995 788.077504 1.40011
5300 26.5000 -2.449606 1.0155 0.047506 0.176514 0.142535 14.2013 17.0064 1.48626 733.873327 1.40054
5400 27.0000 -2.414956 0.9890 0.125352 -0.003763 0.156964 14.2090 17.0056 1.42599 698.488391 1.40206
5500 27.5000 -2.359719 0.9725 0.113113 0.182125 0.275930 14.2146 17.0138 1.40609 696.940610 1.40317
5600 28.0000 -2.399246 0.9732 0.178253 0.148569 -0.042463 14.2158 17.0122 1.44630 687.221161 1.40340
5700 28.5000 -2.397471 0.9801 0.403720 -0.048793 -0.005876 14.2178 17.0086 1.46464 689.904155 1.40379
5800 29.0000 -2.365873 1.0173 0.114896 0.107353 -0.034807 14.2217 17.0119 1.64316 665.205116 1.40455
5900 29.5000 -2.365595 1.0046 0.255275 0.054703 0.190394 14.2301 17.0211 1.57072 628.209418 1.40623
6000 30.0000 -2.375634 1.0076 -0.146835 0.175067 0.102972 14.2318 17.0190 1.64153 646.513070 1.40655
6100 30.5000 -2.374926 0.9904 0.096465 -0.191340 0.243393 14.2360 17.0159 1.59339 658.202409 1.40739
6200 31.0000 -2.390254 1.0008 -0.200294 0.062091 0.250755 14.2353 17.0211 1.59882 598.842245 1.40724
6300 31.5000 -2.376437 1.0010 0.116862 0.179315 0.082368 14.2390 17.0242 1.65250 554.013915 1.40799
6400 32.0000 -2.380275 1.0175 -0.320915 0.210089 -0.390691 14.2420 17.0215 1.56225 588.329681 1.40856
6500 32.5000 -2.361178 1.0026 -0.014003 0.022148 0.176447 14.2446 17.0183 1.50772 607.250439 1.40909
6600 33.0000 -2.360494 1.0069 0.104353 -0.262433 -0.346613 14.2502 17.0148 1.61105 600.626659 1.41019
6700 33.5000 -2.390637 1.0160 -0.229151 -0.058033 -0.111203 14.2502 17.0138 1.54192 623.316933 1.41020
6800 34.0000 -2.394396 1.0011 0.228678 0.025221 0.024062 14.2468 17.0147 1.59439 625.287182 1.40952
6900 34.5000 -2.365777 0.9889 0.213330 0.083188 0.061635 14.2479 17.0111 1.70426 559.293686 1.40974
7000 35.0000 -2.407216 1.0104 0.059364 -0.001981 0.105080 14.2469 17.0134 1.68282 529.365135 1.40955
7100 35.5000 -2.386310 1.0198 0.128577 0.056505 -0.103617 14.2521 17.0197 1.86858 519.251205 1.41057
7200 36.0000 -2.356473 1.0062 -0.035121 0.065463 0.051428 14.2558 17.0193 1.74671 585.701030 1.41130
7300 36.5000 -2.380485 1.0217 -0.176254 0.073640 -0.136458 14.2537 17.0164 1.72363 610.306068 1.41089
7400 37.0000 -2.373547 1.0408 0.253875 -0.165476 -0.425652 14.2588 17.0184 1.95474 542.973704 1.41190
7500 37.5000 -2.370603 1.0249 0.014518 0.010394 -0.419993 14.2647 17.0214 1.67917 519.470605 1.41306
7600 38.0000 -2.347360 0.9849 -0.075675 0.373232 0.306390 14.2659 17.0265 1.63920 491.996865 1.41330
7700 38.5000 -2.363960 0.9809 0.111204 0.118585 -0.005018 14.2644 17.0232 1.71164 467.985354 1.41302
7800 39.0000 -2.394358 1.0153 0.050983 0.215067 -0.032269 14.2649 17.0296 1.90265 460.325343 1.41312
7900 39.5000 -2.380370 0.9960 -0.038610 -0.080846 0.082283 14.2680 17.0320 1.78527 479.977746 1.41373
8000 40.0000 -2.365879 0.9913 -0.065506 -0.069293 -0.347278 14.2647 17.0253 2.15777 512.671801 1.41308
8100 40.5000 -2.359262 0.9988 0.186724 0.031417 0.148394 14.2609 17.0215 2.14345 536.550221 1.41232
8200 41.0000 -2.352733 1.0059 -0.065765 0.023453 0.204972 14.2625 17.0238 2.25180 494.119979 1.41263
8300 41.5000 -2.377354 1.0262 -0.183271 0.038592 0.027180 14.2648 17.0262 2.23602 442.511594 1.41308
8400 42.0000 -2.320189 0.9772 0.360915 0.110545 0.132416 14.2685 17.0267 2.13287 469.993324 1.41382
8500 42.5000 -2.362872 1.0013 -0.220629 0.025261 -0.048270 14.2679 17.0237 1.76562 466.497394 1.41371
8600 43.0000 -2.348630 1.0307 0.033696 0.021412 0.046673 14.2694 17.0231 1.93058 483.308043 1.41400
8700 43.5000 -2.343142 1.0089 0.099571 -0.019050 -0.183084 14.2681 17.0198 2.21209 486.264082 1.41375
8800 44.0000 -2.331827 1.0131 0.155155 -0.172566 -0.014114 14.2669 17.0180 2.01852 431.368637 1.41351
8900 44.5000 -2.334771 1.0019 -0.004788 -0.082165 0.187954 14.2691 17.0257 1.89566 385.246004 1.41393
9000 45.0000 -2.344761 1.0079 -0.123884 0.392617 0.134260 14.2716 17.0283 1.92034 409.337153 1.41444
9100 45.5000 -2.342216 1.0176 -0.044002 0.224663 0.381702 14.2780 17.0368 1.94081 420.373648 1.41571
9200 46.0000 -2.329096 1.0115 -0.050193 0.184432 0.128287 14.2772 17.0429 1.97121 409.720487 1.41554
9300 46.5000 -2.349416 1.0319 -0.072680 -0.127746 -0.264933 14.2790 17.0430 1.68416 418.379101 1.41590
9400 47.0000 -2.317333 1.0004 0.068807 0.210478 -0.059328 14.2845 17.0480 1.58543 422.076989 1.41700
9500 47.5000 -2.351203 1.0203 -0.110783 -0.002101 -0.353117 14.2871 17.0454 1.70826 350.236493 1.41751
9600 48.0000 -2.349214 0.9985 -0.149545 0.084688 -0.131204 14.2841 17.0425 1.79832 365.892701 1.41691
9700 48.5000 -2.374723 0.9888 -0.185127 -0.292240 -0.086261 14.2833 17.0378 1.83455 326.307838 1.41675
9800 49.0000 -2.341803 0.9791 -0.311489 -0.037173 0.001815 14.2783 17.0337 1.78495 350.131213 1.41576
9900 49.5000 -2.359716 0.9987 -0.102763 -0.058281 -0.024085 14.2771 17.0366 1.86344 348.637009 1.41552
10000 50.0000 -2.367430 0.9804 -0.364675 -0.186893 -0.180678 14.2667 17.0370 1.65527 342.476261 1.41345
10100 50.5000 -2.362658 0.9963 -0.104141 0.104369 -0.015001 14.2612 17.0291 1.93181 395.303121 1.41238
10200 51.0000 -2.383351 1.0065 -0.111972 0.020423 -0.073320 14.2617 17.0306 1.89092 393.956896 1.41247
10300 51.5000 -2.364925 0.9984 0.032998 -0.008876 -0.113903 14.2627 17.0369 2.07391 391.371802 1.41267
10400 52.0000 -2.356935 1.0327 -0.066229 -0.173922 0.072105 14.2633 17.0432 1.75975 391.582257 1.41279
10500 52.5000 -2.360361 1.0288 -0.182615 -0.262470 0.246968 14.2625 17.0562 1.93259 358.481364 1.41264
10600 53.0000 -2.348327 1.0466 -0.145544 -0.007084 -0.198494 14.2632 17.0641 1.71345 383.212505 1.41278
10700 53.5000 -2.380043 1.0193 0.028601 -0.156490 0.110327 14.2648 17.0681 1.92313 388.215479 1.41309
10800 54.0000 -2.345170 1.0103 -0.169072 -0.114481 -0.156631 14.2648 17.0693 1.84296 372.781475 1.41309
10900 54.5000 -2.343430 0.9964 0.002445 -0.180262 0.178073 14.2626 17.0717 1.91582 393.653112 1.41265
11000 55.0000 -2.354593 1.0110 0.120730 0.130779 0.190632 14.2561 17.0702 1.94605 403.235415 1.41136
11100 55.5000 -2.325096 1.0288 0.161174 -0.088178 -0.119653 14.2623 17.0745 2.06732 381.448664 1.41260
11200 56.0000 -2.331460 1.0104 -0.174037 0.371426 -0.120449 14.2659 17.0763 1.95704 365.644574 1.41331
11300 56.5000 -2.332020 1.0106 -0.130725 0.184250 0.323593 14.2685 17.0787 1.92879 343.603713 1.41382
11400 57.0000 -2.296450 0.9738 -0.044944 -0.001306 0.265340 14.2694 17.0867 1.83887 336.700558 1.41399
11500 57.5000 -2.341334 1.0152 -0.108892 0.109830 -0.513520 14.2712 17.0831 1.76202 385.302361 1.41435
11600 58.0000 -2.311851 1.0106 -0.041692 -0.136699 0.006583 14.2701 17.0789 1.89487 330.185015 1.41413
11700 58.5000 -2.306486 1.0092 0.104935 0.026058 0.521430 14.2745 17.0902 2.09236 357.331815 1.41501
11800 59.0000 -2.315625 1.0026 -0.135821 -0.205096 -0.073513 14.2732 17.0916 2.20924 345.297864 1.41475
11900 59.5000 -2.338388 1.0294 -0.162516 -0.159298 -0.005088 14.2702 17.0879 2.24984 336.221657 1.41415
12000 60.0000 -2.313890 0.9938 -0.125980 0.021979 -0.105188 14.2663 17.0830 2.08024 375.575687 1.41339
12100 60.5000 -2.314130 0.9937 0.390210 -0.031097 0.300866 14.2668 17.0838 2.17823 340.502562 1.41349
12200 61.0000 -2.339444 1.0073 -0.127804 -0.047890 -0.240101 14.2694 17.0854 2.36646 286.701121 1.41400
12300 61.5000 -2.337480 1.0057 -0.177299 -0.131958 -0.058268 14.2691 17.0868 2.20710 325.794256 1.41393
12400 62.0000 -2.352426 1.0152 -0.241534 0.136589 0.131602 14.2659 17.0834 2.48937 354.975513 1.41330
12500 62.5000 -2.339984 0.9886 -0.176913 0.008900 -0.032950 14.2647 17.0854 2.29039 341.095985 1.41306
12600 63.0000 -2.316293 0.9723 0.000436 -0.021984 -0.046747 14.2602 17.0769 2.41241 366.010877 1.41218
12700 63.5000 -2.341160 0.9777 -0.311015 -0.143459 -0.011459 14.2545 17.0698 2.34634 391.193885 1.41105
12800 64.0000 -2.359560 0.9834 0.087294 -0.081924 -0.235688 14.2524 17.0720 2.14245 410.787998 1.41064
12900 64.5000 -2.343922 0.9932 -0.005990 -0.124234 0.290590 14.2476 17.0702 2.13805 417.705302 1.40968
13000 65.0000 -2.359130 0.9996 -0.311693 -0.072933 0.211964 14.2465 17.0736 2.23854 415.370985 1.40946
13100 65.5000 -2.402430 0.9993 -0.255979 -0.124934 -0.045488 14.2414 17.0763 2.26465 390.892316 1.40846
13200 66.0000 -2.371553 1.0097 -0.026156 -0.059105 0.282125 14.2388 17.0807 2.19872 359.230598 1.40794
13300 66.5000 -2.350484 0.9894 0.133756 0.035747 -0.147283 14.2399 17.0809 2.19747 333.631389 1.40816
13400 67.0000 -2.348430 1.0021 0.167059 0.126529 -0.164451 14.2410 17.0818 2.09203 360.416013 1.40838
13500 67.5000 -2.364311 0.9927 -0.159717 0.084221 0.057480 14.2386 17.0798 2.21392 339.228112 1.40791
13600 68.0000 -2.373572 0.9959 -0.024953 0.106801 0.420359 14.2358 17.0795 2.27031 364.871351 1.40734
13700 68.5000 -2.391849 1.0230 -0.048190 0.033351 -0.061649 14.2373 17.0815 2.15795 319.809353 1.40765
13800 69.0000 -2.351451 1.0031 -0.152148 0.112505 0.229817 14.2391 17.0873 2.25325 335.483256 1.40800
13900 69.5000 -2.371116 0.9860 -0.163777 -0.100296 0.023104 14.2376 17.0866 1.94859 377.023208 1.40771
14000 70.0000 -2.394222 1.0032 -0.063277 -0.271392 -0.497909 14.2361 17.0755 2.10559 353.689006 1.40741
14100 70.5000 -2.364105 0.9870 -0.245448 0.064653 -0.109458 14.2343 17.0729 1.89470 285.416012 1.40704
14200 71.0000 -2.366751 0.9898 0.012134 -0.256318 0.000494 14.2323 17.0716 2.05579 304.411906 1.40665
14300 71.5000 -2.401830 1.0092 -0.032533 -0.039468 0.051892 14.2275 17.0788 2.02562 254.431691 1.40570
14400 72.0000 -2.370687 0.9969 0.045577 0.211795 0.306206 14.2254 17.0823 1.83005 291.371267 1.40529
14500 72.5000 -2.394972 0.9943 0.032794 0.001363 -0.054272 14.2238 17.0855 2.09211 301.377092 1.40497
14600 73.0000 -2.368927 0.9913 0.075203 -0.109723 -0.003173 14.2257 17.0901 2.13546 266.665279 1.40535
14700 73.5000 -2.356171 0.9878 0.010945 0.014221 0.078812 14.2211 17.0959 2.08282 268.149212 1.40444
14800 74.0000 -2.334273 1.0072 0.124392 0.099146 -0.041536 14.2214 17.0991 1.95952 308.047449 1.40450
14900 74.5000 -2.366556 1.0103 -0.067019 0.119445 -0.072331 14.2224 17.1027 2.02178 335.664541 1.40470
15000 75.0000 -2.371547 1.0150 0.090806 0.077285 0.096155 14.2248 17.1101 2.09241 314.410190 1.40518
15100 75.5000 -2.351954 1.0203 0.114062 -0.015168 0.086668 14.2326 17.1178 2.06859 330.281155 1.40671
15200 76.0000 -2.373465 0.9961 -0.249834 -0.105642 -0.066427 14.2293 17.1171 2.07518 334.213734 1.40607
15300 76.5000 -2.393428 0.9939 -0.013016 -0.034664 -0.110333 14.2273 17.1190 2.06948 342.253252 1.40567
15400 77.0000 -2.379972 0.9891 -0.185040 -0.110734 -0.074147 14.2256 17.1139 1.96775 301.426152 1.40533
15500 77.5000 -2.381668 1.0078 0.111702 -0.086385 0.169407 14.2217 17.1146 2.04998 305.316914 1.40456
15600 78.0000 -2.350249 1.0148 0.273487 0.042883 0.360350 14.2237 17.1154 2.25105 287.315942 1.40495
15700 78.5000 -2.351085 0.9846 0.033325 0.118730 0.176556 14.2250 17.1246 2.39616 294.085490 1.40520
15800 79.0000 -2.354174 1.0010 -0.046476 0.118415 0.072079 14.2268 17.1311 2.17723 323.380735 1.40557
15900 79.5000 -2.367982 1.0180 -0.305014 -0.392647 -0.286471 14.2256 17.1388 2.33050 295.532068 1.40534
16000 80.0000 -2.343760 1.0046 -0.126287 -0.088450 0.189431 14.2267 17.1459 2.23073 283.968362 1.40555
16100 80.5000 -2.345000 1.0242 -0.204010 -0.043231 0.103128 14.2293 17.1540 2.30187 316.657267 1.40606
16200 81.0000 -2.296634 0.9959 0.132966 -0.147536 0.031998 14.2263 17.1608 2.35550 327.178546 1.40548
16300 81.5000 -2.345731 1.0015 -0.006446 -0.369255 0.039405 14.2191 17.1558 2.27095 314.832434 1.40406
16400 82.0000 -2.354503 1.0147 0.227365 0.176827 -0.091721 14.2175 17.1637 2.39958 324.138930 1.40374
16500 82.5000 -2.310678 1.0101 0.125383 -0.101618 0.034269 14.2230 17.1661 2.36136 339.480112 1.40483
16600 83.0000 -2.340088 1.0081 -0.126881 0.021317 -0.178412 14.2248 17.1746 2.50387 304.888117 1.40518
16700 83.5000 -2.343175 0.9989 -0.155877 -0.278455 -0.040716 14.2245 17.1730 2.37261 299.690633 1.40512
16800 84.0000 -2.368720 1.0045 -0.287874 -0.214515 -0.154497 14.2166 17.1712 2.17581 321.684118 1.40355
16900 84.5000 -2.349054 1.0060 -0.052194 0.022611 0.074185 14.2114 17.1772 2.39527 273.882964 1.40253
17000 85.0000 -2.338441 1.0035 -0.139197 -0.029193 0.153711 14.2144 17.1743 2.27757 295.288348 1.40312
17100 85.5000 -2.344431 0.9579 -0.026974 -0.243920 -0.247466 14.2075 17.1704 2.21685 328.278368 1.40176
17200 86.0000 -2.342352 0.9730 0.070780 0.198160 0.214392 14.2022 17.1615 2.31817 335.378995 1.40072
17300 86.5000 -2.361558 0.9988 -0.121878 -0.029656 0.229722 14.1997 17.1618 2.27472 335.601126 1.40021
17400 87.0000 -2.347313 0.9813 -0.141799 0.038473 0.385973 14.2030 17.1686 2.26826 306.692184 1.40086
17500 87.5000 -2.336499 0.9966 -0.090171 0.060254 -0.117904 14.2025 17.1689 2.37007 319.468725 1.40077
17600 88.0000 -2.343971 1.0024 -0.083233 -0.280658 0.122836 14.2022 17.1670 2.16671 403.482139 1.40071
17700 88.5000 -2.309719 1.0009 -0.016895 0.181327 0.201236 14.2040 17.1733 2.37620 393.611850 1.40107
17800 89.0000 -2.310188 0.9971 0.166204 0.031254 0.046333 14.2063 17.1825 2.24274 370.839163 1.40152
17900 89.5000 -2.298569 1.0213 0.242682 0.084083 0.179478 14.2110 17.1901 2.28599 385.506184 1.40245
18000 90.0000 -2.312474 1.0212 -0.072760 0.153247 0.063990 14.2158 17.1958 2.12365 367.706529 1.40340
18100 90.5000 -2.347900 1.0191 -0.445734 0.046622 -0.297488 14.2133 17.1942 2.28015 347.574276 1.40291
18200 91.0000 -2.333622 1.0010 -0.195820 -0.052840 0.048932 14.2128 17.1998 2.48297 329.753348 1.40281
18300 91.5000 -2.357225 0.9898 -0.059924 0.188469 -0.088488 14.2094 17.1979 2.55009 347.262023 1.40213
18400 92.0000 -2.357891 0.9826 -0.089952 0.139032 -0.016191 14.2084 17.1938 2.65604 312.013229 1.40194
18500 92.5000 -2.345012 0.9941 0.261687 -0.063540 0.059923 14.2072 17.1932 2.64965 277.991450 1.40170
18600 93.0000 -2.345801 0.9976 -0.051570 -0.171136 -0.092027 14.2057 17.1980 2.76124 296.047011 1.40141
18700 93.5000 -2.330906 0.9891 0.052579 -0.066261 -0.215831 14.2035 17.2005 2.62052 284.501041 1.40096
18800 94.0000 -2.312007 0.9881 -0.206923 -0.079430 0.134981 14.1952 17.2046 2.94044 309.281587 1.39933
18900 94.5000 -2.345540 0.9849 -0.161775 0.158686 0.011484 14.1900 17.2020 2.53375 307.859071 1.39830
19000 95.0000 -2.328474 1.0014 -0.169048 -0.123028 -0.092240 14.1819 17.1973 2.62657 301.341436 1.39672
19100 95.5000 -2.333296 1.0176 0.189833 -0.165316 -0.025117 14.1807 17.1982 2.54189 300.732387 1.39648
19200 96.0000 -2.316904 0.9990 0.127864 -0.081102 0.239109 14.1817 17.1984 2.32379 305.518337 1.39666
19300 96.5000 -2.322105 1.0222 -0.208238 0.220188 0.140836 14.1844 17.2048 2.34176 312.672924 1.39720
19400 97.0000 -2.330381 1.0023 0.046998 0.373018 0.125031 14.1811 17.2114 2.16088 320.299613 1.39656
19500 97.5000 -2.324629 0.9943 -0.098724 0.151613 -0.075401 14.1844 17.2180 2.18246 340.740090 1.39719
19600 98.0000 -2.370470 1.0118 0.110541 0.051016 -0.048283 14.1900 17.2151 2.20198 326.980971 1.39830
19700 98.5000 -2.366961 0.9887 0.126424 0.002119 0.248842 14.1937 17.2103 2.18634 290.046374 1.39904
19800 99.0000 -2.385075 0.9830 0.046371 0.038730 0.166507 14.1897 17.2095 2.35082 333.175768 1.39824
19900 99.5000 -2.338377 0.9856 0.123944 0.096507 -0.107368 14.1896 17.2062 2.31316 391.961048 1.39824
20000 100.0000 -2.334227 0.9984 0.107458 0.061263 0.324142 14.1940 17.2112 2.33435 388.640529 1.39910
20100 100.5000 -2.328876 0.9962 0.056601 0.061308 -0.283535 14.1933 17.2124 2.44719 382.485345 1.39895
20200 101.0000 -2.359358 0.9985 -0.100964 -0.085228 0.061441 14.1894 17.2035 2.24115 344.938608 1.39818
20300 101.5000 -2.326430 0.9862 0.210583 -0.031859 0.128097 14.1887 17.1989 2.18620 338.241692 1.39805
20400 102.0000 -2.353722 1.0010 -0.210836 -0.172337 -0.353199 14.1887 17.1969 2.25716 309.645094 1.39805
20500 102.5000 -2.330879 1.0134 0.085528 0.122835 0.352512 14.1944 17.2011 2.41850 307.706394 1.39917
20600 103.0000 -2.348813 1.0176 0.095393 -0.026786 0.391745 14.1982 17.2042 2.58040 315.126999 1.39992
20700 103.5000 -2.345683 1.0172 -0.034301 -0.204582 -0.293795 14.2011 17.2037 2.46808 341.384474 1.40050
20800 104.0000 -2.347178 0.9963 -0.103388 -0.270494 -0.055296 14.1972 17.2086 2.37423 351.629275 1.39973
20900 104.5000 -2.351348 0.9810 -0.085438 -0.052452 -0.085044 14.1889 17.2066 2.34579 321.434771 1.39809
21000 105.0000 -2.371806 0.9878 0.050011 0.028485 -0.087414 14.1840 17.2077 1.88763 305.432585 1.39713
21100 105.5000 -2.356735 0.9961 0.093237 -0.286393 0.080962 14.1807 17.2102 2.21623 343.252634 1.39647
21200 106.0000 -2.367362 0.9974 -0.065069 -0.094975 0.368980 14.1745 17.2106 2.25847 348.261461 1.39526
21300 106.5000 -2.402681 1.0152 -0.047025 -0.048311 0.064724 14.1694 17.2124 2.18856 293.184279 1.39426
21400 107.0000 -2.354956 1.0102 0.090016 0.005953 0.136780 14.1720 17.2157 2.23277 307.832895 1.39476
21500 107.5000 -2.374831 0.9913 -0.066686 -0.008070 0.047304 14.1741 17.2237 1.98714 336.932337 1.39518
21600 108.0000 -2.378483 0.9878 -0.203183 -0.104420 0.214487 14.1681 17.2263 2.14665 343.580920 1.39400
21700 108.5000 -2.360483 0.9763 -0.107615 0.003030 0.039028 14.1623 17.2230 2.14078 356.825168 1.39286
21800 109.0000 -2.374954 0.9883 -0.002918 0.282538 -0.036764 14.1551 17.2258 2.05939 382.095910 1.39144
21900 109.5000 -2.365476 1.0128 0.156613 -0.091976 0.265367 14.1559 17.2340 2.28717 385.885054 1.39160
22000 110.0000 -2.375799 1.0005 0.073903 -0.036300 0.116085 14.1558 17.2350 2.22947 358.211179 1.39158
22100 110.5000 -2.361876 0.9876 0.055844 0.138133 0.203417 14.1568 17.2405 2.30887 352.256920 1.39177
22200 111.0000 -2.388546 0.9759 -0.061529 -0.214070 0.153890 14.1564 17.2374 2.33603 374.912233 1.39169
22300 111.5000 -2.358353 0.9656 0.118089 -0.361479 -0.127162 14.1515 17.2364 2.22504 355.136316 1.39074
22400 112.0000 -2.369163 1.0025 0.120297 0.019444 -0.035350 14.1545 17.2394 2.13423 371.224491 1.39131
22500 112.5000 -2.350708 0.9837 -0.053950 0.192737 0.111207 14.1515 17.2386 2.32863 347.902516 1.39072
22600 113.0000 -2.366429 1.0204 -0.146020 0.109827 0.318056 14.1544 17.2451 2.14241 299.890370 1.39130
22700 113.5000 -2.366549 0.9996 -0.088614 0.060724 -0.162292 14.1511 17.2461 2.11515 274.358848 1.39065
22800 114.0000 -2.360785 0.9743 -0.116076 0.046385 -0.190281 14.1508 17.2464 2.18708 307.813245 1.39060
22900 114.5000 -2.385624 1.0037 -0.218911 -0.150686 -0.004698 14.1458 17.2515 2.27934 338.996778 1.38961
23000 115.0000 -2.364392 1.0136 -0.069865 0.354177 -0.077987 14.1436 17.2591 2.36542 325.060618 1.38917
23100 115.5000 -2.364174 0.9994 -0.200841 0.388684 0.240847 14.1439 17.2652 2.14391 345.046363 1.38924
23200 116.0000 -2.380147 1.0083 0.099620 -0.101385 0.068668 14.1463 17.2704 2.01901 333.450875 1.38971
23300 116.5000 -2.380298 0.9885 -0.308226 -0.257713 0.118357 14.1495 17.2756 2.30561 286.049472 1.39034
23400 117.0000 -2.381216 0.9855 -0.213694 0.165982 -0.128229 14.1437 17.2736 2.20547 269.481511 1.38919
23500 117.5000 -2.398310 0.9966 -0.120713 -0.077454 0.140116 14.1420 17.2789 2.11602 265.073688 1.38886
23600 118.0000 -2.361499 0.9946 0.292248 0.234381 0.346458 14.1449 17.2841 2.01338 228.361488 1.38944
23700 118.5000 -2.366409 0.9826 0.000618 -0.171882 -0.322208 14.1461 17.2886 2.03125 276.091466 1.38967
23800 119.0000 -2.356847 1.0034 -0.249264 -0.092181 0.129519 14.1411 17.2908 2.18967 298.561206 1.38868
23900 119.5000 -2.349418 0.9825 -0.120523 0.098427 -0.065762 14.1373 17.2958 2.09451 272.541506 1.38794
24000 120.0000 -2.362977 1.0031 0.162294 -0.160775 0.194950 14.1344 17.3001 1.97218 264.927315 1.38737
24100 120.5000 -2.358923 1.0128 -0.064284 -0.167936 0.111891 14.1326 17.3104 1.86067 275.575081 1.38702
24200 121.0000 -2.357890 1.0115 0.052389 -0.371885 0.204752 14.1310 17.3204 1.87277 249.541189 1.38671
24300 121.5000 -2.321170 0.9810 0.171727 0.037541 0.380867 14.1271 17.3286 1.87370 274.258466 1.38595
24400 122.0000 -2.352288 1.0071 -0.026134 -0.243005 -0.043087 14.1306 17.3346 1.93661 286.818602 1.38662
24500 122.5000 -2.360659 0.9998 0.028922 0.003611 -0.038895 14.1296 17.3328 2.07013 279.608368 1.38642
24600 123.0000 -2.364351 0.9937 -0.074967 0.079389 -0.049036 14.1288 17.3336 2.17134 245.772542 1.38628
24700 123.5000 -2.339450 0.9833 -0.018200 0.051496 0.011296 14.1297 17.3363 2.12695 241.940975 1.38644
24800 124.0000 -2.365047 0.9837 0.182287 0.052240 -0.101262 14.1294 17.3422 2.30839 291.298205 1.38639
24900 124.5000 -2.392428 1.0063 -0.147494 -0.010842 -0.146606 14.1260 17.3438 2.14802 261.750080 1.38572
25000 125.0000 -2.379340 1.0191 -0.088488 -0.031685 0.121917 14.1285 17.3506 2.25362 250.698325 1.38621
25100 125.5000 -2.359207 1.0050 0.102984 -0.018687 -0.003774 14.1291 17.3549 1.94551 257.664265 1.38633
25200 126.0000 -2.353741 1.0051 -0.009454 0.063809 0.081414 14.1284 17.3606 2.17815 260.942477 1.38619
25300 126.5000 -2.339537 0.9892 -0.226446 -0.196950 -0.094580 14.1319 17.3684 2.15361 248.803765 1.38689
25400 127.0000 -2.357970 0.9893 0.131456 -0.045634 0.032783 14.1275 17.3641 2.20735 294.201843 1.38601
25500 127.5000 -2.368802 1.0064 0.009549 0.294331 0.285688 14.1252 17.3622 2.21488 310.662999 1.38557
25600 128.0000 -2.370944 0.9878 -0.180512 0.144336 -0.098788 14.1225 17.3592 1.89381 332.371742 1.38504
25700 128.5000 -2.362637 0.9596 -0.051143 -0.080056 -0.136263 14.1204 17.3633 2.09876 326.739329 1.38462
25800 129.0000 -2.391855 0.9788 -0.138271 -0.002841 -0.072130 14.1112 17.3621 2.07905 278.355728 1.38282
25900 129.5000 -2.367363 0.9932 -0.094149 0.026832 0.589154 14.1072 17.3676 1.86211 275.401933 1.38204
26000 130.0000 -2.384597 1.0273 0.036500 0.137713 -0.099802 14.1110 17.3699 2.12118 283.623147 1.38278
26100 130.5000 -2.366104 1.0049 0.042269 -0.094819 -0.197008 14.1103 17.3722 2.12334 324.183754 1.38265
26200 131.0000 -2.355133 0.9965 -0.217335 0.113476 0.102237 14.1039 17.3818 2.22380 309.852839 1.38139
26300 131.5000 -2.363421 1.0129 -0.287924 -0.082465 0.156189 14.1008 17.3878 2.16756 281.921624 1.38079
26400 132.0000 -2.353369 1.0159 0.085524 -0.079272 -0.305534 14.1010 17.3950 2.00734 283.262306 1.38083
26500 132.5000 -2.345352 0.9910 -0.036037 0.402345 -0.140574 14.1006 17.3947 1.82207 256.344528 1.38074
26600 133.0000 -2.344311 1.0212 0.244393 0.419225 0.298295 14.1055 17.4035 1.94746 241.553235 1.38171
26700 133.5000 -2.363955 1.0044 -0.274063 -0.326839 -0.191641 14.1062 17.4120 2.18609 243.855678 1.38184
26800 134.0000 -2.351299 0.9735 -0.168298 0.303757 0.260594 14.1054 17.4129 1.96301 239.654030 1.38168
26900 134.5000 -2.356089 0.9959 -0.127164 -0.423072 -0.093221 14.1047 17.4108 1.91179 226.295872 1.38154
27000 135.0000 -2.348988 0.9915 0.081932 0.126114 -0.042457 14.1057 17.4100 2.05447 221.801675 1.38175
27100 135.5000 -2.383369 0.9958 -0.038542 0.171939 -0.072100 14.1028 17.4150 1.95653 220.408891 1.38118
27200 136.0000 -2.345206 0.9812 -0.009826 0.075586 -0.043975 14.1017 17.4123 1.93644 245.691843 1.38096
27300 136.5000 -2.347186 0.9837 -0.034045 -0.038556 -0.021113 14.0997 17.4131 1.81545 241.349620 1.38057
27400 137.0000 -2.355744 0.9998 -0.008767 0.027206 0.101212 14.0989 17.4168 1.94835 326.692245 1.38041
27500 137.5000 -2.380858 1.0040 -0.350425 -0.194188 -0.120349 14.0953 17.4203 1.79651 308.907329 1.37970
27600 138.0000 -2.350340 0.9777 -0.125425 -0.100664 0.241755 14.0891 17.4225 2.21430 309.206422 1.37849
27700 138.5000 -2.347664 0.9946 -0.068447 0.165917 -0.038555 14.0834 17.4171 1.87316 312.507177 1.37738
27800 139.0000 -2.362762 1.0130 -0.094568 -0.080655 0.275486 14.0855 17.4174 2.20162 334.049601 1.37778
27900 139.5000 -2.369325 1.0065 -0.308614 0.246974 -0.201858 14.0844 17.4174 2.10099 337.549796 1.37757
28000 140.0000 -2.347434 1.0213 0.151364 -0.094581 0.105022 14.0859 17.4166 2.23179 281.748737 1.37786
28100 140.5000 -2.367836 1.0270 -0.249168 -0.084308 0.164810 14.0861 17.4216 2.02715 263.412423 1.37790
28200 141.0000 -2.351956 1.0035 0.070258 -0.061369 0.179744 14.0839 17.4286 1.69519 299.961480 1.37747
28300 141.5000 -2.349815 0.9862 -0.347214 -0.087315 0.088411 14.0792 17.4314 1.67307 263.353308 1.37655
28400 142.0000 -2.346685 0.9764 -0.011681 0.162706 0.052065 14.0781 17.4347 1.67276 276.553716 1.37634
28500 142.5000 -2.379386 1.0017 0.080962 0.086524 0.110149 14.0771 17.4444 1.72383 244.063018 1.37614
28600 143.0000 -2.358053 1.0181 0.156723 0.248852 0.393789 14.0818 17.4510 1.56625 262.774011 1.37707
28700 143.5000 -2.334818 0.9926 -0.211559 0.033181 0.114491 14.0859 17.4611 1.83145 274.412479 1.37787
28800 144.0000 -2.318405 0.9884 -0.083302 0.120546 0.476256 14.0819 17.4667 1.79866 285.990419 1.37708
28900 144.5000 -2.334131 0.9868 0.256821 -0.101770 0.251482 14.0787 17.4664 1.68304 288.509175 1.37646
29000 145.0000 -2.365285 0.9814 -0.046270 -0.106243 -0.199962 14.0739 17.4683 1.46584 258.990847 1.37552
29100 145.5000 -2.379549 0.9750 -0.109054 0.095836 -0.069272 14.0685 17.4674 1.56286 266.991144 1.37447
29200 146.0000 -2.398902 0.9874 -0.482092 -0.314082 0.247694 14.0636 17.4638 1.68027 278.131450 1.37351
29300 146.5000 -2.377000 0.9883 0.114185 -0.152573 -0.010531 14.0568 17.4703 1.52449 237.993752 1.37217
29400 147.0000 -2.366073 1.0118 -0.156933 0.159096 -0.174374 14.0552 17.4725 1.66657 252.530895 1.37186
29500 147.5000 -2.377327 1.0101 -0.182579 -0.235045 0.188040 14.0566 17.4760 1.47131 237.556084 1.37214
29600 148.0000 -2.359237 0.9807 -0.165148 0.028000 0.279292 14.0507 17.4856 1.69145 232.859907 1.37098
29700 148.5000 -2.399451 1.0001 -0.210219 -0.179819 -0.110843 14.0463 17.4851 1.83375 229.619848 1.37013
29800 149.0000 -2.407720 1.0049 -0.280965 0.154451 0.052274 14.0435 17.4932 2.27037 223.029819 1.36958
29900 149.5000 -2.385596 1.0109 0.003608 0.123817 0.061324 14.0443 17.4957 1.81583 222.937901 1.36974
30000 150.0000 -2.384280 1.0045 -0.236051 0.004172 -0.059490 14.0436 17.4935 2.06765 211.225116 1.36960
30100 150.5000 -2.383162 0.9815 -0.113059 0.221748 -0.313493 14.0426 17.4890 1.86219 228.671092 1.36942
30200 151.0000 -2.369035 1.0072 -0.050184 0.245303 -0.081552 14.0481 17.4871 1.88152 252.764984 1.37048
30300 151.5000 -2.393707 1.0123 0.083337 -0.019369 0.116273 14.0505 17.4929 2.02755 265.538440 1.37096
30400 152.0000 -2.409602 0.9903 0.058180 -0.152106 -0.323269 14.0477 17.4983 1.94191 280.901186 1.37041
30500 152.5000 -2.394763 0.9978 -0.070703 0.001007 0.017016 14.0466 17.5045 2.11778 265.156546 1.37019
30600 153.0000 -2.365825 1.0085 -0.244162 0.133367 -0.017050 14.0473 17.5047 2.19435 289.325927 1.37032
30700 153.5000 -2.381161 0.9868 -0.319878 -0.012051 -0.127177 14.0427 17.5072 1.72751 261.283373 1.36943
30800 154.0000 -2.380618 0.9875 -0.017563 -0.105786 -0.052216 14.0382 17.4970 1.39522 250.122404 1.36856
30900 154.5000 -2.381978 0.9937 0.095219 -0.005424 -0.220181 14.0378 17.5016 1.50539 278.698155 1.36846
31000 155.0000 -2.407474 0.9923 -0.149453 -0.176138 -0.214508 14.0368 17.4962 1.56632 283.479746 1.36828
31100 155.5000 -2.414701 1.0057 -0.252553 -0.164998 -0.273383 14.0362 17.4963 1.60090 284.108797 1.36815
31200 156.0000 -2.401077 0.9937 0.044696 -0.063070 -0.153962 14.0302 17.4932 1.56956 298.240540 1.36699
31300 156.5000 -2.395774 1.0009 -0.234300 -0.049068 0.062280 14.0259 17.4835 1.86217 328.029272 1.36616
31400 157.0000 -2.375211 1.0142 0.086194 0.158072 0.157156 14.0313 17.4841 1.75112 302.311005 1.36720
31500 157.5000 -2.372002 0.9920 -0.022438 -0.083256 0.233160 14.0333 17.4900 1.70251 288.583965 1.36760
31600 158.0000 -2.398320 1.0090 0.135452 0.045985 0.089746 14.0354 17.4960 1.57289 235.367422 1.36800
31700 158.5000 -2.401004 0.9902 -0.060792 -0.074028 0.239007 14.0350 17.5026 1.95193 204.572411 1.36792
31800 159.0000 -2.428376 1.0018 -0.016132 -0.221178 0.084019 14.0315 17.5076 1.77819 250.390403 1.36725
31900 159.5000 -2.385181 0.9993 0.006556 0.043446 0.352876 14.0318 17.5131 1.54457 240.477559 1.36731
32000 160.0000 -2.361013 0.9888 -0.164985 -0.076745 -0.055453 14.0311 17.5186 1.71223 251.544831 1.36716
32100 160.5000 -2.354556 0.9861 -0.062863 0.075074 0.225549 14.0267 17.5244 1.61001 261.474602 1.36631
32200 161.0000 -2.390136 0.9874 -0.030464 -0.308327 0.051853 14.0255 17.5282 1.87394 267.762706 1.36607
32300 161.5000 -2.356552 0.9731 -0.029879 0.335184 0.266890 14.0233 17.5330 1.78951 252.061107 1.36565
32400 162.0000 -2.389728 1.0019 -0.110385 -0.072017 0.158641 14.0202 17.5409 1.87349 249.472553 1.36505
32500 162.5000 -2.375464 0.9907 0.272738 -0.154569 0.256020 14.0163 17.5416 1.96646 220.469099 1.36428
32600 163.0000 -2.360922 0.9864 -0.167813 0.303947 -0.083708 14.0145 17.5434 1.94188 209.028051 1.36393
32700 163.5000 -2.372692 1.0098 0.091612 0.097541 0.221633 14.0177 17.5500 1.80757 238.708138 1.36455
32800 164.0000 -2.342411 0.9973 0.196470 0.112530 0.090179 14.0173 17.5620 1.56977 238.946754 1.36447
32900 164.5000 -2.324641 1.0057 0.113446 0.182771 0.262805 14.0225 17.5709 1.60820 213.527773 1.36549
33000 165.0000 -2.331141 1.0388 0.015394 0.179008 -0.131825 14.0283 17.5726 1.77301 182.627965 1.36662
33100 165.5000 -2.333785 1.0108 0.067227 0.003254 0.015651 14.0306 17.5733 1.96769 200.807365 1.36707
33200 166.0000 -2.335062 1.0057 0.126780 0.200864 -0.204914 14.0303 17.5751 2.03964 206.663268 1.36701
33300 166.5000 -2.325402 0.9979 0.155438 0.165338 -0.118712 14.0312 17.5730 1.81974 223.971640 1.36718
