# step time Epot/N T Pxx Pyy Pzz Lx Lz gap comF areaperlipid
0 0.0000 -1.189390 0.9786 -0.092721 -0.161395 -0.124246 14.0070 17.2600 0.81845 3599.381482 1.36247
100 0.5000 -1.541179 1.1197 0.891220 0.801529 1.004251 14.0140 17.2717 1.39907 2691.990472 1.36383
200 1.0000 -1.868912 1.1255 2.702436 2.669985 3.827785 14.0280 17.2889 2.17010 1641.722339 1.36656
300 1.5000 -2.042160 1.1391 4.100235 4.336852 4.738763 14.0420 17.3062 2.75760 977.972249 1.36930
400 2.0000 -2.144752 1.1154 3.632839 4.090971 4.341252 14.0561 17.3236 2.93851 828.079197 1.37204
500 2.5000 -2.143243 1.0877 3.173499 3.076619 3.021143 14.0702 17.3409 2.67669 1020.618127 1.37479
600 3.0000 -2.333135 1.0937 1.844310 2.003384 2.524927 14.0842 17.3582 2.54591 1131.178731 1.37754
700 3.5000 -2.373445 1.0475 1.459043 1.713136 2.170590 14.0983 17.3756 2.63533 1060.011543 1.38030
800 4.0000 -2.420105 1.0301 1.740435 1.884862 2.558758 14.1124 17.3930 2.83204 939.258793 1.38306
900 4.5000 -2.447192 1.0378 1.747450 1.764368 2.329571 14.1265 17.4104 2.94184 837.810357 1.38583
1000 5.0000 -2.447457 1.0292 1.978655 1.718667 1.853576 14.1407 17.4278 2.94870 782.436375 1.38860
1100 5.5000 -2.462517 1.0065 1.827079 1.478627 1.990204 14.1548 17.4452 3.04046 770.164361 1.39138
1200 6.0000 -2.476769 0.9793 1.448530 1.521103 1.741167 14.1690 17.4627 3.10840 772.032706 1.39417
1300 6.5000 -2.514604 1.0193 1.302863 1.401884 1.657960 14.1832 17.4802 3.15236 714.552118 1.39696
1400 7.0000 -2.491908 1.0018 1.592509 1.518223 1.689417 14.1974 17.4977 3.17801 673.494207 1.39976
1500 7.5000 -2.496211 0.9843 1.245013 1.282737 1.549658 14.2116 17.5152 3.09659 681.791216 1.40256
1600 8.0000 -2.465117 0.9791 1.041784 1.439012 1.196834 14.2258 17.5327 3.11016 746.700451 1.40537
1700 8.5000 -2.454820 0.9852 1.247812 1.236435 1.286169 14.2400 17.5502 3.14896 722.206679 1.40818
1800 9.0000 -2.480588 1.0011 0.880967 1.206791 1.710868 14.2543 17.5678 3.20457 686.468223 1.41100
1900 9.5000 -2.450013 0.9945 1.258105 1.111244 1.554857 14.2685 17.5854 3.26681 644.829901 1.41382
2000 10.0000 -2.443984 1.0092 0.902137 1.314485 1.551485 14.2828 17.6030 3.28694 653.986093 1.41665
2100 10.5000 -2.430066 0.9839 1.188328 0.779214 1.333320 14.2971 17.6206 3.26067 627.754100 1.41949
2200 11.0000 -2.424948 0.9875 0.898789 1.019767 1.298954 14.3114 17.6382 3.27488 615.906384 1.42233
2300 11.5000 -2.380532 0.9556 1.036021 1.069557 1.302734 14.3257 17.6558 3.29019 632.909224 1.42518
2400 12.0000 -2.421573 0.9990 0.817263 0.519023 1.023088 14.3400 17.6735 3.30458 632.990219 1.42803
2500 12.5000 -2.410263 1.0016 0.639757 0.705173 0.877398 14.3544 17.6912 3.43124 610.661565 1.43089
2600 13.0000 -2.373673 0.9903 0.595123 0.776410 1.616397 14.3688 17.7089 3.49025 554.176267 1.43376
2700 13.5000 -2.393761 1.0147 0.320007 0.556302 0.902411 14.3831 17.7266 3.52116 549.598021 1.43663
2800 14.0000 -2.375871 0.9847 0.405964 0.461083 0.699130 14.3975 17.7443 3.41490 554.660084 1.43950
2900 14.5000 -2.350629 0.9963 0.564342 0.232191 0.626145 14.4119 17.7621 3.32012 570.496624 1.44239
3000 15.0000 -2.318665 0.9791 0.461417 0.301916 0.603737 14.4258 17.7799 3.34759 534.867701 1.44517
3100 15.5000 -2.308305 0.9693 0.296224 0.346536 0.706729 14.4402 17.7975 3.39438 467.660379 1.44806
3200 16.0000 -2.311384 0.9659 0.535660 0.437251 0.536924 14.4545 17.8153 3.38575 496.832793 1.45092
3300 16.5000 -2.338364 0.9625 0.005928 0.199680 0.606093 14.4664 17.8324 3.32302 459.147155 1.45331
3400 17.0000 -2.321633 0.9802 0.263667 0.117909 0.429789 14.4785 17.8467 3.43772 435.539006 1.45575
3500 17.5000 -2.305791 0.9795 0.104331 0.122490 0.380563 14.4902 17.8614 3.44965 437.963916 1.45810
3600 18.0000 -2.281087 0.9776 0.273482 0.117372 0.635953 14.4979 17.8783 3.58787 425.220263 1.45965
3700 18.5000 -2.250289 0.9541 0.375208 0.349163 0.656947 14.5058 17.8943 3.54690 358.339110 1.46124
3800 19.0000 -2.247843 0.9887 0.246013 0.197411 0.240654 14.5198 17.9091 3.58537 349.705083 1.46407
3900 19.5000 -2.244683 0.9731 -0.095623 0.157497 0.174010 14.5292 17.9241 3.57728 402.277307 1.46595
4000 20.0000 -2.230634 0.9828 0.033062 0.066104 0.193307 14.5300 17.9334 3.56270 398.393595 1.46611
4100 20.5000 -2.195658 0.9837 0.147549 0.435019 0.206975 14.5386 17.9470 3.67510 375.282896 1.46785
4200 21.0000 -2.202276 0.9970 0.084186 0.224448 0.552099 14.5476 17.9620 3.68253 355.006494 1.46966
4300 21.5000 -2.183137 0.9881 0.252365 0.247293 0.331709 14.5545 17.9771 3.70256 338.357958 1.47106
4400 22.0000 -2.214758 0.9967 0.134294 0.227503 0.291888 14.5639 17.9871 3.81866 368.358883 1.47297
4500 22.5000 -2.206389 0.9870 -0.102826 0.254864 0.346316 14.5674 17.9954 3.88439 340.245605 1.47367
4600 23.0000 -2.176383 0.9933 0.147938 0.157394 0.455820 14.5733 18.0070 3.91266 302.937800 1.47486
4700 23.5000 -2.163572 1.0128 0.260222 0.400438 0.255798 14.5819 18.0241 4.08587 290.318284 1.47661
4800 24.0000 -2.180999 1.0092 0.034571 0.513214 0.578099 14.5911 18.0381 4.07410 250.078942 1.47848
4900 24.5000 -2.175906 1.0068 -0.116940 0.060261 -0.064698 14.5948 18.0482 4.02177 251.565388 1.47922
5000 25.0000 -2.179364 0.9922 -0.133991 -0.088418 0.227327 14.5960 18.0544 4.01193 239.083363 1.47947
5100 25.5000 -2.145491 0.9616 -0.289720 0.127108 0.316401 14.5901 18.0572 4.04728 264.297933 1.47826
5200 26.0000 -2.142359 0.9759 0.057850 0.069718 -0.082907 14.5860 18.0639 4.06717 278.788151 1.47744
5300 26.5000 -2.179700 0.9852 -0.338493 -0.003765 -0.146883 14.5816 18.0614 4.05298 277.169239 1.47656
5400 27.0000 -2.131141 0.9701 0.184107 -0.149304 0.200347 14.5800 18.0647 3.95226 287.261999 1.47622
5500 27.5000 -2.129896 1.0020 -0.068582 0.059436 0.185578 14.5765 18.0709 3.93423 300.142897 1.47552
5600 28.0000 -2.131854 0.9973 -0.111677 0.114275 0.164515 14.5742 18.0736 4.09941 260.500252 1.47505
5700 28.5000 -2.133048 0.9942 -0.000234 -0.009760 0.076650 14.5705 18.0797 4.06703 245.699541 1.47430
5800 29.0000 -2.137911 1.0110 -0.017260 0.085584 0.282600 14.5716 18.0928 4.16310 220.236891 1.47453
5900 29.5000 -2.117424 0.9869 0.006563 0.067658 0.426496 14.5738 18.1063 4.08940 248.105374 1.47497
6000 30.0000 -2.096324 1.0052 0.193645 -0.018075 -0.071457 14.5742 18.1128 4.02396 283.580877 1.47505
6100 30.5000 -2.095549 1.0002 0.132821 0.109896 0.477360 14.5737 18.1155 4.10417 249.921879 1.47495
6200 31.0000 -2.086991 0.9965 -0.108259 0.151510 0.079597 14.5741 18.1251 4.23703 186.543613 1.47503
6300 31.5000 -2.085087 1.0187 -0.141324 0.135216 0.288604 14.5756 18.1384 4.18195 146.698507 1.47533
6400 32.0000 -2.105103 0.9972 -0.343830 -0.216770 0.219184 14.5729 18.1443 4.15416 191.216760 1.47479
6500 32.5000 -2.086753 1.0101 -0.220334 -0.083508 -0.140831 14.5670 18.1426 4.09390 252.586424 1.47359
6600 33.0000 -2.051453 0.9732 0.142210 -0.011572 0.244722 14.5652 18.1516 4.02751 254.896607 1.47323
6700 33.5000 -2.078350 0.9953 -0.103789 0.152322 -0.014625 14.5636 18.1605 4.06794 272.319039 1.47291
6800 34.0000 -2.090104 0.9983 -0.011254 -0.244638 0.160905 14.5624 18.1650 4.20480 211.991741 1.47266
6900 34.5000 -2.084828 1.0063 0.005575 0.349038 0.223641 14.5621 18.1731 4.20131 212.308811 1.47260
7000 35.0000 -2.089399 1.0042 -0.190792 0.001408 0.243316 14.5603 18.1831 4.27045 214.602213 1.47224
7100 35.5000 -2.068965 1.0149 0.186926 0.024315 -0.118530 14.5609 18.1876 4.09376 249.564201 1.47236
7200 36.0000 -2.092152 1.0133 -0.103916 0.083877 0.114182 14.5586 18.1866 4.15996 226.508314 1.47190
7300 36.5000 -2.118881 0.9923 -0.176700 -0.128477 0.044837 14.5510 18.1902 4.12824 178.530536 1.47035
7400 37.0000 -2.161683 0.9907 -0.391797 -0.049885 -0.000032 14.5447 18.1961 4.12557 170.477881 1.46908
7500 37.5000 -2.132318 0.9928 -0.210048 0.093276 0.386296 14.5406 18.1987 4.14939 220.079402 1.46827
7600 38.0000 -2.132896 0.9956 -0.212349 -0.083737 0.073722 14.5369 18.2026 4.05240 225.105667 1.46751
7700 38.5000 -2.140008 0.9920 -0.055487 -0.096973 -0.080492 14.5330 18.2042 3.94052 269.854995 1.46672
7800 39.0000 -2.127330 1.0036 -0.076005 0.082879 -0.094462 14.5282 18.2026 4.05474 228.741772 1.46575
7900 39.5000 -2.092362 0.9861 -0.001688 0.100445 -0.112406 14.5276 18.2070 4.10866 192.548064 1.46564
8000 40.0000 -2.121552 1.0016 -0.047698 -0.076682 0.190246 14.5274 18.2142 4.14867 197.532861 1.46559
8100 40.5000 -2.110826 0.9935 0.026543 -0.011232 0.205628 14.5274 18.2198 3.97348 172.521911 1.46559
8200 41.0000 -2.108640 1.0059 -0.107001 -0.073545 0.123269 14.5277 18.2250 4.00764 173.237511 1.46565
8300 41.5000 -2.081325 0.9876 -0.068877 -0.048001 -0.289106 14.5223 18.2206 4.04000 197.805958 1.46457
8400 42.0000 -2.082532 0.9845 -0.013669 -0.135266 0.123925 14.5185 18.2133 4.00912 166.516494 1.46379
8500 42.5000 -2.119516 1.0005 -0.014425 -0.193792 0.297491 14.5157 18.2173 4.07588 134.976229 1.46324
8600 43.0000 -2.126161 0.9992 -0.287874 0.060373 0.334014 14.5123 18.2204 4.07959 191.110178 1.46255
8700 43.5000 -2.124807 1.0036 -0.049350 0.054508 0.149821 14.5094 18.2204 3.92549 183.738244 1.46196
8800 44.0000 -2.123572 1.0113 -0.078563 -0.161997 0.373088 14.5087 18.2294 4.08694 196.470185 1.46182
8900 44.5000 -2.106767 0.9803 -0.008846 -0.054460 0.076015 14.5070 18.2369 4.17387 185.922004 1.46148
9000 45.0000 -2.125727 0.9921 -0.101238 -0.252256 -0.148401 14.4980 18.2343 4.04422 213.361187 1.45966
9100 45.5000 -2.141771 0.9944 -0.273912 -0.324733 -0.077897 14.4906 18.2295 4.06546 207.160420 1.45818
9200 46.0000 -2.124380 0.9719 -0.324874 -0.078428 0.111951 14.4818 18.2297 4.07166 205.707630 1.45641
9300 46.5000 -2.172675 1.0033 -0.318252 0.098886 -0.206569 14.4748 18.2335 3.92773 195.951460 1.45501
9400 47.0000 -2.152952 0.9887 -0.051169 -0.125928 -0.254376 14.4707 18.2411 3.92479 210.902318 1.45417
9500 47.5000 -2.104558 0.9654 -0.196950 0.020789 0.097637 14.4651 18.2432 3.84687 207.019606 1.45305
9600 48.0000 -2.110690 1.0243 -0.078466 -0.006180 0.351279 14.4633 18.2453 3.83621 192.905517 1.45268
9700 48.5000 -2.081518 1.0225 0.027385 0.094306 -0.082613 14.4647 18.2523 3.85574 196.471510 1.45297
9800 49.0000 -2.100494 1.0038 -0.046926 0.221737 0.328385 14.4691 18.2541 3.79825 207.313710 1.45384
9900 49.5000 -2.117242 1.0075 -0.192435 0.045943 0.230360 14.4716 18.2629 3.91171 232.426108 1.45435
10000 50.0000 -2.098387 0.9971 -0.145114 -0.189655 0.055353 14.4665 18.2673 3.87904 198.714557 1.45334
10100 50.5000 -2.106162 0.9951 0.102237 -0.221047 0.150025 14.4580 18.2637 3.86675 202.085875 1.45163
10200 51.0000 -2.123032 0.9928 -0.294672 0.173704 -0.001325 14.4545 18.2641 3.89578 186.827853 1.45093
10300 51.5000 -2.107518 0.9905 -0.152693 -0.028438 0.329022 14.4495 18.2638 3.90275 109.720883 1.44992
10400 52.0000 -2.113191 0.9736 -0.311535 0.058539 -0.102764 14.4437 18.2651 3.95825 118.722524 1.44875
10500 52.5000 -2.116395 0.9583 -0.256804 -0.184874 -0.128935 14.4366 18.2661 3.95264 183.363839 1.44733
10600 53.0000 -2.113339 0.9711 -0.036107 0.113764 -0.069968 14.4306 18.2624 3.85417 207.384530 1.44612
10700 53.5000 -2.103933 1.0036 0.006476 -0.092059 -0.056896 14.4240 18.2603 3.90187 211.714166 1.44480
10800 54.0000 -2.067624 0.9943 -0.058777 0.115951 0.303040 14.4242 18.2657 3.85350 231.271314 1.44485
10900 54.5000 -2.063612 1.0070 -0.068292 0.146266 0.062447 14.4259 18.2756 3.81868 230.783367 1.44517
11000 55.0000 -2.088015 1.0083 0.037672 -0.241664 0.156054 14.4254 18.2756 3.73976 202.428676 1.44509
11100 55.5000 -2.117429 0.9859 -0.172999 -0.138828 -0.235152 14.4190 18.2746 3.67868 205.483878 1.44381
11200 56.0000 -2.115789 0.9960 -0.062793 0.153725 -0.192959 14.4125 18.2712 3.80613 193.568377 1.44250
11300 56.5000 -2.090216 1.0044 -0.012361 0.219008 0.185529 14.4117 18.2718 3.90285 183.657283 1.44234
11400 57.0000 -2.080594 0.9922 0.237397 -0.095089 0.266377 14.4099 18.2769 3.85558 182.595480 1.44198
11500 57.5000 -2.108666 1.0106 -0.135430 -0.135034 0.141117 14.4075 18.2846 3.79141 205.973293 1.44150
11600 58.0000 -2.078559 1.0034 0.082989 -0.068429 0.134471 14.4077 18.2918 3.82712 255.779266 1.44155
11700 58.5000 -2.093662 0.9821 -0.019630 -0.024738 0.024640 14.4033 18.2909 3.87607 285.295466 1.44065
11800 59.0000 -2.080451 0.9858 0.037145 -0.035379 0.310170 14.3943 18.2876 3.72827 237.221770 1.43887
11900 59.5000 -2.132216 0.9981 -0.443299 -0.346064 -0.172075 14.3877 18.2868 3.90430 184.197634 1.43755
12000 60.0000 -2.130878 0.9880 -0.204211 -0.252137 0.080104 14.3813 18.2887 3.93779 180.324490 1.43626
12100 60.5000 -2.113830 1.0031 0.011201 -0.068967 -0.206262 14.3788 18.2909 3.94547 146.475504 1.43577
12200 61.0000 -2.133986 1.0129 -0.270742 0.084651 0.130859 14.3759 18.2966 3.85316 191.242328 1.43518
12300 61.5000 -2.112811 0.9964 -0.061012 -0.145340 0.540951 14.3730 18.2997 3.74450 205.982462 1.43460
12400 62.0000 -2.117378 0.9951 -0.075098 -0.202958 -0.116779 14.3705 18.2980 3.76846 170.255985 1.43410
12500 62.5000 -2.083357 0.9687 -0.200418 -0.051199 0.123691 14.3643 18.2938 3.76655 173.863284 1.43288
12600 63.0000 -2.095622 0.9658 -0.339252 -0.183259 -0.031903 14.3566 18.2946 3.79488 178.280375 1.43133
12700 63.5000 -2.110160 1.0126 -0.196669 -0.136330 0.005744 14.3478 18.2985 4.02797 145.573014 1.42958
12800 64.0000 -2.106769 1.0072 -0.193966 -0.210787 -0.040176 14.3451 18.2971 3.87515 203.399359 1.42904
12900 64.5000 -2.118433 1.0089 -0.160969 0.186771 0.074373 14.3416 18.2960 3.92391 232.108304 1.42834
13000 65.0000 -2.107684 0.9531 -0.172528 -0.184439 0.101602 14.3347 18.2894 4.02084 242.549625 1.42697
13100 65.5000 -2.124950 0.9870 0.045828 0.051185 0.091009 14.3280 18.2810 3.92138 226.927109 1.42564
13200 66.0000 -2.116949 1.0126 -0.252320 0.129661 0.298686 14.3275 18.2882 3.90049 156.886248 1.42554
13300 66.5000 -2.094873 1.0026 -0.064936 0.112346 0.049292 14.3294 18.2990 4.11241 234.671800 1.42592
13400 67.0000 -2.072818 0.9967 -0.147999 -0.170941 -0.028029 14.3308 18.3002 4.05204 281.173773 1.42619
13500 67.5000 -2.118410 1.0079 -0.196694 -0.175369 0.005760 14.3267 18.2988 3.92699 265.634333 1.42538
13600 68.0000 -2.092827 1.0038 -0.188930 0.156518 -0.222674 14.3202 18.2968 3.96422 227.946960 1.42409
13700 68.5000 -2.101405 1.0254 -0.031604 -0.179338 -0.017004 14.3158 18.2943 3.91834 209.825793 1.42321
13800 69.0000 -2.087128 0.9919 0.010392 0.019486 0.182872 14.3170 18.2946 3.99228 199.489073 1.42344
13900 69.5000 -2.111358 1.0012 -0.205066 -0.223188 0.150484 14.3173 18.3053 4.03096 164.083252 1.42350
14000 70.0000 -2.133245 0.9893 -0.130790 -0.387795 -0.000839 14.3084 18.3141 3.93691 204.997514 1.42175
14100 70.5000 -2.121560 0.9854 -0.099980 -0.016329 0.140742 14.3015 18.3207 4.17569 197.740247 1.42037
14200 71.0000 -2.120761 0.9864 -0.244502 -0.171935 -0.093838 14.2965 18.3205 3.80372 213.204432 1.41938
14300 71.5000 -2.129809 0.9898 -0.162633 0.035348 -0.036311 14.2910 18.3227 3.71789 219.739670 1.41828
14400 72.0000 -2.117136 0.9905 -0.202390 -0.136585 -0.055394 14.2909 18.3208 3.82693 217.591860 1.41826
14500 72.5000 -2.099742 0.9677 -0.004457 0.091852 0.339725 14.2883 18.3156 3.99057 178.917834 1.41775
14600 73.0000 -2.139873 0.9792 -0.221898 -0.290706 -0.151405 14.2816 18.3095 3.91034 175.951870 1.41642
14700 73.5000 -2.145408 1.0182 -0.109784 0.096480 0.117328 14.2766 18.3173 3.92051 161.725455 1.41542
14800 74.0000 -2.174472 0.9972 -0.077051 -0.280371 0.016994 14.2781 18.3251 3.97846 156.133944 1.41572
14900 74.5000 -2.136689 1.0035 -0.051289 0.230215 0.182234 14.2791 18.3271 4.01565 141.518572 1.41592
15000 75.0000 -2.101218 0.9759 0.106881 0.252034 0.142297 14.2787 18.3279 4.09148 146.650202 1.41585
15100 75.5000 -2.165191 0.9904 -0.337225 -0.295278 -0.292518 14.2742 18.3333 4.09838 140.250074 1.41495
15200 76.0000 -2.166782 0.9847 -0.408828 -0.248045 -0.103742 14.2646 18.3273 4.01323 139.311401 1.41304
15300 76.5000 -2.140303 0.9950 -0.112542 0.166671 -0.157730 14.2564 18.3229 4.12613 127.347678 1.41143
15400 77.0000 -2.134866 1.0005 0.135908 -0.242845 0.265390 14.2551 18.3219 4.27399 123.622089 1.41116
15500 77.5000 -2.169680 0.9970 -0.331369 -0.191391 -0.353203 14.2478 18.3253 4.19630 152.255933 1.40973
15600 78.0000 -2.138790 0.9674 -0.103994 -0.026403 0.243011 14.2393 18.3250 4.22240 165.681215 1.40804
15700 78.5000 -2.161150 0.9912 -0.030357 -0.050558 0.053920 14.2341 18.3208 4.06303 150.653213 1.40701
15800 79.0000 -2.160347 0.9978 0.043382 0.022130 -0.069880 14.2325 18.3273 3.98911 143.636041 1.40670
15900 79.5000 -2.178177 0.9706 -0.330202 -0.077259 0.027960 14.2264 18.3262 4.35164 149.762125 1.40549
16000 80.0000 -2.135196 0.9539 -0.052438 -0.040642 0.317833 14.2228 18.3312 4.19498 153.529234 1.40478
16100 80.5000 -2.135013 0.9830 -0.034777 0.213799 0.028058 14.2180 18.3407 4.23106 185.293475 1.40384
16200 81.0000 -2.139328 0.9959 0.088286 -0.003272 -0.164758 14.2144 18.3421 4.20403 218.171385 1.40312
16300 81.5000 -2.157112 0.9861 -0.196484 0.115281 -0.202765 14.2090 18.3334 4.04122 201.248305 1.40205
16400 82.0000 -2.128415 0.9897 -0.010782 -0.005567 0.525074 14.2021 18.3310 4.22151 154.473867 1.40068
16500 82.5000 -2.101709 0.9923 -0.008627 0.497926 0.055170 14.2019 18.3333 4.27793 170.735172 1.40066
16600 83.0000 -2.130515 1.0103 0.004818 -0.011032 0.147780 14.2019 18.3411 4.06854 156.741027 1.40064
16700 83.5000 -2.148595 0.9975 -0.123198 -0.212355 0.185269 14.1963 18.3416 4.26024 131.520363 1.39955
16800 84.0000 -2.134473 0.9944 -0.049041 -0.132779 0.070738 14.1920 18.3455 4.31526 145.877886 1.39870
16900 84.5000 -2.147679 0.9979 0.116856 0.120066 0.377389 14.1914 18.3558 4.35120 161.283812 1.39859
17000 85.0000 -2.166365 0.9944 -0.076070 -0.236116 0.150916 14.1892 18.3598 4.22324 210.559448 1.39815
17100 85.5000 -2.154929 0.9974 -0.008273 0.106764 0.163572 14.1864 18.3589 4.26032 185.438868 1.39760
17200 86.0000 -2.193285 1.0075 -0.096256 0.143206 0.041468 14.1815 18.3625 4.28117 120.417546 1.39663
17300 86.5000 -2.179369 0.9973 0.310247 0.190067 0.252298 14.1832 18.3709 4.43351 120.205759 1.39696
17400 87.0000 -2.180658 0.9862 -0.030196 0.239220 0.243326 14.1807 18.3635 4.41477 139.700636 1.39647
17500 87.5000 -2.183156 0.9836 -0.174417 -0.071714 -0.164348 14.1760 18.3608 4.41274 138.132552 1.39554
17600 88.0000 -2.215935 1.0076 -0.141331 0.039899 0.269002 14.1720 18.3589 4.21565 132.869767 1.39476
17700 88.5000 -2.195069 1.0026 -0.167984 0.326279 -0.041385 14.1727 18.3621 4.18941 155.691969 1.39489
17800 89.0000 -2.213446 0.9888 -0.402333 -0.091491 0.242556 14.1678 18.3632 4.17675 175.236763 1.39393
17900 89.5000 -2.150087 1.0186 -0.069118 0.180612 0.141644 14.1671 18.3710 4.13360 137.577270 1.39380
18000 90.0000 -2.144380 1.0064 -0.081486 0.040213 0.223639 14.1660 18.3804 4.38037 174.006084 1.39357
18100 90.5000 -2.154152 1.0204 0.114841 0.063720 0.002959 14.1638 18.3782 4.52737 152.024266 1.39315
18200 91.0000 -2.147452 0.9857 -0.241811 -0.339455 -0.134993 14.1640 18.3791 4.44966 186.963613 1.39319
18300 91.5000 -2.158311 0.9960 -0.076390 -0.075207 0.035999 14.1581 18.3754 4.37968 142.659380 1.39202
18400 92.0000 -2.153026 0.9948 -0.118412 0.083352 0.007351 14.1560 18.3775 4.29929 127.129712 1.39162
18500 92.5000 -2.163962 0.9863 -0.015757 -0.210068 0.048830 14.1537 18.3803 4.74026 113.698772 1.39116
18600 93.0000 -2.150640 0.9987 -0.136987 -0.053420 -0.000716 14.1507 18.3907 4.73633 95.576376 1.39057
18700 93.5000 -2.132458 1.0152 -0.090340 0.017518 0.271817 14.1539 18.4038 4.56113 98.671456 1.39120
18800 94.0000 -2.129781 1.0022 0.213276 0.085069 0.290770 14.1578 18.4131 4.41576 138.126341 1.39197
18900 94.5000 -2.144068 0.9870 -0.123728 -0.058179 0.151175 14.1571 18.4155 4.47429 138.060397 1.39183
19000 95.0000 -2.163948 1.0053 0.004510 0.175159 -0.246722 14.1574 18.4125 4.42493 131.653251 1.39190
19100 95.5000 -2.162843 0.9982 0.048171 -0.123589 0.179298 14.1565 18.4101 4.47322 99.686888 1.39171
19200 96.0000 -2.166072 1.0122 -0.120835 -0.159793 -0.060626 14.1535 18.4131 4.30812 85.596323 1.39112
19300 96.5000 -2.121183 0.9960 0.026936 -0.029933 -0.083931 14.1498 18.4147 4.30972 96.425725 1.39040
19400 97.0000 -2.173840 0.9968 -0.162391 -0.199621 -0.007900 14.1438 18.4113 4.42127 117.830176 1.38921
19500 97.5000 -2.210123 1.0051 -0.294756 -0.100127 -0.042833 14.1396 18.4094 4.52139 150.904699 1.38839
19600 98.0000 -2.220122 0.9877 -0.125781 0.117778 -0.074581 14.1362 18.4105 4.70404 136.345614 1.38772
19700 98.5000 -2.217148 0.9870 -0.367532 0.036683 -0.250489 14.1321 18.4119 4.38514 137.203047 1.38691
19800 99.0000 -2.211385 0.9874 -0.231528 0.157054 0.073308 14.1250 18.4087 4.67875 156.753470 1.38552
19900 99.5000 -2.209429 0.9677 -0.282961 -0.338383 -0.128496 14.1178 18.4063 4.57106 191.356865 1.38410
20000 100.0000 -2.185457 0.9836 -0.229055 -0.090698 -0.077360 14.1121 18.3998 4.41932 216.282931 1.38299
20100 100.5000 -2.158987 0.9807 0.048584 0.160615 -0.030199 14.1154 18.3970 4.80691 135.025792 1.38365
20200 101.0000 -2.185862 1.0007 -0.280220 0.018729 0.083323 14.1110 18.4019 4.61270 129.678500 1.38278
20300 101.5000 -2.160443 0.9876 0.102380 -0.060291 -0.146188 14.1071 18.3962 4.75064 138.671182 1.38202
20400 102.0000 -2.169739 0.9997 -0.320545 -0.178889 -0.453958 14.1005 18.3910 4.70917 227.676011 1.38072
20500 102.5000 -2.137819 0.9954 -0.232842 0.048918 -0.044376 14.0954 18.3832 4.49823 232.587099 1.37972
20600 103.0000 -2.151159 1.0142 -0.055335 -0.067261 0.133282 14.0937 18.3762 4.46562 239.026223 1.37940
20700 103.5000 -2.129020 1.0079 -0.145100 0.284642 -0.006781 14.0955 18.3869 4.30925 213.308343 1.37974
20800 104.0000 -2.140481 1.0026 -0.284423 -0.153945 -0.082227 14.0928 18.3926 4.33568 221.048780 1.37921
20900 104.5000 -2.120216 0.9957 -0.111291 -0.036906 0.147393 14.0902 18.3901 4.39683 231.270251 1.37871
21000 105.0000 -2.129950 0.9737 -0.144228 -0.031591 -0.051194 14.0866 18.3874 4.58786 172.227358 1.37800
21100 105.5000 -2.166706 0.9973 -0.269623 -0.135462 0.107142 14.0828 18.3882 4.63043 231.105587 1.37726
21200 106.0000 -2.188118 1.0194 -0.454178 -0.157671 -0.190515 14.0788 18.3928 4.45066 212.057728 1.37647
21300 106.5000 -2.168687 0.9825 -0.265466 -0.385552 -0.044036 14.0748 18.3896 4.43344 211.478533 1.37569
21400 107.0000 -2.148730 1.0005 -0.120161 0.050718 -0.122222 14.0682 18.3814 4.72999 185.203306 1.37441
21500 107.5000 -2.118618 0.9798 -0.262723 0.057245 0.021720 14.0633 18.3817 4.80264 166.662320 1.37345
21600 108.0000 -2.121527 0.9956 0.005398 0.250412 0.070350 14.0594 18.3858 4.69523 196.415668 1.37268
21700 108.5000 -2.152486 1.0122 -0.308033 0.176432 0.245234 14.0576 18.3878 4.65472 204.707945 1.37233
21800 109.0000 -2.153415 0.9820 -0.277259 0.111384 -0.049814 14.0569 18.3923 4.56771 222.002289 1.37219
21900 109.5000 -2.181317 1.0057 -0.437475 -0.063871 -0.064929 14.0537 18.3947 4.31175 152.129664 1.37158
22000 110.0000 -2.172177 0.9778 -0.251331 0.100322 -0.169681 14.0512 18.3937 4.49287 201.937889 1.37109
22100 110.5000 -2.181093 0.9983 0.092433 0.191147 0.018753 14.0479 18.3882 4.71949 201.392958 1.37044
22200 111.0000 -2.166991 0.9734 -0.109823 0.176442 -0.144524 14.0474 18.3859 4.63462 166.393727 1.37035
22300 111.5000 -2.211396 0.9684 -0.158219 -0.061607 -0.352220 14.0385 18.3827 4.82925 195.586464 1.36862
22400 112.0000 -2.194407 1.0023 0.058852 0.271137 -0.225918 14.0337 18.3768 5.01155 200.684950 1.36768
22500 112.5000 -2.217149 0.9847 -0.254685 -0.179427 0.061334 14.0284 18.3773 5.09483 191.097371 1.36664
22600 113.0000 -2.206334 0.9826 -0.334233 0.009081 0.044292 14.0262 18.3773 5.11456 192.616165 1.36620
22700 113.5000 -2.202565 0.9938 -0.264903 -0.017002 0.074780 14.0231 18.3795 5.06862 220.489285 1.36561
22800 114.0000 -2.152068 0.9936 0.067270 0.067583 -0.100994 14.0209 18.3824 5.10204 250.925770 1.36518
22900 114.5000 -2.119023 0.9807 0.099184 -0.076949 0.325192 14.0200 18.3863 4.97822 249.591128 1.36499
23000 115.0000 -2.167726 0.9837 -0.236585 -0.044004 -0.328036 14.0147 18.3836 5.04185 187.167338 1.36396
23100 115.5000 -2.170769 0.9916 -0.105289 0.032236 0.257892 14.0096 18.3852 5.01933 190.196346 1.36297
23200 116.0000 -2.156031 0.9987 -0.195132 0.093546 0.389143 14.0085 18.3942 4.94804 167.104220 1.36275
23300 116.5000 -2.168803 0.9678 -0.243757 0.035852 -0.086342 14.0050 18.3940 5.04000 197.018131 1.36208
23400 117.0000 -2.191197 0.9871 -0.447169 -0.021290 -0.051248 14.0023 18.3921 4.91360 227.483500 1.36155
23500 117.5000 -2.199260 0.9890 -0.254757 -0.170607 0.225377 13.9976 18.3934 4.96448 237.614373 1.36064
23600 118.0000 -2.195069 0.9791 -0.429836 0.090232 -0.052710 13.9914 18.4011 4.96747 215.185630 1.35944
23700 118.5000 -2.184271 0.9995 -0.087593 0.167583 0.096935 13.9884 18.4021 5.02191 209.900315 1.35885
23800 119.0000 -2.183842 0.9638 -0.384263 -0.045938 -0.207301 13.9836 18.3950 4.89690 209.460328 1.35792
23900 119.5000 -2.189462 1.0027 -0.258532 0.079969 -0.100469 13.9781 18.3913 5.03438 225.026326 1.35686
24000 120.0000 -2.204053 0.9902 -0.170030 0.050552 0.115759 13.9750 18.3921 4.99795 186.166084 1.35626
24100 120.5000 -2.176878 0.9758 0.184409 -0.032089 0.234690 13.9727 18.3928 4.86671 167.401003 1.35582
24200 121.0000 -2.180212 0.9728 -0.050149 0.280289 0.267851 13.9704 18.3967 4.93334 185.515087 1.35535
24300 121.5000 -2.204324 1.0287 -0.253487 0.087898 -0.362386 13.9658 18.4041 4.88148 188.994095 1.35447
24400 122.0000 -2.182532 0.9962 -0.121611 0.322902 -0.106695 13.9627 18.4051 4.92300 164.041248 1.35387
24500 122.5000 -2.199305 0.9783 -0.180349 0.019584 -0.100392 13.9633 18.4001 5.20036 171.328074 1.35399
24600 123.0000 -2.206911 0.9993 -0.057498 0.038893 0.076297 13.9622 18.4004 5.43646 196.555698 1.35378
24700 123.5000 -2.205347 1.0303 -0.197019 -0.014501 0.109797 13.9646 18.4034 5.47050 182.892066 1.35424
24800 124.0000 -2.174026 0.9976 0.125910 0.151945 -0.046437 13.9636 18.4123 5.30035 210.041992 1.35404
24900 124.5000 -2.180584 0.9837 -0.208545 0.285463 -0.288503 13.9631 18.4184 5.14136 245.099705 1.35395
25000 125.0000 -2.221512 0.9922 -0.063916 -0.332680 -0.097552 13.9570 18.4119 5.11073 193.625568 1.35276
25100 125.5000 -2.202295 0.9872 -0.224179 -0.114917 0.035275 13.9531 18.4196 4.89663 133.467341 1.35201
25200 126.0000 -2.233497 0.9909 -0.080417 -0.142188 -0.100123 13.9491 18.4217 5.38787 164.724455 1.35123
25300 126.5000 -2.210243 0.9929 -0.389765 0.148454 0.238259 13.9445 18.4300 5.91373 179.105698 1.35034
25400 127.0000 -2.215873 1.0027 -0.056719 -0.071843 -0.073513 13.9407 18.4347 5.69635 132.248066 1.34960
25500 127.5000 -2.201631 0.9936 -0.001324 -0.143578 0.058052 13.9409 18.4304 5.47192 178.102971 1.34965
25600 128.0000 -2.207772 1.0014 -0.323194 -0.159760 -0.083687 13.9362 18.4317 5.24394 199.460005 1.34874
25700 128.5000 -2.182589 0.9808 -0.302748 -0.021140 -0.142515 13.9315 18.4271 5.69267 158.189413 1.34782
25800 129.0000 -2.197317 1.0120 -0.149023 -0.001777 0.300358 13.9311 18.4294 5.79085 162.873208 1.34774
25900 129.5000 -2.225075 0.9924 -0.257081 -0.284163 -0.225725 13.9286 18.4256 5.78131 193.939466 1.34727
26000 130.0000 -2.203659 0.9870 -0.103100 -0.088965 0.197868 13.9236 18.4226 5.63468 177.849216 1.34630
26100 130.5000 -2.202713 1.0024 0.092066 0.010067 -0.157120 13.9181 18.4171 5.72215 207.477177 1.34524
26200 131.0000 -2.196710 0.9938 -0.196834 0.001612 0.091822 13.9179 18.4191 5.37263 190.742840 1.34520
26300 131.5000 -2.207656 0.9804 0.137868 -0.067401 -0.138352 13.9110 18.4121 5.34910 200.788722 1.34385
26400 132.0000 -2.228263 1.0082 -0.201978 -0.326563 -0.210633 13.9049 18.4049 5.50522 204.801976 1.34268
26500 132.5000 -2.221097 1.0081 -0.128335 -0.138283 -0.053741 13.9029 18.4017 5.67401 216.234005 1.34230
26600 133.0000 -2.254200 1.0076 0.031988 -0.271129 0.144651 13.8968 18.4015 5.79975 181.266831 1.34113
26700 133.5000 -2.240617 1.0004 -0.308084 -0.156354 0.419134 13.8907 18.4046 5.60788 159.560759 1.33995
26800 134.0000 -2.240285 0.9858 -0.465198 0.001076 0.154488 13.8869 18.4036 5.09683 155.102238 1.33920
26900 134.5000 -2.287798 1.0140 -0.364570 -0.107288 0.223207 13.8802 18.4071 5.38121 160.685178 1.33791
27000 135.0000 -2.281443 0.9633 -0.080136 0.027755 -0.105631 13.8751 18.4042 5.17419 187.853322 1.33693
27100 135.5000 -2.270217 0.9611 -0.103206 -0.217433 0.186429 13.8672 18.4045 5.83664 158.455943 1.33540
27200 136.0000 -2.278026 0.9798 -0.315758 0.016962 -0.002567 13.8655 18.4040 5.24438 174.139579 1.33508
27300 136.5000 -2.287010 0.9827 -0.237303 -0.065359 -0.427887 13.8593 18.3992 5.34079 162.357574 1.33389
27400 137.0000 -2.256687 1.0212 0.208652 -0.147567 0.109953 13.8577 18.3947 5.16448 144.090779 1.33358
27500 137.5000 -2.229402 1.0014 0.030238 0.063801 0.169022 13.8603 18.3958 5.33007 149.639368 1.33407
27600 138.0000 -2.233377 1.0037 -0.123243 -0.015802 0.032946 13.8622 18.4017 5.41583 162.645967 1.33445
27700 138.5000 -2.232145 0.9806 -0.040886 0.263793 0.038541 13.8652 18.4081 5.45563 193.023734 1.33503
27800 139.0000 -2.232838 1.0199 -0.230129 0.015113 -0.093331 13.8669 18.4089 5.58797 155.234337 1.33536
27900 139.5000 -2.201341 1.0241 -0.013579 0.156153 0.084291 13.8693 18.4142 5.03453 134.299597 1.33581
28000 140.0000 -2.190472 1.0007 0.036115 0.084143 0.096617 13.8682 18.4197 5.29851 176.234970 1.33561
28100 140.5000 -2.244790 1.0185 -0.143274 -0.207900 -0.435641 13.8668 18.4216 5.20510 175.693923 1.33534
28200 141.0000 -2.221719 0.9862 -0.352327 -0.253251 -0.318811 13.8660 18.4156 5.36392 136.431177 1.33519
28300 141.5000 -2.240913 1.0271 -0.135366 0.159259 -0.145107 13.8644 18.4074 5.91208 121.135470 1.33488
28400 142.0000 -2.226175 0.9982 -0.287177 -0.227677 0.067612 13.8622 18.4027 5.79774 88.921113 1.33446
28500 142.5000 -2.188506 1.0146 -0.065037 0.121368 0.052985 13.8594 18.4081 5.39899 70.611866 1.33391
28600 143.0000 -2.214774 1.0082 -0.203584 0.247885 0.180806 13.8587 18.4112 5.37960 124.208785 1.33378
28700 143.5000 -2.213926 0.9911 0.155859 -0.165986 -0.015886 13.8538 18.4093 5.83393 134.044629 1.33284
28800 144.0000 -2.213605 0.9908 0.012255 0.042563 0.058396 13.8469 18.4025 5.90878 169.057565 1.33151
28900 144.5000 -2.232727 0.9967 -0.506897 -0.242808 -0.266629 13.8444 18.3980 5.87414 143.963576 1.33102
29000 145.0000 -2.226852 0.9844 -0.271225 0.130934 0.066008 13.8393 18.3941 6.44257 117.261390 1.33004
29100 145.5000 -2.249009 1.0157 -0.267088 0.025434 0.024550 13.8344 18.3874 6.20945 108.270911 1.32910
29200 146.0000 -2.202092 1.0045 -0.266465 0.374508 0.156706 13.8350 18.3907 6.47391 57.559351 1.32922
29300 146.5000 -2.204809 1.0295 -0.067828 0.069486 -0.205145 13.8368 18.3988 6.01159 136.491600 1.32957
29400 147.0000 -2.199199 1.0093 -0.046396 -0.084428 0.085681 13.8341 18.3978 5.95445 80.574385 1.32904
29500 147.5000 -2.204724 1.0207 -0.226868 0.123028 0.088745 13.8346 18.4007 6.16261 95.111949 1.32913
29600 148.0000 -2.188333 1.0185 -0.105585 0.120414 0.096982 13.8311 18.4013 6.31391 111.606480 1.32847
29700 148.5000 -2.247589 0.9971 0.049861 -0.202385 -0.370504 13.8298 18.4012 6.23736 92.419377 1.32822
29800 149.0000 -2.222151 0.9720 0.045459 -0.105000 0.028259 13.8252 18.3975 6.30758 109.924982 1.32734
29900 149.5000 -2.255847 1.0177 -0.146890 0.052246 -0.019152 13.8167 18.3949 6.19233 143.843625 1.32571
30000 150.0000 -2.256318 1.0149 -0.402193 -0.197314 0.031122 13.8131 18.3944 6.10597 107.468549 1.32501
30100 150.5000 -2.234068 1.0043 0.005555 0.093030 0.052766 13.8143 18.3909 6.51282 129.405231 1.32524
30200 151.0000 -2.234265 1.0179 -0.162152 0.022867 -0.028446 13.8125 18.3940 6.18855 62.505924 1.32489
30300 151.5000 -2.246918 1.0149 -0.116786 0.489270 0.094128 13.8141 18.4016 6.09408 112.607279 1.32520
30400 152.0000 -2.250741 0.9850 -0.198917 -0.064610 -0.168743 13.8117 18.4003 6.46757 112.395289 1.32474
30500 152.5000 -2.219520 0.9935 -0.039489 0.438188 0.113101 13.8111 18.4000 6.92401 50.950014 1.32462
30600 153.0000 -2.274388 1.0116 -0.299391 0.246936 0.206803 13.8103 18.4018 6.34173 60.612071 1.32448
30700 153.5000 -2.276638 1.0044 -0.251830 0.053773 0.079092 13.8056 18.4005 6.74005 100.921265 1.32357
30800 154.0000 -2.298990 1.0235 -0.216322 -0.111901 0.461648 13.8021 18.4049 6.13596 123.077253 1.32290
30900 154.5000 -2.260826 0.9997 -0.260561 -0.033978 0.009246 13.7999 18.4119 6.25514 92.885587 1.32248
31000 155.0000 -2.299723 0.9895 -0.423866 -0.112703 -0.090103 13.7939 18.4066 6.14204 66.952380 1.32133
31100 155.5000 -2.266576 0.9640 0.010223 0.018342 0.088559 13.7893 18.4054 6.47678 28.923857 1.32046
31200 156.0000 -2.272664 0.9947 -0.032547 0.102265 -0.291115 13.7876 18.3981 6.48918 36.267908 1.32012
31300 156.5000 -2.265173 0.9995 -0.216712 -0.115971 0.092437 13.7819 18.3976 6.33165 21.139256 1.31904
31400 157.0000 -2.280087 0.9886 -0.122064 0.230212 0.211742 13.7806 18.4017 6.69351 50.603897 1.31878
31500 157.5000 -2.294883 0.9967 -0.095903 -0.241912 -0.076758 13.7775 18.4051 5.91329 104.273563 1.31819
31600 158.0000 -2.274378 0.9664 -0.010492 -0.113743 -0.056651 13.7730 18.4037 5.51856 164.494649 1.31733
31700 158.5000 -2.291803 0.9914 -0.117278 -0.096141 0.107465 13.7676 18.4039 6.60432 114.354364 1.31629
31800 159.0000 -2.287105 0.9900 0.026118 0.281266 0.151611 13.7679 18.4010 6.40036 75.629066 1.31635
31900 159.5000 -2.305683 1.0029 -0.237230 0.060163 -0.082948 13.7668 18.4024 5.94829 104.010380 1.31614
32000 160.0000 -2.291464 0.9879 0.295221 -0.024696 0.290380 13.7633 18.4033 6.42856 131.980134 1.31548
32100 160.5000 -2.303774 0.9990 -0.132658 -0.186396 0.004057 13.7617 18.4058 6.09460 83.639400 1.31517
32200 161.0000 -2.317484 1.0052 -0.450739 -0.324027 -0.302102 13.7568 18.4046 6.16306 80.891948 1.31423
32300 161.5000 -2.314954 0.9788 -0.210902 0.112863 0.137335 13.7496 18.3938 5.94294 122.069064 1.31285
32400 162.0000 -2.324521 0.9809 -0.252875 0.050646 -0.100215 13.7439 18.3869 6.60297 132.877063 1.31177
32500 162.5000 -2.319400 1.0106 -0.134370 0.328609 0.071983 13.7472 18.3862 6.83852 101.833483 1.31240
32600 163.0000 -2.310089 0.9858 0.130947 0.060332 0.043907 13.7495 18.3832 6.53787 86.305860 1.31284
32700 163.5000 -2.308209 1.0104 -0.029263 -0.111683 0.057705 13.7527 18.3814 6.45031 85.006476 1.31345
32800 164.0000 -2.286761 1.0069 -0.011031 -0.027458 0.116362 13.7557 18.3849 6.59981 133.756217 1.31403
32900 164.5000 -2.290337 1.0107 -0.126423 0.126685 0.225583 13.7575 18.3865 6.50776 176.792843 1.31436
33000 165.0000 -2.280155 0.9951 -0.027975 0.130278 0.075008 13.7593 18.3958 6.32861 178.625578 1.31471
33100 165.5000 -2.323951 1.0078 -0.216643 -0.023441 -0.185250 13.7577 18.4013 6.36538 162.216174 1.31441
33200 166.0000 -2.292572 1.0003 0.093844 0.054778 0.016480 13.7557 18.4044 6.37855 144.475859 1.31403
33300 166.5000 -2.310421 0.9894 -0.085440 -0.010526 0.015296 13.7559 18.4115 6.80479 83.101440 1.31407
33400 167.0000 -2.307443 0.9898 -0.003157 0.056308 0.141149 13.7558 18.4095 7.11949 114.978479 1.31404
33500 167.5000 -2.315521 1.0186 -0.132942 -0.030094 0.018201 13.7577 18.4170 6.99256 94.814023 1.31440
