# step time Epot/N T Pxx Pyy Pzz Lx Lz gap comF areaperlipid
0 0.0000 0.130854 1.0517 3.927506 4.745749 13.501144 13.5766 20.0002 1.10018 0.000000 1.28003
200 1.0000 -1.794637 1.1357 -0.008879 0.091212 0.169655 13.6016 20.0225 0.97664 0.000000 1.28475
400 2.0000 -1.844613 1.0493 -0.185011 -0.355717 -0.534670 13.5895 20.0060 0.91581 0.000000 1.28247
600 3.0000 -1.912597 1.0204 -0.453915 -0.260443 -0.232953 13.5670 19.9733 0.96301 0.000000 1.27821
800 4.0000 -1.987932 1.0155 -0.312894 -0.544194 -0.543851 13.5407 19.9338 1.04614 0.000000 1.27328
1000 5.0000 -2.030961 1.0181 -0.356390 -0.228023 -0.541656 13.5152 19.8975 1.02936 0.000000 1.26847
1200 6.0000 -1.999039 1.0336 -0.280068 0.037677 -0.413382 13.4941 19.8630 0.98397 0.000000 1.26452
1400 7.0000 -2.001153 1.0257 0.349306 0.064952 -0.556446 13.4854 19.8367 1.01575 0.000000 1.26290
1600 8.0000 -2.066192 1.0245 -0.132951 -0.024591 -0.603119 13.4710 19.8075 1.02812 0.000000 1.26020
1800 9.0000 -2.128660 1.0305 -0.202938 -0.264409 -0.615448 13.4523 19.7697 1.13448 0.000000 1.25669
2000 10.0000 -2.063583 1.0483 -0.042048 0.047882 -0.159247 13.4532 19.7650 1.15828 0.000000 1.25687
2200 11.0000 -2.098687 1.0312 0.100079 -0.145775 -0.188285 13.4548 19.7411 1.16448 0.000000 1.25716
2400 12.0000 -2.105356 1.0170 -0.073073 -0.052286 -0.559266 13.4537 19.7158 1.19530 0.000000 1.25696
2600 13.0000 -2.102510 1.0212 -0.228805 0.078098 -0.391636 13.4436 19.6852 1.22988 0.000000 1.25507
2800 14.0000 -2.073938 1.0421 0.303458 0.058499 -0.307107 13.4450 19.6790 1.33280 0.000000 1.25533
3000 15.0000 -2.130011 1.0297 -0.058609 -0.164176 -0.618086 13.4423 19.6584 1.24453 0.000000 1.25482
3200 16.0000 -2.252408 1.0130 -0.604090 -0.303114 -0.427622 13.4192 19.6202 1.23021 0.000000 1.25052
3400 17.0000 -2.300074 1.0216 -0.371686 -0.042028 -0.413976 13.3939 19.5810 1.16478 0.000000 1.24581
3600 18.0000 -2.364341 1.0089 -0.660483 -0.233727 -0.653959 13.3684 19.5426 1.11954 0.000000 1.24107
3800 19.0000 -2.395889 1.0114 -0.334548 -0.175742 -0.321867 13.3489 19.5057 1.28671 0.000000 1.23745
4000 20.0000 -2.469503 0.9932 -0.584876 -0.158000 -0.644779 13.3235 19.4681 1.13403 0.000000 1.23274
4200 21.0000 -2.434240 1.0039 -0.081122 0.138153 0.099173 13.3074 19.4338 1.03400 0.000000 1.22977
4400 22.0000 -2.526572 0.9986 -0.304010 -0.329926 -0.801488 13.2937 19.4001 0.96600 0.000000 1.22725
4600 23.0000 -2.503526 1.0134 0.154035 -0.062592 -0.563573 13.2816 19.3659 1.04769 0.000000 1.22501
4800 24.0000 -2.524886 1.0043 0.141564 -0.010674 -0.473745 13.2721 19.3324 1.07642 0.000000 1.22325
5000 25.0000 -2.562068 0.9828 -0.199814 -0.247659 -0.095464 13.2628 19.3005 1.08455 0.000000 1.22154
5200 26.0000 -2.565149 0.9727 -0.110940 0.228425 0.154059 13.2575 19.2750 1.05925 0.000000 1.22057
5400 27.0000 -2.578515 1.0092 0.114252 0.099685 -0.124055 13.2626 19.2613 1.10265 0.000000 1.22151
5600 28.0000 -2.591971 0.9932 -0.261085 0.047964 -0.314378 13.2650 19.2406 1.03709 0.000000 1.22195
5800 29.0000 -2.585023 0.9966 0.125363 0.153132 -0.209885 13.2659 19.2171 0.99363 0.000000 1.22211
6000 30.0000 -2.577320 0.9984 0.067262 -0.220931 -0.112997 13.2701 19.2065 0.97488 0.000000 1.22289
6200 31.0000 -2.590976 1.0025 0.021044 -0.033653 -0.308171 13.2721 19.1925 1.02382 0.000000 1.22325
6400 32.0000 -2.600762 1.0105 -0.048976 0.116585 -0.499446 13.2768 19.1739 1.00639 0.000000 1.22412
6600 33.0000 -2.611996 0.9965 -0.175894 0.072456 -0.701131 13.2822 19.1529 1.02956 0.000000 1.22512
6800 34.0000 -2.642390 1.0035 0.156451 -0.048977 -0.237793 13.2838 19.1269 1.03115 0.000000 1.22542
7000 35.0000 -2.613288 0.9868 -0.116001 0.064682 -0.600848 13.2907 19.1074 1.05711 0.000000 1.22668
7200 36.0000 -2.626441 0.9906 -0.160729 0.171064 -0.048953 13.2864 19.0937 1.08301 0.000000 1.22589
7400 37.0000 -2.634263 0.9753 0.128415 -0.057923 -0.139019 13.2864 19.0815 1.02940 0.000000 1.22590
7600 38.0000 -2.604415 1.0060 0.239849 -0.029181 -0.387009 13.2923 19.0683 0.99616 0.000000 1.22699
7800 39.0000 -2.576927 1.0002 0.001440 0.316954 -0.120637 13.3042 19.0629 0.96672 0.000000 1.22918
8000 40.0000 -2.590880 1.0100 0.241825 0.224287 0.190446 13.3155 19.0449 0.95868 0.000000 1.23127
8200 41.0000 -2.591949 1.0016 0.335552 0.099617 -0.125848 13.3171 19.0312 1.00512 0.000000 1.23156
8400 42.0000 -2.595380 1.0168 0.105991 0.060551 -0.269525 13.3261 19.0189 1.01723 0.000000 1.23323
8600 43.0000 -2.607582 1.0168 0.023953 0.145134 0.056774 13.3302 19.0028 0.97941 0.000000 1.23400
8800 44.0000 -2.597284 1.0070 -0.019482 0.212575 -0.237449 13.3347 18.9912 0.97746 0.000000 1.23482
9000 45.0000 -2.601135 0.9756 -0.040430 0.117035 -0.411180 13.3399 18.9693 1.00534 0.000000 1.23579
9200 46.0000 -2.636070 0.9814 0.133788 0.015396 -0.130586 13.3311 18.9461 1.05681 0.000000 1.23416
9400 47.0000 -2.642058 0.9721 -0.045004 0.015998 -0.483998 13.3355 18.9229 1.03199 0.000000 1.23497
9600 48.0000 -2.672411 0.9922 0.077954 -0.092719 -0.009925 13.3396 18.8936 0.97640 0.000000 1.23573
9800 49.0000 -2.657089 0.9954 0.117632 0.009690 0.180034 13.3368 18.8786 1.06236 0.000000 1.23521
10000 50.0000 -2.636864 0.9907 0.406557 -0.081801 0.267521 13.3378 18.8671 1.06758 0.000000 1.23539
10200 51.0000 -2.644504 0.9923 0.213247 0.006616 0.128785 13.3495 18.8672 0.94667 0.000000 1.23756
10400 52.0000 -2.685950 1.0138 -0.233806 0.083155 -0.373558 13.3484 18.8578 0.95914 0.000000 1.23736
10600 53.0000 -2.659036 0.9874 -0.191908 0.237823 0.225733 13.3569 18.8400 1.01008 0.000000 1.23894
10800 54.0000 -2.609459 1.0107 0.007054 0.286320 0.178821 13.3624 18.8388 0.90969 0.000000 1.23996
11000 55.0000 -2.645072 0.9852 -0.244307 -0.110499 -0.136257 13.3718 18.8395 0.89232 0.000000 1.24171
11200 56.0000 -2.623336 0.9785 0.090692 0.249409 0.294849 13.3712 18.8207 0.87077 0.000000 1.24160
11400 57.0000 -2.636640 1.0271 0.432923 -0.075380 -0.276676 13.3770 18.8134 0.91206 0.000000 1.24266
11600 58.0000 -2.623061 1.0017 -0.389898 0.413530 0.327705 13.3823 18.8142 0.92132 0.000000 1.24366
11800 59.0000 -2.602566 0.9908 -0.129943 0.109406 0.144442 13.3850 18.8063 0.91444 0.000000 1.24415
12000 60.0000 -2.604493 1.0023 0.142400 0.100803 0.329159 13.3909 18.7993 0.92756 0.000000 1.24526
12200 61.0000 -2.614147 1.0035 0.167100 -0.061816 -0.633120 13.3922 18.7946 0.94458 0.000000 1.24550
12400 62.0000 -2.636222 1.0124 0.021001 -0.088864 -0.036364 13.3918 18.7766 1.02544 0.000000 1.24542
12600 63.0000 -2.649242 1.0147 0.034310 0.070408 -0.485217 13.3991 18.7656 1.02148 0.000000 1.24678
12800 64.0000 -2.598713 0.9785 0.051635 0.339202 0.443143 13.4008 18.7524 1.06588 0.000000 1.24710
13000 65.0000 -2.620112 1.0105 0.059841 -0.007746 0.043672 13.4094 18.7446 1.01320 0.000000 1.24869
13200 66.0000 -2.618951 0.9972 0.214809 -0.199741 0.060764 13.4067 18.7357 1.03250 0.000000 1.24819
13400 67.0000 -2.589393 0.9914 0.150094 -0.167436 -0.106009 13.4133 18.7317 1.01677 0.000000 1.24942
13600 68.0000 -2.610590 0.9660 -0.056672 -0.079779 -0.222557 13.4123 18.7226 1.01757 0.000000 1.24924
13800 69.0000 -2.615104 0.9817 0.101353 0.228915 -0.319148 13.4094 18.7060 1.06065 0.000000 1.24870
14000 70.0000 -2.623030 1.0029 -0.034702 -0.008447 -0.038673 13.4159 18.6954 1.08858 0.000000 1.24991
14200 71.0000 -2.612444 0.9893 0.176822 -0.071080 -0.155197 13.4250 18.6782 1.04378 0.000000 1.25159
14400 72.0000 -2.645338 0.9949 0.002475 -0.060827 -0.259101 13.4292 18.6633 0.98695 0.000000 1.25239
14600 73.0000 -2.663724 0.9938 0.068560 0.098675 -0.196707 13.4257 18.6491 1.01484 0.000000 1.25174
14800 74.0000 -2.703528 0.9966 -0.467791 -0.000927 -0.620868 13.4246 18.6319 0.92967 0.000000 1.25153
15000 75.0000 -2.677077 0.9900 0.128937 -0.203575 0.075560 13.4208 18.6130 0.87561 0.000000 1.25082
15200 76.0000 -2.655092 0.9969 0.276747 -0.027468 -0.008783 13.4258 18.5998 0.91105 0.000000 1.25175
15400 77.0000 -2.636703 1.0033 0.254327 0.020118 0.158197 13.4384 18.5897 0.78842 0.000000 1.25410
15600 78.0000 -2.666164 1.0059 -0.158378 -0.068030 -0.020150 13.4479 18.5915 0.84529 0.000000 1.25587
15800 79.0000 -2.635744 0.9973 0.079144 0.064088 0.017186 13.4480 18.5879 0.81485 0.000000 1.25590
16000 80.0000 -2.653284 0.9867 0.161088 0.119216 -0.186749 13.4536 18.5720 0.82544 0.000000 1.25694
16200 81.0000 -2.683567 1.0096 -0.033304 0.044746 -0.159340 13.4526 18.5577 0.83193 0.000000 1.25676
16400 82.0000 -2.657325 0.9894 -0.115070 0.101270 0.036976 13.4567 18.5494 0.85469 0.000000 1.25752
16600 83.0000 -2.657570 0.9817 -0.249531 0.164203 0.094676 13.4586 18.5421 0.85632 0.000000 1.25788
16800 84.0000 -2.628100 0.9938 0.152554 -0.086915 -0.297480 13.4651 18.5411 0.86429 0.000000 1.25909
17000 85.0000 -2.605675 1.0055 -0.007971 0.208480 0.163301 13.4764 18.5425 0.78115 0.000000 1.26120
17200 86.0000 -2.598146 1.0035 0.351098 -0.027718 0.005416 13.4856 18.5352 0.83476 0.000000 1.26293
17400 87.0000 -2.624693 0.9843 -0.170054 0.148809 -0.032459 13.4907 18.5212 0.79756 0.000000 1.26388
17600 88.0000 -2.605194 0.9907 -0.108447 0.277652 -0.109259 13.4992 18.5080 0.80447 0.000000 1.26547
17800 89.0000 -2.622614 1.0188 -0.082683 -0.012824 -0.156120 13.5030 18.4999 0.92249 0.000000 1.26620
18000 90.0000 -2.619219 1.0085 0.088194 -0.187702 0.363113 13.5090 18.4917 0.92794 0.000000 1.26731
18200 91.0000 -2.618404 0.9817 -0.021102 0.203334 -0.245119 13.5113 18.4771 1.00384 0.000000 1.26775
18400 92.0000 -2.619774 0.9855 -0.034373 0.070473 -0.172806 13.5116 18.4729 0.88717 0.000000 1.26780
18600 93.0000 -2.607465 0.9530 0.251869 -0.101353 -0.145474 13.5085 18.4617 0.93768 0.000000 1.26721
18800 94.0000 -2.637787 0.9863 -0.009369 0.086548 0.085927 13.5133 18.4571 0.98426 0.000000 1.26812
19000 95.0000 -2.609227 0.9703 0.249238 -0.221662 -0.119727 13.5104 18.4556 0.95637 0.000000 1.26757
19200 96.0000 -2.608088 0.9884 0.257442 0.099795 0.391668 13.5131 18.4504 0.99284 0.000000 1.26807
19400 97.0000 -2.628431 1.0102 -0.045676 -0.046955 -0.415488 13.5170 18.4530 0.90055 0.000000 1.26882
19600 98.0000 -2.636540 0.9965 -0.004359 -0.078113 -0.094240 13.5161 18.4476 0.92190 0.000000 1.26865
19800 99.0000 -2.609492 1.0087 0.057324 0.087700 -0.210970 13.5233 18.4297 0.90432 0.000000 1.27000
20000 100.0000 -2.637884 0.9888 -0.040309 -0.066307 -0.288472 13.5278 18.4138 0.85665 0.000000 1.27085
20200 101.0000 -2.634363 0.9741 0.037648 0.061027 0.065345 13.5309 18.4034 0.77381 0.000000 1.27143
20400 102.0000 -2.647789 0.9842 -0.068907 -0.180354 -0.004808 13.5347 18.3936 0.82995 0.000000 1.27214
20600 103.0000 -2.625565 0.9958 -0.162208 0.142781 0.086083 13.5373 18.3830 0.80461 0.000000 1.27263
20800 104.0000 -2.642729 0.9975 0.167702 -0.205403 -0.352602 13.5387 18.3741 0.82155 0.000000 1.27289
21000 105.0000 -2.652826 1.0011 0.170067 0.127314 0.118682 13.5417 18.3585 0.85712 0.000000 1.27345
21200 106.0000 -2.620022 1.0033 0.016737 0.438602 0.031301 13.5496 18.3532 0.81361 0.000000 1.27494
21400 107.0000 -2.623934 0.9639 0.048636 0.014323 -0.213001 13.5527 18.3509 0.83839 0.000000 1.27552
21600 108.0000 -2.631924 0.9805 0.216478 0.123255 -0.125611 13.5533 18.3373 0.88143 0.000000 1.27565
21800 109.0000 -2.644448 0.9950 0.164706 -0.097540 -0.017805 13.5527 18.3188 0.87996 0.000000 1.27553
22000 110.0000 -2.622331 1.0169 0.075688 0.185086 -0.250840 13.5569 18.3236 0.85424 0.000000 1.27632
22200 111.0000 -2.627038 1.0122 -0.122976 0.189076 -0.140528 13.5627 18.3249 0.83030 0.000000 1.27741
22400 112.0000 -2.641936 0.9882 -0.078045 -0.161821 0.246386 13.5653 18.3164 0.78433 0.000000 1.27789
22600 113.0000 -2.625725 0.9996 -0.192128 0.219739 -0.062115 13.5649 18.3099 0.79689 0.000000 1.27782
22800 114.0000 -2.609761 1.0008 -0.082489 0.020363 -0.310105 13.5703 18.3090 0.85159 0.000000 1.27884
23000 115.0000 -2.618987 0.9800 -0.141731 0.195992 0.086682 13.5708 18.2969 0.85373 0.000000 1.27894
23200 116.0000 -2.661912 0.9944 -0.112164 -0.146803 -0.090655 13.5706 18.2797 0.87435 0.000000 1.27890
23400 117.0000 -2.643638 0.9881 0.143540 -0.119444 0.142362 13.5715 18.2634 0.85552 0.000000 1.27907
23600 118.0000 -2.628378 0.9809 0.351485 0.174308 -0.171192 13.5689 18.2592 0.80141 0.000000 1.27858
23800 119.0000 -2.656922 0.9930 -0.044313 0.031585 0.256002 13.5747 18.2554 0.80712 0.000000 1.27967
24000 120.0000 -2.622877 0.9977 0.222723 0.038002 -0.056647 13.5776 18.2496 0.80932 0.000000 1.28021
24200 121.0000 -2.639178 1.0046 0.141455 -0.016318 -0.262765 13.5844 18.2502 0.84505 0.000000 1.28149
24400 122.0000 -2.647316 1.0058 -0.064673 -0.021543 0.147723 13.5902 18.2493 0.85274 0.000000 1.28260
24600 123.0000 -2.646691 1.0048 -0.235604 0.076385 -0.005895 13.5911 18.2402 0.86040 0.000000 1.28277
24800 124.0000 -2.644352 1.0024 0.450761 -0.184686 -0.354997 13.5886 18.2284 0.90317 0.000000 1.28230
25000 125.0000 -2.621997 0.9882 0.296674 0.144280 0.101848 13.5935 18.2218 0.92333 0.000000 1.28322
25200 126.0000 -2.619641 0.9986 0.350258 0.087092 -0.168724 13.6039 18.2213 0.95101 0.000000 1.28517
25400 127.0000 -2.589796 0.9922 0.340397 -0.030372 -0.205123 13.6080 18.2182 0.93516 0.000000 1.28595
25600 128.0000 -2.599884 1.0165 0.159167 0.200963 0.185824 13.6150 18.2172 0.95722 0.000000 1.28728
25800 129.0000 -2.617588 1.0082 -0.012215 -0.034769 -0.117806 13.6194 18.2098 0.91464 0.000000 1.28812
26000 130.0000 -2.617697 1.0119 -0.018117 0.007337 -0.197311 13.6264 18.1963 0.91266 0.000000 1.28944
26200 131.0000 -2.574732 0.9948 0.156131 0.077544 -0.469291 13.6278 18.2035 1.00092 0.000000 1.28970
26400 132.0000 -2.597141 0.9855 0.153099 -0.001105 -0.033536 13.6295 18.1927 1.05542 0.000000 1.29002
26600 133.0000 -2.645008 0.9842 -0.135128 -0.321178 -0.001593 13.6237 18.1828 1.02095 0.000000 1.28893
26800 134.0000 -2.636813 0.9708 -0.078191 0.029721 0.256435 13.6177 18.1634 0.98544 0.000000 1.28779
27000 135.0000 -2.604674 0.9737 0.167494 0.247458 0.432776 13.6233 18.1533 1.03198 0.000000 1.28885
27200 136.0000 -2.630459 1.0020 0.155175 -0.125004 0.077420 13.6275 18.1514 1.06847 0.000000 1.28964
27400 137.0000 -2.622811 0.9927 -0.128730 0.057519 -0.170519 13.6360 18.1497 0.99170 0.000000 1.29125
27600 138.0000 -2.626816 1.0044 0.080868 -0.090561 -0.113772 13.6441 18.1346 0.98114 0.000000 1.29278
27800 139.0000 -2.661626 0.9966 -0.275071 -0.246476 -0.357197 13.6456 18.1218 1.05357 0.000000 1.29308
28000 140.0000 -2.639205 0.9636 -0.091616 -0.148232 -0.111808 13.6422 18.1157 1.06845 0.000000 1.29242
28200 141.0000 -2.617578 1.0023 -0.217545 0.025553 -0.067245 13.6433 18.0944 1.07005 0.000000 1.29264
28400 142.0000 -2.631901 1.0142 0.174360 0.106609 -0.334049 13.6493 18.0813 1.08758 0.000000 1.29378
28600 143.0000 -2.658222 1.0004 -0.047367 0.210305 -0.244695 13.6499 18.0614 1.07385 0.000000 1.29389
28800 144.0000 -2.630325 1.0010 -0.098158 0.274710 0.202490 13.6587 18.0554 1.02182 0.000000 1.29556
29000 145.0000 -2.621509 0.9998 0.079372 0.272739 0.060686 13.6592 18.0601 1.00436 0.000000 1.29565
29200 146.0000 -2.623153 0.9974 0.098657 -0.177105 -0.095412 13.6595 18.0685 0.97263 0.000000 1.29571
29400 147.0000 -2.620066 1.0004 -0.092001 0.035681 0.137473 13.6671 18.0665 0.90758 0.000000 1.29714
29600 148.0000 -2.655279 0.9951 -0.151526 -0.030550 -0.390683 13.6580 18.0581 0.91976 0.000000 1.29543
29800 149.0000 -2.599975 0.9801 0.289955 0.022145 -0.176147 13.6619 18.0692 0.91906 0.000000 1.29617
30000 150.0000 -2.631972 1.0061 -0.095914 0.056087 0.289248 13.6662 18.0635 0.89657 0.000000 1.29697
30200 151.0000 -2.614385 1.0084 -0.161405 -0.081222 -0.017922 13.6732 18.0525 0.86597 0.000000 1.29830
30400 152.0000 -2.651388 1.0023 -0.061364 -0.086149 -0.269375 13.6765 18.0545 0.83310 0.000000 1.29894
30600 153.0000 -2.608690 0.9980 0.194439 0.000181 0.063916 13.6790 18.0455 0.81054 0.000000 1.29940
30800 154.0000 -2.620964 1.0110 0.058718 0.076451 -0.068495 13.6888 18.0476 0.78186 0.000000 1.30127
31000 155.0000 -2.597226 0.9829 -0.206073 0.228871 0.125809 13.6933 18.0439 0.80557 0.000000 1.30212
31200 156.0000 -2.627241 0.9801 -0.175819 -0.027835 -0.077435 13.6907 18.0387 0.75950 0.000000 1.30164
31400 157.0000 -2.627562 0.9771 -0.011905 -0.129534 -0.222335 13.6808 18.0257 0.75418 0.000000 1.29976
31600 158.0000 -2.659132 1.0135 -0.090486 -0.075632 -0.219890 13.6735 18.0266 0.79823 0.000000 1.29836
31800 159.0000 -2.673380 0.9818 -0.172847 -0.087278 -0.453896 13.6752 18.0179 0.76436 0.000000 1.29869
32000 160.0000 -2.630221 0.9968 0.210044 0.055837 -0.327591 13.6753 18.0049 0.80516 0.000000 1.29870
32200 161.0000 -2.668953 0.9794 -0.198970 0.267275 0.417548 13.6723 17.9954 0.79811 0.000000 1.29815
32400 162.0000 -2.656496 0.9870 0.032878 0.078609 -0.125307 13.6791 17.9974 0.88273 0.000000 1.29942
32600 163.0000 -2.617405 0.9972 0.300206 0.080741 0.112669 13.6759 17.9937 0.85562 0.000000 1.29883
32800 164.0000 -2.634712 1.0038 0.041290 -0.075942 0.091720 13.6817 17.9919 0.86694 0.000000 1.29992
33000 165.0000 -2.665785 0.9921 -0.101288 -0.201249 -0.462794 13.6834 17.9847 0.84222 0.000000 1.30025
33200 166.0000 -2.648178 0.9701 0.193498 -0.045214 -0.293503 13.6816 17.9737 0.88713 0.000000 1.29990
33400 167.0000 -2.646201 0.9813 -0.271257 0.223667 0.224464 13.6846 17.9756 0.87762 0.000000 1.30047
33600 168.0000 -2.658680 0.9798 -0.016747 -0.061665 -0.305564 13.6774 17.9588 0.88497 0.000000 1.29911
33800 169.0000 -2.708412 1.0144 -0.266115 -0.196838 0.091565 13.6730 17.9561 0.91039 0.000000 1.29827
34000 170.0000 -2.667389 1.0160 0.256215 0.005064 -0.540437 13.6779 17.9530 0.95051 0.000000 1.29921
34200 171.0000 -2.650749 0.9901 -0.013061 0.004350 0.234318 13.6824 17.9563 0.88673 0.000000 1.30006
34400 172.0000 -2.658766 1.0034 0.177025 0.088620 -0.050025 13.6863 17.9532 0.86200 0.000000 1.30080
34600 173.0000 -2.647076 1.0163 -0.048242 0.022859 -0.182476 13.6928 17.9572 0.82626 0.000000 1.30203
34800 174.0000 -2.668826 0.9994 -0.019549 -0.138716 -0.077246 13.6979 17.9455 0.91133 0.000000 1.30300
35000 175.0000 -2.633422 0.9877 0.165569 -0.064874 0.140593 13.7077 17.9444 0.85477 0.000000 1.30488
35200 176.0000 -2.649126 0.9945 -0.016272 0.119267 -0.108278 13.7087 17.9300 0.80715 0.000000 1.30506
35400 177.0000 -2.618156 1.0047 0.101368 0.090143 0.032724 13.7134 17.9363 0.82333 0.000000 1.30595
35600 178.0000 -2.660876 0.9944 -0.249061 -0.018697 -0.392127 13.7109 17.9193 0.89967 0.000000 1.30547
35800 179.0000 -2.628331 0.9806 0.203960 -0.170882 0.144343 13.7079 17.9124 0.87506 0.000000 1.30491
36000 180.0000 -2.659520 1.0066 0.181598 -0.038032 -0.355069 13.7125 17.9078 0.86043 0.000000 1.30579
36200 181.0000 -2.606273 0.9817 0.055513 0.172615 0.139656 13.7206 17.9179 0.83462 0.000000 1.30733
36400 182.0000 -2.628510 1.0089 -0.100311 -0.010031 -0.019691 13.7199 17.9164 0.83998 0.000000 1.30719
36600 183.0000 -2.628521 1.0088 -0.055493 0.061013 0.554593 13.7203 17.9162 0.89079 0.000000 1.30727
36800 184.0000 -2.607381 0.9874 0.174605 0.333347 -0.027088 13.7242 17.9134 0.80578 0.000000 1.30801
37000 185.0000 -2.634544 1.0006 -0.134964 -0.027023 -0.260839 13.7224 17.9090 0.86674 0.000000 1.30768
37200 186.0000 -2.628562 0.9717 -0.094645 0.327728 -0.014159 13.7203 17.9002 0.83616 0.000000 1.30727
37400 187.0000 -2.611968 1.0091 0.307493 0.140507 0.197773 13.7330 17.9018 0.83366 0.000000 1.30968
37600 188.0000 -2.584825 1.0090 0.062005 0.133565 0.019401 13.7431 17.8953 0.85349 0.000000 1.31161
37800 189.0000 -2.591575 1.0178 0.114518 -0.049014 -0.480183 13.7581 17.8833 0.81604 0.000000 1.31448
38000 190.0000 -2.563771 0.9949 0.269053 0.140273 -0.299671 13.7622 17.8811 0.77832 0.000000 1.31526
38200 191.0000 -2.590624 0.9810 0.185831 -0.133570 0.115562 13.7653 17.8632 0.79163 0.000000 1.31586
38400 192.0000 -2.577085 1.0171 0.086693 -0.068436 -0.190000 13.7704 17.8448 0.75272 0.000000 1.31684
38600 193.0000 -2.601850 1.0150 -0.080377 -0.246065 -0.074710 13.7746 17.8308 0.76617 0.000000 1.31763
38800 194.0000 -2.581247 0.9937 0.186126 -0.049023 0.175977 13.7715 17.8136 0.71296 0.000000 1.31705
39000 195.0000 -2.617356 1.0180 -0.182661 -0.082243 0.255482 13.7748 17.8072 0.74761 0.000000 1.31767
39200 196.0000 -2.619000 0.9931 0.194003 -0.019575 0.317572 13.7773 17.7988 0.74972 0.000000 1.31814
39400 197.0000 -2.619938 0.9876 0.006042 -0.084437 -0.003343 13.7796 17.7902 0.83098 0.000000 1.31859
39600 198.0000 -2.615400 0.9922 -0.103344 0.347570 0.252978 13.7814 17.7648 0.84783 0.000000 1.31894
39800 199.0000 -2.640044 1.0205 -0.103708 0.057938 0.185321 13.7813 17.7620 0.78906 0.000000 1.31893
40000 200.0000 -2.593324 0.9972 0.329605 0.048786 -0.010428 13.7903 17.7635 0.81504 0.000000 1.32065
40200 201.0000 -2.581375 1.0118 0.080304 0.027265 0.352767 13.8011 17.7674 0.74651 0.000000 1.32271
40400 202.0000 -2.563194 1.0124 -0.140875 0.167660 -0.100243 13.8087 17.7720 0.76467 0.000000 1.32417
40600 203.0000 -2.555837 0.9833 0.298786 0.009465 -0.314909 13.8133 17.7698 0.86663 0.000000 1.32505
40800 204.0000 -2.593076 1.0030 -0.120206 -0.023537 0.051211 13.8067 17.7601 0.82698 0.000000 1.32379
41000 205.0000 -2.621397 1.0060 -0.020312 -0.348231 -0.200030 13.8028 17.7621 0.88928 0.000000 1.32303
41200 206.0000 -2.613412 0.9951 -0.145992 -0.063241 -0.257508 13.8035 17.7486 0.86087 0.000000 1.32318
41400 207.0000 -2.606514 0.9797 -0.094303 -0.077843 0.089482 13.7967 17.7416 0.83391 0.000000 1.32187
41600 208.0000 -2.624398 0.9985 -0.002808 -0.256739 0.150991 13.7933 17.7452 0.82053 0.000000 1.32122
41800 209.0000 -2.633281 0.9893 -0.048014 -0.068394 -0.244010 13.7911 17.7313 0.80266 0.000000 1.32079
42000 210.0000 -2.656548 0.9820 0.142439 0.058652 -0.310449 13.7845 17.7224 0.77973 0.000000 1.31953
42200 211.0000 -2.674348 0.9904 0.007175 -0.117059 -0.252526 13.7791 17.7171 0.78746 0.000000 1.31850
42400 212.0000 -2.649888 0.9845 -0.183989 -0.024630 0.128197 13.7843 17.7137 0.76732 0.000000 1.31949
42600 213.0000 -2.666894 1.0178 -0.121101 -0.001595 0.011026 13.7845 17.7155 0.80847 0.000000 1.31953
42800 214.0000 -2.633313 1.0140 0.194368 0.211305 -0.190538 13.7917 17.7166 0.76434 0.000000 1.32091
43000 215.0000 -2.643965 0.9940 -0.074259 -0.010269 -0.042622 13.8003 17.7120 0.83719 0.000000 1.32256
43200 216.0000 -2.636447 0.9801 0.005410 0.156473 -0.119848 13.8046 17.6995 0.86548 0.000000 1.32339
43400 217.0000 -2.633280 0.9832 0.067154 0.002250 -0.145709 13.8066 17.6837 0.79000 0.000000 1.32377
43600 218.0000 -2.652887 0.9915 0.023804 0.107954 -0.298325 13.8114 17.6831 0.76205 0.000000 1.32469
43800 219.0000 -2.591657 0.9649 -0.039021 0.125749 -0.049671 13.8177 17.6727 0.83191 0.000000 1.32590
44000 220.0000 -2.647376 0.9846 -0.062195 -0.488633 -0.052508 13.8168 17.6667 0.85460 0.000000 1.32572
44200 221.0000 -2.646940 0.9992 -0.120298 0.072751 -0.326652 13.8129 17.6584 0.93743 0.000000 1.32497
44400 222.0000 -2.641180 0.9779 -0.142621 0.029551 -0.138970 13.8078 17.6506 0.85864 0.000000 1.32399
44600 223.0000 -2.651064 0.9888 0.042599 -0.201681 0.032766 13.8137 17.6490 0.80629 0.000000 1.32512
44800 224.0000 -2.624278 0.9936 0.030165 0.240103 0.130726 13.8175 17.6394 0.84511 0.000000 1.32586
45000 225.0000 -2.609324 1.0020 0.128437 0.143171 0.229251 13.8270 17.6417 0.85237 0.000000 1.32767
45200 226.0000 -2.587256 1.0202 0.040299 0.011468 -0.515551 13.8315 17.6455 0.84187 0.000000 1.32855
45400 227.0000 -2.587753 1.0161 -0.102168 0.111763 -0.024170 13.8404 17.6473 0.84150 0.000000 1.33026
45600 228.0000 -2.592530 0.9961 -0.090799 0.070843 0.005057 13.8440 17.6557 0.80795 0.000000 1.33094
45800 229.0000 -2.600944 0.9993 -0.312697 0.257704 0.173438 13.8380 17.6462 0.82484 0.000000 1.32979
46000 230.0000 -2.602974 0.9728 -0.087734 -0.073030 0.066655 13.8350 17.6397 0.84103 0.000000 1.32922
46200 231.0000 -2.604102 1.0131 -0.009317 -0.120580 0.116803 13.8320 17.6380 0.87692 0.000000 1.32864
46400 232.0000 -2.582576 1.0125 0.081281 0.016448 0.138409 13.8394 17.6442 0.90593 0.000000 1.33006
46600 233.0000 -2.552131 0.9993 0.115046 0.186316 0.067931 13.8565 17.6522 0.87086 0.000000 1.33334
46800 234.0000 -2.589807 1.0030 -0.145368 -0.083264 -0.244176 13.8565 17.6445 0.83845 0.000000 1.33335
47000 235.0000 -2.612370 1.0081 -0.019663 -0.389112 -0.065764 13.8573 17.6338 0.77607 0.000000 1.33351
47200 236.0000 -2.613587 1.0132 -0.147124 0.023710 -0.211954 13.8531 17.6338 0.86767 0.000000 1.33271
47400 237.0000 -2.605092 1.0014 -0.176693 -0.184632 -0.230238 13.8543 17.6341 0.86604 0.000000 1.33293
47600 238.0000 -2.590051 0.9971 -0.180495 0.115157 0.053783 13.8544 17.6408 0.86690 0.000000 1.33295
47800 239.0000 -2.601273 0.9899 -0.011862 0.183353 -0.009320 13.8535 17.6332 0.82347 0.000000 1.33277
48000 240.0000 -2.608034 1.0093 -0.133226 0.120829 -0.060966 13.8539 17.6349 0.84504 0.000000 1.33284
48200 241.0000 -2.591015 1.0148 0.057571 0.075938 -0.042824 13.8519 17.6292 0.96354 0.000000 1.33246
48400 242.0000 -2.561003 0.9905 0.140074 -0.356197 0.063318 13.8588 17.6318 0.89091 0.000000 1.33380
48600 243.0000 -2.590529 0.9962 0.027333 -0.115149 0.038077 13.8521 17.6224 0.91259 0.000000 1.33251
48800 244.0000 -2.587891 1.0008 0.071555 0.112695 0.227185 13.8563 17.6134 0.93640 0.000000 1.33331
49000 245.0000 -2.597259 1.0033 0.209026 -0.028877 -0.070383 13.8542 17.6172 0.90520 0.000000 1.33291
49200 246.0000 -2.543862 0.9923 0.460366 0.263369 0.466609 13.8635 17.6086 0.90957 0.000000 1.33470
49400 247.0000 -2.613680 1.0195 0.043464 -0.125457 0.420437 13.8651 17.6067 0.84272 0.000000 1.33501
49600 248.0000 -2.573936 1.0076 0.119079 0.207968 0.182355 13.8717 17.6071 0.83410 0.000000 1.33629
49800 249.0000 -2.547809 0.9730 0.122092 0.111064 0.170290 13.8767 17.6116 0.84970 0.000000 1.33725
50000 250.0000 -2.565951 0.9963 0.185560 0.012594 -0.248567 13.8717 17.6159 0.90563 0.000000 1.33627
50200 251.0000 -2.571428 1.0203 -0.074505 -0.237275 0.100922 13.8681 17.6076 0.88813 0.000000 1.33559
50400 252.0000 -2.599127 0.9876 -0.254604 0.003992 -0.092368 13.8607 17.6087 0.84351 0.000000 1.33415
50600 253.0000 -2.599254 1.0016 0.076622 -0.092518 -0.081936 13.8604 17.6045 0.89407 0.000000 1.33411
50800 254.0000 -2.611295 1.0060 -0.071563 -0.061253 0.430531 13.8659 17.6056 0.81357 0.000000 1.33517
51000 255.0000 -2.603021 0.9900 0.162149 0.048877 0.042451 13.8667 17.6087 0.81951 0.000000 1.33532
51200 256.0000 -2.585941 1.0036 0.129735 -0.056926 -0.135218 13.8719 17.6012 0.79201 0.000000 1.33631
51400 257.0000 -2.532825 0.9766 0.251346 0.261147 0.213581 13.8781 17.6044 0.81389 0.000000 1.33751
51600 258.0000 -2.575842 0.9829 -0.157136 -0.057819 0.056849 13.8723 17.5911 0.82402 0.000000 1.33640
51800 259.0000 -2.590208 0.9898 -0.047495 0.258387 0.074744 13.8642 17.5896 0.80096 0.000000 1.33483
52000 260.0000 -2.608916 0.9822 0.149291 -0.208577 -0.101273 13.8610 17.5801 0.81456 0.000000 1.33421
52200 261.0000 -2.620891 0.9942 -0.168475 0.137612 0.293486 13.8569 17.5774 0.83680 0.000000 1.33343
52400 262.0000 -2.628947 0.9990 -0.073246 -0.112731 -0.280207 13.8570 17.5839 0.87861 0.000000 1.33344
52600 263.0000 -2.619057 0.9995 0.097350 0.008838 -0.181663 13.8591 17.5764 0.79437 0.000000 1.33386
52800 264.0000 -2.598615 0.9939 0.164514 0.115808 0.045951 13.8566 17.5693 0.76881 0.000000 1.33337
53000 265.0000 -2.588004 1.0086 0.026353 0.457988 -0.274461 13.8666 17.5707 0.75631 0.000000 1.33529
53200 266.0000 -2.594955 1.0040 -0.075588 0.146213 -0.262741 13.8757 17.5679 0.74768 0.000000 1.33704
53400 267.0000 -2.582063 1.0093 -0.065745 -0.001064 -0.281722 13.8813 17.5645 0.71058 0.000000 1.33813
53600 268.0000 -2.598016 0.9951 0.122639 -0.075316 -0.129405 13.8811 17.5575 0.80408 0.000000 1.33808
53800 269.0000 -2.583018 1.0203 0.112890 -0.159664 0.183615 13.8805 17.5586 0.76104 0.000000 1.33797
54000 270.0000 -2.598609 1.0098 -0.038553 0.099955 -0.216625 13.8855 17.5517 0.71397 0.000000 1.33894
54200 271.0000 -2.595489 1.0030 0.194617 0.265353 -0.291098 13.8870 17.5362 0.68490 0.000000 1.33922
54400 272.0000 -2.601831 0.9953 0.039014 0.121099 -0.076187 13.8922 17.5328 0.71403 0.000000 1.34024
54600 273.0000 -2.580260 0.9877 -0.227560 0.197013 -0.400045 13.8965 17.5340 0.68645 0.000000 1.34107
54800 274.0000 -2.608452 1.0051 0.221834 -0.186799 0.063221 13.8958 17.5317 0.73647 0.000000 1.34093
55000 275.0000 -2.634542 0.9989 0.077447 0.113142 -0.100130 13.8892 17.5224 0.73855 0.000000 1.33965
55200 276.0000 -2.612432 0.9967 -0.164911 0.060692 0.034889 13.8923 17.5142 0.73379 0.000000 1.34025
55400 277.0000 -2.614438 0.9970 0.028266 0.040723 0.359674 13.8924 17.4975 0.80134 0.000000 1.34027
55600 278.0000 -2.613236 1.0324 -0.080841 -0.058137 -0.068785 13.8980 17.4968 0.77733 0.000000 1.34135
55800 279.0000 -2.576238 0.9969 0.437844 0.058241 -0.004019 13.9057 17.5066 0.71185 0.000000 1.34283
56000 280.0000 -2.590453 0.9962 0.175185 0.208890 0.033431 13.9162 17.5056 0.74444 0.000000 1.34488
56200 281.0000 -2.572398 0.9847 -0.163155 0.167094 0.063378 13.9267 17.5073 0.77438 0.000000 1.34689
56400 282.0000 -2.599614 0.9860 -0.093104 -0.010642 -0.119344 13.9145 17.4973 0.81837 0.000000 1.34453
56600 283.0000 -2.606780 1.0195 -0.109586 0.109837 -0.106712 13.9131 17.4962 0.76271 0.000000 1.34427
56800 284.0000 -2.586773 0.9931 0.086233 -0.072830 -0.055731 13.9163 17.4896 0.70241 0.000000 1.34488
57000 285.0000 -2.584822 0.9902 0.118190 -0.115767 -0.134501 13.9161 17.4939 0.77949 0.000000 1.34485
57200 286.0000 -2.590725 1.0017 0.326335 -0.073889 -0.065072 13.9204 17.4855 0.79628 0.000000 1.34568
57400 287.0000 -2.559573 0.9804 0.233728 -0.123107 0.101796 13.9254 17.4813 0.78358 0.000000 1.34665
57600 288.0000 -2.618982 0.9981 0.111543 -0.386256 0.007905 13.9239 17.4765 0.73574 0.000000 1.34635
57800 289.0000 -2.616264 0.9772 -0.246649 -0.264455 -0.209654 13.9140 17.4696 0.74254 0.000000 1.34443
58000 290.0000 -2.599179 1.0087 0.203385 -0.335926 -0.147101 13.9131 17.4673 0.76803 0.000000 1.34427
58200 291.0000 -2.627590 0.9666 0.083333 0.110348 -0.276509 13.9104 17.4511 0.72327 0.000000 1.34374
58400 292.0000 -2.645231 0.9877 -0.048991 -0.035022 -0.297101 13.9023 17.4395 0.68894 0.000000 1.34218
58600 293.0000 -2.648129 0.9895 -0.007521 -0.233454 0.044331 13.9025 17.4341 0.69854 0.000000 1.34222
58800 294.0000 -2.679318 1.0094 -0.093887 0.012695 -0.137603 13.8949 17.4326 0.76095 0.000000 1.34074
59000 295.0000 -2.672209 1.0024 -0.134126 -0.205775 0.069119 13.8975 17.4188 0.79104 0.000000 1.34126
59200 296.0000 -2.636588 0.9946 0.064217 -0.067215 -0.009324 13.9062 17.4118 0.71907 0.000000 1.34293
59400 297.0000 -2.591686 0.9899 0.313487 0.381811 0.542661 13.9103 17.4142 0.78339 0.000000 1.34372
59600 298.0000 -2.594163 0.9999 -0.179508 -0.086958 0.126147 13.9171 17.4267 0.75872 0.000000 1.34504
59800 299.0000 -2.586617 0.9926 0.075338 0.062184 0.194120 13.9178 17.4299 0.67760 0.000000 1.34517
60000 300.0000 -2.613662 0.9888 0.176548 -0.123926 0.041566 13.9181 17.4282 0.73201 0.000000 1.34524
60200 301.0000 -2.629198 0.9815 0.090678 0.107266 0.332860 13.9142 17.4261 0.77543 0.000000 1.34448
60400 302.0000 -2.614656 0.9987 -0.069024 0.239020 0.334988 13.9135 17.4271 0.78550 0.000000 1.34434
60600 303.0000 -2.617092 0.9853 0.128879 0.018527 0.397118 13.9111 17.4271 0.74274 0.000000 1.34389
60800 304.0000 -2.618872 0.9935 0.146716 0.354443 -0.033449 13.9146 17.4357 0.75604 0.000000 1.34456
61000 305.0000 -2.632866 0.9891 -0.251065 0.015870 0.007098 13.9190 17.4400 0.68832 0.000000 1.34541
61200 306.0000 -2.607151 0.9772 0.238307 -0.009469 0.218715 13.9131 17.4473 0.63737 0.000000 1.34426
61400 307.0000 -2.641289 1.0093 0.005875 -0.237966 -0.101927 13.9141 17.4402 0.62754 0.000000 1.34446
61600 308.0000 -2.652762 0.9880 -0.042674 -0.159748 0.037813 13.9123 17.4287 0.66915 0.000000 1.34412
61800 309.0000 -2.652659 0.9732 0.049266 -0.092584 0.012289 13.9062 17.4299 0.68282 0.000000 1.34294
62000 310.0000 -2.639881 0.9953 -0.042435 0.044606 0.094889 13.9080 17.4386 0.75462 0.000000 1.34327
62200 311.0000 -2.633418 0.9926 -0.042724 -0.167805 0.098202 13.9082 17.4462 0.77903 0.000000 1.34332
62400 312.0000 -2.621958 0.9946 0.031096 0.008103 0.208281 13.9072 17.4462 0.78122 0.000000 1.34312
62600 313.0000 -2.635598 0.9877 -0.348205 -0.037471 -0.131645 13.9093 17.4485 0.75362 0.000000 1.34353
62800 314.0000 -2.622407 0.9930 -0.172840 -0.166587 -0.123021 13.9065 17.4490 0.75985 0.000000 1.34299
63000 315.0000 -2.618424 1.0111 0.002614 0.178370 -0.068765 13.9029 17.4409 0.78511 0.000000 1.34229
63200 316.0000 -2.599768 1.0088 -0.043553 0.273661 0.205610 13.9096 17.4587 0.82366 0.000000 1.34359
63400 317.0000 -2.605296 0.9863 0.072051 -0.069633 0.085250 13.9070 17.4576 0.79117 0.000000 1.34309
63600 318.0000 -2.625750 0.9886 0.058156 -0.031235 -0.223407 13.9037 17.4428 0.75681 0.000000 1.34245
63800 319.0000 -2.630000 0.9808 -0.048567 -0.132184 0.190891 13.8955 17.4356 0.81080 0.000000 1.34087
64000 320.0000 -2.602961 1.0022 0.126179 0.147562 0.426969 13.8970 17.4395 0.77222 0.000000 1.34116
64200 321.0000 -2.623056 0.9817 -0.099551 -0.116159 -0.144867 13.9019 17.4406 0.74521 0.000000 1.34210
64400 322.0000 -2.606783 0.9796 0.176318 0.145080 0.386166 13.9027 17.4405 0.80414 0.000000 1.34226
64600 323.0000 -2.643376 0.9925 -0.224623 -0.118017 0.244876 13.8986 17.4455 0.77523 0.000000 1.34146
64800 324.0000 -2.673926 0.9811 -0.196977 -0.330551 -0.213699 13.8924 17.4392 0.77683 0.000000 1.34027
65000 325.0000 -2.647029 0.9725 0.141475 -0.006844 -0.063998 13.8878 17.4307 0.72879 0.000000 1.33938
65200 326.0000 -2.653135 1.0055 0.152979 0.047045 -0.018642 13.8919 17.4425 0.72441 0.000000 1.34016
65400 327.0000 -2.642140 1.0049 -0.125285 -0.102854 -0.168030 13.8998 17.4378 0.78129 0.000000 1.34169
65600 328.0000 -2.596929 1.0015 0.079993 0.067815 0.067168 13.9155 17.4537 0.75276 0.000000 1.34473
65800 329.0000 -2.617471 1.0014 0.101749 -0.083906 -0.035254 13.9162 17.4365 0.78901 0.000000 1.34487
66000 330.0000 -2.614329 1.0278 0.320819 0.261730 0.031898 13.9219 17.4401 0.68426 0.000000 1.34597
66200 331.0000 -2.604344 1.0117 -0.251811 -0.008417 0.014333 13.9278 17.4398 0.76827 0.000000 1.34710
66400 332.0000 -2.603760 1.0283 0.153805 -0.163204 0.014233 13.9340 17.4371 0.73502 0.000000 1.34831
66600 333.0000 -2.574752 0.9952 0.231413 0.063311 -0.202038 13.9324 17.4306 0.77978 0.000000 1.34800
66800 334.0000 -2.604504 1.0040 -0.012501 0.141757 -0.096411 13.9349 17.4273 0.74178 0.000000 1.34847
67000 335.0000 -2.616704 0.9949 -0.147275 0.246622 0.213615 13.9347 17.4152 0.69649 0.000000 1.34845
67200 336.0000 -2.603546 0.9807 -0.150525 -0.076497 -0.027802 13.9337 17.4145 0.70918 0.000000 1.34825
67400 337.0000 -2.610520 1.0157 -0.129641 0.151193 -0.250295 13.9318 17.4144 0.71107 0.000000 1.34787
67600 338.0000 -2.636032 1.0046 -0.115309 0.074461 -0.107652 13.9298 17.4070 0.69530 0.000000 1.34750
67800 339.0000 -2.597352 0.9750 0.146270 -0.239958 -0.124086 13.9261 17.3943 0.65231 0.000000 1.34677
68000 340.0000 -2.613370 1.0000 0.014041 -0.074588 -0.081563 13.9250 17.3979 0.70633 0.000000 1.34656
68200 341.0000 -2.647212 1.0099 -0.134923 0.138629 0.081395 13.9260 17.3966 0.64431 0.000000 1.34676
68400 342.0000 -2.609645 1.0076 -0.020072 0.133700 -0.322746 13.9267 17.3947 0.67891 0.000000 1.34689
68600 343.0000 -2.586506 1.0038 0.106063 -0.020662 0.268610 13.9364 17.3988 0.75002 0.000000 1.34878
68800 344.0000 -2.595373 0.9898 -0.182812 0.042531 0.073167 13.9410 17.3957 0.71564 0.000000 1.34967
69000 345.0000 -2.611128 1.0027 0.024347 0.033537 -0.180148 13.9401 17.3781 0.72252 0.000000 1.34950
69200 346.0000 -2.609244 1.0209 -0.052908 -0.091500 -0.056613 13.9423 17.3781 0.73720 0.000000 1.34991
69400 347.0000 -2.589951 0.9980 0.096142 0.305158 -0.210305 13.9505 17.3841 0.74921 0.000000 1.35150
69600 348.0000 -2.617588 1.0234 -0.045277 -0.066413 -0.188378 13.9563 17.3786 0.79852 0.000000 1.35263
69800 349.0000 -2.616173 0.9968 0.106937 -0.198872 0.103363 13.9565 17.3770 0.80769 0.000000 1.35267
70000 350.0000 -2.579884 1.0093 -0.212117 0.235788 0.372388 13.9610 17.3890 0.87185 0.000000 1.35354
70200 351.0000 -2.582448 1.0095 -0.079210 -0.158175 -0.080338 13.9665 17.3900 0.88732 0.000000 1.35461
70400 352.0000 -2.566867 1.0099 -0.023186 0.151550 -0.207148 13.9717 17.3888 0.79520 0.000000 1.35562
70600 353.0000 -2.556996 0.9781 0.289196 0.039186 0.072647 13.9728 17.3764 0.79042 0.000000 1.35583
70800 354.0000 -2.618599 0.9941 0.014235 -0.407369 -0.285224 13.9709 17.3703 0.80753 0.000000 1.35545
71000 355.0000 -2.587379 0.9868 0.159759 0.124235 -0.116604 13.9619 17.3596 0.70997 0.000000 1.35372
71200 356.0000 -2.569151 1.0099 -0.050868 0.375490 -0.020494 13.9702 17.3617 0.82841 0.000000 1.35532
71400 357.0000 -2.550693 1.0084 0.017155 0.044865 -0.046733 13.9738 17.3751 0.84505 0.000000 1.35602
71600 358.0000 -2.585892 0.9859 -0.314848 -0.145326 0.125796 13.9728 17.3806 0.78156 0.000000 1.35583
71800 359.0000 -2.570752 0.9991 -0.058464 -0.065339 0.061358 13.9735 17.3782 0.83468 0.000000 1.35597
72000 360.0000 -2.601223 0.9913 -0.237451 -0.115226 -0.385458 13.9698 17.3740 0.87448 0.000000 1.35524
72200 361.0000 -2.610705 0.9838 -0.127258 -0.017359 -0.242785 13.9605 17.3625 0.84389 0.000000 1.35344
72400 362.0000 -2.587514 0.9803 0.213513 0.031540 0.005801 13.9592 17.3509 0.78120 0.000000 1.35318
72600 363.0000 -2.612498 0.9799 0.083627 -0.028689 -0.016584 13.9649 17.3485 0.79755 0.000000 1.35429
72800 364.0000 -2.581831 1.0096 0.010471 0.200380 -0.061441 13.9624 17.3471 0.71427 0.000000 1.35381
73000 365.0000 -2.586993 1.0213 0.057529 -0.052392 -0.201805 13.9661 17.3547 0.70200 0.000000 1.35453
73200 366.0000 -2.577406 0.9950 -0.059263 0.063353 -0.288013 13.9723 17.3557 0.63726 0.000000 1.35572
73400 367.0000 -2.596391 1.0081 -0.118510 0.258381 -0.070009 13.9705 17.3516 0.68512 0.000000 1.35538
73600 368.0000 -2.620464 0.9937 -0.019338 -0.358534 -0.193470 13.9645 17.3449 0.77434 0.000000 1.35421
73800 369.0000 -2.605342 1.0197 -0.118796 0.146884 0.077673 13.9638 17.3456 0.73323 0.000000 1.35409
74000 370.0000 -2.597164 0.9775 -0.050571 0.025007 -0.348594 13.9696 17.3391 0.71912 0.000000 1.35520
74200 371.0000 -2.598955 0.9852 -0.097236 -0.001608 -0.253457 13.9659 17.3342 0.83146 0.000000 1.35449
74400 372.0000 -2.584271 1.0080 0.191740 -0.199388 0.209370 13.9638 17.3291 0.79895 0.000000 1.35408
74600 373.0000 -2.572806 0.9968 0.152086 0.233677 0.406970 13.9695 17.3334 0.85608 0.000000 1.35520
74800 374.0000 -2.597311 1.0020 0.045509 -0.020097 -0.121716 13.9715 17.3354 0.67085 0.000000 1.35557
75000 375.0000 -2.626483 0.9998 -0.303884 -0.065363 0.010181 13.9666 17.3245 0.77532 0.000000 1.35463
75200 376.0000 -2.615243 1.0032 -0.145090 -0.047838 -0.186653 13.9656 17.3220 0.73969 0.000000 1.35444
75400 377.0000 -2.576190 0.9813 0.085966 0.120271 -0.082488 13.9616 17.3154 0.72526 0.000000 1.35366
75600 378.0000 -2.588252 1.0136 0.116866 0.092567 -0.218097 13.9619 17.3184 0.70278 0.000000 1.35371
75800 379.0000 -2.647037 1.0110 0.069740 -0.324633 -0.214567 13.9679 17.3134 0.72439 0.000000 1.35487
76000 380.0000 -2.617987 0.9908 0.221825 -0.073071 -0.215238 13.9728 17.3107 0.70013 0.000000 1.35583
76200 381.0000 -2.603133 0.9764 -0.253540 0.240748 0.011484 13.9719 17.2998 0.75889 0.000000 1.35565
76400 382.0000 -2.581951 0.9871 0.166271 0.299521 0.069849 13.9727 17.2931 0.71699 0.000000 1.35580
76600 383.0000 -2.561541 0.9930 0.124538 0.115854 0.314912 13.9776 17.2941 0.64198 0.000000 1.35676
76800 384.0000 -2.587366 1.0066 0.222465 0.127752 0.344664 13.9880 17.3011 0.78735 0.000000 1.35878
77000 385.0000 -2.583361 0.9695 0.247340 -0.093421 0.077784 13.9941 17.3015 0.74791 0.000000 1.35997
77200 386.0000 -2.622847 0.9802 -0.142945 -0.373520 -0.080001 13.9904 17.2948 0.77208 0.000000 1.35925
77400 387.0000 -2.597460 0.9955 -0.086149 0.145083 0.019979 13.9883 17.2890 0.76534 0.000000 1.35883
77600 388.0000 -2.594271 0.9922 0.037090 0.182147 -0.120367 13.9900 17.2841 0.68365 0.000000 1.35918
77800 389.0000 -2.589564 0.9796 -0.062790 0.059487 0.774969 13.9883 17.2725 0.75797 0.000000 1.35883
78000 390.0000 -2.612189 0.9827 -0.020879 -0.082950 -0.137494 13.9838 17.2604 0.85127 0.000000 1.35797
78200 391.0000 -2.593632 1.0056 0.230758 0.012832 -0.054656 13.9838 17.2580 0.79077 0.000000 1.35796
78400 392.0000 -2.624387 1.0041 -0.129953 0.024906 -0.230325 13.9944 17.2583 0.78315 0.000000 1.36003
78600 393.0000 -2.616988 0.9956 -0.048368 -0.121679 0.111693 13.9881 17.2547 0.82727 0.000000 1.35880
78800 394.0000 -2.601498 1.0036 -0.055691 -0.156688 -0.160627 13.9840 17.2462 0.83611 0.000000 1.35801
79000 395.0000 -2.552467 0.9746 0.578651 0.346751 -0.043313 13.9907 17.2480 0.93765 0.000000 1.35931
79200 396.0000 -2.603479 1.0086 -0.065970 0.002511 0.207072 13.9994 17.2536 0.81611 0.000000 1.36100
79400 397.0000 -2.581631 0.9980 0.324210 -0.177995 -0.313929 13.9960 17.2589 0.90640 0.000000 1.36033
79600 398.0000 -2.568884 0.9925 0.240853 -0.039561 0.061253 14.0019 17.2657 0.83735 0.000000 1.36147
79800 399.0000 -2.571145 1.0017 -0.070747 0.214710 -0.222889 14.0093 17.2610 0.82731 0.000000 1.36292
80000 400.0000 -2.600808 1.0102 -0.110039 -0.110791 0.026534 14.0070 17.2600 0.81930 0.000000 1.36248
80200 401.0000 -2.606005 0.9961 -0.386034 -0.006789 -0.075050 13.9995 17.2633 0.90624 0.000000 1.36102
80400 402.0000 -2.602446 0.9800 -0.103228 -0.062654 -0.123807 14.0012 17.2593 0.83292 0.000000 1.36135
80600 403.0000 -2.570100 0.9989 -0.035739 0.224298 0.265175 13.9991 17.2670 0.87444 0.000000 1.36094
80800 404.0000 -2.530535 0.9660 0.030498 0.221780 0.192911 14.0026 17.2735 0.90343 0.000000 1.36161
81000 405.0000 -2.559162 0.9747 -0.094994 0.016555 -0.119690 13.9995 17.2776 0.86432 0.000000 1.36101
81200 406.0000 -2.596259 0.9952 0.041599 -0.011800 0.129901 14.0065 17.2710 0.85418 0.000000 1.36238
81400 407.0000 -2.591628 0.9939 0.195305 -0.081875 0.123318 14.0066 17.2731 0.92242 0.000000 1.36239
81600 408.0000 -2.569552 1.0064 -0.019571 0.144056 -0.004214 14.0096 17.2806 0.87661 0.000000 1.36297
81800 409.0000 -2.562333 1.0013 -0.071718 0.206703 -0.087380 14.0171 17.2918 0.80799 0.000000 1.36445
82000 410.0000 -2.556281 0.9742 0.188058 0.135868 0.000509 14.0180 17.2868 0.85095 0.000000 1.36460
82200 411.0000 -2.605925 0.9957 0.144896 -0.125973 0.093426 14.0132 17.2800 0.82654 0.000000 1.36367
82400 412.0000 -2.569502 1.0043 0.150911 0.346487 -0.046255 14.0164 17.2824 0.85362 0.000000 1.36430
82600 413.0000 -2.571530 1.0014 -0.149967 -0.301793 -0.006165 14.0199 17.2801 0.86286 0.000000 1.36499
82800 414.0000 -2.582647 1.0062 0.200628 -0.046272 -0.078275 14.0138 17.2776 0.90808 0.000000 1.36380
83000 415.0000 -2.580756 0.9974 0.152922 -0.102496 -0.034095 14.0140 17.2772 0.82548 0.000000 1.36383
83200 416.0000 -2.588906 0.9975 0.115135 0.077208 -0.386366 14.0104 17.2770 0.89848 0.000000 1.36313
83400 417.0000 -2.615494 1.0102 -0.201279 0.164071 -0.177702 14.0106 17.2623 0.85808 0.000000 1.36317
83600 418.0000 -2.626779 0.9793 -0.280636 -0.194716 -0.237315 14.0068 17.2595 0.87840 0.000000 1.36244
83800 419.0000 -2.646708 0.9866 -0.034780 -0.190073 -0.362180 13.9927 17.2464 0.81470 0.000000 1.35970
84000 420.0000 -2.621319 1.0041 0.290568 -0.062134 0.099957 13.9920 17.2474 0.85169 0.000000 1.35956
84200 421.0000 -2.590413 0.9968 0.195607 0.220835 0.232221 13.9982 17.2468 0.90077 0.000000 1.36075
84400 422.0000 -2.581686 1.0127 0.037403 0.018842 -0.418306 14.0094 17.2549 0.85221 0.000000 1.36294
84600 423.0000 -2.568361 1.0011 -0.070745 0.240214 0.135852 14.0085 17.2612 0.81838 0.000000 1.36277
84800 424.0000 -2.617731 1.0074 -0.320263 -0.033402 -0.199788 14.0003 17.2513 0.83467 0.000000 1.36117
85000 425.0000 -2.610049 0.9928 -0.156969 0.285791 -0.169449 14.0029 17.2442 0.85008 0.000000 1.36167
85200 426.0000 -2.630840 1.0151 0.142816 0.060980 -0.234646 14.0035 17.2328 0.80031 0.000000 1.36180
85400 427.0000 -2.595476 1.0248 0.070291 0.027625 -0.237730 14.0154 17.2401 0.79999 0.000000 1.36411
85600 428.0000 -2.589053 0.9979 -0.127406 -0.006290 0.193836 14.0185 17.2508 0.79129 0.000000 1.36472
85800 429.0000 -2.560871 0.9972 -0.156707 -0.089476 -0.236936 14.0203 17.2577 0.79879 0.000000 1.36506
86000 430.0000 -2.569433 1.0025 0.079814 0.271418 0.021434 14.0228 17.2537 0.79448 0.000000 1.36555
86200 431.0000 -2.603447 1.0139 -0.143772 -0.204621 0.216573 14.0160 17.2577 0.84863 0.000000 1.36422
86400 432.0000 -2.589161 1.0123 -0.260046 0.178008 -0.340551 14.0171 17.2674 0.85441 0.000000 1.36444
86600 433.0000 -2.602384 0.9913 -0.011211 -0.105177 -0.279506 14.0122 17.2567 0.85037 0.000000 1.36348
86800 434.0000 -2.593328 0.9890 -0.029148 -0.132175 -0.421928 14.0064 17.2522 0.87704 0.000000 1.36236
87000 435.0000 -2.579598 0.9967 0.228905 -0.158156 0.267287 14.0069 17.2583 0.80920 0.000000 1.36246
87200 436.0000 -2.607601 0.9994 -0.163146 0.144533 0.061908 14.0104 17.2484 0.78497 0.000000 1.36314
87400 437.0000 -2.573394 0.9876 -0.044696 -0.162869 0.095721 14.0103 17.2538 0.75819 0.000000 1.36312
87600 438.0000 -2.600768 0.9885 0.112737 0.061574 -0.136403 14.0055 17.2467 0.73285 0.000000 1.36218
87800 439.0000 -2.587741 1.0071 0.155637 0.064008 0.286454 14.0047 17.2451 0.82453 0.000000 1.36202
88000 440.0000 -2.569777 1.0108 -0.041221 0.243143 0.004182 14.0111 17.2566 0.80154 0.000000 1.36326
88200 441.0000 -2.605471 0.9961 -0.134222 -0.099240 0.046838 14.0142 17.2553 0.84511 0.000000 1.36387
88400 442.0000 -2.644821 1.0031 -0.315482 -0.291247 -0.153967 14.0084 17.2517 0.90412 0.000000 1.36275
88600 443.0000 -2.594400 0.9739 -0.049609 -0.055890 0.237876 13.9998 17.2492 0.85184 0.000000 1.36107
88800 444.0000 -2.608259 0.9698 0.129310 -0.040347 0.408103 13.9888 17.2528 0.84502 0.000000 1.35894
89000 445.0000 -2.565687 1.0010 0.214701 0.304312 0.152226 13.9943 17.2587 0.84080 0.000000 1.36001
89200 446.0000 -2.601028 1.0109 -0.093733 -0.075923 -0.358641 13.9974 17.2677 0.80182 0.000000 1.36061
89400 447.0000 -2.607304 1.0069 0.004534 0.095761 -0.362950 14.0033 17.2586 0.90890 0.000000 1.36175
89600 448.0000 -2.603526 1.0098 -0.177960 -0.051340 0.058688 13.9963 17.2595 0.91420 0.000000 1.36039
89800 449.0000 -2.590693 0.9910 0.027522 0.029082 -0.159114 13.9979 17.2617 0.85897 0.000000 1.36071
90000 450.0000 -2.597443 1.0133 -0.328323 0.113471 0.211822 13.9961 17.2658 0.89471 0.000000 1.36035
90200 451.0000 -2.593237 0.9788 -0.043399 -0.039342 0.439220 13.9909 17.2692 0.91429 0.000000 1.35934
90400 452.0000 -2.625662 1.0063 0.118967 -0.043038 0.069024 13.9854 17.2702 0.82102 0.000000 1.35827
90600 453.0000 -2.604734 0.9976 0.099223 0.027775 0.410537 13.9901 17.2720 0.91507 0.000000 1.35919
90800 454.0000 -2.615562 0.9919 0.165546 -0.107635 -0.253409 13.9947 17.2710 0.87137 0.000000 1.36007
91000 455.0000 -2.634636 0.9769 -0.519824 -0.054902 -0.191728 13.9900 17.2725 0.83156 0.000000 1.35918
91200 456.0000 -2.631914 0.9879 0.095865 -0.088449 -0.369441 13.9796 17.2729 0.78575 0.000000 1.35714
91400 457.0000 -2.628611 0.9864 -0.217439 0.265667 -0.141048 13.9806 17.2639 0.78033 0.000000 1.35734
91600 458.0000 -2.631200 0.9801 -0.155255 -0.029362 -0.075799 13.9786 17.2770 0.79037 0.000000 1.35695
91800 459.0000 -2.632509 1.0012 -0.065549 -0.019438 0.133284 13.9769 17.2743 0.86586 0.000000 1.35662
92000 460.0000 -2.629923 0.9924 -0.028634 0.204342 -0.331372 13.9748 17.2779 0.85054 0.000000 1.35622
92200 461.0000 -2.629661 0.9675 -0.070502 -0.173011 0.126261 13.9729 17.2807 0.83404 0.000000 1.35585
92400 462.0000 -2.619240 0.9701 -0.002135 -0.119803 0.032824 13.9695 17.2789 0.84414 0.000000 1.35519
92600 463.0000 -2.639684 1.0041 -0.020620 -0.163566 0.075650 13.9633 17.2779 0.85687 0.000000 1.35398
92800 464.0000 -2.623113 0.9762 0.002985 0.236863 0.246644 13.9702 17.2725 0.83711 0.000000 1.35532
93000 465.0000 -2.652035 0.9789 0.069296 -0.104726 -0.012778 13.9703 17.2650 0.92772 0.000000 1.35535
93200 466.0000 -2.648354 0.9745 0.024894 0.065511 -0.161107 13.9690 17.2668 0.89440 0.000000 1.35510
93400 467.0000 -2.654217 0.9796 -0.036891 -0.053174 -0.331098 13.9679 17.2605 0.92056 0.000000 1.35487
93600 468.0000 -2.631752 1.0014 0.028968 0.260889 0.108666 13.9624 17.2597 0.82391 0.000000 1.35382
93800 469.0000 -2.655416 0.9878 -0.255630 -0.281411 -0.219268 13.9689 17.2613 0.86161 0.000000 1.35507
94000 470.0000 -2.659533 1.0072 -0.268520 -0.241494 -0.350414 13.9724 17.2690 0.80790 0.000000 1.35575
94200 471.0000 -2.612337 0.9957 -0.082165 -0.025721 -0.027749 13.9744 17.2690 0.81065 0.000000 1.35613
94400 472.0000 -2.595015 0.9972 -0.026772 0.178536 0.437544 13.9732 17.2760 0.84649 0.000000 1.35591
94600 473.0000 -2.638712 0.9944 -0.187896 -0.139706 -0.108771 13.9731 17.2864 0.86020 0.000000 1.35589
94800 474.0000 -2.621637 1.0076 0.042586 -0.027329 0.010714 13.9674 17.2858 0.83081 0.000000 1.35478
95000 475.0000 -2.604048 1.0052 0.207039 -0.007186 0.080975 13.9701 17.2931 0.80919 0.000000 1.35530
95200 476.0000 -2.594099 1.0233 0.104102 0.271574 0.233653 13.9801 17.3077 0.84117 0.000000 1.35725
95400 477.0000 -2.579728 0.9919 -0.022991 0.009754 -0.367918 13.9864 17.3156 0.80742 0.000000 1.35847
95600 478.0000 -2.585990 1.0090 -0.019754 -0.121881 -0.019269 13.9909 17.3276 0.77995 0.000000 1.35935
95800 479.0000 -2.588458 0.9769 -0.099512 0.001264 0.216674 13.9909 17.3214 0.85358 0.000000 1.35933
96000 480.0000 -2.574769 1.0101 0.043431 0.106549 -0.102783 13.9898 17.3176 0.80905 0.000000 1.35913
96200 481.0000 -2.604111 0.9948 -0.103598 -0.069566 0.042761 13.9912 17.3066 0.83371 0.000000 1.35939
96400 482.0000 -2.619947 0.9736 -0.005618 -0.214209 -0.175667 13.9879 17.2941 0.87093 0.000000 1.35875
96600 483.0000 -2.617751 0.9786 -0.041960 -0.157615 -0.150857 13.9807 17.2822 0.81151 0.000000 1.35736
96800 484.0000 -2.629883 0.9721 0.046645 0.137222 -0.131662 13.9815 17.2799 0.79414 0.000000 1.35752
97000 485.0000 -2.632937 1.0156 -0.084412 -0.130657 -0.025617 13.9809 17.2657 0.83370 0.000000 1.35740
97200 486.0000 -2.577666 0.9714 -0.096441 0.143324 0.247790 13.9816 17.2719 0.87152 0.000000 1.35754
97400 487.0000 -2.620659 0.9975 -0.027480 -0.243291 0.243763 13.9820 17.2785 0.80856 0.000000 1.35762
97600 488.0000 -2.646410 0.9774 -0.269240 0.097317 -0.503214 13.9793 17.2671 0.86721 0.000000 1.35709
97800 489.0000 -2.621155 0.9806 -0.255291 0.121017 0.273907 13.9764 17.2529 0.88913 0.000000 1.35652
98000 490.0000 -2.604437 0.9904 0.265227 0.089892 0.086301 13.9796 17.2517 0.88014 0.000000 1.35714
98200 491.0000 -2.601628 1.0216 0.171209 -0.027981 -0.191447 13.9908 17.2632 0.87046 0.000000 1.35933
98400 492.0000 -2.572791 1.0095 -0.093868 0.177935 0.397316 14.0003 17.2743 0.79571 0.000000 1.36117
98600 493.0000 -2.582061 0.9927 -0.128870 0.181368 0.057633 14.0046 17.2705 0.86836 0.000000 1.36201
98800 494.0000 -2.588899 1.0059 0.100870 0.100488 -0.051480 14.0030 17.2703 0.75798 0.000000 1.36169
99000 495.0000 -2.586253 1.0065 0.135862 0.157118 0.003212 14.0063 17.2599 0.80685 0.000000 1.36233
99200 496.0000 -2.617960 0.9996 -0.243658 -0.078688 -0.012664 14.0049 17.2641 0.85703 0.000000 1.36207
99400 497.0000 -2.580754 0.9807 0.127616 0.009563 0.275114 14.0139 17.2605 0.89394 0.000000 1.36381
99600 498.0000 -2.546206 0.9758 0.003690 0.241564 -0.148183 14.0114 17.2632 0.84605 0.000000 1.36334
99800 499.0000 -2.564266 1.0082 -0.121290 0.131427 0.328676 14.0141 17.2636 0.85446 0.000000 1.36385
100000 500.0000 -2.601305 1.0326 -0.088322 0.121965 -0.188332 14.0114 17.2675 0.87205 0.000000 1.36332
100200 501.0000 -2.571262 1.0172 -0.043569 -0.145198 0.034836 14.0142 17.2674 0.84106 0.000000 1.36387
100400 502.0000 -2.549811 1.0267 -0.029555 0.232837 0.271884 14.0253 17.2799 0.77162 0.000000 1.36604
100600 503.0000 -2.554050 1.0107 0.065238 -0.132001 0.075464 14.0324 17.2866 0.75408 0.000000 1.36743
100800 504.0000 -2.569420 0.9873 -0.053103 -0.088763 -0.287233 14.0279 17.2735 0.84345 0.000000 1.36653
101000 505.0000 -2.566692 0.9837 0.003855 -0.069107 -0.302235 14.0232 17.2590 0.79441 0.000000 1.36563
101200 506.0000 -2.591834 0.9876 0.043743 -0.000754 -0.113160 14.0211 17.2534 0.70941 0.000000 1.36521
101400 507.0000 -2.580721 1.0196 -0.131812 0.036244 -0.058913 14.0235 17.2519 0.76858 0.000000 1.36568
101600 508.0000 -2.569547 1.0217 -0.025270 -0.018567 -0.252849 14.0272 17.2496 0.75994 0.000000 1.36641
101800 509.0000 -2.562543 1.0279 0.059013 0.055548 0.063053 14.0291 17.2597 0.81919 0.000000 1.36678
102000 510.0000 -2.592280 0.9856 -0.095860 -0.277685 0.106536 14.0283 17.2624 0.86812 0.000000 1.36662
102200 511.0000 -2.608887 0.9911 0.042358 -0.223322 -0.057398 14.0157 17.2633 0.84384 0.000000 1.36417
102400 512.0000 -2.567939 1.0126 0.199337 0.127392 0.124474 14.0129 17.2594 0.85629 0.000000 1.36363
102600 513.0000 -2.541959 0.9979 -0.028014 -0.017682 0.041642 14.0181 17.2710 0.86670 0.000000 1.36463
102800 514.0000 -2.538912 0.9925 -0.081111 -0.199545 -0.108852 14.0201 17.2681 0.88438 0.000000 1.36501
103000 515.0000 -2.592560 0.9845 -0.202001 -0.065779 -0.023602 14.0109 17.2639 0.95196 0.000000 1.36323
103200 516.0000 -2.564119 1.0152 0.184632 -0.224856 -0.224076 14.0115 17.2589 0.75601 0.000000 1.36335
103400 517.0000 -2.567672 1.0369 0.051061 -0.062116 -0.246967 14.0102 17.2609 0.78161 0.000000 1.36309
103600 518.0000 -2.578931 1.0027 -0.073680 0.170207 0.142106 14.0083 17.2657 0.81718 0.000000 1.36272
103800 519.0000 -2.562308 0.9971 0.049746 -0.110852 0.132399 14.0101 17.2635 0.81500 0.000000 1.36307
104000 520.0000 -2.566388 0.9877 -0.076803 0.218771 0.013665 14.0139 17.2635 0.83098 0.000000 1.36382
104200 521.0000 -2.560036 0.9997 0.034588 0.024441 -0.235429 14.0176 17.2696 0.78372 0.000000 1.36453
104400 522.0000 -2.561404 0.9827 -0.135708 -0.073233 0.000179 14.0114 17.2608 0.74493 0.000000 1.36333
104600 523.0000 -2.569539 0.9777 0.096930 0.058693 -0.159675 14.0159 17.2526 0.78951 0.000000 1.36421
104800 524.0000 -2.591446 0.9713 -0.198628 -0.192485 -0.213309 14.0108 17.2463 0.77931 0.000000 1.36321
105000 525.0000 -2.616558 0.9721 -0.115993 0.235377 -0.099832 13.9974 17.2370 0.77569 0.000000 1.36061
105200 526.0000 -2.590187 0.9930 -0.055487 -0.156283 0.003190 14.0015 17.2489 0.74294 0.000000 1.36141
105400 527.0000 -2.611693 1.0012 0.004850 0.266809 -0.295045 14.0048 17.2471 0.83147 0.000000 1.36205
105600 528.0000 -2.606122 1.0019 -0.061147 -0.164986 -0.086822 14.0049 17.2487 0.82106 0.000000 1.36206
105800 529.0000 -2.607885 1.0008 0.112406 -0.051065 -0.286960 14.0057 17.2471 0.91609 0.000000 1.36222
106000 530.0000 -2.587069 0.9998 0.063454 0.144878 -0.220510 14.0132 17.2534 0.89502 0.000000 1.36368
106200 531.0000 -2.598623 1.0049 -0.397564 0.215265 0.124808 14.0117 17.2393 0.83194 0.000000 1.36339
106400 532.0000 -2.590837 0.9766 -0.084022 -0.280618 -0.117118 14.0086 17.2317 0.85726 0.000000 1.36278
106600 533.0000 -2.607033 1.0058 -0.079212 -0.082062 0.150044 14.0041 17.2330 0.88471 0.000000 1.36190
106800 534.0000 -2.586765 0.9715 0.243300 0.132140 -0.059938 14.0086 17.2237 0.80574 0.000000 1.36279
107000 535.0000 -2.570330 0.9857 0.204572 0.096291 -0.090448 14.0052 17.2200 0.84291 0.000000 1.36213
107200 536.0000 -2.605314 0.9910 -0.062016 -0.004025 0.185412 14.0054 17.2263 0.80794 0.000000 1.36216
107400 537.0000 -2.602528 0.9919 -0.046621 -0.030623 0.218061 14.0082 17.2271 0.79141 0.000000 1.36270
107600 538.0000 -2.606660 1.0118 -0.143033 0.032086 -0.051173 14.0102 17.2362 0.79616 0.000000 1.36310
107800 539.0000 -2.596132 0.9945 -0.100785 0.058332 0.320545 14.0105 17.2409 0.79128 0.000000 1.36316
108000 540.0000 -2.605143 0.9749 0.180098 -0.011680 -0.045773 14.0125 17.2441 0.79847 0.000000 1.36354
108200 541.0000 -2.616289 0.9838 0.014063 -0.279028 -0.483781 14.0083 17.2329 0.82247 0.000000 1.36273
108400 542.0000 -2.617786 1.0050 0.054738 0.002518 -0.048800 14.0068 17.2341 0.79734 0.000000 1.36243
108600 543.0000 -2.599574 1.0015 0.441931 -0.051208 -0.417583 14.0117 17.2236 0.86447 0.000000 1.36339
108800 544.0000 -2.578835 0.9985 0.291557 0.072307 0.038962 14.0085 17.2121 0.81250 0.000000 1.36276
109000 545.0000 -2.613706 0.9801 -0.269093 0.050748 -0.404862 14.0041 17.2036 0.80856 0.000000 1.36191
109200 546.0000 -2.636096 1.0045 -0.119873 0.009075 -0.156043 14.0026 17.2011 0.83333 0.000000 1.36162
109400 547.0000 -2.592785 0.9916 -0.014750 0.139766 0.305818 14.0034 17.2136 0.81359 0.000000 1.36177
109600 548.0000 -2.605481 0.9900 0.219316 0.013919 -0.002904 14.0103 17.2082 0.88188 0.000000 1.36311
109800 549.0000 -2.594886 0.9994 0.330015 -0.026802 0.149332 14.0191 17.2169 0.83789 0.000000 1.36482
110000 550.0000 -2.562568 0.9861 -0.070834 0.092558 -0.034457 14.0229 17.2160 0.83994 0.000000 1.36557
110200 551.0000 -2.550002 0.9952 0.045219 -0.008540 0.383049 14.0296 17.2273 0.87074 0.000000 1.36686
110400 552.0000 -2.615351 1.0135 0.030735 -0.280969 0.084554 14.0302 17.2340 0.91436 0.000000 1.36700
110600 553.0000 -2.606146 0.9923 -0.027185 -0.030359 -0.265205 14.0256 17.2218 0.85165 0.000000 1.36610
110800 554.0000 -2.589243 1.0184 -0.078161 0.073952 -0.204317 14.0232 17.2260 0.89768 0.000000 1.36562
111000 555.0000 -2.611944 0.9934 0.009136 -0.168975 -0.388724 14.0203 17.2208 0.83579 0.000000 1.36505
111200 556.0000 -2.667581 1.0267 -0.470352 -0.159682 -0.294270 14.0144 17.2136 0.82260 0.000000 1.36392
111400 557.0000 -2.620635 1.0020 -0.056362 -0.019908 0.162875 14.0072 17.2101 0.75570 0.000000 1.36251
111600 558.0000 -2.599417 0.9997 0.082963 0.192405 -0.173318 14.0117 17.2120 0.78998 0.000000 1.36339
111800 559.0000 -2.570617 0.9828 0.085409 0.071665 -0.151945 14.0177 17.2083 0.80843 0.000000 1.36456
112000 560.0000 -2.621923 0.9781 -0.239009 -0.036196 -0.036918 14.0072 17.2077 0.81229 0.000000 1.36251
112200 561.0000 -2.611783 0.9744 0.027143 0.190971 0.036357 14.0034 17.1983 0.85001 0.000000 1.36178
112400 562.0000 -2.593947 0.9831 0.001916 0.415194 -0.170682 14.0075 17.2004 0.83221 0.000000 1.36257
112600 563.0000 -2.625978 1.0345 0.003386 0.084077 0.115595 14.0103 17.2018 0.93028 0.000000 1.36311
112800 564.0000 -2.613270 0.9864 0.052589 -0.036113 -0.433657 14.0154 17.2031 0.83457 0.000000 1.36411
113000 565.0000 -2.598798 0.9998 0.238101 -0.069799 -0.191421 14.0169 17.2008 0.86509 0.000000 1.36441
113200 566.0000 -2.615714 0.9532 0.127313 -0.014192 -0.120070 14.0172 17.1973 0.84581 0.000000 1.36447
113400 567.0000 -2.633351 0.9693 0.124575 -0.036130 -0.265107 14.0048 17.1871 0.85446 0.000000 1.36204
113600 568.0000 -2.607341 1.0015 0.047080 -0.160225 0.521062 14.0056 17.1963 0.85152 0.000000 1.36220
113800 569.0000 -2.594502 1.0116 -0.070516 0.205407 0.117510 14.0078 17.2077 0.79154 0.000000 1.36263
114000 570.0000 -2.585493 1.0051 0.176728 -0.118283 -0.110236 14.0122 17.2058 0.88340 0.000000 1.36349
114200 571.0000 -2.598729 0.9865 0.028104 -0.066862 -0.117232 14.0088 17.2044 0.85232 0.000000 1.36283
114400 572.0000 -2.605030 0.9912 0.038059 0.037553 0.154774 14.0051 17.2017 0.80401 0.000000 1.36210
114600 573.0000 -2.609149 0.9847 -0.075575 0.148292 -0.040306 14.0042 17.1999 0.77678 0.000000 1.36192
114800 574.0000 -2.602457 0.9904 -0.117818 0.098064 0.051060 14.0043 17.2006 0.72993 0.000000 1.36194
115000 575.0000 -2.577874 0.9984 0.201946 0.101547 0.063491 14.0102 17.1958 0.80727 0.000000 1.36310
115200 576.0000 -2.585978 0.9889 -0.075789 0.066601 -0.643739 14.0136 17.2012 0.79610 0.000000 1.36376
115400 577.0000 -2.579629 0.9807 -0.072683 -0.113101 0.099890 14.0205 17.2046 0.83698 0.000000 1.36509
115600 578.0000 -2.613439 1.0089 0.001086 -0.336398 0.110431 14.0124 17.2038 0.85605 0.000000 1.36352
115800 579.0000 -2.574033 1.0102 0.022408 -0.046590 -0.147532 14.0180 17.2030 0.86215 0.000000 1.36461
116000 580.0000 -2.619503 1.0205 -0.064746 -0.213237 0.128781 14.0203 17.1960 0.78669 0.000000 1.36506
116200 581.0000 -2.610799 1.0062 -0.163326 0.111188 -0.054964 14.0238 17.1990 0.78657 0.000000 1.36574
116400 582.0000 -2.615533 0.9990 -0.144906 0.059159 0.051336 14.0249 17.1927 0.72288 0.000000 1.36595
116600 583.0000 -2.597655 0.9864 0.004477 -0.097164 -0.210618 14.0244 17.1965 0.69075 0.000000 1.36586
116800 584.0000 -2.620771 1.0059 0.100772 -0.375190 -0.265402 14.0171 17.1877 0.70814 0.000000 1.36443
117000 585.0000 -2.637217 0.9971 -0.124650 0.055067 -0.196412 14.0172 17.1782 0.71295 0.000000 1.36445
117200 586.0000 -2.592921 1.0067 0.182533 0.281493 -0.009644 14.0199 17.1952 0.70639 0.000000 1.36498
117400 587.0000 -2.631184 1.0086 -0.047051 -0.121658 -0.162431 14.0150 17.1892 0.72974 0.000000 1.36404
117600 588.0000 -2.632272 1.0187 -0.091043 0.134007 0.228905 14.0102 17.1860 0.78768 0.000000 1.36309
117800 589.0000 -2.596756 1.0047 -0.007245 0.051028 0.060186 14.0151 17.1973 0.76873 0.000000 1.36404
118000 590.0000 -2.601270 1.0028 -0.083561 -0.035159 -0.427911 14.0137 17.1975 0.82657 0.000000 1.36378
118200 591.0000 -2.626750 1.0115 -0.029366 0.240023 0.229456 14.0134 17.1940 0.86564 0.000000 1.36373
118400 592.0000 -2.622354 0.9744 -0.087390 0.027773 -0.213792 14.0167 17.1923 0.90225 0.000000 1.36436
118600 593.0000 -2.604923 0.9937 0.135438 0.066269 0.008055 14.0164 17.2011 0.92164 0.000000 1.36430
118800 594.0000 -2.597622 1.0011 0.232101 -0.126746 -0.111499 14.0232 17.2045 0.88029 0.000000 1.36562
119000 595.0000 -2.593633 0.9921 0.040550 0.033782 0.033845 14.0246 17.1919 0.88443 0.000000 1.36591
119200 596.0000 -2.613075 1.0087 -0.005826 -0.028473 0.101272 14.0209 17.1820 0.90643 0.000000 1.36517
119400 597.0000 -2.624910 0.9858 -0.113416 -0.058433 -0.439032 14.0164 17.1806 0.88537 0.000000 1.36429
119600 598.0000 -2.616776 0.9969 0.208793 -0.163361 0.235872 14.0147 17.1677 0.84249 0.000000 1.36396
119800 599.0000 -2.628830 1.0070 0.074442 0.061815 -0.208552 14.0190 17.1645 0.80132 0.000000 1.36480
120000 600.0000 -2.622664 0.9779 -0.174805 -0.156766 -0.055749 14.0110 17.1651 0.90284 0.000000 1.36325
