# step time Epot/N T Pxx Pyy Pzz Lx Lz gap comF areaperlipid
0 0.0000 -1.934045 1.0527 4.380675 4.870397 17.603026 17.8887 28.0003 1.10250 0.000000 1.25003
250 1.2500 -3.943371 1.0926 0.071499 0.076177 0.075312 17.9304 28.0632 0.96158 0.000000 1.25586
500 2.5000 -3.989852 1.0276 -0.086269 -0.154947 -0.085776 17.9186 28.0400 1.03983 0.000000 1.25420
750 3.7500 -4.078442 1.0042 -0.210887 -0.374747 -0.321002 17.8846 27.9786 1.09265 0.000000 1.24945
1000 5.0000 -4.086387 1.0198 -0.267535 0.064157 -0.113260 17.8528 27.9144 1.08903 0.000000 1.24501
1250 6.2500 -4.130232 1.0231 -0.247433 -0.190549 -0.531375 17.8425 27.8673 1.15801 0.000000 1.24358
1500 7.5000 -4.116012 1.0235 -0.062479 0.114145 -0.090388 17.8290 27.8213 1.13829 0.000000 1.24170
1750 8.7500 -4.155304 1.0236 -0.097866 -0.170296 -0.244178 17.8213 27.7769 1.09808 0.000000 1.24062
2000 10.0000 -4.161686 1.0278 0.006725 -0.090009 -0.247045 17.8222 27.7355 0.95533 0.000000 1.24074
2250 11.2500 -4.210669 1.0190 -0.175958 -0.114057 -0.279705 17.8109 27.6802 1.08264 0.000000 1.23917
2500 12.5000 -4.212577 1.0115 0.080951 0.025782 -0.185118 17.8055 27.6372 1.19167 0.000000 1.23843
2750 13.7500 -4.180218 1.0120 0.220709 0.127269 -0.005307 17.8158 27.6144 1.14401 0.000000 1.23985
3000 15.0000 -4.188168 1.0194 -0.065370 -0.067238 0.006364 17.8154 27.5875 1.21457 0.000000 1.23980
3250 16.2500 -4.216096 1.0057 -0.145501 0.050804 -0.120180 17.8098 27.5522 1.31770 0.000000 1.23902
3500 17.5000 -4.201005 1.0109 0.097481 -0.044208 -0.095676 17.8146 27.5261 1.38242 0.000000 1.23969
3750 18.7500 -4.216454 1.0156 -0.030886 0.061875 0.012210 17.8229 27.4998 1.32563 0.000000 1.24085
4000 20.0000 -4.206999 1.0072 0.133373 0.098350 -0.270664 17.8232 27.4847 1.27100 0.000000 1.24088
4250 21.2500 -4.340872 1.0262 -0.280726 -0.207022 -0.421471 17.7905 27.4184 1.25919 0.000000 1.23634
4500 22.5000 -4.392195 0.9997 -0.288886 -0.261323 -0.457784 17.7576 27.3517 1.29262 0.000000 1.23176
4750 23.7500 -4.421116 1.0052 -0.230565 -0.144023 -0.080003 17.7310 27.2914 1.22002 0.000000 1.22808
5000 25.0000 -4.464448 1.0144 -0.235296 -0.176763 -0.499825 17.7174 27.2435 1.32630 0.000000 1.22620
5250 26.2500 -4.465227 1.0113 -0.113692 -0.039945 -0.342874 17.7067 27.1932 1.24942 0.000000 1.22471
5500 27.5000 -4.484919 1.0041 -0.002038 -0.026624 -0.230901 17.7002 27.1492 1.14577 0.000000 1.22381
5750 28.7500 -4.534615 1.0178 -0.130568 -0.265911 -0.396445 17.6974 27.1097 1.28400 0.000000 1.22343
6000 30.0000 -4.530587 0.9968 -0.000480 0.006553 -0.292043 17.6943 27.0614 1.13319 0.000000 1.22300
6250 31.2500 -4.551326 1.0008 -0.095749 -0.056169 0.014378 17.6876 27.0252 1.16240 0.000000 1.22208
6500 32.5000 -4.576762 1.0028 0.104915 -0.125029 0.053024 17.6867 26.9876 1.14694 0.000000 1.22195
6750 33.7500 -4.579118 0.9837 0.096004 -0.079392 -0.282797 17.6856 26.9488 1.04819 0.000000 1.22180
7000 35.0000 -4.563529 0.9882 0.139267 0.059038 -0.121812 17.6879 26.9284 1.05012 0.000000 1.22211
7250 36.2500 -4.598782 0.9985 -0.154550 -0.171400 -0.047122 17.7003 26.8955 1.10375 0.000000 1.22383
7500 37.5000 -4.576158 1.0001 0.113551 -0.067196 -0.108858 17.7062 26.8755 0.97712 0.000000 1.22465
7750 38.7500 -4.579617 0.9973 0.019736 -0.023069 -0.089316 17.7169 26.8588 0.89799 0.000000 1.22613
8000 40.0000 -4.568278 1.0086 0.183456 0.309018 -0.040736 17.7244 26.8308 0.91426 0.000000 1.22716
8250 41.2500 -4.544627 1.0138 0.246902 0.019891 -0.093349 17.7436 26.8163 1.07974 0.000000 1.22983
8500 42.5000 -4.563717 0.9839 0.055750 0.086672 -0.164164 17.7541 26.7985 0.99926 0.000000 1.23128
8750 43.7500 -4.562591 0.9897 0.064335 0.020837 -0.172607 17.7589 26.7720 0.98483 0.000000 1.23194
9000 45.0000 -4.593218 1.0006 -0.074461 -0.064488 -0.455547 17.7573 26.7418 1.04177 0.000000 1.23172
9250 46.2500 -4.578295 1.0029 0.021420 0.088547 -0.020812 17.7536 26.7097 1.03141 0.000000 1.23121
9500 47.5000 -4.592033 1.0080 0.051864 0.029216 0.142996 17.7665 26.6848 0.96041 0.000000 1.23300
9750 48.7500 -4.603666 1.0027 -0.076739 0.060862 -0.030776 17.7721 26.6713 0.97679 0.000000 1.23378
10000 50.0000 -4.607279 0.9941 0.038327 0.104817 -0.251357 17.7725 26.6454 0.98127 0.000000 1.23384
10250 51.2500 -4.603080 1.0045 0.002133 0.130575 -0.141937 17.7770 26.6172 0.99224 0.000000 1.23446
10500 52.5000 -4.610716 1.0010 -0.000226 0.078774 -0.067768 17.7794 26.5938 0.96499 0.000000 1.23479
10750 53.7500 -4.597090 0.9993 0.114104 0.229488 -0.156645 17.7847 26.5739 0.94657 0.000000 1.23553
11000 55.0000 -4.583366 0.9762 0.060281 0.169755 -0.129344 17.7986 26.5626 1.05144 0.000000 1.23747
11250 56.2500 -4.602374 1.0027 0.047930 0.095730 -0.301678 17.8112 26.5407 0.94322 0.000000 1.23922
11500 57.5000 -4.589137 0.9785 0.069202 0.029198 -0.100356 17.8161 26.5040 0.92381 0.000000 1.23990
11750 58.7500 -4.607852 0.9936 0.080330 0.039973 -0.044193 17.8211 26.4868 0.89918 0.000000 1.24059
12000 60.0000 -4.605529 0.9813 0.126349 0.019863 -0.119084 17.8247 26.4746 0.93595 0.000000 1.24109
12250 61.2500 -4.607704 0.9923 0.033642 0.098162 -0.291470 17.8227 26.4594 0.86377 0.000000 1.24081
12500 62.5000 -4.594474 1.0100 0.174879 0.109284 -0.023633 17.8366 26.4509 0.99049 0.000000 1.24275
12750 63.7500 -4.608260 1.0032 0.011199 0.044858 -0.066625 17.8462 26.4340 0.92728 0.000000 1.24408
13000 65.0000 -4.632114 1.0093 -0.181227 0.021525 -0.239609 17.8450 26.4232 0.89678 0.000000 1.24392
13250 66.2500 -4.605898 1.0053 0.095104 0.073053 0.033999 17.8561 26.4053 0.92501 0.000000 1.24546
13500 67.5000 -4.615084 0.9909 0.116897 -0.077398 -0.049476 17.8582 26.3848 0.91190 0.000000 1.24576
13750 68.7500 -4.608419 1.0057 0.177833 -0.101151 0.063253 17.8583 26.3623 0.87955 0.000000 1.24577
14000 70.0000 -4.599593 0.9961 0.134455 -0.095841 -0.056649 17.8671 26.3605 0.89720 0.000000 1.24701
14250 71.2500 -4.616207 0.9983 -0.034078 0.134768 -0.078941 17.8711 26.3466 0.93801 0.000000 1.24757
14500 72.5000 -4.608243 1.0079 0.095667 -0.043432 -0.097761 17.8802 26.3334 0.86481 0.000000 1.24883
14750 73.7500 -4.590784 0.9844 0.077313 0.084470 -0.191350 17.8868 26.3137 0.82197 0.000000 1.24976
15000 75.0000 -4.611288 0.9918 0.034380 -0.200777 -0.152415 17.8866 26.2920 0.92368 0.000000 1.24974
15250 76.2500 -4.589578 0.9944 0.085880 0.048600 -0.025852 17.8912 26.2753 0.89707 0.000000 1.25037
15500 77.5000 -4.585069 0.9957 -0.022537 0.067890 0.085145 17.8974 26.2784 0.94652 0.000000 1.25123
15750 78.7500 -4.612336 1.0051 -0.111608 -0.143147 0.009100 17.9088 26.2680 0.92578 0.000000 1.25284
16000 80.0000 -4.607369 1.0097 0.072260 -0.094676 -0.004294 17.9152 26.2517 0.92381 0.000000 1.25373
16250 81.2500 -4.605422 0.9996 0.083937 -0.018787 -0.149505 17.9251 26.2469 1.00668 0.000000 1.25512
16500 82.5000 -4.581208 1.0061 0.028918 0.148871 0.250266 17.9242 26.2292 0.98863 0.000000 1.25499
16750 83.7500 -4.598709 0.9905 -0.023483 0.032952 -0.239933 17.9265 26.2000 1.01804 0.000000 1.25531
17000 85.0000 -4.604278 0.9976 0.112693 0.041031 0.142276 17.9321 26.1694 0.97384 0.000000 1.25610
17250 86.2500 -4.620555 0.9948 -0.064071 0.109235 -0.217823 17.9346 26.1538 1.01383 0.000000 1.25644
17500 87.5000 -4.586039 0.9867 0.168340 0.009253 -0.015088 17.9396 26.1391 0.99344 0.000000 1.25715
17750 88.7500 -4.613738 1.0194 -0.035212 -0.106373 0.002900 17.9534 26.1351 0.93653 0.000000 1.25908
18000 90.0000 -4.587342 0.9962 0.108217 -0.096618 -0.071254 17.9513 26.1361 0.90856 0.000000 1.25878
18250 91.2500 -4.596626 0.9874 -0.042849 0.193204 0.053838 17.9519 26.1280 0.93643 0.000000 1.25887
18500 92.5000 -4.593445 0.9930 0.176676 0.028951 0.024185 17.9544 26.1071 0.95482 0.000000 1.25922
18750 93.7500 -4.607605 0.9907 0.001233 0.100702 -0.094707 17.9632 26.0897 0.91838 0.000000 1.26046
19000 95.0000 -4.610347 1.0085 -0.007728 0.149838 -0.002234 17.9686 26.0712 0.93767 0.000000 1.26121
19250 96.2500 -4.611903 1.0021 0.064504 -0.095569 0.027811 17.9740 26.0648 0.92037 0.000000 1.26198
19500 97.5000 -4.620237 0.9990 0.015049 0.022188 -0.087921 17.9685 26.0523 0.92237 0.000000 1.26120
19750 98.7500 -4.600454 0.9903 0.089911 0.043932 -0.057118 17.9662 26.0507 0.90777 0.000000 1.26088
20000 100.0000 -4.611425 0.9922 -0.040996 0.011757 0.082729 17.9679 26.0406 0.93468 0.000000 1.26111
20250 101.2500 -4.616128 1.0003 0.117365 -0.047802 -0.201981 17.9770 26.0342 0.93303 0.000000 1.26240
20500 102.5000 -4.601545 0.9859 -0.018211 0.130945 -0.017804 17.9802 26.0228 0.92622 0.000000 1.26284
20750 103.7500 -4.612477 0.9949 -0.064144 0.094762 -0.128636 17.9825 26.0036 0.81424 0.000000 1.26316
21000 105.0000 -4.602790 1.0056 0.244451 0.025981 -0.030566 17.9867 25.9965 0.94388 0.000000 1.26375
21250 106.2500 -4.592845 0.9904 -0.039673 0.045278 0.178748 17.9930 25.9971 0.87576 0.000000 1.26464
21500 107.5000 -4.608652 1.0042 -0.037720 -0.009632 0.048942 17.9974 25.9916 0.87100 0.000000 1.26527
21750 108.7500 -4.597195 1.0101 -0.045513 0.008106 0.175398 18.0045 25.9720 0.91415 0.000000 1.26626
22000 110.0000 -4.587413 0.9983 0.047941 0.139177 -0.164496 18.0111 25.9654 0.79672 0.000000 1.26718
22250 111.2500 -4.616041 1.0073 0.077602 0.070962 0.080496 18.0129 25.9359 0.90801 0.000000 1.26744
22500 112.5000 -4.622977 0.9940 -0.011074 0.035077 -0.272145 18.0169 25.9088 0.92035 0.000000 1.26800
22750 113.7500 -4.625269 1.0029 0.028330 0.020168 0.209925 18.0189 25.8993 0.87670 0.000000 1.26829
23000 115.0000 -4.626761 0.9932 -0.092080 0.148497 -0.215746 18.0238 25.8753 0.86357 0.000000 1.26898
23250 116.2500 -4.633426 0.9927 -0.008643 -0.122796 0.053586 18.0230 25.8518 0.86389 0.000000 1.26887
23500 117.5000 -4.612620 1.0004 0.022756 0.060719 -0.258363 18.0336 25.8417 0.78961 0.000000 1.27035
23750 118.7500 -4.602096 1.0117 -0.065377 0.053462 -0.128886 18.0452 25.8444 0.89352 0.000000 1.27200
24000 120.0000 -4.596003 0.9920 -0.016235 0.091481 -0.033968 18.0517 25.8322 0.99015 0.000000 1.27291
24250 121.2500 -4.611106 0.9818 0.198840 -0.066433 -0.098065 18.0484 25.8199 0.86791 0.000000 1.27244
24500 122.5000 -4.610332 0.9962 0.164577 0.018258 0.072304 18.0608 25.8153 1.05084 0.000000 1.27419
24750 123.7500 -4.605774 1.0006 0.098186 0.005230 -0.053806 18.0689 25.8083 1.01003 0.000000 1.27534
25000 125.0000 -4.615944 0.9836 -0.076077 -0.003750 -0.183720 18.0662 25.7850 1.01232 0.000000 1.27496
25250 126.2500 -4.613101 0.9949 -0.003719 0.194775 0.004427 18.0678 25.7706 0.88701 0.000000 1.27518
25500 127.5000 -4.590080 0.9987 0.097689 0.215563 0.157573 18.0733 25.7601 0.93272 0.000000 1.27596
25750 128.7500 -4.595260 1.0143 0.113287 0.182493 0.101954 18.0833 25.7564 0.93921 0.000000 1.27736
26000 130.0000 -4.568114 0.9841 0.169716 0.272460 -0.023727 18.0959 25.7428 0.90727 0.000000 1.27914
26250 131.2500 -4.565516 0.9973 0.116555 0.055134 0.093229 18.1040 25.7448 0.90926 0.000000 1.28030
26500 132.5000 -4.604053 1.0038 -0.166398 -0.023698 0.082838 18.1055 25.7203 0.91798 0.000000 1.28051
26750 133.7500 -4.593312 1.0023 -0.072587 -0.003292 0.001652 18.1090 25.7152 0.93760 0.000000 1.28099
27000 135.0000 -4.576964 1.0030 -0.014446 0.111922 -0.075376 18.1166 25.7059 0.93125 0.000000 1.28208
27250 136.2500 -4.546470 1.0135 0.118367 0.213053 0.464031 18.1260 25.7178 0.84769 0.000000 1.28341
27500 137.5000 -4.567891 1.0148 -0.018382 0.102707 -0.058256 18.1351 25.7125 0.96813 0.000000 1.28470
27750 138.7500 -4.597303 0.9931 -0.094951 -0.171763 -0.178196 18.1378 25.6926 0.90211 0.000000 1.28507
28000 140.0000 -4.582731 1.0092 0.047073 -0.087084 -0.151722 18.1288 25.6752 0.94848 0.000000 1.28380
28250 141.2500 -4.557205 0.9913 -0.044281 0.106416 0.121831 18.1353 25.6727 0.91941 0.000000 1.28472
28500 142.5000 -4.592354 0.9987 -0.099047 -0.091179 -0.115591 18.1400 25.6598 0.95158 0.000000 1.28539
28750 143.7500 -4.582377 1.0056 -0.022029 0.058117 -0.212992 18.1401 25.6383 1.02825 0.000000 1.28540
29000 145.0000 -4.578715 1.0020 -0.012956 0.016830 -0.172248 18.1439 25.6267 0.93029 0.000000 1.28594
29250 146.2500 -4.602837 1.0004 0.001021 -0.049109 -0.168267 18.1463 25.6074 1.04105 0.000000 1.28629
29500 147.5000 -4.594516 1.0033 0.021019 0.082402 -0.028707 18.1484 25.5800 0.97478 0.000000 1.28658
29750 148.7500 -4.603379 1.0210 -0.074351 0.035954 0.089066 18.1531 25.5670 0.87050 0.000000 1.28725
30000 150.0000 -4.589697 1.0058 0.186421 -0.016901 -0.157807 18.1662 25.5766 0.90568 0.000000 1.28911
30250 151.2500 -4.590759 0.9730 -0.026806 -0.108010 -0.147546 18.1656 25.5630 0.87557 0.000000 1.28903
30500 152.5000 -4.600847 0.9993 -0.123275 0.080181 -0.088531 18.1632 25.5325 0.81489 0.000000 1.28868
30750 153.7500 -4.596949 0.9912 0.111243 -0.027634 0.069764 18.1637 25.5280 0.90921 0.000000 1.28875
31000 155.0000 -4.587462 0.9892 0.016821 -0.006692 -0.135369 18.1704 25.5211 0.88511 0.000000 1.28970
31250 156.2500 -4.597694 0.9981 0.023364 0.041384 -0.074822 18.1704 25.5028 0.89198 0.000000 1.28971
31500 157.5000 -4.597832 0.9868 0.146563 -0.056842 0.027097 18.1761 25.4801 0.82172 0.000000 1.29051
31750 158.7500 -4.606053 0.9957 -0.049443 0.068412 -0.065134 18.1807 25.4672 0.83551 0.000000 1.29116
32000 160.0000 -4.615707 1.0084 0.067707 -0.103039 -0.106660 18.1838 25.4597 0.93427 0.000000 1.29161
32250 161.2500 -4.596407 1.0045 0.030150 0.136586 0.080060 18.1920 25.4451 0.90213 0.000000 1.29277
32500 162.5000 -4.587273 1.0095 0.029848 0.078248 0.055065 18.2019 25.4400 0.89117 0.000000 1.29418
32750 163.7500 -4.588207 1.0062 0.058635 0.022812 -0.045430 18.1986 25.4295 0.89694 0.000000 1.29371
33000 165.0000 -4.573119 0.9926 0.083574 0.081491 -0.057026 18.1998 25.4253 0.89653 0.000000 1.29388
33250 166.2500 -4.604086 0.9951 -0.099727 0.130746 -0.113018 18.1999 25.4168 0.88464 0.000000 1.29389
33500 167.5000 -4.627792 0.9994 -0.029764 0.028270 -0.230278 18.1988 25.4005 0.90281 0.000000 1.29374
33750 168.7500 -4.601017 0.9885 -0.011611 0.074793 -0.043131 18.2006 25.3983 0.88137 0.000000 1.29399
34000 170.0000 -4.630432 0.9907 0.061795 -0.029386 0.136946 18.1940 25.3726 0.94045 0.000000 1.29306
34250 171.2500 -4.627792 0.9878 0.048060 0.123255 -0.058833 18.1979 25.3667 0.96218 0.000000 1.29361
34500 172.5000 -4.636370 1.0081 0.120224 -0.067673 -0.051307 18.2003 25.3534 0.90373 0.000000 1.29395
34750 173.7500 -4.608545 1.0021 0.116810 0.101565 0.011489 18.2122 25.3536 0.92374 0.000000 1.29564
35000 175.0000 -4.617863 0.9962 -0.064274 0.154727 0.015623 18.2230 25.3536 0.94717 0.000000 1.29718
35250 176.2500 -4.609371 0.9856 -0.072618 0.167579 -0.078512 18.2226 25.3373 0.91582 0.000000 1.29712
35500 177.5000 -4.612462 1.0047 0.015776 0.096665 -0.045283 18.2224 25.3323 0.99286 0.000000 1.29709
35750 178.7500 -4.640663 0.9988 -0.124664 -0.101708 -0.132112 18.2198 25.3237 0.86362 0.000000 1.29672
36000 180.0000 -4.603026 0.9919 0.049828 0.142485 0.068267 18.2227 25.3084 0.88339 0.000000 1.29713
36250 181.2500 -4.608210 1.0092 -0.064684 0.127958 -0.143961 18.2342 25.3045 0.93121 0.000000 1.29877
36500 182.5000 -4.597811 1.0003 -0.036040 -0.060938 0.154121 18.2497 25.3058 0.82444 0.000000 1.30098
36750 183.7500 -4.589076 1.0072 0.141300 0.018360 -0.017253 18.2502 25.3095 0.82191 0.000000 1.30106
37000 185.0000 -4.575055 1.0075 0.122803 0.090990 0.082545 18.2620 25.3196 0.79321 0.000000 1.30274
37250 186.2500 -4.601144 0.9863 -0.103562 -0.038472 -0.058095 18.2568 25.3067 0.75121 0.000000 1.30199
37500 187.5000 -4.591422 0.9863 -0.065964 0.055892 0.122873 18.2537 25.2914 0.78828 0.000000 1.30155
37750 188.7500 -4.601278 0.9969 0.101074 -0.044388 -0.258742 18.2556 25.2930 0.78528 0.000000 1.30183
38000 190.0000 -4.612819 0.9948 -0.062364 -0.069867 -0.142769 18.2573 25.2833 0.77528 0.000000 1.30207
38250 191.2500 -4.601728 0.9804 -0.049082 0.000876 0.028504 18.2537 25.2634 0.74485 0.000000 1.30156
38500 192.5000 -4.606673 0.9911 -0.065309 0.089430 -0.174430 18.2559 25.2451 0.82242 0.000000 1.30187
38750 193.7500 -4.601492 0.9994 -0.124480 0.183845 -0.281276 18.2563 25.2344 0.84578 0.000000 1.30192
39000 195.0000 -4.602140 0.9992 -0.192656 0.123835 -0.131841 18.2707 25.2215 0.83097 0.000000 1.30398
39250 196.2500 -4.612221 0.9821 -0.130221 -0.074830 0.001206 18.2714 25.2138 0.82719 0.000000 1.30407
39500 197.5000 -4.607073 1.0140 0.037596 0.139508 0.089532 18.2751 25.2048 0.84472 0.000000 1.30461
39750 198.7500 -4.583183 0.9917 0.152649 -0.182590 0.030538 18.2867 25.2051 0.82799 0.000000 1.30626
40000 200.0000 -4.595760 0.9976 0.173782 -0.119161 -0.320027 18.2891 25.1914 0.85382 0.000000 1.30660
40250 201.2500 -4.588586 0.9900 -0.013089 0.002048 -0.100752 18.2983 25.1889 0.86003 0.000000 1.30792
40500 202.5000 -4.584374 0.9898 0.016451 -0.135490 0.049245 18.2964 25.1907 0.83780 0.000000 1.30765
40750 203.7500 -4.586014 0.9974 -0.053534 -0.066298 0.166404 18.3009 25.2040 0.91976 0.000000 1.30829
41000 205.0000 -4.593888 1.0039 0.026422 -0.286755 -0.196261 18.3017 25.1935 0.87675 0.000000 1.30841
41250 206.2500 -4.572569 0.9973 0.221789 -0.067024 0.039719 18.3011 25.1777 0.88654 0.000000 1.30832
41500 207.5000 -4.584247 1.0061 -0.089215 -0.046455 0.257498 18.3144 25.1803 0.92287 0.000000 1.31023
41750 208.7500 -4.566347 0.9958 0.049288 0.047605 0.095126 18.3128 25.1740 0.84563 0.000000 1.30999
42000 210.0000 -4.587625 0.9867 -0.070378 0.041326 -0.161656 18.3193 25.1596 0.87555 0.000000 1.31093
42250 211.2500 -4.571514 0.9987 0.139056 0.016039 0.022026 18.3203 25.1360 0.82267 0.000000 1.31106
42500 212.5000 -4.582289 1.0018 -0.013520 -0.086493 -0.191226 18.3276 25.1237 0.87379 0.000000 1.31211
42750 213.7500 -4.585303 1.0060 -0.237912 0.003574 -0.108691 18.3334 25.1232 0.81040 0.000000 1.31294
43000 215.0000 -4.575007 0.9927 0.099103 0.084300 0.094104 18.3344 25.1132 0.82668 0.000000 1.31309
43250 216.2500 -4.587483 0.9957 0.077172 -0.090370 -0.025079 18.3385 25.1068 0.87541 0.000000 1.31368
43500 217.5000 -4.602108 1.0172 -0.016231 -0.204779 -0.009614 18.3367 25.0983 0.77940 0.000000 1.31341
43750 218.7500 -4.594374 1.0054 -0.068902 0.060063 -0.094685 18.3304 25.0867 0.77441 0.000000 1.31252
44000 220.0000 -4.585101 0.9877 -0.034190 0.031214 -0.114564 18.3319 25.0693 0.82163 0.000000 1.31272
44250 221.2500 -4.594184 0.9948 0.101454 0.028649 -0.040624 18.3272 25.0557 0.74514 0.000000 1.31206
44500 222.5000 -4.607831 0.9899 -0.198329 0.051242 -0.025245 18.3306 25.0500 0.75483 0.000000 1.31254
44750 223.7500 -4.586912 0.9989 0.000144 -0.040023 0.022584 18.3404 25.0500 0.78673 0.000000 1.31395
45000 225.0000 -4.595838 1.0096 0.040399 -0.041099 -0.082880 18.3469 25.0478 0.76990 0.000000 1.31487
45250 226.2500 -4.596350 0.9946 -0.013177 0.065640 -0.002093 18.3470 25.0412 0.78649 0.000000 1.31490
45500 227.5000 -4.558366 0.9982 0.072002 0.189213 -0.036208 18.3520 25.0495 0.87328 0.000000 1.31561
45750 228.7500 -4.595076 1.0031 -0.032011 0.055521 -0.001778 18.3588 25.0358 0.76446 0.000000 1.31659
46000 230.0000 -4.593833 1.0091 -0.001203 -0.038484 -0.027048 18.3617 25.0279 0.87571 0.000000 1.31701
46250 231.2500 -4.584979 0.9774 0.087978 -0.058977 0.054834 18.3590 25.0211 0.87788 0.000000 1.31662
46500 232.5000 -4.583731 1.0049 0.058886 0.077483 -0.038872 18.3612 25.0036 0.86447 0.000000 1.31693
46750 233.7500 -4.571425 0.9944 -0.009585 0.074806 0.036839 18.3643 25.0012 0.91400 0.000000 1.31737
47000 235.0000 -4.579974 0.9653 -0.005323 0.009521 0.254168 18.3636 24.9982 0.91370 0.000000 1.31727
47250 236.2500 -4.585124 0.9827 0.173552 0.031254 0.138830 18.3627 24.9888 0.84737 0.000000 1.31715
47500 237.5000 -4.578871 0.9943 0.094671 0.202021 0.092511 18.3702 24.9756 0.87172 0.000000 1.31821
47750 238.7500 -4.600677 1.0025 -0.103544 0.020136 -0.347356 18.3744 24.9665 0.82784 0.000000 1.31882
48000 240.0000 -4.593325 0.9949 0.089528 0.063688 0.023256 18.3771 24.9574 0.88289 0.000000 1.31921
48250 241.2500 -4.579958 1.0034 0.057420 0.087839 0.027631 18.3816 24.9404 0.92635 0.000000 1.31986
48500 242.5000 -4.586430 0.9837 0.152213 0.035623 0.088802 18.3808 24.9390 0.84584 0.000000 1.31973
48750 243.7500 -4.597913 1.0096 0.003869 0.114937 0.117696 18.3831 24.9355 0.86316 0.000000 1.32008
49000 245.0000 -4.560510 0.9989 0.035329 0.132188 0.253308 18.3916 24.9514 0.85913 0.000000 1.32129
49250 246.2500 -4.566444 1.0017 -0.058104 0.024149 -0.213348 18.3979 24.9448 0.83018 0.000000 1.32219
49500 247.5000 -4.574773 1.0006 0.101330 0.178892 -0.053350 18.4025 24.9356 0.80933 0.000000 1.32286
49750 248.7500 -4.577307 0.9955 0.035605 -0.196243 -0.017181 18.4005 24.9369 0.86073 0.000000 1.32258
50000 250.0000 -4.597790 0.9932 -0.068663 0.069364 -0.038050 18.3971 24.9259 0.89865 0.000000 1.32208
50250 251.2500 -4.601218 0.9913 0.191963 0.033748 -0.129518 18.3962 24.9118 0.93895 0.000000 1.32195
50500 252.5000 -4.592477 0.9997 -0.053873 -0.041317 0.110215 18.4021 24.8962 0.95901 0.000000 1.32280
50750 253.7500 -4.583243 1.0055 0.098710 -0.189974 0.200523 18.4020 24.8878 0.88875 0.000000 1.32279
51000 255.0000 -4.623224 1.0186 -0.223979 -0.081245 0.060910 18.3987 24.8789 0.95755 0.000000 1.32231
51250 256.2500 -4.613079 1.0047 -0.192056 -0.137129 -0.048240 18.4005 24.8744 0.89319 0.000000 1.32258
51500 257.5000 -4.606510 0.9971 -0.148569 -0.000521 0.075518 18.4025 24.8654 0.90101 0.000000 1.32286
51750 258.7500 -4.587799 0.9939 -0.004361 0.154372 0.218360 18.4061 24.8654 0.83459 0.000000 1.32338
52000 260.0000 -4.589935 1.0040 -0.068397 0.057468 -0.150847 18.4078 24.8738 0.86874 0.000000 1.32362
52250 261.2500 -4.613869 0.9932 -0.153538 -0.265792 -0.045180 18.4045 24.8689 0.90471 0.000000 1.32315
52500 262.5000 -4.623852 0.9855 -0.122851 -0.068700 -0.036839 18.3960 24.8657 0.81933 0.000000 1.32192
52750 263.7500 -4.618384 0.9877 0.007485 0.050796 -0.177464 18.4013 24.8668 0.80437 0.000000 1.32269
53000 265.0000 -4.586349 0.9877 0.079503 0.126942 0.238825 18.4033 24.8511 0.82682 0.000000 1.32298
53250 266.2500 -4.591202 1.0085 0.101276 0.125807 0.018955 18.4073 24.8497 0.83711 0.000000 1.32355
53500 267.5000 -4.603138 1.0061 -0.047672 -0.156916 -0.044504 18.4148 24.8543 0.80760 0.000000 1.32463
53750 268.7500 -4.598192 0.9926 -0.248215 0.148957 -0.086931 18.4168 24.8344 0.80833 0.000000 1.32491
54000 270.0000 -4.582511 0.9895 0.076044 0.035584 -0.108808 18.4193 24.8306 0.78171 0.000000 1.32528
54250 271.2500 -4.612127 0.9998 -0.035329 -0.119678 -0.243580 18.4226 24.8252 0.78076 0.000000 1.32575
54500 272.5000 -4.623242 1.0033 -0.198683 -0.055144 -0.270209 18.4277 24.8142 0.73909 0.000000 1.32648
54750 273.7500 -4.594536 0.9807 0.021491 0.096731 0.113236 18.4240 24.7991 0.74150 0.000000 1.32595
55000 275.0000 -4.614563 0.9935 -0.137229 0.068930 -0.101518 18.4194 24.7920 0.67742 0.000000 1.32529
55250 276.2500 -4.598348 0.9854 -0.007016 0.126672 0.087795 18.4262 24.7815 0.71107 0.000000 1.32627
55500 277.5000 -4.616276 0.9907 -0.244156 0.017033 -0.013474 18.4238 24.7788 0.80453 0.000000 1.32592
55750 278.7500 -4.620256 0.9949 0.014922 -0.023935 0.068447 18.4227 24.7698 0.72998 0.000000 1.32576
56000 280.0000 -4.627035 0.9884 -0.088298 0.201200 0.091355 18.4182 24.7530 0.80738 0.000000 1.32512
56250 281.2500 -4.617554 0.9928 0.031304 0.097516 0.060396 18.4252 24.7644 0.73586 0.000000 1.32612
56500 282.5000 -4.606436 1.0041 -0.056137 -0.046813 -0.156855 18.4386 24.7631 0.76006 0.000000 1.32805
56750 283.7500 -4.597363 1.0022 0.150751 -0.053753 -0.000087 18.4425 24.7590 0.79611 0.000000 1.32862
57000 285.0000 -4.597408 0.9939 -0.081197 0.017769 -0.030106 18.4479 24.7560 0.80804 0.000000 1.32940
57250 286.2500 -4.572691 1.0012 0.220924 0.076256 0.008913 18.4571 24.7527 0.89996 0.000000 1.33072
57500 287.5000 -4.579502 1.0121 -0.042058 0.061388 0.072104 18.4644 24.7535 0.81658 0.000000 1.33177
57750 288.7500 -4.561809 0.9968 -0.098576 -0.070383 0.094490 18.4722 24.7694 0.79570 0.000000 1.33290
58000 290.0000 -4.591044 0.9994 -0.093521 -0.117902 -0.005634 18.4658 24.7702 0.73799 0.000000 1.33198
58250 291.2500 -4.579904 1.0150 -0.027611 0.057875 0.106400 18.4655 24.7727 0.74767 0.000000 1.33193
58500 292.5000 -4.585711 1.0147 -0.170505 -0.120932 -0.111828 18.4641 24.7767 0.68666 0.000000 1.33173
58750 293.7500 -4.572907 0.9852 0.176203 0.057632 0.179172 18.4599 24.7653 0.72090 0.000000 1.33113
59000 295.0000 -4.595143 0.9912 -0.027055 -0.005819 -0.376416 18.4598 24.7624 0.83521 0.000000 1.33112
59250 296.2500 -4.593559 1.0019 0.012502 -0.106124 0.044576 18.4575 24.7543 0.85904 0.000000 1.33078
59500 297.5000 -4.596258 0.9870 -0.017916 -0.138326 0.067230 18.4578 24.7475 0.81463 0.000000 1.33082
59750 298.7500 -4.576211 0.9903 0.040747 0.070859 0.083403 18.4557 24.7558 0.92644 0.000000 1.33051
60000 300.0000 -4.584153 0.9966 0.192692 0.073906 0.029551 18.4515 24.7445 0.85621 0.000000 1.32991
60250 301.2500 -4.583759 1.0027 0.031936 -0.121171 0.207171 18.4617 24.7434 0.76277 0.000000 1.33138
60500 302.5000 -4.590016 1.0005 -0.066733 0.006403 -0.167371 18.4640 24.7350 0.77149 0.000000 1.33172
60750 303.7500 -4.584849 0.9920 0.033002 -0.005888 -0.052981 18.4652 24.7295 0.75983 0.000000 1.33189
61000 305.0000 -4.604899 0.9994 -0.064732 0.027868 -0.135687 18.4674 24.7124 0.78298 0.000000 1.33221
61250 306.2500 -4.596682 0.9955 0.057123 0.019917 -0.106930 18.4676 24.6957 0.83369 0.000000 1.33224
61500 307.5000 -4.594128 1.0079 0.091477 -0.092779 0.195860 18.4742 24.7031 0.88503 0.000000 1.33319
61750 308.7500 -4.573254 1.0031 0.043979 0.019716 -0.010347 18.4855 24.7008 0.85398 0.000000 1.33481
62000 310.0000 -4.588789 1.0018 0.019697 -0.140491 0.223281 18.4854 24.6978 0.82357 0.000000 1.33481
62250 311.2500 -4.594157 0.9977 -0.116496 -0.075845 -0.161400 18.4852 24.6946 0.75098 0.000000 1.33478
62500 312.5000 -4.590635 0.9992 -0.066844 -0.008389 -0.018126 18.4886 24.6892 0.75542 0.000000 1.33527
62750 313.7500 -4.588016 1.0001 -0.080647 -0.118755 -0.224275 18.4939 24.6835 0.82619 0.000000 1.33604
63000 315.0000 -4.569421 0.9987 -0.072333 0.059274 -0.046371 18.4912 24.6839 0.73877 0.000000 1.33565
63250 316.2500 -4.573061 1.0054 0.170853 -0.131175 -0.001250 18.4994 24.6815 0.77611 0.000000 1.33683
63500 317.5000 -4.577218 1.0048 0.191537 0.063543 -0.062526 18.5023 24.6733 0.80144 0.000000 1.33724
63750 318.7500 -4.572694 0.9984 0.021524 0.092094 -0.044175 18.5078 24.6690 0.80232 0.000000 1.33804
64000 320.0000 -4.574898 0.9885 0.164013 -0.138576 0.038954 18.5033 24.6483 0.71995 0.000000 1.33739
64250 321.2500 -4.581117 1.0033 0.068956 -0.068260 0.190039 18.5039 24.6438 0.81575 0.000000 1.33748
64500 322.5000 -4.582398 1.0027 -0.009958 -0.094942 0.020236 18.5115 24.6503 0.77558 0.000000 1.33858
64750 323.7500 -4.585475 1.0046 -0.081792 0.099841 -0.003158 18.5115 24.6233 0.78535 0.000000 1.33857
65000 325.0000 -4.590134 0.9790 -0.072973 -0.053948 -0.071675 18.5053 24.6138 0.80542 0.000000 1.33769
65250 326.2500 -4.610465 0.9939 0.040182 0.065517 -0.071376 18.5005 24.6134 0.76852 0.000000 1.33698
65500 327.5000 -4.590845 0.9903 0.177434 -0.054682 0.264843 18.5064 24.6138 0.79347 0.000000 1.33784
65750 328.7500 -4.596361 1.0075 -0.123145 -0.008525 0.149459 18.5057 24.6154 0.80217 0.000000 1.33774
66000 330.0000 -4.547403 0.9995 0.146920 0.140542 -0.086378 18.5178 24.6382 0.88570 0.000000 1.33949
66250 331.2500 -4.560390 0.9934 -0.172727 0.090720 0.053236 18.5217 24.6424 0.80601 0.000000 1.34006
66500 332.5000 -4.561857 1.0064 0.173878 -0.035692 -0.234591 18.5252 24.6310 0.87580 0.000000 1.34055
66750 333.7500 -4.585355 0.9987 -0.208371 0.066453 -0.131131 18.5260 24.6228 0.82911 0.000000 1.34067
67000 335.0000 -4.600600 1.0005 -0.153959 -0.230890 -0.248306 18.5187 24.6178 0.77265 0.000000 1.33962
67250 336.2500 -4.591663 0.9786 -0.206967 0.083564 -0.125412 18.5127 24.6163 0.78698 0.000000 1.33875
67500 337.5000 -4.597308 1.0213 -0.026098 0.068255 0.113530 18.5088 24.6159 0.74851 0.000000 1.33819
67750 338.7500 -4.600277 0.9913 -0.076488 0.085403 -0.111843 18.5115 24.5999 0.78763 0.000000 1.33858
68000 340.0000 -4.613396 0.9988 -0.093652 -0.090549 -0.155983 18.5108 24.6062 0.76007 0.000000 1.33847
68250 341.2500 -4.591133 1.0044 -0.092028 0.034791 0.006564 18.5175 24.6073 0.90341 0.000000 1.33945
68500 342.5000 -4.600854 1.0002 -0.029342 -0.149973 -0.150374 18.5204 24.5944 0.90811 0.000000 1.33986
68750 343.7500 -4.593696 1.0004 -0.145644 -0.101952 0.038892 18.5208 24.5997 0.78569 0.000000 1.33993
69000 345.0000 -4.572474 0.9906 0.000383 0.155896 0.018626 18.5243 24.5998 0.83831 0.000000 1.34042
69250 346.2500 -4.600722 0.9939 -0.296490 0.004004 -0.067013 18.5201 24.5883 0.87951 0.000000 1.33982
69500 347.5000 -4.585263 0.9978 0.161144 -0.005175 -0.182149 18.5245 24.5822 0.89162 0.000000 1.34046
69750 348.7500 -4.591901 0.9972 -0.149361 -0.029080 0.150348 18.5304 24.5703 0.79377 0.000000 1.34132
70000 350.0000 -4.584793 1.0054 -0.060026 0.063740 -0.161337 18.5294 24.5834 0.83941 0.000000 1.34117
70250 351.2500 -4.586472 0.9885 0.078237 -0.031101 0.303530 18.5341 24.5790 0.77915 0.000000 1.34185
70500 352.5000 -4.602595 1.0106 0.088378 0.002197 -0.061805 18.5359 24.5657 0.76286 0.000000 1.34210
70750 353.7500 -4.558699 1.0102 0.200448 0.101477 -0.186061 18.5460 24.5787 0.83997 0.000000 1.34357
71000 355.0000 -4.557926 0.9975 0.055920 0.065092 0.033109 18.5505 24.5723 0.74795 0.000000 1.34423
71250 356.2500 -4.601272 0.9851 -0.101483 -0.223087 -0.168969 18.5430 24.5531 0.74365 0.000000 1.34314
71500 357.5000 -4.635377 0.9959 -0.129180 -0.187871 -0.307513 18.5360 24.5383 0.69479 0.000000 1.34212
71750 358.7500 -4.594212 1.0047 0.035576 0.078981 -0.017240 18.5399 24.5299 0.75036 0.000000 1.34269
72000 360.0000 -4.569280 0.9859 0.013090 0.115255 -0.042607 18.5444 24.5361 0.67294 0.000000 1.34334
72250 361.2500 -4.581742 1.0004 0.096283 0.039067 0.132875 18.5446 24.5361 0.70682 0.000000 1.34336
72500 362.5000 -4.582136 1.0032 0.027133 0.021755 -0.144997 18.5527 24.5367 0.75755 0.000000 1.34454
72750 363.7500 -4.577454 0.9972 0.069008 0.084395 -0.065367 18.5526 24.5155 0.79053 0.000000 1.34453
73000 365.0000 -4.579869 0.9910 0.045863 0.011090 -0.013560 18.5558 24.5043 0.75515 0.000000 1.34499
73250 366.2500 -4.613066 1.0055 -0.014376 0.004619 -0.035683 18.5500 24.4959 0.68608 0.000000 1.34416
73500 367.5000 -4.610928 0.9918 -0.021398 -0.157895 0.126791 18.5512 24.4938 0.77969 0.000000 1.34433
73750 368.7500 -4.568454 0.9926 0.196642 0.077027 0.075259 18.5530 24.5013 0.76074 0.000000 1.34459
74000 370.0000 -4.577545 1.0060 -0.026015 0.019280 0.001809 18.5554 24.5230 0.78827 0.000000 1.34493
74250 371.2500 -4.577886 0.9965 0.000126 -0.066882 0.029871 18.5483 24.5269 0.76101 0.000000 1.34391
74500 372.5000 -4.578134 0.9964 0.079301 -0.058744 0.017909 18.5562 24.5295 0.74904 0.000000 1.34505
74750 373.7500 -4.573478 1.0084 -0.132366 0.144147 -0.065295 18.5577 24.5302 0.71704 0.000000 1.34527
75000 375.0000 -4.555508 1.0027 -0.026803 0.026771 0.205316 18.5588 24.5257 0.75621 0.000000 1.34543
75250 376.2500 -4.583524 1.0006 -0.072392 0.066767 0.075048 18.5604 24.5335 0.75174 0.000000 1.34566
75500 377.5000 -4.572319 0.9776 0.018259 0.052193 0.139834 18.5596 24.5345 0.73505 0.000000 1.34555
75750 378.7500 -4.574446 0.9976 0.040557 -0.064934 -0.082955 18.5592 24.5188 0.73651 0.000000 1.34548
76000 380.0000 -4.585893 0.9991 -0.049364 0.043349 -0.011294 18.5547 24.5223 0.78366 0.000000 1.34483
76250 381.2500 -4.590871 0.9984 -0.065526 0.006168 -0.020216 18.5529 24.5214 0.76111 0.000000 1.34458
76500 382.5000 -4.591009 0.9883 -0.062634 -0.174316 -0.186952 18.5526 24.5173 0.70090 0.000000 1.34453
76750 383.7500 -4.592712 0.9998 -0.030085 0.011570 0.091312 18.5481 24.5172 0.71712 0.000000 1.34387
77000 385.0000 -4.596084 1.0132 -0.065763 -0.109219 -0.122603 18.5532 24.5229 0.66579 0.000000 1.34461
77250 386.2500 -4.597907 0.9994 -0.094407 -0.175410 0.009950 18.5605 24.5106 0.76010 0.000000 1.34567
77500 387.5000 -4.576741 1.0014 0.119713 0.076136 -0.002256 18.5650 24.5142 0.72073 0.000000 1.34632
77750 388.7500 -4.590336 1.0075 -0.133038 0.004932 -0.104122 18.5599 24.5027 0.75345 0.000000 1.34559
78000 390.0000 -4.564539 1.0012 0.014652 0.012668 -0.115889 18.5650 24.5037 0.81310 0.000000 1.34633
78250 391.2500 -4.554979 1.0027 0.067789 -0.002416 0.026188 18.5675 24.5069 0.76617 0.000000 1.34668
78500 392.5000 -4.604341 1.0054 -0.285647 -0.181535 -0.117739 18.5632 24.5133 0.81444 0.000000 1.34606
78750 393.7500 -4.564005 0.9850 0.201154 -0.045037 0.007863 18.5655 24.5091 0.88310 0.000000 1.34640
79000 395.0000 -4.567993 0.9871 0.073819 -0.126581 0.135107 18.5569 24.5051 0.83282 0.000000 1.34515
79250 396.2500 -4.582313 1.0146 -0.092421 -0.062629 -0.201406 18.5579 24.4959 0.87875 0.000000 1.34530
79500 397.5000 -4.565557 1.0067 -0.032105 -0.055336 0.285009 18.5636 24.5082 0.86850 0.000000 1.34612
79750 398.7500 -4.585110 0.9896 -0.018084 0.086793 -0.078287 18.5645 24.4963 0.82505 0.000000 1.34625
80000 400.0000 -4.564227 0.9981 0.079708 0.168671 0.010832 18.5669 24.4880 0.84367 0.000000 1.34660
80250 401.2500 -4.588561 0.9989 0.049923 0.028082 -0.015342 18.5717 24.4846 0.82855 0.000000 1.34730
80500 402.5000 -4.579643 0.9957 -0.038789 0.011430 0.137527 18.5696 24.4813 0.81244 0.000000 1.34699
80750 403.7500 -4.564516 0.9836 0.082288 0.057454 0.063938 18.5719 24.4803 0.79273 0.000000 1.34732
81000 405.0000 -4.588731 1.0029 -0.029917 0.015090 -0.254306 18.5720 24.4709 0.86678 0.000000 1.34734
81250 406.2500 -4.589225 0.9936 0.057921 -0.038816 0.123843 18.5698 24.4753 0.76573 0.000000 1.34701
81500 407.5000 -4.575798 0.9960 0.126844 -0.001164 0.101361 18.5659 24.4667 0.75613 0.000000 1.34646
81750 408.7500 -4.589353 1.0137 0.013404 0.017170 -0.174715 18.5677 24.4685 0.75580 0.000000 1.34672
82000 410.0000 -4.557641 1.0006 0.253460 0.014328 0.189040 18.5842 24.4679 0.80077 0.000000 1.34911
82250 411.2500 -4.546421 0.9802 0.085378 0.032176 0.011258 18.5912 24.4828 0.74865 0.000000 1.35013
82500 412.5000 -4.563289 1.0117 0.014167 -0.089284 -0.336749 18.5852 24.4788 0.78676 0.000000 1.34925
82750 413.7500 -4.563777 0.9989 0.069783 -0.067760 -0.030529 18.5865 24.4741 0.86649 0.000000 1.34945
83000 415.0000 -4.558673 0.9969 0.049041 0.087186 0.110854 18.5818 24.4621 0.81485 0.000000 1.34876
83250 416.2500 -4.581004 0.9930 -0.159402 -0.255038 -0.028401 18.5829 24.4716 0.82336 0.000000 1.34893
83500 417.5000 -4.584596 0.9937 -0.126722 0.033376 0.053120 18.5757 24.4607 0.77002 0.000000 1.34787
83750 418.7500 -4.604599 1.0066 -0.152010 0.026195 -0.095485 18.5705 24.4553 0.83795 0.000000 1.34712
84000 420.0000 -4.606779 0.9961 -0.161054 -0.053951 -0.062457 18.5681 24.4594 0.72559 0.000000 1.34678
84250 421.2500 -4.581523 0.9921 0.019558 0.007989 0.184877 18.5668 24.4535 0.78055 0.000000 1.34659
84500 422.5000 -4.585501 0.9908 -0.045934 0.157906 -0.140995 18.5678 24.4477 0.72650 0.000000 1.34672
84750 423.7500 -4.604980 0.9844 -0.035524 -0.159568 -0.107580 18.5656 24.4454 0.76544 0.000000 1.34641
85000 425.0000 -4.585210 0.9998 -0.104270 0.190256 -0.130379 18.5663 24.4375 0.75619 0.000000 1.34651
85250 426.2500 -4.619811 0.9888 -0.071832 -0.125668 -0.393927 18.5651 24.4327 0.78397 0.000000 1.34633
85500 427.5000 -4.611392 0.9958 -0.042136 0.101780 0.051022 18.5632 24.4220 0.81095 0.000000 1.34606
85750 428.7500 -4.598287 0.9814 0.118198 0.075242 -0.057713 18.5690 24.4145 0.78870 0.000000 1.34690
86000 430.0000 -4.594448 0.9959 -0.012152 0.138510 0.044427 18.5704 24.4081 0.90092 0.000000 1.34711
86250 431.2500 -4.588632 0.9863 0.116247 -0.056061 -0.003967 18.5770 24.4236 0.88868 0.000000 1.34806
86500 432.5000 -4.585126 0.9977 -0.108410 0.085453 -0.129281 18.5771 24.4278 0.83956 0.000000 1.34809
86750 433.7500 -4.588868 0.9912 0.223589 0.140462 0.070615 18.5704 24.4186 0.85363 0.000000 1.34710
87000 435.0000 -4.605477 1.0159 -0.128391 0.021288 0.017182 18.5782 24.4177 0.81376 0.000000 1.34824
87250 436.2500 -4.560928 1.0105 0.020684 0.053884 0.174511 18.5878 24.4282 0.79833 0.000000 1.34963
87500 437.5000 -4.561590 1.0045 0.162771 0.140149 -0.130622 18.5949 24.4424 0.82770 0.000000 1.35067
87750 438.7500 -4.565936 0.9947 0.017276 0.159490 0.177924 18.5892 24.4457 0.78489 0.000000 1.34984
88000 440.0000 -4.575038 1.0114 0.008647 0.161519 0.004875 18.5886 24.4393 0.78241 0.000000 1.34975
88250 441.2500 -4.538234 0.9968 -0.038558 0.131989 0.138279 18.6002 24.4368 0.76370 0.000000 1.35143
88500 442.5000 -4.558446 1.0220 -0.100684 -0.106732 -0.157410 18.6038 24.4455 0.80539 0.000000 1.35195
88750 443.7500 -4.568692 1.0109 -0.019110 -0.039346 -0.230551 18.6047 24.4400 0.80158 0.000000 1.35208
89000 445.0000 -4.580874 1.0018 -0.087559 -0.174657 -0.124761 18.6015 24.4293 0.87545 0.000000 1.35162
89250 446.2500 -4.568097 0.9977 0.007943 0.036707 -0.039946 18.5997 24.4250 0.88594 0.000000 1.35136
89500 447.5000 -4.563873 0.9949 -0.034189 -0.042842 -0.235388 18.5972 24.4316 0.83314 0.000000 1.35100
89750 448.7500 -4.560488 1.0021 0.076126 0.105216 -0.246621 18.5961 24.4248 0.79531 0.000000 1.35084
90000 450.0000 -4.583273 1.0192 -0.070861 0.219715 -0.214321 18.6014 24.4251 0.81282 0.000000 1.35161
90250 451.2500 -4.553779 1.0027 -0.014387 0.046548 0.092009 18.6032 24.4294 0.84671 0.000000 1.35188
90500 452.5000 -4.565246 0.9918 0.017466 0.029044 0.076566 18.5970 24.4203 0.77839 0.000000 1.35097
90750 453.7500 -4.587792 1.0027 -0.284802 -0.025013 0.088482 18.5977 24.4117 0.70840 0.000000 1.35107
91000 455.0000 -4.574083 0.9929 0.017415 0.012140 -0.097474 18.5980 24.4110 0.67607 0.000000 1.35112
91250 456.2500 -4.560826 0.9905 -0.032680 0.227018 0.126109 18.6046 24.4169 0.82619 0.000000 1.35208
91500 457.5000 -4.571299 0.9950 -0.005082 -0.152500 0.012953 18.6024 24.4239 0.87118 0.000000 1.35175
91750 458.7500 -4.545932 0.9924 0.158729 0.109940 -0.118431 18.5977 24.4230 0.83718 0.000000 1.35107
92000 460.0000 -4.576639 0.9932 -0.096230 0.104433 0.059884 18.5899 24.4297 0.90488 0.000000 1.34994
92250 461.2500 -4.568384 0.9963 0.025877 0.079243 -0.221273 18.5974 24.4304 0.91158 0.000000 1.35103
92500 462.5000 -4.568197 0.9797 -0.012148 0.217941 0.055477 18.5885 24.4327 0.91680 0.000000 1.34973
92750 463.7500 -4.576535 1.0086 0.140079 -0.033711 0.105044 18.5902 24.4372 0.84276 0.000000 1.34998
93000 465.0000 -4.581098 1.0149 0.028986 -0.185826 -0.179202 18.6009 24.4430 0.85801 0.000000 1.35154
93250 466.2500 -4.552594 0.9894 0.016185 0.007872 0.289949 18.6003 24.4349 0.86295 0.000000 1.35146
93500 467.5000 -4.554764 0.9979 0.197459 0.027566 0.012479 18.5942 24.4336 0.82847 0.000000 1.35056
93750 468.7500 -4.550065 0.9924 0.107312 0.012205 0.164709 18.5969 24.4539 0.88208 0.000000 1.35096
94000 470.0000 -4.575764 1.0131 -0.141382 0.040661 -0.107287 18.5909 24.4545 0.89002 0.000000 1.35008
94250 471.2500 -4.566082 1.0010 -0.067073 -0.096819 0.034251 18.5945 24.4697 0.84960 0.000000 1.35060
94500 472.5000 -4.566766 0.9869 0.008795 0.038256 -0.170871 18.5924 24.4677 0.87524 0.000000 1.35030
94750 473.7500 -4.571052 1.0051 0.163400 -0.155211 0.072202 18.5913 24.4469 0.91286 0.000000 1.35014
95000 475.0000 -4.563813 0.9959 0.016288 -0.033086 0.067944 18.5940 24.4586 0.97072 0.000000 1.35054
95250 476.2500 -4.583728 1.0056 -0.101672 -0.077298 0.147923 18.5862 24.4597 0.92593 0.000000 1.34940
95500 477.5000 -4.599893 0.9990 -0.132352 -0.087600 -0.102502 18.5826 24.4492 0.95532 0.000000 1.34887
95750 478.7500 -4.586770 0.9947 -0.040291 0.072213 -0.183765 18.5847 24.4374 0.95378 0.000000 1.34918
96000 480.0000 -4.596183 0.9961 -0.048689 -0.102945 -0.062406 18.5831 24.4392 0.88292 0.000000 1.34895
96250 481.2500 -4.590289 0.9933 -0.101490 -0.031418 -0.141516 18.5864 24.4347 0.90016 0.000000 1.34943
96500 482.5000 -4.574910 1.0014 0.007946 -0.031586 0.180967 18.5870 24.4378 0.90202 0.000000 1.34952
96750 483.7500 -4.564153 1.0004 -0.004944 0.035351 0.185818 18.5921 24.4433 0.93405 0.000000 1.35026
97000 485.0000 -4.589485 0.9805 -0.064672 0.016913 0.143815 18.5869 24.4410 0.88072 0.000000 1.34950
97250 486.2500 -4.575180 0.9940 0.032128 -0.011472 0.064912 18.5859 24.4339 0.85716 0.000000 1.34936
97500 487.5000 -4.576490 1.0004 0.009407 -0.015536 0.159736 18.5892 24.4394 0.87422 0.000000 1.34984
97750 488.7500 -4.571396 1.0005 0.242407 0.055546 -0.078691 18.5923 24.4433 0.87975 0.000000 1.35028
98000 490.0000 -4.562517 1.0016 0.179483 -0.125135 -0.185379 18.5965 24.4344 0.82646 0.000000 1.35089
98250 491.2500 -4.568497 1.0125 0.107056 0.011105 0.000603 18.6026 24.4426 0.82756 0.000000 1.35178
98500 492.5000 -4.590597 0.9897 -0.128816 -0.059419 -0.103443 18.5919 24.4335 0.82407 0.000000 1.35022
98750 493.7500 -4.589007 0.9983 0.051320 0.039127 -0.080828 18.5895 24.4190 0.74689 0.000000 1.34988
99000 495.0000 -4.574662 1.0096 -0.032602 -0.011148 0.226559 18.5897 24.4132 0.79829 0.000000 1.34990
99250 496.2500 -4.586318 0.9956 -0.160108 -0.001353 -0.069812 18.5950 24.4178 0.86643 0.000000 1.35068
99500 497.5000 -4.580245 0.9884 -0.014089 0.039674 0.002697 18.5919 24.4177 0.81015 0.000000 1.35023
99750 498.7500 -4.563063 0.9918 0.068855 0.023915 -0.095119 18.5973 24.4121 0.86422 0.000000 1.35101
100000 500.0000 -4.573387 1.0101 -0.091819 -0.113429 -0.025193 18.5933 24.4298 0.79273 0.000000 1.35043
100250 501.2500 -4.602801 0.9880 -0.114893 -0.126142 -0.043116 18.5822 24.4172 0.83212 0.000000 1.34882
100500 502.5000 -4.599279 0.9897 0.088193 -0.161436 -0.072743 18.5770 24.4094 0.86401 0.000000 1.34807
100750 503.7500 -4.587372 1.0036 0.007328 -0.005065 -0.050636 18.5786 24.4224 0.70825 0.000000 1.34830
101000 505.0000 -4.597821 1.0023 -0.064092 -0.088127 -0.062019 18.5839 24.4278 0.76514 0.000000 1.34907
101250 506.2500 -4.585213 0.9971 -0.072541 0.233391 0.186237 18.5855 24.4138 0.67737 0.000000 1.34929
101500 507.5000 -4.581919 0.9956 0.127014 -0.063252 0.016447 18.5925 24.4176 0.70653 0.000000 1.35032
101750 508.7500 -4.573976 0.9977 0.080789 0.008101 0.113687 18.5912 24.4319 0.81458 0.000000 1.35013
102000 510.0000 -4.571887 1.0076 -0.139084 0.022546 0.053218 18.5955 24.4518 0.78668 0.000000 1.35076
102250 511.2500 -4.566858 0.9951 0.077936 -0.206353 0.182804 18.5941 24.4494 0.76313 0.000000 1.35055
102500 512.5000 -4.566447 0.9831 0.062113 0.041348 0.042812 18.5884 24.4419 0.72541 0.000000 1.34972
102750 513.7500 -4.589961 1.0072 -0.093299 -0.057072 0.080759 18.5839 24.4527 0.76879 0.000000 1.34906
103000 515.0000 -4.578546 0.9924 0.074717 -0.082309 0.064505 18.5789 24.4582 0.79270 0.000000 1.34834
103250 516.2500 -4.586409 0.9978 0.135411 -0.079221 -0.261392 18.5755 24.4524 0.75928 0.000000 1.34785
103500 517.5000 -4.589604 1.0023 0.066712 0.010414 0.130642 18.5828 24.4440 0.80066 0.000000 1.34890
103750 518.7500 -4.579133 0.9852 -0.206661 0.094977 -0.059554 18.5851 24.4412 0.77462 0.000000 1.34925
104000 520.0000 -4.578010 0.9873 0.020578 -0.123846 0.090636 18.5835 24.4408 0.85906 0.000000 1.34901
104250 521.2500 -4.600171 0.9913 0.002880 -0.022568 -0.226054 18.5756 24.4249 0.84204 0.000000 1.34786
104500 522.5000 -4.579174 0.9912 0.010374 0.128863 0.018775 18.5749 24.4187 0.83046 0.000000 1.34776
104750 523.7500 -4.601614 1.0036 -0.040144 -0.022480 -0.057166 18.5779 24.4221 0.88060 0.000000 1.34820
105000 525.0000 -4.586160 0.9931 0.034182 0.116952 0.096762 18.5803 24.4182 0.84362 0.000000 1.34855
105250 526.2500 -4.610088 0.9880 -0.003789 -0.076399 -0.099283 18.5852 24.4181 0.75386 0.000000 1.34926
105500 527.5000 -4.615924 0.9860 -0.156425 -0.248224 0.027761 18.5802 24.4230 0.88630 0.000000 1.34852
105750 528.7500 -4.597814 0.9905 0.087015 -0.038993 -0.045508 18.5724 24.4167 0.86469 0.000000 1.34740
106000 530.0000 -4.607485 0.9998 -0.150599 0.163910 -0.001928 18.5672 24.4167 0.82219 0.000000 1.34665
106250 531.2500 -4.621131 1.0104 0.037511 -0.102193 0.084957 18.5654 24.4190 0.78572 0.000000 1.34638
106500 532.5000 -4.580957 1.0070 0.152263 0.140067 0.321043 18.5758 24.4327 0.86274 0.000000 1.34790
106750 533.7500 -4.574913 0.9994 -0.044872 -0.007774 0.083402 18.5836 24.4428 0.83080 0.000000 1.34902
107000 535.0000 -4.592542 1.0150 -0.055722 -0.176046 -0.085059 18.5854 24.4403 0.81077 0.000000 1.34928
107250 536.2500 -4.554823 0.9911 0.136665 0.051567 0.116714 18.5851 24.4468 0.84274 0.000000 1.34924
107500 537.5000 -4.582837 0.9929 -0.040673 -0.118948 -0.125769 18.5852 24.4493 0.89328 0.000000 1.34926
107750 538.7500 -4.575338 0.9828 -0.084136 0.126376 0.052009 18.5823 24.4578 0.85228 0.000000 1.34884
108000 540.0000 -4.560127 0.9984 -0.074407 0.070110 0.041171 18.5871 24.4636 0.89044 0.000000 1.34953
108250 541.2500 -4.577186 1.0058 -0.179358 0.000192 -0.294506 18.5827 24.4636 0.81489 0.000000 1.34889
108500 542.5000 -4.598643 0.9942 -0.058840 0.017496 -0.136609 18.5793 24.4651 0.79411 0.000000 1.34840
108750 543.7500 -4.571689 0.9998 0.020434 0.154631 0.024607 18.5817 24.4494 0.86370 0.000000 1.34874
109000 545.0000 -4.586168 0.9900 -0.098779 0.019615 0.128954 18.5802 24.4389 0.83556 0.000000 1.34853
109250 546.2500 -4.573042 0.9737 0.134467 -0.016556 0.074568 18.5767 24.4427 0.78448 0.000000 1.34802
109500 547.5000 -4.585369 0.9964 0.064890 0.096202 0.107073 18.5753 24.4370 0.80198 0.000000 1.34783
109750 548.7500 -4.592384 0.9797 0.073576 -0.131260 0.055917 18.5748 24.4214 0.78616 0.000000 1.34775
110000 550.0000 -4.620756 0.9912 -0.089492 -0.111572 -0.069813 18.5729 24.4111 0.70271 0.000000 1.34748
110250 551.2500 -4.581525 0.9844 0.035673 0.142176 0.179753 18.5730 24.4061 0.79545 0.000000 1.34748
110500 552.5000 -4.599161 0.9972 -0.020880 -0.051450 -0.171984 18.5738 24.4163 0.82320 0.000000 1.34760
110750 553.7500 -4.601473 0.9816 0.015759 -0.073298 -0.048955 18.5714 24.4074 0.81516 0.000000 1.34726
111000 555.0000 -4.600380 0.9915 -0.125184 -0.004884 -0.016813 18.5719 24.4084 0.77948 0.000000 1.34733
111250 556.2500 -4.576466 1.0027 0.145512 0.101412 0.021316 18.5727 24.4199 0.82154 0.000000 1.34744
111500 557.5000 -4.582227 1.0096 -0.086621 -0.013673 0.196054 18.5821 24.4353 0.73026 0.000000 1.34881
111750 558.7500 -4.575260 1.0039 0.188714 -0.002361 -0.015390 18.5897 24.4276 0.65082 0.000000 1.34991
112000 560.0000 -4.568998 0.9959 -0.056139 -0.047963 0.101970 18.5912 24.4330 0.77248 0.000000 1.35012
112250 561.2500 -4.559014 1.0046 -0.064484 0.009575 0.050749 18.5948 24.4449 0.77257 0.000000 1.35065
112500 562.5000 -4.562837 1.0185 0.007162 0.041778 0.130792 18.6045 24.4419 0.72847 0.000000 1.35206
112750 563.7500 -4.576793 0.9969 -0.003579 -0.002610 -0.046815 18.5964 24.4320 0.84962 0.000000 1.35088
113000 565.0000 -4.562627 0.9931 0.070515 0.038575 -0.029840 18.5972 24.4244 0.75876 0.000000 1.35100
113250 566.2500 -4.559590 1.0041 0.034348 0.153706 -0.097672 18.6066 24.4190 0.69045 0.000000 1.35236
113500 567.5000 -4.555571 0.9930 0.045786 0.043074 -0.104232 18.6100 24.4197 0.72161 0.000000 1.35286
113750 568.7500 -4.574597 1.0059 -0.040890 -0.193660 -0.249610 18.6049 24.4112 0.76550 0.000000 1.35213
114000 570.0000 -4.560486 1.0111 0.097767 0.037477 -0.073974 18.6121 24.4109 0.73787 0.000000 1.35316
114250 571.2500 -4.566167 0.9925 0.059838 -0.104004 -0.214231 18.6153 24.4011 0.85457 0.000000 1.35363
114500 572.5000 -4.608923 1.0130 -0.010991 -0.170948 -0.175350 18.6079 24.3805 0.80293 0.000000 1.35256
114750 573.7500 -4.594159 1.0054 -0.132592 0.021358 0.194024 18.6064 24.3753 0.74911 0.000000 1.35234
115000 575.0000 -4.573368 1.0134 -0.007313 0.036356 0.051785 18.6147 24.3712 0.86079 0.000000 1.35354
115250 576.2500 -4.562231 1.0045 0.121011 0.062705 0.035345 18.6163 24.3638 0.82609 0.000000 1.35378
115500 577.5000 -4.565079 0.9948 0.068890 -0.024321 -0.099297 18.6206 24.3681 0.73121 0.000000 1.35440
115750 578.7500 -4.568085 0.9827 0.127394 0.092754 0.030985 18.6172 24.3638 0.68373 0.000000 1.35391
116000 580.0000 -4.570516 0.9940 0.001573 -0.116081 0.009388 18.6176 24.3694 0.69956 0.000000 1.35397
116250 581.2500 -4.570780 0.9890 -0.055810 0.105160 0.072384 18.6217 24.3759 0.72445 0.000000 1.35455
116500 582.5000 -4.575567 1.0058 0.004204 -0.132495 -0.084840 18.6214 24.3792 0.65299 0.000000 1.35451
116750 583.7500 -4.579756 1.0004 -0.050555 -0.157519 -0.149391 18.6217 24.3828 0.66858 0.000000 1.35456
117000 585.0000 -4.575848 0.9879 0.028465 0.041324 0.002194 18.6100 24.3799 0.58610 0.000000 1.35285
117250 586.2500 -4.570999 1.0172 -0.048958 -0.030229 0.000486 18.6117 24.3836 0.70353 0.000000 1.35311
117500 587.5000 -4.574338 0.9894 0.101027 -0.030698 -0.008113 18.6133 24.3752 0.82542 0.000000 1.35335
117750 588.7500 -4.575579 1.0007 -0.031898 -0.102664 0.074649 18.6118 24.3688 0.84502 0.000000 1.35312
118000 590.0000 -4.580474 1.0010 0.044571 0.051332 -0.170947 18.6081 24.3726 0.76385 0.000000 1.35259
118250 591.2500 -4.575919 0.9977 -0.067451 0.126754 0.099766 18.6106 24.3818 0.78127 0.000000 1.35295
118500 592.5000 -4.569549 1.0189 0.046422 -0.002403 -0.120971 18.6138 24.3787 0.73840 0.000000 1.35342
118750 593.7500 -4.572780 1.0034 0.121067 -0.021925 -0.058021 18.6255 24.3716 0.63299 0.000000 1.35512
119000 595.0000 -4.542373 1.0060 0.151438 0.088070 0.174947 18.6262 24.3800 0.70768 0.000000 1.35522
119250 596.2500 -4.576758 1.0022 -0.120520 0.081055 -0.108485 18.6233 24.3723 0.76410 0.000000 1.35479
119500 597.5000 -4.547737 1.0067 0.131590 0.136902 0.109223 18.6263 24.3779 0.78896 0.000000 1.35522
119750 598.7500 -4.549619 0.9995 -0.060945 0.113475 0.042410 18.6320 24.3800 0.75998 0.000000 1.35606
120000 600.0000 -4.558999 1.0131 0.049856 -0.122020 -0.171399 18.6318 24.3886 0.80432 0.000000 1.35604
120250 601.2500 -4.564393 1.0003 0.089542 0.057187 -0.055105 18.6345 24.3820 0.77914 0.000000 1.35642
120500 602.5000 -4.564738 0.9996 -0.076877 0.057700 0.100207 18.6299 24.3878 0.82939 0.000000 1.35576
120750 603.7500 -4.558796 0.9929 -0.030388 0.023131 -0.001275 18.6246 24.3833 0.83738 0.000000 1.35498
121000 605.0000 -4.575707 0.9861 0.089978 -0.066189 0.116833 18.6169 24.3834 0.77129 0.000000 1.35386
121250 606.2500 -4.597047 0.9832 -0.219322 -0.016631 0.007012 18.6069 24.3695 0.77099 0.000000 1.35241
121500 607.5000 -4.599229 0.9796 -0.103624 -0.137163 0.116967 18.6065 24.3611 0.75488 0.000000 1.35236
121750 608.7500 -4.609472 0.9874 -0.037934 -0.021189 -0.116432 18.5968 24.3506 0.79317 0.000000 1.35094
122000 610.0000 -4.622065 0.9916 -0.009752 0.026590 -0.018908 18.5872 24.3500 0.78014 0.000000 1.34955
122250 611.2500 -4.613611 1.0058 0.034756 0.102402 0.045679 18.5878 24.3404 0.78748 0.000000 1.34963
122500 612.5000 -4.615840 0.9796 0.021092 -0.045409 0.028714 18.5883 24.3487 0.72467 0.000000 1.34971
122750 613.7500 -4.632241 0.9907 -0.175227 -0.043651 -0.140616 18.5835 24.3419 0.79643 0.000000 1.34901
123000 615.0000 -4.612324 0.9977 0.029975 0.064187 -0.000510 18.5915 24.3546 0.86732 0.000000 1.35018
123250 616.2500 -4.604943 1.0017 0.013590 0.090511 0.100359 18.5983 24.3508 0.87519 0.000000 1.35116
123500 617.5000 -4.590532 0.9952 0.131256 -0.106558 -0.100536 18.6034 24.3609 0.88026 0.000000 1.35190
123750 618.7500 -4.583868 0.9973 -0.042048 0.070060 -0.046371 18.5997 24.3631 0.89244 0.000000 1.35137
124000 620.0000 -4.595419 0.9992 -0.034559 -0.116503 0.138012 18.5983 24.3714 0.86093 0.000000 1.35117
