# step time Epot/N T Pxx Pyy Pzz Lx Lz gap comF areaperlipid
0 0.0000 -2.737833 1.0397 0.897908 0.981721 17.467156 20.5234 24.0002 1.10049 0.000000 1.30003
250 1.2500 -4.247606 1.0765 -0.205986 -0.327156 -0.538035 20.5496 24.0148 0.85606 0.000000 1.30335
500 2.5000 -4.323682 1.0015 -0.543316 -0.600565 -0.712100 20.4989 23.9560 0.88658 0.000000 1.29692
750 3.7500 -4.381013 1.0065 -0.762649 -0.630662 -0.875516 20.4477 23.8962 0.98474 0.000000 1.29045
1000 5.0000 -4.406800 0.9976 -0.659303 -0.468385 -0.831459 20.3966 23.8365 1.09215 0.000000 1.28402
1250 6.2500 -4.444773 1.0078 -0.594327 -0.704507 -0.709778 20.3457 23.7770 1.07245 0.000000 1.27761
1500 7.5000 -4.470912 1.0208 -0.474520 -0.423797 -0.623593 20.2949 23.7176 1.18804 0.000000 1.27124
1750 8.7500 -4.527017 1.0011 -0.407352 -0.318306 -0.446183 20.2442 23.6584 1.27780 0.000000 1.26490
2000 10.0000 -4.591723 1.0176 -0.434347 -0.466749 -0.605372 20.1939 23.6004 1.17978 0.000000 1.25862
2250 11.2500 -4.638736 1.0084 -0.241481 -0.374332 -0.456508 20.1451 23.5420 1.20867 0.000000 1.25255
2500 12.5000 -4.650767 1.0099 -0.246618 -0.073258 -0.177480 20.1088 23.4886 1.24878 0.000000 1.24804
2750 13.7500 -4.677999 0.9982 -0.171969 -0.250139 -0.249879 20.0723 23.4391 1.24776 0.000000 1.24351
3000 15.0000 -4.713759 1.0093 -0.312781 -0.164825 -0.203143 20.0430 23.3871 1.20334 0.000000 1.23988
3250 16.2500 -4.713430 1.0104 -0.035802 -0.049502 -0.189936 20.0173 23.3439 1.22061 0.000000 1.23670
3500 17.5000 -4.764073 0.9879 -0.144775 -0.063154 -0.286266 19.9901 23.3026 1.28394 0.000000 1.23334
3750 18.7500 -4.812427 0.9825 -0.274004 -0.056520 -0.224747 19.9619 23.2613 1.13993 0.000000 1.22987
4000 20.0000 -4.821687 0.9928 -0.169632 -0.087814 -0.136370 19.9414 23.2337 1.02228 0.000000 1.22734
4250 21.2500 -4.912555 1.0149 -0.236740 -0.164566 -0.309495 19.8978 23.1779 1.05345 0.000000 1.22198
4500 22.5000 -4.938512 0.9992 -0.130453 -0.171772 -0.211037 19.8692 23.1270 1.20104 0.000000 1.21848
4750 23.7500 -4.987935 1.0118 -0.279604 -0.130421 -0.387588 19.8467 23.0814 1.14124 0.000000 1.21571
5000 25.0000 -5.017360 0.9812 -0.304757 0.142920 -0.268759 19.8208 23.0419 1.16930 0.000000 1.21254
5250 26.2500 -5.046892 1.0009 -0.103347 -0.129537 -0.109204 19.8000 22.9978 1.20639 0.000000 1.21001
5500 27.5000 -5.080397 1.0080 -0.129322 -0.114571 -0.031903 19.7861 22.9646 1.28043 0.000000 1.20830
5750 28.7500 -5.082912 0.9936 -0.006968 -0.066938 -0.294590 19.7776 22.9337 1.08459 0.000000 1.20727
6000 30.0000 -5.095204 0.9909 0.120284 -0.038889 -0.276911 19.7781 22.9052 1.12534 0.000000 1.20732
6250 31.2500 -5.113529 0.9995 -0.068081 -0.081699 -0.155916 19.7747 22.8785 1.03379 0.000000 1.20690
6500 32.5000 -5.109515 1.0168 0.118497 -0.039964 -0.152666 19.7782 22.8610 1.01565 0.000000 1.20734
6750 33.7500 -5.108040 1.0086 0.096341 0.056173 -0.071696 19.7824 22.8454 0.94633 0.000000 1.20785
7000 35.0000 -5.093287 0.9825 0.009410 0.128910 0.096154 19.7916 22.8272 0.96079 0.000000 1.20898
7250 36.2500 -5.095126 1.0001 -0.017729 0.181789 -0.040256 19.7991 22.8189 1.02852 0.000000 1.20989
7500 37.5000 -5.126271 1.0054 -0.045582 0.026784 -0.070617 19.7958 22.7986 0.97746 0.000000 1.20948
7750 38.7500 -5.142318 0.9957 -0.142282 0.098071 -0.069601 19.7949 22.7821 0.90787 0.000000 1.20938
8000 40.0000 -5.143421 0.9843 -0.016837 0.052197 -0.070122 19.7927 22.7563 0.96388 0.000000 1.20910
8250 41.2500 -5.162253 1.0018 -0.147429 0.055441 -0.121758 19.7919 22.7448 0.96360 0.000000 1.20902
8500 42.5000 -5.152190 0.9947 0.053933 -0.085324 -0.074458 19.7885 22.7297 0.97468 0.000000 1.20860
8750 43.7500 -5.158615 0.9823 0.114455 0.101433 0.027550 19.7880 22.7135 0.83126 0.000000 1.20853
9000 45.0000 -5.154176 0.9933 -0.092812 0.024156 -0.248459 19.7952 22.7039 0.86534 0.000000 1.20941
9250 46.2500 -5.148070 1.0008 0.011791 0.178684 0.157329 19.8017 22.6970 0.80842 0.000000 1.21021
9500 47.5000 -5.162997 0.9932 -0.019188 0.011859 -0.114383 19.8066 22.6819 0.90477 0.000000 1.21081
9750 48.7500 -5.159790 0.9994 -0.050009 0.014544 -0.146521 19.8112 22.6758 0.94848 0.000000 1.21137
10000 50.0000 -5.180074 0.9998 0.006158 0.091714 -0.175837 19.8123 22.6560 0.94854 0.000000 1.21150
10250 51.2500 -5.170128 0.9998 -0.108890 0.222433 -0.028781 19.8252 22.6360 0.93621 0.000000 1.21308
10500 52.5000 -5.184578 1.0006 -0.037441 -0.049929 -0.261649 19.8305 22.6236 0.95847 0.000000 1.21373
10750 53.7500 -5.178861 0.9929 0.065710 -0.051735 -0.106843 19.8295 22.6072 1.10024 0.000000 1.21361
11000 55.0000 -5.188127 1.0003 0.009846 -0.101973 0.028793 19.8304 22.5899 1.01712 0.000000 1.21372
11250 56.2500 -5.153854 1.0045 0.193250 0.256155 0.169999 19.8416 22.5779 1.01300 0.000000 1.21509
11500 57.5000 -5.158902 1.0121 0.058469 -0.006409 0.032089 19.8578 22.5811 0.99359 0.000000 1.21708
11750 58.7500 -5.144392 1.0079 0.160680 0.114627 -0.012019 19.8705 22.5837 0.95752 0.000000 1.21863
12000 60.0000 -5.159742 0.9868 0.015020 0.069529 -0.236527 19.8722 22.5609 1.06669 0.000000 1.21884
12250 61.2500 -5.178977 1.0107 -0.107033 0.013705 -0.204077 19.8703 22.5454 1.04351 0.000000 1.21860
12500 62.5000 -5.165877 1.0115 -0.045048 0.213117 0.014042 19.8753 22.5340 1.00349 0.000000 1.21922
12750 63.7500 -5.176906 0.9974 0.001509 0.096671 -0.167255 19.8797 22.5217 1.01266 0.000000 1.21976
13000 65.0000 -5.141448 0.9984 0.067555 0.189655 0.012337 19.8935 22.5120 0.99850 0.000000 1.22145
13250 66.2500 -5.160984 1.0103 0.019689 -0.036556 -0.063069 19.8998 22.5059 0.97968 0.000000 1.22223
13500 67.5000 -5.168166 1.0064 0.078328 -0.011705 -0.226102 19.9060 22.4939 0.99160 0.000000 1.22300
13750 68.7500 -5.160666 0.9944 -0.035368 0.106201 -0.095699 19.9109 22.4664 0.91541 0.000000 1.22359
14000 70.0000 -5.177679 1.0011 0.028758 0.000926 -0.186342 19.9157 22.4393 1.09436 0.000000 1.22418
14250 71.2500 -5.182038 0.9892 0.086589 0.110048 -0.076984 19.9193 22.4232 1.10572 0.000000 1.22463
14500 72.5000 -5.188241 0.9927 -0.005937 0.064419 -0.313016 19.9229 22.3937 1.08980 0.000000 1.22507
14750 73.7500 -5.186724 0.9897 -0.106757 -0.019897 0.052979 19.9262 22.3803 1.04988 0.000000 1.22547
15000 75.0000 -5.189634 0.9903 0.090561 0.027368 -0.034541 19.9285 22.3553 1.11120 0.000000 1.22575
15250 76.2500 -5.190362 0.9933 0.120352 -0.049972 -0.209369 19.9381 22.3396 1.03085 0.000000 1.22694
15500 77.5000 -5.215473 1.0165 -0.143033 0.108246 -0.293809 19.9386 22.3127 1.06883 0.000000 1.22700
15750 78.7500 -5.202603 0.9953 0.136507 0.054456 0.026118 19.9487 22.2932 1.09608 0.000000 1.22824
16000 80.0000 -5.184944 0.9888 0.175784 0.024812 -0.004248 19.9568 22.2949 0.99608 0.000000 1.22924
16250 81.2500 -5.180230 0.9991 0.056913 0.155071 0.012237 19.9634 22.2858 0.94058 0.000000 1.23006
16500 82.5000 -5.192104 1.0064 -0.130721 -0.124983 -0.100867 19.9745 22.2660 1.07604 0.000000 1.23143
16750 83.7500 -5.172536 0.9978 0.144716 0.121088 0.096422 19.9776 22.2460 1.05108 0.000000 1.23181
17000 85.0000 -5.178770 0.9880 0.127196 -0.025848 0.005931 19.9916 22.2397 0.94337 0.000000 1.23354
17250 86.2500 -5.181834 0.9793 0.031024 0.069381 0.123776 19.9927 22.2204 1.13506 0.000000 1.23367
17500 87.5000 -5.161133 0.9938 0.073487 0.286515 0.188596 19.9948 22.2072 1.12935 0.000000 1.23393
17750 88.7500 -5.161424 0.9977 -0.046040 0.245548 -0.097621 20.0112 22.2071 0.91488 0.000000 1.23595
18000 90.0000 -5.158349 1.0097 0.027707 0.125201 -0.170279 20.0232 22.2029 0.98091 0.000000 1.23744
18250 91.2500 -5.187398 1.0059 -0.072388 0.100213 -0.082246 20.0286 22.1857 1.10376 0.000000 1.23810
18500 92.5000 -5.159233 1.0021 -0.019918 0.145329 -0.022065 20.0357 22.1753 1.07182 0.000000 1.23898
18750 93.7500 -5.166535 0.9840 0.074748 0.078996 -0.174710 20.0403 22.1582 1.08999 0.000000 1.23955
19000 95.0000 -5.184263 1.0035 0.068946 0.171870 -0.144281 20.0427 22.1400 1.07107 0.000000 1.23985
19250 96.2500 -5.183354 0.9982 0.015515 -0.020898 -0.125065 20.0510 22.1245 1.14859 0.000000 1.24087
19500 97.5000 -5.181171 1.0051 -0.021895 0.085209 -0.096008 20.0551 22.1085 1.25055 0.000000 1.24139
19750 98.7500 -5.169069 1.0006 0.204335 0.223180 -0.187203 20.0621 22.0948 1.29746 0.000000 1.24224
20000 100.0000 -5.172228 0.9933 0.070827 -0.002460 0.007400 20.0718 22.0821 1.26276 0.000000 1.24344
20250 101.2500 -5.184949 0.9954 0.073620 0.009912 -0.077482 20.0698 22.0649 1.14987 0.000000 1.24320
20500 102.5000 -5.195376 1.0067 0.061860 0.013749 -0.110658 20.0747 22.0506 1.17329 0.000000 1.24381
20750 103.7500 -5.187020 0.9893 0.035654 -0.061121 -0.092396 20.0839 22.0352 1.26747 0.000000 1.24495
21000 105.0000 -5.199477 1.0018 -0.110900 -0.102523 -0.187423 20.0865 22.0243 1.22226 0.000000 1.24527
21250 106.2500 -5.184732 1.0101 0.095411 0.019044 -0.253781 20.0954 22.0146 1.16403 0.000000 1.24638
21500 107.5000 -5.181338 1.0009 0.013618 -0.067579 -0.138908 20.1050 22.0113 1.15326 0.000000 1.24757
21750 108.7500 -5.201500 0.9975 -0.025508 -0.017053 -0.258797 20.0993 21.9882 1.26184 0.000000 1.24686
22000 110.0000 -5.194436 0.9930 -0.007072 0.071921 -0.054231 20.1073 21.9727 1.22304 0.000000 1.24785
22250 111.2500 -5.180197 0.9987 0.122096 0.100521 0.134519 20.1144 21.9627 1.10826 0.000000 1.24874
22500 112.5000 -5.207140 1.0063 0.004006 -0.008954 -0.240301 20.1212 21.9593 1.19349 0.000000 1.24958
22750 113.7500 -5.190702 1.0089 0.015403 0.116966 -0.145884 20.1308 21.9445 1.19380 0.000000 1.25077
23000 115.0000 -5.156564 0.9981 0.065165 0.125381 0.216892 20.1386 21.9330 1.13865 0.000000 1.25174
23250 116.2500 -5.162995 1.0048 0.186897 0.016263 -0.151335 20.1495 21.9261 1.17929 0.000000 1.25310
23500 117.5000 -5.166677 0.9883 0.116268 0.127030 0.036134 20.1557 21.9133 1.36034 0.000000 1.25386
23750 118.7500 -5.181198 0.9978 -0.027221 0.040358 -0.077914 20.1584 21.8955 1.19464 0.000000 1.25420
24000 120.0000 -5.172862 0.9844 0.077615 0.094786 -0.063736 20.1606 21.8834 1.10808 0.000000 1.25448
24250 121.2500 -5.178101 1.0056 0.042143 0.004504 -0.066541 20.1678 21.8792 1.25227 0.000000 1.25537
24500 122.5000 -5.168031 0.9999 0.115091 0.094554 -0.004119 20.1708 21.8700 1.09776 0.000000 1.25574
24750 123.7500 -5.189685 0.9929 -0.122885 0.050077 -0.115650 20.1734 21.8590 1.03525 0.000000 1.25607
25000 125.0000 -5.183489 0.9988 0.095709 0.084676 -0.009367 20.1711 21.8416 1.19575 0.000000 1.25578
25250 126.2500 -5.199944 0.9939 -0.110545 0.047763 -0.147415 20.1809 21.8278 1.11131 0.000000 1.25701
25500 127.5000 -5.198671 0.9972 -0.173338 -0.054455 -0.077080 20.1859 21.8215 0.98531 0.000000 1.25762
25750 128.7500 -5.177686 0.9947 0.098214 0.080225 -0.038527 20.1844 21.8090 1.01877 0.000000 1.25743
26000 130.0000 -5.142008 0.9984 0.198102 0.181739 -0.067675 20.1939 21.8043 1.03660 0.000000 1.25862
26250 131.2500 -5.163103 0.9959 0.127296 0.065008 -0.043866 20.2080 21.8126 1.18167 0.000000 1.26038
26500 132.5000 -5.175551 0.9880 -0.064424 0.104985 -0.331482 20.2118 21.8027 1.11733 0.000000 1.26086
26750 133.7500 -5.166451 0.9855 0.138209 0.067334 -0.105013 20.2144 21.7914 1.01036 0.000000 1.26117
27000 135.0000 -5.165214 1.0002 0.069137 0.041328 -0.103734 20.2224 21.7703 1.13692 0.000000 1.26218
27250 136.2500 -5.172780 1.0021 0.132310 0.046667 0.102167 20.2226 21.7711 1.09167 0.000000 1.26220
27500 137.5000 -5.186523 0.9869 -0.093142 -0.211497 -0.022597 20.2234 21.7613 1.07983 0.000000 1.26230
27750 138.7500 -5.182683 1.0152 0.109374 0.155638 -0.104804 20.2218 21.7480 1.04827 0.000000 1.26210
28000 140.0000 -5.172537 1.0250 -0.003457 -0.040486 -0.006089 20.2406 21.7518 1.01360 0.000000 1.26445
28250 141.2500 -5.195698 0.9943 -0.155702 0.013386 -0.178867 20.2370 21.7510 1.00883 0.000000 1.26401
28500 142.5000 -5.184952 0.9865 0.045281 0.020829 0.142642 20.2335 21.7462 0.98484 0.000000 1.26356
28750 143.7500 -5.185509 1.0018 0.160362 -0.109326 0.016228 20.2354 21.7397 1.04481 0.000000 1.26380
29000 145.0000 -5.171079 1.0092 -0.181676 -0.026868 -0.163695 20.2438 21.7369 1.06360 0.000000 1.26485
29250 146.2500 -5.155555 1.0166 -0.126062 0.113766 -0.146747 20.2549 21.7250 1.02347 0.000000 1.26624
29500 147.5000 -5.155424 1.0136 0.153538 0.023609 -0.067207 20.2699 21.7185 1.10622 0.000000 1.26812
29750 148.7500 -5.167647 0.9938 -0.113205 -0.060509 0.009935 20.2770 21.7096 1.23588 0.000000 1.26900
30000 150.0000 -5.162704 0.9887 -0.181413 -0.036301 -0.096212 20.2693 21.6939 1.11794 0.000000 1.26804
30250 151.2500 -5.159396 0.9975 0.087997 0.082730 -0.120912 20.2699 21.6829 1.09234 0.000000 1.26812
30500 152.5000 -5.172952 1.0131 -0.073299 0.057841 -0.011816 20.2738 21.6821 1.16146 0.000000 1.26860
30750 153.7500 -5.186153 1.0020 -0.028067 0.049170 -0.076540 20.2804 21.6612 1.19740 0.000000 1.26943
31000 155.0000 -5.197020 1.0006 -0.041104 -0.017773 -0.162449 20.2842 21.6434 1.26107 0.000000 1.26991
31250 156.2500 -5.175982 1.0056 0.039487 0.057525 -0.011877 20.3003 21.6314 1.19428 0.000000 1.27192
31500 157.5000 -5.171551 1.0109 -0.068435 0.094954 -0.062531 20.3051 21.6275 1.26196 0.000000 1.27252
31750 158.7500 -5.151544 0.9916 0.039293 0.084640 0.007229 20.3087 21.6247 1.20980 0.000000 1.27297
32000 160.0000 -5.151888 0.9909 -0.018966 0.031497 -0.059422 20.3126 21.6193 1.36088 0.000000 1.27346
32250 161.2500 -5.161343 1.0019 -0.096329 0.031990 -0.026770 20.3101 21.6065 1.43991 0.000000 1.27315
32500 162.5000 -5.141143 1.0053 0.102663 0.119232 0.021029 20.3177 21.5997 1.34638 0.000000 1.27410
32750 163.7500 -5.149215 0.9932 -0.082345 0.130735 0.018186 20.3225 21.5937 1.39684 0.000000 1.27471
33000 165.0000 -5.166699 0.9947 -0.007820 -0.122409 -0.134659 20.3213 21.5864 1.49891 0.000000 1.27455
33250 166.2500 -5.162393 1.0003 0.143071 0.050937 -0.100585 20.3206 21.5795 1.42162 0.000000 1.27446
33500 167.5000 -5.183880 1.0120 -0.030128 -0.181645 -0.001978 20.3208 21.5701 1.43770 0.000000 1.27449
33750 168.7500 -5.154875 1.0047 -0.006182 0.103104 -0.029030 20.3238 21.5636 1.03062 0.000000 1.27486
34000 170.0000 -5.183752 0.9937 -0.037234 0.132942 -0.298629 20.3278 21.5568 1.25020 0.000000 1.27537
34250 171.2500 -5.178887 1.0006 -0.006977 -0.013244 -0.046344 20.3338 21.5386 1.14260 0.000000 1.27613
34500 172.5000 -5.182979 1.0083 -0.002556 0.082082 0.047047 20.3309 21.5280 1.18277 0.000000 1.27575
34750 173.7500 -5.184460 0.9971 -0.081997 -0.098165 0.001837 20.3322 21.5206 1.13762 0.000000 1.27592
35000 175.0000 -5.191881 1.0031 -0.176365 -0.032655 -0.192172 20.3360 21.5074 1.12977 0.000000 1.27640
35250 176.2500 -5.165394 1.0075 -0.002738 0.120696 -0.208830 20.3447 21.5028 1.27758 0.000000 1.27749
35500 177.5000 -5.169794 0.9917 0.056135 0.110773 -0.006045 20.3494 21.4987 1.50667 0.000000 1.27808
35750 178.7500 -5.180849 1.0072 -0.108989 -0.093569 -0.026955 20.3570 21.4971 1.23811 0.000000 1.27903
36000 180.0000 -5.174412 1.0152 0.090836 0.057214 0.050020 20.3599 21.4946 1.20487 0.000000 1.27939
36250 181.2500 -5.162507 0.9824 0.249660 -0.178168 -0.027989 20.3633 21.4870 1.47287 0.000000 1.27982
36500 182.5000 -5.174462 1.0020 0.124094 -0.076227 -0.066219 20.3677 21.4846 1.34148 0.000000 1.28038
36750 183.7500 -5.175674 0.9944 -0.019742 0.040678 -0.221305 20.3781 21.4679 1.44800 0.000000 1.28169
37000 185.0000 -5.159054 1.0133 -0.114743 0.003890 -0.042978 20.3756 21.4670 1.44824 0.000000 1.28137
37250 186.2500 -5.172313 1.0038 -0.152847 0.119056 -0.204519 20.3795 21.4683 1.23333 0.000000 1.28186
37500 187.5000 -5.152235 1.0010 0.063572 0.107896 -0.022726 20.3910 21.4634 1.45468 0.000000 1.28332
37750 188.7500 -5.139917 0.9997 0.045229 0.029126 -0.014512 20.3949 21.4594 1.49285 0.000000 1.28380
38000 190.0000 -5.157521 1.0160 -0.042877 0.092340 0.000122 20.3925 21.4528 1.43765 0.000000 1.28350
38250 191.2500 -5.155369 0.9993 -0.037547 0.056395 0.025503 20.4014 21.4544 1.11129 0.000000 1.28462
38500 192.5000 -5.169221 1.0017 0.135817 -0.058386 -0.031972 20.3914 21.4410 1.39676 0.000000 1.28336
38750 193.7500 -5.154892 0.9924 0.099636 0.004694 -0.075469 20.3990 21.4368 1.48908 0.000000 1.28432
39000 195.0000 -5.174813 0.9848 -0.006752 -0.106843 -0.137562 20.3960 21.4239 1.37639 0.000000 1.28394
39250 196.2500 -5.179868 1.0048 -0.078556 0.013601 -0.017169 20.3934 21.4163 1.25859 0.000000 1.28362
39500 197.5000 -5.168427 0.9966 0.013710 0.110438 -0.138264 20.4025 21.4111 1.47719 0.000000 1.28475
39750 198.7500 -5.180112 1.0030 0.069651 0.004627 -0.070554 20.3969 21.3992 1.43529 0.000000 1.28406
40000 200.0000 -5.179009 1.0037 -0.091010 -0.084766 -0.088139 20.4016 21.3975 1.33211 0.000000 1.28465
40250 201.2500 -5.162961 1.0070 0.087335 0.243035 -0.002956 20.4016 21.3956 1.25636 0.000000 1.28464
40500 202.5000 -5.163753 0.9978 0.020447 0.126463 0.147881 20.4120 21.3918 1.41764 0.000000 1.28595
40750 203.7500 -5.180459 0.9970 -0.157217 -0.120470 -0.088520 20.4162 21.3770 1.33929 0.000000 1.28648
41000 205.0000 -5.163465 1.0075 0.002983 0.075500 0.008959 20.4175 21.3691 1.41700 0.000000 1.28666
41250 206.2500 -5.145363 1.0134 0.013202 0.002554 -0.130921 20.4283 21.3685 1.45932 0.000000 1.28801
41500 207.5000 -5.148597 0.9906 0.132331 0.084714 0.192697 20.4251 21.3621 1.31815 0.000000 1.28760
41750 208.7500 -5.177726 1.0094 -0.010325 -0.092359 -0.078239 20.4282 21.3584 1.37466 0.000000 1.28800
42000 210.0000 -5.175597 1.0056 -0.048854 0.043938 -0.200484 20.4342 21.3452 1.36301 0.000000 1.28876
42250 211.2500 -5.158982 1.0060 0.044723 -0.039086 -0.041620 20.4420 21.3393 1.32807 0.000000 1.28974
42500 212.5000 -5.150626 0.9968 0.048302 -0.093822 0.065078 20.4409 21.3418 1.48991 0.000000 1.28960
42750 213.7500 -5.175476 1.0083 -0.069637 -0.041853 -0.118753 20.4371 21.3332 1.26092 0.000000 1.28912
43000 215.0000 -5.176699 0.9957 -0.117961 0.017320 -0.024268 20.4381 21.3250 1.18583 0.000000 1.28925
43250 216.2500 -5.173792 0.9924 0.079425 -0.085481 -0.008224 20.4386 21.3172 1.29465 0.000000 1.28930
43500 217.5000 -5.173064 0.9785 0.035682 0.101857 0.105450 20.4389 21.3078 1.30211 0.000000 1.28935
43750 218.7500 -5.175322 0.9968 -0.088467 0.075471 -0.077548 20.4421 21.3149 1.19466 0.000000 1.28975
44000 220.0000 -5.186534 0.9983 0.053662 -0.068895 -0.209577 20.4422 21.3055 1.09725 0.000000 1.28976
44250 221.2500 -5.165593 0.9934 0.065628 0.142395 -0.001585 20.4389 21.2959 1.31716 0.000000 1.28935
44500 222.5000 -5.171354 0.9952 0.009235 0.051755 0.014662 20.4434 21.2861 0.93051 0.000000 1.28991
44750 223.7500 -5.179300 0.9992 0.012980 0.085004 -0.100302 20.4549 21.2741 1.01121 0.000000 1.29137
45000 225.0000 -5.190489 0.9928 -0.070265 -0.030246 -0.347379 20.4550 21.2648 0.95277 0.000000 1.29138
45250 226.2500 -5.166883 0.9876 -0.030635 0.171177 0.115314 20.4560 21.2566 0.88909 0.000000 1.29151
45500 227.5000 -5.172308 0.9941 0.105980 -0.033648 0.108718 20.4609 21.2576 0.98728 0.000000 1.29213
45750 228.7500 -5.165749 1.0015 -0.008411 0.229375 0.019894 20.4609 21.2603 1.04214 0.000000 1.29212
46000 230.0000 -5.196509 0.9969 -0.057722 -0.112171 -0.081429 20.4621 21.2610 1.06377 0.000000 1.29228
46250 231.2500 -5.165399 0.9981 -0.021126 -0.003466 0.145997 20.4644 21.2518 1.13252 0.000000 1.29256
46500 232.5000 -5.197061 0.9992 0.052386 -0.107537 -0.249379 20.4653 21.2499 1.20076 0.000000 1.29268
46750 233.7500 -5.188969 0.9935 -0.099749 -0.050888 -0.005044 20.4635 21.2338 1.16640 0.000000 1.29246
47000 235.0000 -5.204732 1.0149 0.093070 -0.044350 -0.011464 20.4718 21.2171 1.05439 0.000000 1.29350
47250 236.2500 -5.166588 1.0079 0.109710 -0.015895 -0.017653 20.4894 21.2184 1.14455 0.000000 1.29573
47500 237.5000 -5.160154 0.9848 -0.024234 0.140462 -0.125447 20.4896 21.2195 1.09781 0.000000 1.29575
47750 238.7500 -5.184783 1.0112 0.029863 -0.029523 -0.156831 20.4942 21.2032 0.95722 0.000000 1.29634
48000 240.0000 -5.151439 0.9968 0.209080 0.142964 0.088207 20.5013 21.1988 0.97838 0.000000 1.29723
48250 241.2500 -5.168511 1.0035 -0.087727 0.099042 0.043201 20.5067 21.1926 0.99912 0.000000 1.29791
48500 242.5000 -5.164988 0.9910 0.032977 -0.084196 -0.108501 20.5095 21.1935 0.91093 0.000000 1.29827
48750 243.7500 -5.170217 1.0224 -0.029789 -0.056140 -0.034929 20.5168 21.1860 0.96784 0.000000 1.29919
49000 245.0000 -5.174635 0.9941 -0.098496 0.049876 -0.047611 20.5145 21.1706 1.06091 0.000000 1.29891
49250 246.2500 -5.175257 1.0083 0.133292 -0.023784 0.071929 20.5149 21.1709 1.03459 0.000000 1.29895
49500 247.5000 -5.170865 0.9945 -0.021393 0.001501 -0.102935 20.5215 21.1694 0.88322 0.000000 1.29979
49750 248.7500 -5.183596 0.9842 0.134002 -0.108831 0.053451 20.5170 21.1573 0.97037 0.000000 1.29923
50000 250.0000 -5.202808 0.9960 0.033566 -0.076915 -0.502210 20.5163 21.1439 1.07071 0.000000 1.29914
50250 251.2500 -5.211804 0.9905 -0.073636 -0.051730 -0.237120 20.5160 21.1198 1.12549 0.000000 1.29909
50500 252.5000 -5.211384 1.0042 -0.105336 0.002770 0.194493 20.5149 21.1140 1.10923 0.000000 1.29896
50750 253.7500 -5.212538 0.9926 0.107174 -0.002561 -0.170703 20.5106 21.1015 0.97600 0.000000 1.29841
51000 255.0000 -5.187394 1.0007 0.037246 0.161043 -0.085256 20.5189 21.1036 0.93012 0.000000 1.29945
51250 256.2500 -5.194193 0.9981 0.038543 -0.021722 -0.254232 20.5157 21.0941 0.90735 0.000000 1.29905
51500 257.5000 -5.192326 0.9992 -0.073868 0.090087 -0.069280 20.5229 21.0899 1.03081 0.000000 1.29996
51750 258.7500 -5.192642 0.9899 0.081276 0.204279 -0.018174 20.5173 21.0856 0.90421 0.000000 1.29925
52000 260.0000 -5.174159 0.9951 0.159240 0.011758 -0.047525 20.5247 21.0863 0.90104 0.000000 1.30020
52250 261.2500 -5.182558 0.9909 0.156119 0.071618 -0.065906 20.5328 21.0873 0.93883 0.000000 1.30122
52500 262.5000 -5.183301 0.9957 0.064965 -0.120716 0.045080 20.5351 21.0829 1.05123 0.000000 1.30151
52750 263.7500 -5.189899 0.9932 0.017047 0.015715 0.081592 20.5386 21.0689 0.94259 0.000000 1.30196
53000 265.0000 -5.201719 1.0083 0.013758 -0.006846 -0.142034 20.5408 21.0722 1.01194 0.000000 1.30224
53250 266.2500 -5.183182 0.9997 -0.042070 -0.055792 -0.149317 20.5518 21.0624 0.87996 0.000000 1.30363
53500 267.5000 -5.198864 1.0052 -0.057661 -0.121210 -0.115413 20.5569 21.0519 1.02691 0.000000 1.30428
53750 268.7500 -5.200085 0.9882 -0.158721 -0.033525 -0.213988 20.5543 21.0465 0.92695 0.000000 1.30394
54000 270.0000 -5.208351 0.9930 -0.127988 -0.028632 0.062602 20.5500 21.0394 1.06135 0.000000 1.30340
54250 271.2500 -5.168493 1.0004 0.110835 0.202719 0.074524 20.5641 21.0387 0.83189 0.000000 1.30519
54500 272.5000 -5.173938 1.0054 -0.102728 -0.057393 0.008757 20.5710 21.0404 0.82309 0.000000 1.30607
54750 273.7500 -5.167298 0.9909 0.098010 0.002632 0.027319 20.5709 21.0410 0.78541 0.000000 1.30606
55000 275.0000 -5.202045 0.9950 -0.226034 -0.034047 -0.228865 20.5739 21.0374 0.79948 0.000000 1.30644
55250 276.2500 -5.179248 0.9886 -0.088442 0.009184 0.047903 20.5688 21.0333 0.87564 0.000000 1.30578
55500 277.5000 -5.202225 0.9859 -0.000441 -0.037925 -0.324776 20.5576 21.0261 1.06891 0.000000 1.30437
55750 278.7500 -5.196189 0.9822 -0.043668 0.016311 0.036029 20.5595 21.0158 1.02522 0.000000 1.30461
56000 280.0000 -5.184845 0.9966 0.218104 0.010585 0.023857 20.5629 21.0145 1.02064 0.000000 1.30504
56250 281.2500 -5.188915 0.9942 0.083391 0.127549 0.025000 20.5649 21.0147 0.94182 0.000000 1.30529
56500 282.5000 -5.199341 0.9913 -0.095513 0.014679 -0.095741 20.5647 21.0148 1.04292 0.000000 1.30526
56750 283.7500 -5.194462 1.0050 -0.063849 0.025812 -0.157260 20.5667 21.0097 1.00579 0.000000 1.30552
57000 285.0000 -5.180748 1.0079 0.013930 0.010036 -0.036078 20.5690 21.0183 0.94061 0.000000 1.30581
57250 286.2500 -5.170358 0.9925 0.070414 0.007211 0.138672 20.5758 21.0161 1.08716 0.000000 1.30667
57500 287.5000 -5.168804 0.9754 -0.032503 0.048545 -0.035550 20.5768 21.0076 1.12267 0.000000 1.30680
57750 288.7500 -5.185462 1.0100 0.035110 0.065349 -0.005785 20.5782 21.0054 1.04480 0.000000 1.30698
58000 290.0000 -5.199083 1.0040 -0.081715 -0.064447 -0.078842 20.5812 21.0013 1.05303 0.000000 1.30736
58250 291.2500 -5.196002 1.0072 -0.006475 -0.082974 -0.048539 20.5803 20.9957 0.73843 0.000000 1.30725
58500 292.5000 -5.171366 0.9974 0.157023 0.170136 0.074270 20.5764 20.9862 0.90880 0.000000 1.30676
58750 293.7500 -5.189558 0.9927 -0.144572 0.040164 -0.017942 20.5811 20.9838 0.81117 0.000000 1.30736
59000 295.0000 -5.201469 1.0025 -0.013573 0.005540 0.047365 20.5774 20.9845 0.74827 0.000000 1.30688
59250 296.2500 -5.192918 1.0047 0.031193 0.054766 -0.118796 20.5839 20.9896 0.84023 0.000000 1.30771
59500 297.5000 -5.212786 0.9887 -0.058398 -0.006995 -0.197886 20.5814 20.9759 0.98336 0.000000 1.30739
59750 298.7500 -5.214854 0.9962 0.076484 0.020846 0.072775 20.5803 20.9633 0.94251 0.000000 1.30725
60000 300.0000 -5.191581 0.9897 0.041122 0.155713 -0.200049 20.5861 20.9589 0.95132 0.000000 1.30799
60250 301.2500 -5.191341 0.9988 0.016816 0.104799 0.219281 20.5945 20.9545 1.07172 0.000000 1.30905
60500 302.5000 -5.203372 1.0061 -0.061165 -0.099114 -0.047495 20.5940 20.9521 0.94817 0.000000 1.30899
60750 303.7500 -5.178661 1.0040 -0.001343 0.017338 0.083131 20.6046 20.9509 1.02060 0.000000 1.31034
61000 305.0000 -5.186860 0.9960 -0.059649 -0.166158 -0.050546 20.6108 20.9461 1.04044 0.000000 1.31112
61250 306.2500 -5.164809 0.9988 0.012730 0.084665 0.114371 20.6115 20.9563 1.13052 0.000000 1.31122
61500 307.5000 -5.175536 0.9947 0.019033 -0.101043 -0.020992 20.6140 20.9540 1.02083 0.000000 1.31154
61750 308.7500 -5.182646 1.0003 -0.032520 0.095034 -0.095688 20.6122 20.9527 0.98394 0.000000 1.31130
62000 310.0000 -5.193046 0.9999 0.056781 0.114527 0.075788 20.6104 20.9425 0.95733 0.000000 1.31107
62250 311.2500 -5.183198 1.0030 0.090977 -0.074905 -0.141113 20.6142 20.9291 0.97026 0.000000 1.31155
62500 312.5000 -5.169472 1.0096 0.182575 0.082746 0.130245 20.6171 20.9253 1.02898 0.000000 1.31192
62750 313.7500 -5.174169 1.0020 0.105223 -0.029233 -0.044406 20.6263 20.9345 0.93229 0.000000 1.31310
63000 315.0000 -5.182828 1.0082 0.126210 0.001361 -0.060776 20.6264 20.9352 1.02816 0.000000 1.31311
63250 316.2500 -5.162708 0.9941 0.010775 0.140165 0.133155 20.6284 20.9268 0.97291 0.000000 1.31336
63500 317.5000 -5.194896 0.9962 0.018607 -0.086692 -0.029842 20.6268 20.9127 0.91449 0.000000 1.31317
