# step time Epot/N T Pxx Pyy Pzz Lx Lz gap comF areaperlipid
0 0.0000 -5.406724 1.1745 6.621752 6.937375 6.558332 19.1827 57.5482 0.00000 0.000000 0.00000
200 1.0000 -8.015554 1.2843 -0.151320 -0.145277 -0.126629 19.1827 57.5482 0.00000 0.000000 0.00000
400 2.0000 -7.990653 1.0468 -0.480461 -0.419600 -0.391688 19.1827 57.5482 0.00000 0.000000 0.00000
600 3.0000 -8.094462 1.0329 -0.368435 -0.383630 -0.265800 19.1827 57.5482 0.00000 0.000000 0.00000
800 4.0000 -8.269037 1.0526 -0.366870 -0.306030 -0.209954 19.1827 57.5482 0.00000 0.000000 0.00000
1000 5.0000 -8.424329 1.0446 -0.271787 -0.249826 -0.160003 19.1827 57.5482 0.00000 0.000000 0.00000
1200 6.0000 -8.550184 1.0296 -0.196805 -0.233336 -0.131075 19.1827 57.5482 0.00000 0.000000 0.00000
1400 7.0000 -8.689652 1.0179 -0.192032 -0.184418 -0.183860 19.1827 57.5482 0.00000 0.000000 0.00000
1600 8.0000 -8.749026 1.0239 -0.146757 -0.087405 -0.003080 19.1827 57.5482 0.00000 0.000000 0.00000
1800 9.0000 -8.824535 1.0303 -0.058344 -0.142504 0.033905 19.1827 57.5482 0.00000 0.000000 0.00000
2000 10.0000 -8.873279 1.0156 -0.074042 -0.049452 0.021660 19.1827 57.5482 0.00000 0.000000 0.00000
2200 11.0000 -8.898209 0.9904 -0.105805 -0.053511 0.016492 19.1827 57.5482 0.00000 0.000000 0.00000
2400 12.0000 -8.901261 0.9956 -0.091756 -0.085458 -0.041202 19.1827 57.5482 0.00000 0.000000 0.00000
2600 13.0000 -8.925570 1.0108 -0.101936 -0.140234 -0.037216 19.1827 57.5482 0.00000 0.000000 0.00000
2800 14.0000 -8.935554 1.0026 -0.036845 -0.075673 -0.020779 19.1827 57.5482 0.00000 0.000000 0.00000
3000 15.0000 -8.956068 1.0055 -0.061147 -0.083020 -0.022676 19.1827 57.5482 0.00000 0.000000 0.00000
3200 16.0000 -8.939130 0.9885 -0.089459 -0.050113 -0.005970 19.1827 57.5482 0.00000 0.000000 0.00000
3400 17.0000 -8.938920 0.9868 -0.101717 -0.091937 0.040185 19.1827 57.5482 0.00000 0.000000 0.00000
3600 18.0000 -8.970700 0.9919 -0.046844 -0.088655 -0.028382 19.1827 57.5482 0.00000 0.000000 0.00000
3800 19.0000 -8.987016 0.9955 -0.068248 -0.063102 0.019504 19.1827 57.5482 0.00000 0.000000 0.00000
4000 20.0000 -8.952526 1.0112 -0.030833 -0.019270 0.034597 19.1827 57.5482 0.00000 0.000000 0.00000
4200 21.0000 -8.966948 0.9913 -0.068809 -0.054336 -0.015635 19.1827 57.5482 0.00000 0.000000 0.00000
4400 22.0000 -8.996488 1.0023 -0.037620 -0.075192 -0.016608 19.1827 57.5482 0.00000 0.000000 0.00000
4600 23.0000 -8.990126 0.9971 -0.087042 -0.062003 0.002082 19.1827 57.5482 0.00000 0.000000 0.00000
4800 24.0000 -8.976512 0.9843 -0.022420 -0.040370 0.018094 19.1827 57.5482 0.00000 0.000000 0.00000
5000 25.0000 -8.967947 1.0024 -0.048385 -0.106115 0.030751 19.1827 57.5482 0.00000 0.000000 0.00000
5200 26.0000 -8.937501 0.9982 -0.064013 -0.059207 0.007254 19.1827 57.5482 0.00000 0.000000 0.00000
5400 27.0000 -8.955592 1.0039 -0.093150 -0.091084 -0.018065 19.1827 57.5482 0.00000 0.000000 0.00000
5600 28.0000 -8.944567 1.0021 0.010803 -0.114187 0.009343 19.1827 57.5482 0.00000 0.000000 0.00000
5800 29.0000 -8.949032 1.0072 -0.051619 -0.067677 0.001600 19.1827 57.5482 0.00000 0.000000 0.00000
6000 30.0000 -8.940891 1.0075 -0.011321 -0.070762 0.010390 19.1827 57.5482 0.00000 0.000000 0.00000
6200 31.0000 -8.909015 1.0182 -0.089229 -0.032882 0.009020 19.1827 57.5482 0.00000 0.000000 0.00000
6400 32.0000 -8.918327 1.0106 -0.125615 -0.081359 -0.037492 19.1827 57.5482 0.00000 0.000000 0.00000
6600 33.0000 -8.927725 1.0118 -0.133492 -0.054509 -0.026311 19.1827 57.5482 0.00000 0.000000 0.00000
6800 34.0000 -8.916466 0.9963 -0.075935 -0.066167 0.046621 19.1827 57.5482 0.00000 0.000000 0.00000
7000 35.0000 -8.917574 0.9990 -0.088616 -0.079450 0.004914 19.1827 57.5482 0.00000 0.000000 0.00000
7200 36.0000 -8.928074 0.9964 -0.050009 -0.035386 -0.008450 19.1827 57.5482 0.00000 0.000000 0.00000
7400 37.0000 -8.949862 0.9940 -0.087263 -0.033697 0.018059 19.1827 57.5482 0.00000 0.000000 0.00000
7600 38.0000 -8.966624 0.9929 -0.129682 -0.127299 -0.049618 19.1827 57.5482 0.00000 0.000000 0.00000
7800 39.0000 -8.960037 0.9952 -0.144897 -0.032263 -0.022103 19.1827 57.5482 0.00000 0.000000 0.00000
8000 40.0000 -8.937463 0.9792 -0.116519 -0.144044 -0.033878 19.1827 57.5482 0.00000 0.000000 0.00000
8200 41.0000 -8.922595 0.9921 -0.073682 -0.078335 0.057932 19.1827 57.5482 0.00000 0.000000 0.00000
8400 42.0000 -8.951600 0.9831 -0.094973 -0.098474 0.067074 19.1827 57.5482 0.00000 0.000000 0.00000
8600 43.0000 -8.969984 0.9993 -0.071592 -0.123860 0.029992 19.1827 57.5482 0.00000 0.000000 0.00000
8800 44.0000 -8.965358 1.0050 -0.096120 -0.111110 -0.022468 19.1827 57.5482 0.00000 0.000000 0.00000
9000 45.0000 -8.931988 0.9980 -0.011108 -0.045831 -0.003366 19.1827 57.5482 0.00000 0.000000 0.00000
9200 46.0000 -8.968534 1.0092 -0.097842 -0.101129 0.014812 19.1827 57.5482 0.00000 0.000000 0.00000
9400 47.0000 -8.963485 0.9912 -0.032782 -0.102743 0.024838 19.1827 57.5482 0.00000 0.000000 0.00000
9600 48.0000 -8.968244 0.9967 0.002286 -0.016029 0.032663 19.1827 57.5482 0.00000 0.000000 0.00000
9800 49.0000 -8.973812 0.9890 -0.084133 -0.078066 0.005174 19.1827 57.5482 0.00000 0.000000 0.00000
10000 50.0000 -8.969144 0.9940 -0.043079 -0.126585 -0.040106 19.1827 57.5482 0.00000 0.000000 0.00000
10200 51.0000 -8.933211 0.9866 -0.039803 0.021644 0.025770 19.1827 57.5482 0.00000 0.000000 0.00000
10400 52.0000 -8.945841 1.0173 -0.057143 -0.065225 -0.040663 19.1827 57.5482 0.00000 0.000000 0.00000
10600 53.0000 -8.931346 1.0042 -0.122104 -0.103920 -0.005335 19.1827 57.5482 0.00000 0.000000 0.00000
10800 54.0000 -8.905752 1.0139 -0.036860 -0.106828 -0.056287 19.1827 57.5482 0.00000 0.000000 0.00000
11000 55.0000 -8.924492 0.9880 -0.064715 -0.096331 -0.002106 19.1827 57.5482 0.00000 0.000000 0.00000
11200 56.0000 -8.930572 0.9991 -0.041878 -0.065363 -0.000287 19.1827 57.5482 0.00000 0.000000 0.00000
11400 57.0000 -8.950586 1.0134 -0.098842 -0.060146 -0.035205 19.1827 57.5482 0.00000 0.000000 0.00000
11600 58.0000 -8.971777 1.0069 -0.103748 -0.048577 -0.017475 19.1827 57.5482 0.00000 0.000000 0.00000
11800 59.0000 -8.961468 1.0079 -0.053825 -0.081896 -0.035114 19.1827 57.5482 0.00000 0.000000 0.00000
12000 60.0000 -8.962263 1.0007 -0.056107 -0.065210 0.005908 19.1827 57.5482 0.00000 0.000000 0.00000
12200 61.0000 -8.974314 1.0010 -0.059427 -0.063208 -0.067488 19.1827 57.5482 0.00000 0.000000 0.00000
12400 62.0000 -8.942649 0.9991 -0.052528 0.025108 0.033139 19.1827 57.5482 0.00000 0.000000 0.00000
12600 63.0000 -8.949537 0.9983 -0.107503 -0.070420 -0.002765 19.1827 57.5482 0.00000 0.000000 0.00000
12800 64.0000 -8.926807 0.9847 -0.072204 -0.040017 -0.017041 19.1827 57.5482 0.00000 0.000000 0.00000
13000 65.0000 -8.944714 1.0138 -0.012213 -0.033319 -0.009366 19.1827 57.5482 0.00000 0.000000 0.00000
13200 66.0000 -8.971050 1.0064 -0.117919 -0.108789 -0.011363 19.1827 57.5482 0.00000 0.000000 0.00000
13400 67.0000 -8.960215 1.0189 -0.007781 -0.046315 -0.003681 19.1827 57.5482 0.00000 0.000000 0.00000
13600 68.0000 -8.954296 1.0034 -0.090169 -0.063084 0.037542 19.1827 57.5482 0.00000 0.000000 0.00000
13800 69.0000 -8.929919 0.9935 -0.072497 -0.030424 -0.006905 19.1827 57.5482 0.00000 0.000000 0.00000
14000 70.0000 -8.959055 0.9906 -0.094001 -0.095105 0.040027 19.1827 57.5482 0.00000 0.000000 0.00000
14200 71.0000 -8.970299 0.9885 -0.002661 -0.020036 0.041159 19.1827 57.5482 0.00000 0.000000 0.00000
14400 72.0000 -9.003669 0.9972 -0.019455 -0.036195 -0.014738 19.1827 57.5482 0.00000 0.000000 0.00000
14600 73.0000 -9.003605 0.9781 -0.111102 -0.010607 0.006545 19.1827 57.5482 0.00000 0.000000 0.00000
14800 74.0000 -8.999787 0.9989 -0.052581 -0.081775 -0.017597 19.1827 57.5482 0.00000 0.000000 0.00000
15000 75.0000 -8.982477 0.9833 -0.068039 -0.055231 0.000105 19.1827 57.5482 0.00000 0.000000 0.00000
15200 76.0000 -8.986525 0.9942 -0.099591 -0.039374 -0.001276 19.1827 57.5482 0.00000 0.000000 0.00000
15400 77.0000 -9.010884 0.9946 -0.070888 -0.067820 -0.036105 19.1827 57.5482 0.00000 0.000000 0.00000
15600 78.0000 -8.983158 1.0071 -0.073539 -0.055267 0.004395 19.1827 57.5482 0.00000 0.000000 0.00000
15800 79.0000 -8.948502 0.9882 -0.061626 -0.047441 0.011935 19.1827 57.5482 0.00000 0.000000 0.00000
16000 80.0000 -8.921361 0.9962 -0.129369 -0.059913 -0.015581 19.1827 57.5482 0.00000 0.000000 0.00000
16200 81.0000 -8.936663 0.9963 -0.054299 -0.137131 -0.039783 19.1827 57.5482 0.00000 0.000000 0.00000
16400 82.0000 -8.945082 1.0074 -0.060075 -0.099402 -0.040064 19.1827 57.5482 0.00000 0.000000 0.00000
16600 83.0000 -8.927988 0.9953 -0.055917 -0.078476 -0.054105 19.1827 57.5482 0.00000 0.000000 0.00000
16800 84.0000 -8.950039 0.9894 -0.107209 -0.062133 -0.040431 19.1827 57.5482 0.00000 0.000000 0.00000
17000 85.0000 -8.968323 0.9981 -0.064961 -0.097288 -0.059428 19.1827 57.5482 0.00000 0.000000 0.00000
17200 86.0000 -8.960513 1.0065 0.005083 -0.046470 0.060431 19.1827 57.5482 0.00000 0.000000 0.00000
17400 87.0000 -8.948815 0.9872 -0.067898 -0.059697 0.018966 19.1827 57.5482 0.00000 0.000000 0.00000
17600 88.0000 -8.949554 0.9930 -0.109671 -0.117883 -0.034790 19.1827 57.5482 0.00000 0.000000 0.00000
17800 89.0000 -8.918872 1.0010 -0.053071 -0.003156 0.033792 19.1827 57.5482 0.00000 0.000000 0.00000
18000 90.0000 -8.919179 1.0110 -0.037303 -0.054374 -0.006503 19.1827 57.5482 0.00000 0.000000 0.00000
18200 91.0000 -8.878091 0.9994 -0.023566 -0.111158 0.032269 19.1827 57.5482 0.00000 0.000000 0.00000
18400 92.0000 -8.872325 0.9880 -0.036236 -0.089196 0.003520 19.1827 57.5482 0.00000 0.000000 0.00000
18600 93.0000 -8.888983 1.0014 -0.049745 -0.067878 0.049271 19.1827 57.5482 0.00000 0.000000 0.00000
18800 94.0000 -8.935343 1.0062 -0.102211 -0.045763 -0.072820 19.1827 57.5482 0.00000 0.000000 0.00000
19000 95.0000 -8.958065 1.0082 -0.087074 -0.056652 -0.061618 19.1827 57.5482 0.00000 0.000000 0.00000
19200 96.0000 -8.945602 0.9937 -0.133304 -0.039010 -0.006712 19.1827 57.5482 0.00000 0.000000 0.00000
19400 97.0000 -8.972378 1.0031 -0.135235 -0.092289 -0.024709 19.1827 57.5482 0.00000 0.000000 0.00000
19600 98.0000 -8.982605 0.9878 -0.108796 -0.102355 0.016768 19.1827 57.5482 0.00000 0.000000 0.00000
19800 99.0000 -8.990801 0.9918 -0.090922 -0.114346 0.011301 19.1827 57.5482 0.00000 0.000000 0.00000
20000 100.0000 -8.989788 1.0052 -0.082677 -0.083010 0.041484 19.1827 57.5482 0.00000 0.000000 0.00000
20200 101.0000 -8.968138 1.0065 -0.017370 -0.051344 0.046249 19.1827 57.5482 0.00000 0.000000 0.00000
20400 102.0000 -8.981104 1.0069 -0.094212 -0.028589 0.000428 19.1827 57.5482 0.00000 0.000000 0.00000
20600 103.0000 -8.959499 0.9852 -0.097120 -0.078600 -0.012126 19.1827 57.5482 0.00000 0.000000 0.00000
20800 104.0000 -8.946201 0.9871 -0.061648 -0.001534 0.016548 19.1827 57.5482 0.00000 0.000000 0.00000
21000 105.0000 -8.985724 1.0062 -0.035646 -0.064226 -0.021587 19.1827 57.5482 0.00000 0.000000 0.00000
21200 106.0000 -8.980158 0.9924 -0.049144 -0.082739 0.002481 19.1827 57.5482 0.00000 0.000000 0.00000
21400 107.0000 -9.009964 0.9944 -0.111944 -0.080787 0.000891 19.1827 57.5482 0.00000 0.000000 0.00000
21600 108.0000 -8.968978 0.9896 -0.069720 -0.009725 -0.060522 19.1827 57.5482 0.00000 0.000000 0.00000
21800 109.0000 -8.963653 0.9775 0.006409 -0.071387 -0.056434 19.1827 57.5482 0.00000 0.000000 0.00000
22000 110.0000 -8.960852 0.9961 -0.029551 -0.096921 -0.011872 19.1827 57.5482 0.00000 0.000000 0.00000
22200 111.0000 -8.987635 1.0104 -0.062739 -0.102958 0.003809 19.1827 57.5482 0.00000 0.000000 0.00000
22400 112.0000 -8.999763 0.9978 -0.094686 -0.106317 0.047940 19.1827 57.5482 0.00000 0.000000 0.00000
22600 113.0000 -8.980668 1.0072 -0.061360 -0.061597 0.018417 19.1827 57.5482 0.00000 0.000000 0.00000
22800 114.0000 -8.965491 0.9873 -0.070661 -0.060810 -0.034379 19.1827 57.5482 0.00000 0.000000 0.00000
23000 115.0000 -8.958984 0.9914 -0.099776 -0.073724 0.003209 19.1827 57.5482 0.00000 0.000000 0.00000
23200 116.0000 -8.965417 0.9848 -0.055878 -0.103248 0.000723 19.1827 57.5482 0.00000 0.000000 0.00000
23400 117.0000 -8.974673 0.9992 -0.094131 -0.095763 0.004192 19.1827 57.5482 0.00000 0.000000 0.00000
23600 118.0000 -8.986173 1.0088 -0.079039 -0.122894 0.003475 19.1827 57.5482 0.00000 0.000000 0.00000
23800 119.0000 -8.968140 0.9852 -0.120157 -0.053352 -0.076053 19.1827 57.5482 0.00000 0.000000 0.00000
24000 120.0000 -8.957726 1.0037 -0.031244 -0.083344 -0.067553 19.1827 57.5482 0.00000 0.000000 0.00000
24200 121.0000 -8.953031 0.9881 -0.076216 -0.074515 -0.038597 19.1827 57.5482 0.00000 0.000000 0.00000
24400 122.0000 -8.944031 1.0016 -0.095314 -0.103377 -0.007470 19.1827 57.5482 0.00000 0.000000 0.00000
24600 123.0000 -8.958881 1.0039 -0.027474 -0.115682 -0.027006 19.1827 57.5482 0.00000 0.000000 0.00000
24800 124.0000 -8.942078 1.0142 -0.063522 -0.032740 0.122145 19.1827 57.5482 0.00000 0.000000 0.00000
25000 125.0000 -8.975182 0.9756 -0.048306 -0.118117 -0.010138 19.1827 57.5482 0.00000 0.000000 0.00000
25200 126.0000 -8.991424 0.9968 -0.053859 -0.077619 -0.079552 19.1827 57.5482 0.00000 0.000000 0.00000
25400 127.0000 -8.986255 0.9766 -0.114476 -0.050666 -0.019155 19.1827 57.5482 0.00000 0.000000 0.00000
25600 128.0000 -8.988319 0.9848 -0.086083 -0.057847 0.020740 19.1827 57.5482 0.00000 0.000000 0.00000
25800 129.0000 -8.961997 0.9930 -0.064954 -0.043029 0.040393 19.1827 57.5482 0.00000 0.000000 0.00000
26000 130.0000 -8.975202 0.9902 -0.048644 -0.126622 -0.058288 19.1827 57.5482 0.00000 0.000000 0.00000
26200 131.0000 -8.996628 0.9955 -0.088145 -0.149980 -0.027317 19.1827 57.5482 0.00000 0.000000 0.00000
26400 132.0000 -8.972012 1.0116 0.023545 -0.025939 0.018777 19.1827 57.5482 0.00000 0.000000 0.00000
26600 133.0000 -8.977732 1.0043 -0.063380 0.005251 -0.015277 19.1827 57.5482 0.00000 0.000000 0.00000
26800 134.0000 -8.973704 1.0057 -0.027819 -0.037650 0.026228 19.1827 57.5482 0.00000 0.000000 0.00000
27000 135.0000 -8.989345 0.9941 -0.127902 -0.058091 -0.013397 19.1827 57.5482 0.00000 0.000000 0.00000
27200 136.0000 -8.992235 1.0032 -0.065078 -0.010040 0.028558 19.1827 57.5482 0.00000 0.000000 0.00000
27400 137.0000 -9.005378 1.0048 -0.047827 0.015394 0.045454 19.1827 57.5482 0.00000 0.000000 0.00000
27600 138.0000 -8.974013 0.9977 -0.033780 -0.048173 0.021351 19.1827 57.5482 0.00000 0.000000 0.00000
27800 139.0000 -8.952604 0.9821 -0.003104 -0.010166 -0.007194 19.1827 57.5482 0.00000 0.000000 0.00000
28000 140.0000 -8.952033 0.9922 -0.004432 0.004830 0.014639 19.1827 57.5482 0.00000 0.000000 0.00000
28200 141.0000 -8.972755 0.9831 -0.103264 -0.049486 0.008687 19.1827 57.5482 0.00000 0.000000 0.00000
28400 142.0000 -8.972685 1.0016 -0.063609 -0.140829 -0.038408 19.1827 57.5482 0.00000 0.000000 0.00000
28600 143.0000 -8.943250 0.9927 -0.136950 -0.131002 -0.030129 19.1827 57.5482 0.00000 0.000000 0.00000
28800 144.0000 -8.949706 1.0026 -0.085057 -0.012645 -0.002216 19.1827 57.5482 0.00000 0.000000 0.00000
29000 145.0000 -8.981047 1.0171 -0.064705 -0.070630 -0.032536 19.1827 57.5482 0.00000 0.000000 0.00000
29200 146.0000 -8.943548 1.0091 -0.057431 -0.021446 0.029623 19.1827 57.5482 0.00000 0.000000 0.00000
29400 147.0000 -8.925571 1.0201 -0.089892 -0.087064 -0.028619 19.1827 57.5482 0.00000 0.000000 0.00000
29600 148.0000 -8.910955 1.0070 -0.017371 -0.020498 0.062476 19.1827 57.5482 0.00000 0.000000 0.00000
29800 149.0000 -8.918643 0.9992 -0.064886 -0.000927 0.015776 19.1827 57.5482 0.00000 0.000000 0.00000
30000 150.0000 -8.948913 1.0033 -0.139411 -0.038264 0.012335 19.1827 57.5482 0.00000 0.000000 0.00000
30200 151.0000 -8.940473 1.0050 -0.043689 -0.039947 0.045831 19.1827 57.5482 0.00000 0.000000 0.00000
30400 152.0000 -8.946507 1.0132 -0.072722 -0.050326 -0.014532 19.1827 57.5482 0.00000 0.000000 0.00000
30600 153.0000 -8.913794 0.9900 -0.075728 -0.071369 -0.043210 19.1827 57.5482 0.00000 0.000000 0.00000
30800 154.0000 -8.943708 1.0046 -0.140253 -0.142378 -0.040684 19.1827 57.5482 0.00000 0.000000 0.00000
31000 155.0000 -8.942775 0.9892 -0.127502 -0.027971 -0.030636 19.1827 57.5482 0.00000 0.000000 0.00000
31200 156.0000 -8.954446 1.0239 -0.075355 -0.028520 0.026299 19.1827 57.5482 0.00000 0.000000 0.00000
31400 157.0000 -8.972288 0.9951 -0.062587 -0.070956 -0.019931 19.1827 57.5482 0.00000 0.000000 0.00000
31600 158.0000 -8.943536 0.9836 -0.015507 -0.000682 0.042109 19.1827 57.5482 0.00000 0.000000 0.00000
31800 159.0000 -8.970495 1.0012 -0.037879 -0.086018 0.017019 19.1827 57.5482 0.00000 0.000000 0.00000
32000 160.0000 -8.970503 1.0176 -0.060373 -0.100784 0.023217 19.1827 57.5482 0.00000 0.000000 0.00000
32200 161.0000 -8.930831 1.0016 -0.016868 -0.030730 0.039665 19.1827 57.5482 0.00000 0.000000 0.00000
32400 162.0000 -8.961301 1.0019 -0.046964 -0.017795 0.028828 19.1827 57.5482 0.00000 0.000000 0.00000
32600 163.0000 -8.986727 1.0052 -0.118744 -0.115491 0.036466 19.1827 57.5482 0.00000 0.000000 0.00000
32800 164.0000 -8.936504 1.0015 -0.108168 -0.077419 0.025445 19.1827 57.5482 0.00000 0.000000 0.00000
33000 165.0000 -8.942951 1.0060 -0.127583 -0.080862 -0.063429 19.1827 57.5482 0.00000 0.000000 0.00000
33200 166.0000 -8.939855 0.9896 -0.005464 -0.046509 0.034680 19.1827 57.5482 0.00000 0.000000 0.00000
33400 167.0000 -8.960479 0.9880 -0.099319 -0.105986 -0.015648 19.1827 57.5482 0.00000 0.000000 0.00000
33600 168.0000 -8.944483 0.9915 -0.021564 -0.056054 0.025188 19.1827 57.5482 0.00000 0.000000 0.00000
33800 169.0000 -8.943755 1.0068 -0.074275 -0.108831 -0.020154 19.1827 57.5482 0.00000 0.000000 0.00000
34000 170.0000 -8.941512 1.0124 -0.052381 -0.059641 -0.028281 19.1827 57.5482 0.00000 0.000000 0.00000
34200 171.0000 -8.959096 1.0060 -0.088645 -0.058827 0.007036 19.1827 57.5482 0.00000 0.000000 0.00000
34400 172.0000 -8.933980 0.9972 -0.096770 -0.080986 -0.038658 19.1827 57.5482 0.00000 0.000000 0.00000
34600 173.0000 -8.938861 1.0044 -0.078625 -0.137494 -0.024581 19.1827 57.5482 0.00000 0.000000 0.00000
34800 174.0000 -8.942154 1.0068 -0.048689 -0.027953 0.001479 19.1827 57.5482 0.00000 0.000000 0.00000
35000 175.0000 -8.958434 1.0087 -0.045092 -0.088905 -0.000911 19.1827 57.5482 0.00000 0.000000 0.00000
35200 176.0000 -8.925978 0.9955 -0.056499 -0.011403 -0.002327 19.1827 57.5482 0.00000 0.000000 0.00000
35400 177.0000 -8.915314 1.0029 -0.040935 -0.075242 0.005828 19.1827 57.5482 0.00000 0.000000 0.00000
35600 178.0000 -8.916985 1.0154 -0.072510 -0.103210 0.027427 19.1827 57.5482 0.00000 0.000000 0.00000
35800 179.0000 -8.939037 0.9969 -0.117291 -0.109604 -0.041102 19.1827 57.5482 0.00000 0.000000 0.00000
36000 180.0000 -8.961091 1.0015 -0.096773 -0.115583 -0.036579 19.1827 57.5482 0.00000 0.000000 0.00000
36200 181.0000 -8.960621 0.9959 -0.089259 -0.064452 -0.084791 19.1827 57.5482 0.00000 0.000000 0.00000
36400 182.0000 -8.950505 0.9975 -0.049932 -0.120875 0.024895 19.1827 57.5482 0.00000 0.000000 0.00000
36600 183.0000 -8.963331 0.9975 -0.050474 -0.057237 0.029213 19.1827 57.5482 0.00000 0.000000 0.00000
36800 184.0000 -8.945037 0.9810 -0.038542 -0.081004 -0.001511 19.1827 57.5482 0.00000 0.000000 0.00000
37000 185.0000 -8.947909 1.0074 -0.057641 -0.063666 0.016360 19.1827 57.5482 0.00000 0.000000 0.00000
37200 186.0000 -8.958717 0.9998 -0.054210 -0.023433 0.008180 19.1827 57.5482 0.00000 0.000000 0.00000
37400 187.0000 -8.965719 0.9922 -0.109226 -0.049967 -0.094682 19.1827 57.5482 0.00000 0.000000 0.00000
37600 188.0000 -8.956778 0.9947 -0.055823 -0.085671 -0.037562 19.1827 57.5482 0.00000 0.000000 0.00000
37800 189.0000 -8.968401 0.9969 -0.021490 -0.076392 0.010718 19.1827 57.5482 0.00000 0.000000 0.00000
38000 190.0000 -8.971940 0.9937 -0.098427 -0.114672 0.006367 19.1827 57.5482 0.00000 0.000000 0.00000
38200 191.0000 -8.961176 0.9927 -0.104273 -0.109691 -0.005202 19.1827 57.5482 0.00000 0.000000 0.00000
38400 192.0000 -8.961774 0.9806 -0.103244 -0.117555 -0.065034 19.1827 57.5482 0.00000 0.000000 0.00000
38600 193.0000 -8.946182 0.9967 -0.082862 -0.112384 -0.034439 19.1827 57.5482 0.00000 0.000000 0.00000
38800 194.0000 -8.965305 1.0107 -0.052042 -0.027384 -0.046030 19.1827 57.5482 0.00000 0.000000 0.00000
39000 195.0000 -8.964019 0.9839 -0.035248 -0.039087 -0.008037 19.1827 57.5482 0.00000 0.000000 0.00000
39200 196.0000 -8.967837 1.0017 -0.022433 -0.006676 0.015756 19.1827 57.5482 0.00000 0.000000 0.00000
39400 197.0000 -8.978078 1.0066 -0.041455 -0.075511 -0.021509 19.1827 57.5482 0.00000 0.000000 0.00000
39600 198.0000 -9.012791 1.0297 -0.046621 -0.071426 0.007887 19.1827 57.5482 0.00000 0.000000 0.00000
39800 199.0000 -8.986117 1.0058 -0.055152 -0.039774 0.056451 19.1827 57.5482 0.00000 0.000000 0.00000
40000 200.0000 -8.995647 0.9872 -0.061371 -0.071494 0.039406 19.1827 57.5482 0.00000 0.000000 0.00000
40200 201.0000 -8.999971 0.9994 -0.099294 -0.074228 -0.028131 19.1827 57.5482 0.00000 0.000000 0.00000
40400 202.0000 -8.964760 0.9892 0.005013 -0.027580 0.016611 19.1827 57.5482 0.00000 0.000000 0.00000
40600 203.0000 -8.996457 0.9900 -0.054299 -0.025287 0.015635 19.1827 57.5482 0.00000 0.000000 0.00000
40800 204.0000 -8.990976 0.9957 -0.023972 -0.008635 -0.054146 19.1827 57.5482 0.00000 0.000000 0.00000
41000 205.0000 -8.978894 1.0132 -0.050489 -0.080033 -0.023557 19.1827 57.5482 0.00000 0.000000 0.00000
41200 206.0000 -8.983984 0.9968 -0.047747 -0.069433 0.015350 19.1827 57.5482 0.00000 0.000000 0.00000
41400 207.0000 -8.975998 1.0158 -0.068831 -0.053101 0.004564 19.1827 57.5482 0.00000 0.000000 0.00000
41600 208.0000 -8.934929 1.0007 -0.027376 -0.053862 -0.075856 19.1827 57.5482 0.00000 0.000000 0.00000
41800 209.0000 -8.931536 1.0048 -0.040968 -0.046685 -0.020958 19.1827 57.5482 0.00000 0.000000 0.00000
42000 210.0000 -8.929176 0.9891 -0.088085 -0.103572 -0.071299 19.1827 57.5482 0.00000 0.000000 0.00000
42200 211.0000 -8.974029 1.0176 -0.093215 -0.094798 -0.036996 19.1827 57.5482 0.00000 0.000000 0.00000
42400 212.0000 -8.968040 1.0014 -0.084106 -0.110712 0.000032 19.1827 57.5482 0.00000 0.000000 0.00000
42600 213.0000 -8.945130 0.9967 -0.055094 -0.054606 0.013045 19.1827 57.5482 0.00000 0.000000 0.00000
42800 214.0000 -8.967782 0.9974 -0.046711 -0.080063 -0.034963 19.1827 57.5482 0.00000 0.000000 0.00000
43000 215.0000 -8.956533 0.9892 -0.054402 -0.127792 -0.039751 19.1827 57.5482 0.00000 0.000000 0.00000
43200 216.0000 -8.964521 0.9980 -0.093343 -0.064262 0.057054 19.1827 57.5482 0.00000 0.000000 0.00000
43400 217.0000 -8.959475 1.0008 -0.033379 -0.048439 0.019205 19.1827 57.5482 0.00000 0.000000 0.00000
43600 218.0000 -8.973833 1.0004 -0.100477 -0.063792 -0.016045 19.1827 57.5482 0.00000 0.000000 0.00000
43800 219.0000 -8.968193 0.9891 -0.056218 -0.095681 -0.000703 19.1827 57.5482 0.00000 0.000000 0.00000
44000 220.0000 -8.987269 0.9996 -0.114685 -0.150765 -0.020245 19.1827 57.5482 0.00000 0.000000 0.00000
44200 221.0000 -8.948380 0.9901 -0.063494 -0.112015 0.013136 19.1827 57.5482 0.00000 0.000000 0.00000
44400 222.0000 -8.983131 0.9993 -0.059077 -0.133626 -0.047462 19.1827 57.5482 0.00000 0.000000 0.00000
44600 223.0000 -8.962487 1.0130 -0.125807 -0.045977 0.007475 19.1827 57.5482 0.00000 0.000000 0.00000
44800 224.0000 -8.935091 0.9872 -0.086241 -0.046724 -0.001433 19.1827 57.5482 0.00000 0.000000 0.00000
45000 225.0000 -8.943433 0.9932 -0.061269 -0.059354 -0.014381 19.1827 57.5482 0.00000 0.000000 0.00000
45200 226.0000 -8.940351 1.0042 -0.028803 -0.038776 0.020863 19.1827 57.5482 0.00000 0.000000 0.00000
45400 227.0000 -8.932241 1.0096 -0.045039 -0.076243 -0.048086 19.1827 57.5482 0.00000 0.000000 0.00000
45600 228.0000 -8.938901 0.9817 -0.067695 -0.087864 -0.037193 19.1827 57.5482 0.00000 0.000000 0.00000
45800 229.0000 -8.949529 0.9975 -0.080263 -0.054257 -0.015217 19.1827 57.5482 0.00000 0.000000 0.00000
46000 230.0000 -8.946339 1.0051 -0.043780 -0.022055 0.008580 19.1827 57.5482 0.00000 0.000000 0.00000
46200 231.0000 -8.959790 1.0080 -0.111828 -0.067005 -0.052972 19.1827 57.5482 0.00000 0.000000 0.00000
46400 232.0000 -8.935728 0.9949 -0.102482 -0.048215 -0.017669 19.1827 57.5482 0.00000 0.000000 0.00000
46600 233.0000 -8.929889 0.9994 -0.101303 -0.112129 0.006030 19.1827 57.5482 0.00000 0.000000 0.00000
46800 234.0000 -8.938172 1.0148 -0.043002 -0.089393 -0.009016 19.1827 57.5482 0.00000 0.000000 0.00000
47000 235.0000 -8.941404 1.0058 -0.101358 -0.104619 0.011433 19.1827 57.5482 0.00000 0.000000 0.00000
47200 236.0000 -8.922055 0.9824 -0.031530 -0.079330 0.050737 19.1827 57.5482 0.00000 0.000000 0.00000
47400 237.0000 -8.934327 0.9980 -0.021553 -0.067957 0.006132 19.1827 57.5482 0.00000 0.000000 0.00000
47600 238.0000 -8.955330 1.0022 -0.040716 -0.019097 -0.058928 19.1827 57.5482 0.00000 0.000000 0.00000
47800 239.0000 -8.940215 0.9931 -0.054997 -0.047280 0.017423 19.1827 57.5482 0.00000 0.000000 0.00000
48000 240.0000 -8.941257 1.0038 -0.078813 -0.088641 -0.008141 19.1827 57.5482 0.00000 0.000000 0.00000
48200 241.0000 -8.927973 1.0020 -0.090428 -0.062252 0.018098 19.1827 57.5482 0.00000 0.000000 0.00000
48400 242.0000 -8.912920 1.0027 0.040337 -0.053874 0.050011 19.1827 57.5482 0.00000 0.000000 0.00000
48600 243.0000 -8.964614 1.0065 -0.028787 -0.027216 0.001181 19.1827 57.5482 0.00000 0.000000 0.00000
48800 244.0000 -8.976600 0.9767 -0.118536 -0.060920 0.005222 19.1827 57.5482 0.00000 0.000000 0.00000
49000 245.0000 -9.011353 0.9898 -0.099810 -0.046841 0.038967 19.1827 57.5482 0.00000 0.000000 0.00000
49200 246.0000 -9.005901 0.9982 -0.059008 -0.007715 -0.003826 19.1827 57.5482 0.00000 0.000000 0.00000
49400 247.0000 -9.001984 1.0119 -0.081444 -0.067395 0.023764 19.1827 57.5482 0.00000 0.000000 0.00000
49600 248.0000 -8.963241 1.0026 -0.072148 -0.018749 0.006961 19.1827 57.5482 0.00000 0.000000 0.00000
49800 249.0000 -8.951950 0.9983 -0.035503 -0.115085 -0.059369 19.1827 57.5482 0.00000 0.000000 0.00000
50000 250.0000 -8.901384 0.9778 -0.044932 -0.065349 0.040817 19.1827 57.5482 0.00000 0.000000 0.00000
50200 251.0000 -8.907219 0.9984 -0.066251 -0.114907 -0.086332 19.1827 57.5482 0.00000 0.000000 0.00000
50400 252.0000 -8.922638 1.0279 -0.106425 -0.068602 -0.001055 19.1827 57.5482 0.00000 0.000000 0.00000
50600 253.0000 -8.909345 1.0056 -0.077221 -0.015639 -0.024316 19.1827 57.5482 0.00000 0.000000 0.00000
50800 254.0000 -8.924138 0.9960 -0.076708 -0.079896 -0.074173 19.1827 57.5482 0.00000 0.000000 0.00000
51000 255.0000 -8.941480 0.9930 -0.050256 -0.113021 -0.015551 19.1827 57.5482 0.00000 0.000000 0.00000
51200 256.0000 -8.959018 0.9787 -0.069813 -0.085090 -0.011986 19.1827 57.5482 0.00000 0.000000 0.00000
51400 257.0000 -8.937077 0.9992 -0.018192 0.026895 0.031118 19.1827 57.5482 0.00000 0.000000 0.00000
51600 258.0000 -8.971190 0.9921 -0.071315 -0.074518 -0.031191 19.1827 57.5482 0.00000 0.000000 0.00000
51800 259.0000 -8.969119 1.0071 -0.005629 -0.090549 0.007457 19.1827 57.5482 0.00000 0.000000 0.00000
52000 260.0000 -8.965443 1.0128 -0.010438 -0.032288 0.031386 19.1827 57.5482 0.00000 0.000000 0.00000
52200 261.0000 -8.973888 0.9981 -0.047405 -0.049858 0.020497 19.1827 57.5482 0.00000 0.000000 0.00000
52400 262.0000 -8.969880 0.9910 -0.123051 -0.103215 -0.000356 19.1827 57.5482 0.00000 0.000000 0.00000
52600 263.0000 -8.965283 1.0021 -0.040408 -0.059809 -0.016226 19.1827 57.5482 0.00000 0.000000 0.00000
52800 264.0000 -8.978330 1.0078 -0.116478 0.014647 0.021130 19.1827 57.5482 0.00000 0.000000 0.00000
53000 265.0000 -8.972891 1.0132 -0.053369 0.001005 0.011411 19.1827 57.5482 0.00000 0.000000 0.00000
53200 266.0000 -8.947455 0.9951 -0.032821 -0.033126 -0.011485 19.1827 57.5482 0.00000 0.000000 0.00000
53400 267.0000 -8.961309 1.0079 -0.078168 -0.079542 -0.063340 19.1827 57.5482 0.00000 0.000000 0.00000
53600 268.0000 -8.947517 0.9917 -0.079232 -0.064872 0.014829 19.1827 57.5482 0.00000 0.000000 0.00000
53800 269.0000 -8.948981 1.0136 -0.028041 -0.105982 0.011136 19.1827 57.5482 0.00000 0.000000 0.00000
54000 270.0000 -8.945215 1.0066 -0.119828 -0.083023 -0.017894 19.1827 57.5482 0.00000 0.000000 0.00000
54200 271.0000 -8.933411 1.0046 -0.080934 -0.081858 -0.023608 19.1827 57.5482 0.00000 0.000000 0.00000
54400 272.0000 -8.929670 0.9925 -0.101172 -0.125751 -0.030172 19.1827 57.5482 0.00000 0.000000 0.00000
54600 273.0000 -8.946951 1.0005 -0.090945 -0.036765 -0.017523 19.1827 57.5482 0.00000 0.000000 0.00000
54800 274.0000 -8.975156 1.0171 -0.071014 -0.100924 -0.021867 19.1827 57.5482 0.00000 0.000000 0.00000
55000 275.0000 -9.011114 1.0003 -0.020329 -0.078967 0.020974 19.1827 57.5482 0.00000 0.000000 0.00000
55200 276.0000 -9.023482 0.9757 -0.087046 -0.115477 0.017497 19.1827 57.5482 0.00000 0.000000 0.00000
55400 277.0000 -9.033802 0.9783 -0.070779 -0.034715 -0.028135 19.1827 57.5482 0.00000 0.000000 0.00000
55600 278.0000 -9.032698 1.0009 -0.043313 -0.027769 0.141066 19.1827 57.5482 0.00000 0.000000 0.00000
55800 279.0000 -9.033182 0.9923 -0.066291 -0.095290 0.054906 19.1827 57.5482 0.00000 0.000000 0.00000
56000 280.0000 -9.017271 0.9833 -0.032998 -0.016806 0.057309 19.1827 57.5482 0.00000 0.000000 0.00000
56200 281.0000 -9.010747 0.9939 -0.073147 -0.054406 0.019317 19.1827 57.5482 0.00000 0.000000 0.00000
56400 282.0000 -8.990423 0.9926 -0.057805 -0.103981 0.030449 19.1827 57.5482 0.00000 0.000000 0.00000
56600 283.0000 -8.972529 0.9798 -0.051302 -0.116253 -0.001539 19.1827 57.5482 0.00000 0.000000 0.00000
56800 284.0000 -8.967136 1.0042 -0.047119 -0.070927 0.040432 19.1827 57.5482 0.00000 0.000000 0.00000
57000 285.0000 -8.970655 1.0001 -0.050758 -0.007705 0.022454 19.1827 57.5482 0.00000 0.000000 0.00000
57200 286.0000 -8.956947 0.9954 -0.062017 -0.034019 -0.051403 19.1827 57.5482 0.00000 0.000000 0.00000
57400 287.0000 -8.984400 1.0148 -0.098424 -0.152719 -0.042564 19.1827 57.5482 0.00000 0.000000 0.00000
57600 288.0000 -8.927661 1.0099 -0.061678 -0.061659 0.036422 19.1827 57.5482 0.00000 0.000000 0.00000
57800 289.0000 -8.922511 1.0064 -0.082398 -0.069611 0.028535 19.1827 57.5482 0.00000 0.000000 0.00000
58000 290.0000 -8.932035 0.9860 -0.103325 -0.055991 -0.007497 19.1827 57.5482 0.00000 0.000000 0.00000
58200 291.0000 -8.973472 1.0035 -0.096017 -0.093892 -0.004180 19.1827 57.5482 0.00000 0.000000 0.00000
58400 292.0000 -8.968575 1.0097 -0.083357 -0.042540 -0.006543 19.1827 57.5482 0.00000 0.000000 0.00000
58600 293.0000 -8.986762 1.0076 -0.052039 -0.103405 0.003424 19.1827 57.5482 0.00000 0.000000 0.00000
58800 294.0000 -8.938274 0.9873 -0.085394 -0.023597 -0.011318 19.1827 57.5482 0.00000 0.000000 0.00000
59000 295.0000 -8.925580 1.0009 -0.036041 -0.094214 -0.029868 19.1827 57.5482 0.00000 0.000000 0.00000
59200 296.0000 -8.911573 0.9936 -0.108151 -0.054541 -0.035685 19.1827 57.5482 0.00000 0.000000 0.00000
59400 297.0000 -8.949579 0.9981 -0.095723 -0.061127 -0.028351 19.1827 57.5482 0.00000 0.000000 0.00000
59600 298.0000 -8.935309 0.9933 -0.079195 -0.071989 -0.027954 19.1827 57.5482 0.00000 0.000000 0.00000
59800 299.0000 -8.972887 1.0031 -0.152174 -0.153826 -0.106381 19.1827 57.5482 0.00000 0.000000 0.00000
60000 300.0000 -8.949594 0.9953 -0.079689 -0.117140 -0.001955 19.1827 57.5482 0.00000 0.000000 0.00000
60200 301.0000 -8.967951 0.9979 -0.052308 -0.083344 0.019194 19.1827 57.5482 0.00000 0.000000 0.00000
60400 302.0000 -8.959258 1.0092 -0.035096 -0.036631 -0.021178 19.1827 57.5482 0.00000 0.000000 0.00000
60600 303.0000 -8.965936 1.0213 -0.048856 -0.114426 0.024629 19.1827 57.5482 0.00000 0.000000 0.00000
60800 304.0000 -8.971419 0.9889 -0.126735 -0.083789 -0.055862 19.1827 57.5482 0.00000 0.000000 0.00000
61000 305.0000 -8.968693 0.9961 -0.096934 -0.058295 0.059000 19.1827 57.5482 0.00000 0.000000 0.00000
61200 306.0000 -8.963891 0.9946 -0.015431 -0.082590 -0.034116 19.1827 57.5482 0.00000 0.000000 0.00000
61400 307.0000 -8.997856 0.9849 -0.081779 -0.074169 -0.066574 19.1827 57.5482 0.00000 0.000000 0.00000
61600 308.0000 -9.013757 0.9733 -0.150856 -0.142030 -0.035579 19.1827 57.5482 0.00000 0.000000 0.00000
61800 309.0000 -8.977761 0.9831 -0.029054 -0.088076 -0.030278 19.1827 57.5482 0.00000 0.000000 0.00000
62000 310.0000 -8.978757 0.9887 -0.086323 -0.086537 0.009247 19.1827 57.5482 0.00000 0.000000 0.00000
62200 311.0000 -9.031923 0.9963 -0.098931 -0.141119 -0.096697 19.1827 57.5482 0.00000 0.000000 0.00000
62400 312.0000 -8.988182 0.9809 0.004360 -0.032433 0.007212 19.1827 57.5482 0.00000 0.000000 0.00000
62600 313.0000 -8.991018 0.9993 -0.111885 -0.069553 0.024273 19.1827 57.5482 0.00000 0.000000 0.00000
62800 314.0000 -8.988986 1.0055 -0.073787 -0.074837 -0.004961 19.1827 57.5482 0.00000 0.000000 0.00000
63000 315.0000 -8.960565 0.9772 -0.071812 -0.080367 -0.002623 19.1827 57.5482 0.00000 0.000000 0.00000
63200 316.0000 -8.940531 1.0068 -0.002051 -0.027991 0.102048 19.1827 57.5482 0.00000 0.000000 0.00000
63400 317.0000 -8.959544 1.0057 -0.069522 -0.044270 0.017500 19.1827 57.5482 0.00000 0.000000 0.00000
63600 318.0000 -8.989373 1.0025 -0.062745 -0.070629 -0.004328 19.1827 57.5482 0.00000 0.000000 0.00000
63800 319.0000 -8.964426 1.0203 -0.066222 -0.056327 -0.018759 19.1827 57.5482 0.00000 0.000000 0.00000
64000 320.0000 -8.964160 0.9920 -0.103650 -0.100462 0.000545 19.1827 57.5482 0.00000 0.000000 0.00000
64200 321.0000 -8.969281 0.9988 -0.054687 -0.126566 0.034961 19.1827 57.5482 0.00000 0.000000 0.00000
64400 322.0000 -8.952492 0.9867 -0.059824 -0.072038 0.038778 19.1827 57.5482 0.00000 0.000000 0.00000
64600 323.0000 -8.969457 0.9850 -0.117679 -0.066320 -0.013862 19.1827 57.5482 0.00000 0.000000 0.00000
64800 324.0000 -8.952834 0.9761 -0.100465 -0.058706 0.006223 19.1827 57.5482 0.00000 0.000000 0.00000
65000 325.0000 -8.991444 1.0023 -0.062599 -0.109453 -0.004578 19.1827 57.5482 0.00000 0.000000 0.00000
65200 326.0000 -8.994952 1.0003 -0.017077 -0.020745 0.103406 19.1827 57.5482 0.00000 0.000000 0.00000
65400 327.0000 -9.005801 0.9954 0.023679 -0.006548 0.025800 19.1827 57.5482 0.00000 0.000000 0.00000
65600 328.0000 -9.016794 0.9933 -0.074396 -0.051692 0.007037 19.1827 57.5482 0.00000 0.000000 0.00000
65800 329.0000 -8.987086 0.9909 -0.104311 -0.073594 -0.065078 19.1827 57.5482 0.00000 0.000000 0.00000
66000 330.0000 -8.974814 0.9996 -0.079875 -0.039258 0.024066 19.1827 57.5482 0.00000 0.000000 0.00000
66200 331.0000 -9.025032 1.0141 -0.078851 -0.128010 -0.031626 19.1827 57.5482 0.00000 0.000000 0.00000
66400 332.0000 -8.981907 0.9782 -0.045574 0.013988 -0.011250 19.1827 57.5482 0.00000 0.000000 0.00000
66600 333.0000 -8.990325 0.9928 -0.022690 -0.046462 -0.002859 19.1827 57.5482 0.00000 0.000000 0.00000
66800 334.0000 -8.993378 0.9907 -0.069758 -0.058985 -0.003491 19.1827 57.5482 0.00000 0.000000 0.00000
67000 335.0000 -8.988407 1.0178 -0.090934 -0.081717 0.021668 19.1827 57.5482 0.00000 0.000000 0.00000
67200 336.0000 -8.978296 0.9956 -0.079813 -0.044835 0.014345 19.1827 57.5482 0.00000 0.000000 0.00000
67400 337.0000 -8.987563 1.0131 -0.012357 -0.044596 0.019234 19.1827 57.5482 0.00000 0.000000 0.00000
67600 338.0000 -8.968054 0.9981 -0.066746 -0.028047 -0.041657 19.1827 57.5482 0.00000 0.000000 0.00000
67800 339.0000 -8.952368 0.9896 -0.055003 -0.013499 0.033643 19.1827 57.5482 0.00000 0.000000 0.00000
68000 340.0000 -8.946282 0.9852 -0.124588 -0.069528 -0.079647 19.1827 57.5482 0.00000 0.000000 0.00000
68200 341.0000 -8.963050 0.9958 -0.118908 -0.087260 -0.053704 19.1827 57.5482 0.00000 0.000000 0.00000
68400 342.0000 -8.956298 0.9863 -0.033256 -0.090291 -0.054980 19.1827 57.5482 0.00000 0.000000 0.00000
68600 343.0000 -8.954692 0.9979 -0.121967 -0.056207 -0.017315 19.1827 57.5482 0.00000 0.000000 0.00000
68800 344.0000 -8.956540 1.0147 -0.061112 -0.035631 0.026324 19.1827 57.5482 0.00000 0.000000 0.00000
69000 345.0000 -8.968026 0.9913 -0.084991 -0.157570 0.029152 19.1827 57.5482 0.00000 0.000000 0.00000
69200 346.0000 -8.985713 1.0037 -0.070765 -0.069612 0.012072 19.1827 57.5482 0.00000 0.000000 0.00000
69400 347.0000 -8.979351 0.9976 -0.054956 -0.079121 0.018003 19.1827 57.5482 0.00000 0.000000 0.00000
69600 348.0000 -9.000656 0.9753 -0.081843 -0.095870 0.012623 19.1827 57.5482 0.00000 0.000000 0.00000
69800 349.0000 -8.993937 0.9926 -0.038522 -0.055162 -0.040595 19.1827 57.5482 0.00000 0.000000 0.00000
70000 350.0000 -8.982224 0.9929 0.009415 -0.024161 0.071893 19.1827 57.5482 0.00000 0.000000 0.00000
70200 351.0000 -9.016438 1.0153 -0.101173 -0.078010 0.012812 19.1827 57.5482 0.00000 0.000000 0.00000
70400 352.0000 -8.973615 0.9646 -0.089825 -0.076330 0.044747 19.1827 57.5482 0.00000 0.000000 0.00000
70600 353.0000 -8.972100 0.9983 -0.117309 -0.022028 0.007768 19.1827 57.5482 0.00000 0.000000 0.00000
70800 354.0000 -8.995139 0.9919 -0.038138 -0.064502 -0.026088 19.1827 57.5482 0.00000 0.000000 0.00000
71000 355.0000 -9.018478 0.9998 -0.033298 -0.092017 0.013709 19.1827 57.5482 0.00000 0.000000 0.00000
71200 356.0000 -8.986326 0.9978 -0.063648 -0.032432 0.053140 19.1827 57.5482 0.00000 0.000000 0.00000
71400 357.0000 -8.944244 0.9898 0.004071 -0.037061 0.008410 19.1827 57.5482 0.00000 0.000000 0.00000
71600 358.0000 -8.931900 0.9859 0.014777 0.006194 0.067943 19.1827 57.5482 0.00000 0.000000 0.00000
71800 359.0000 -8.962300 0.9939 -0.027867 -0.087373 -0.051440 19.1827 57.5482 0.00000 0.000000 0.00000
72000 360.0000 -8.956338 1.0024 -0.075978 -0.044789 0.020116 19.1827 57.5482 0.00000 0.000000 0.00000
72200 361.0000 -8.952741 1.0027 -0.106221 0.012246 0.066786 19.1827 57.5482 0.00000 0.000000 0.00000
72400 362.0000 -8.955448 1.0040 -0.063688 -0.042815 0.022716 19.1827 57.5482 0.00000 0.000000 0.00000
72600 363.0000 -8.958500 0.9863 -0.064131 -0.023535 0.029982 19.1827 57.5482 0.00000 0.000000 0.00000
72800 364.0000 -8.977240 0.9905 -0.059387 -0.056346 -0.032636 19.1827 57.5482 0.00000 0.000000 0.00000
73000 365.0000 -8.980412 1.0110 -0.059441 -0.011949 0.022204 19.1827 57.5482 0.00000 0.000000 0.00000
73200 366.0000 -8.994757 1.0094 -0.101685 -0.112499 -0.011117 19.1827 57.5482 0.00000 0.000000 0.00000
73400 367.0000 -8.960471 0.9996 -0.043915 -0.036790 0.008259 19.1827 57.5482 0.00000 0.000000 0.00000
73600 368.0000 -8.963194 0.9904 -0.010342 -0.027060 -0.025352 19.1827 57.5482 0.00000 0.000000 0.00000
73800 369.0000 -8.957504 0.9997 -0.139002 -0.004328 -0.003103 19.1827 57.5482 0.00000 0.000000 0.00000
74000 370.0000 -8.956318 0.9890 -0.123508 -0.088729 -0.007450 19.1827 57.5482 0.00000 0.000000 0.00000
74200 371.0000 -8.960531 0.9937 -0.043117 -0.040079 -0.007267 19.1827 57.5482 0.00000 0.000000 0.00000
74400 372.0000 -8.959907 1.0066 -0.031221 0.015307 0.000089 19.1827 57.5482 0.00000 0.000000 0.00000
74600 373.0000 -8.971018 0.9985 -0.034477 -0.094945 0.014466 19.1827 57.5482 0.00000 0.000000 0.00000
74800 374.0000 -8.954756 0.9908 -0.027075 -0.035155 -0.021907 19.1827 57.5482 0.00000 0.000000 0.00000
75000 375.0000 -9.009751 1.0019 -0.067135 -0.055275 -0.008420 19.1827 57.5482 0.00000 0.000000 0.00000
75200 376.0000 -8.987837 0.9950 -0.007450 -0.092041 0.044417 19.1827 57.5482 0.00000 0.000000 0.00000
75400 377.0000 -8.985050 1.0126 -0.076837 -0.031027 0.036091 19.1827 57.5482 0.00000 0.000000 0.00000
75600 378.0000 -8.951123 1.0081 -0.073570 -0.102965 -0.014374 19.1827 57.5482 0.00000 0.000000 0.00000
75800 379.0000 -8.955471 0.9924 -0.054076 -0.094004 -0.055738 19.1827 57.5482 0.00000 0.000000 0.00000
76000 380.0000 -8.939266 0.9861 -0.053501 -0.071509 -0.041686 19.1827 57.5482 0.00000 0.000000 0.00000
76200 381.0000 -8.953283 0.9857 -0.063575 -0.111362 -0.063608 19.1827 57.5482 0.00000 0.000000 0.00000
76400 382.0000 -8.958972 1.0132 -0.084253 -0.067467 0.009651 19.1827 57.5482 0.00000 0.000000 0.00000
76600 383.0000 -8.965605 0.9997 -0.059381 -0.039772 0.059992 19.1827 57.5482 0.00000 0.000000 0.00000
76800 384.0000 -8.959740 0.9928 -0.019408 -0.068679 0.014086 19.1827 57.5482 0.00000 0.000000 0.00000
77000 385.0000 -8.973955 1.0103 -0.094193 -0.152741 -0.006506 19.1827 57.5482 0.00000 0.000000 0.00000
77200 386.0000 -8.953814 0.9909 -0.118256 -0.108369 -0.021198 19.1827 57.5482 0.00000 0.000000 0.00000
77400 387.0000 -8.945148 0.9942 -0.059685 -0.116209 0.042865 19.1827 57.5482 0.00000 0.000000 0.00000
77600 388.0000 -8.965140 0.9843 -0.023693 -0.063443 -0.021155 19.1827 57.5482 0.00000 0.000000 0.00000
77800 389.0000 -9.009564 1.0066 -0.120604 -0.062881 -0.022044 19.1827 57.5482 0.00000 0.000000 0.00000
78000 390.0000 -9.008138 0.9807 -0.115250 -0.103215 0.013238 19.1827 57.5482 0.00000 0.000000 0.00000
78200 391.0000 -8.989816 0.9914 -0.085371 -0.074207 -0.003105 19.1827 57.5482 0.00000 0.000000 0.00000
78400 392.0000 -8.988148 1.0048 -0.017389 -0.066319 0.020393 19.1827 57.5482 0.00000 0.000000 0.00000
78600 393.0000 -9.003654 1.0127 -0.075880 -0.065786 -0.012918 19.1827 57.5482 0.00000 0.000000 0.00000
78800 394.0000 -8.985620 0.9868 -0.085226 -0.080425 -0.031502 19.1827 57.5482 0.00000 0.000000 0.00000
79000 395.0000 -9.000963 1.0130 -0.020871 -0.092053 0.010139 19.1827 57.5482 0.00000 0.000000 0.00000
79200 396.0000 -9.005587 0.9876 -0.091535 -0.105916 -0.032238 19.1827 57.5482 0.00000 0.000000 0.00000
79400 397.0000 -8.996601 0.9695 -0.086596 -0.113709 -0.005017 19.1827 57.5482 0.00000 0.000000 0.00000
79600 398.0000 -8.970829 0.9704 -0.106711 -0.022198 -0.071052 19.1827 57.5482 0.00000 0.000000 0.00000
79800 399.0000 -8.980677 0.9907 -0.089649 -0.025182 0.033702 19.1827 57.5482 0.00000 0.000000 0.00000
80000 400.0000 -8.986834 1.0079 -0.121384 -0.084883 0.017137 19.1827 57.5482 0.00000 0.000000 0.00000
