# step time Epot/N T Pxx Pyy Pzz Lx Lz gap comF areaperlipid
0 0.0000 -7.274360 1.0190 2.810594 2.655470 2.667963 16.7577 50.2730 0.00000 0.000000 0.00000
200 1.0000 -8.338515 1.0418 -0.159757 -0.135894 -0.068900 16.7577 50.2730 0.00000 0.000000 0.00000
400 2.0000 -8.398851 1.0203 -0.259514 -0.173831 -0.117511 16.7577 50.2730 0.00000 0.000000 0.00000
600 3.0000 -8.492575 1.0144 -0.181290 -0.171180 -0.061365 16.7577 50.2730 0.00000 0.000000 0.00000
800 4.0000 -8.583259 0.9936 -0.120451 -0.167230 -0.007498 16.7577 50.2730 0.00000 0.000000 0.00000
1000 5.0000 -8.678046 0.9858 -0.106313 -0.120233 0.069622 16.7577 50.2730 0.00000 0.000000 0.00000
1200 6.0000 -8.816481 0.9890 -0.091760 -0.141269 -0.146688 16.7577 50.2730 0.00000 0.000000 0.00000
1400 7.0000 -8.820446 1.0122 -0.132705 -0.065391 -0.013650 16.7577 50.2730 0.00000 0.000000 0.00000
1600 8.0000 -8.843682 1.0105 -0.030569 -0.089060 -0.001458 16.7577 50.2730 0.00000 0.000000 0.00000
1800 9.0000 -8.860463 0.9954 -0.085216 -0.087868 0.017082 16.7577 50.2730 0.00000 0.000000 0.00000
2000 10.0000 -8.894208 1.0231 -0.080007 -0.092830 -0.028458 16.7577 50.2730 0.00000 0.000000 0.00000
2200 11.0000 -8.876439 0.9977 -0.048428 0.013385 0.060794 16.7577 50.2730 0.00000 0.000000 0.00000
2400 12.0000 -8.899536 1.0258 -0.070080 -0.097816 -0.046463 16.7577 50.2730 0.00000 0.000000 0.00000
2600 13.0000 -8.876889 0.9940 -0.075057 -0.083558 0.012895 16.7577 50.2730 0.00000 0.000000 0.00000
2800 14.0000 -8.873935 0.9935 -0.084111 -0.113675 0.054829 16.7577 50.2730 0.00000 0.000000 0.00000
3000 15.0000 -8.889571 1.0311 -0.043005 -0.074717 -0.043820 16.7577 50.2730 0.00000 0.000000 0.00000
3200 16.0000 -8.918767 1.0088 -0.138270 -0.065618 0.006395 16.7577 50.2730 0.00000 0.000000 0.00000
3400 17.0000 -8.921644 1.0261 -0.066048 -0.142348 -0.063477 16.7577 50.2730 0.00000 0.000000 0.00000
3600 18.0000 -8.877324 0.9927 -0.134888 -0.097027 -0.001181 16.7577 50.2730 0.00000 0.000000 0.00000
3800 19.0000 -8.873544 0.9963 -0.132339 -0.139331 -0.085796 16.7577 50.2730 0.00000 0.000000 0.00000
4000 20.0000 -8.868379 0.9744 -0.120437 -0.099268 -0.050976 16.7577 50.2730 0.00000 0.000000 0.00000
4200 21.0000 -8.927584 1.0085 -0.127113 -0.120598 -0.075378 16.7577 50.2730 0.00000 0.000000 0.00000
4400 22.0000 -8.922528 1.0049 -0.119475 -0.014578 0.079916 16.7577 50.2730 0.00000 0.000000 0.00000
4600 23.0000 -8.916200 0.9787 -0.011767 -0.116479 -0.070501 16.7577 50.2730 0.00000 0.000000 0.00000
4800 24.0000 -8.934604 1.0148 -0.048939 -0.067590 -0.018200 16.7577 50.2730 0.00000 0.000000 0.00000
5000 25.0000 -8.899619 0.9756 0.011787 -0.038350 0.121491 16.7577 50.2730 0.00000 0.000000 0.00000
5200 26.0000 -8.950485 1.0099 -0.060168 -0.057260 0.040423 16.7577 50.2730 0.00000 0.000000 0.00000
5400 27.0000 -8.917033 0.9898 0.009417 -0.105039 -0.068440 16.7577 50.2730 0.00000 0.000000 0.00000
5600 28.0000 -8.895203 1.0014 -0.016758 -0.006144 0.095761 16.7577 50.2730 0.00000 0.000000 0.00000
5800 29.0000 -8.887675 0.9916 -0.091889 0.039511 0.081239 16.7577 50.2730 0.00000 0.000000 0.00000
6000 30.0000 -8.894178 0.9892 -0.025098 -0.127460 -0.037918 16.7577 50.2730 0.00000 0.000000 0.00000
6200 31.0000 -8.872152 0.9786 -0.076316 -0.062747 0.042565 16.7577 50.2730 0.00000 0.000000 0.00000
6400 32.0000 -8.892022 0.9855 -0.101107 -0.147606 -0.069409 16.7577 50.2730 0.00000 0.000000 0.00000
6600 33.0000 -8.889575 1.0012 -0.094228 -0.061306 -0.003930 16.7577 50.2730 0.00000 0.000000 0.00000
6800 34.0000 -8.887115 0.9969 -0.128594 -0.101020 0.008438 16.7577 50.2730 0.00000 0.000000 0.00000
7000 35.0000 -8.888724 1.0091 0.025359 0.024190 0.012543 16.7577 50.2730 0.00000 0.000000 0.00000
7200 36.0000 -8.911080 0.9996 -0.000193 -0.065013 0.132525 16.7577 50.2730 0.00000 0.000000 0.00000
7400 37.0000 -8.886171 1.0065 -0.084752 0.026544 -0.011348 16.7577 50.2730 0.00000 0.000000 0.00000
7600 38.0000 -8.908273 0.9754 -0.132448 -0.156004 -0.098080 16.7577 50.2730 0.00000 0.000000 0.00000
7800 39.0000 -8.910797 1.0034 -0.091085 -0.066355 0.022755 16.7577 50.2730 0.00000 0.000000 0.00000
8000 40.0000 -8.918105 0.9956 -0.054340 -0.052656 0.013135 16.7577 50.2730 0.00000 0.000000 0.00000
8200 41.0000 -8.896605 0.9878 0.008823 -0.025492 0.032425 16.7577 50.2730 0.00000 0.000000 0.00000
8400 42.0000 -8.906535 0.9905 -0.072147 0.004770 0.028428 16.7577 50.2730 0.00000 0.000000 0.00000
8600 43.0000 -8.951451 0.9937 -0.098429 -0.095434 -0.029515 16.7577 50.2730 0.00000 0.000000 0.00000
8800 44.0000 -8.941469 0.9823 -0.017386 -0.009093 0.039267 16.7577 50.2730 0.00000 0.000000 0.00000
9000 45.0000 -8.928431 0.9925 0.024274 -0.023011 0.052023 16.7577 50.2730 0.00000 0.000000 0.00000
9200 46.0000 -8.911149 0.9971 -0.071076 -0.017112 -0.054702 16.7577 50.2730 0.00000 0.000000 0.00000
9400 47.0000 -8.883984 0.9845 -0.094130 -0.100331 -0.001482 16.7577 50.2730 0.00000 0.000000 0.00000
9600 48.0000 -8.877880 1.0029 -0.120979 -0.008507 0.048184 16.7577 50.2730 0.00000 0.000000 0.00000
9800 49.0000 -8.909858 0.9871 -0.068601 -0.149319 -0.057353 16.7577 50.2730 0.00000 0.000000 0.00000
10000 50.0000 -8.899182 1.0011 -0.133297 -0.076342 -0.027130 16.7577 50.2730 0.00000 0.000000 0.00000
10200 51.0000 -8.911338 0.9852 -0.166892 -0.114225 -0.074319 16.7577 50.2730 0.00000 0.000000 0.00000
10400 52.0000 -8.843013 0.9926 -0.082962 -0.121081 -0.016479 16.7577 50.2730 0.00000 0.000000 0.00000
10600 53.0000 -8.837611 0.9998 -0.088137 -0.055553 -0.068557 16.7577 50.2730 0.00000 0.000000 0.00000
10800 54.0000 -8.840683 1.0079 -0.073580 -0.083511 0.033028 16.7577 50.2730 0.00000 0.000000 0.00000
11000 55.0000 -8.840030 0.9882 -0.138131 -0.087923 -0.030194 16.7577 50.2730 0.00000 0.000000 0.00000
11200 56.0000 -8.881290 1.0033 -0.080617 -0.084971 -0.027984 16.7577 50.2730 0.00000 0.000000 0.00000
11400 57.0000 -8.915831 1.0039 -0.082457 -0.072737 -0.038861 16.7577 50.2730 0.00000 0.000000 0.00000
11600 58.0000 -8.913874 0.9990 -0.107426 -0.097555 -0.063603 16.7577 50.2730 0.00000 0.000000 0.00000
11800 59.0000 -8.854392 0.9924 -0.076240 -0.084093 -0.031936 16.7577 50.2730 0.00000 0.000000 0.00000
12000 60.0000 -8.859200 0.9837 -0.119032 -0.162506 -0.050967 16.7577 50.2730 0.00000 0.000000 0.00000
12200 61.0000 -8.878103 1.0121 -0.084569 -0.110914 0.019103 16.7577 50.2730 0.00000 0.000000 0.00000
12400 62.0000 -8.903884 0.9995 -0.121375 -0.086338 -0.064688 16.7577 50.2730 0.00000 0.000000 0.00000
12600 63.0000 -8.881458 0.9828 0.004171 -0.098637 -0.023519 16.7577 50.2730 0.00000 0.000000 0.00000
12800 64.0000 -8.903938 0.9894 -0.045684 -0.027257 0.038245 16.7577 50.2730 0.00000 0.000000 0.00000
13000 65.0000 -8.935791 0.9904 -0.200720 -0.136628 -0.035222 16.7577 50.2730 0.00000 0.000000 0.00000
13200 66.0000 -8.868580 0.9740 -0.124102 -0.149179 -0.001992 16.7577 50.2730 0.00000 0.000000 0.00000
13400 67.0000 -8.882092 0.9673 -0.136360 -0.092864 -0.003332 16.7577 50.2730 0.00000 0.000000 0.00000
13600 68.0000 -8.900435 0.9991 -0.041750 -0.076633 -0.067417 16.7577 50.2730 0.00000 0.000000 0.00000
13800 69.0000 -8.876433 1.0124 -0.086327 -0.078567 -0.019585 16.7577 50.2730 0.00000 0.000000 0.00000
14000 70.0000 -8.872842 0.9764 -0.088635 -0.145941 -0.032973 16.7577 50.2730 0.00000 0.000000 0.00000
14200 71.0000 -8.873604 0.9843 -0.088203 -0.125577 0.033726 16.7577 50.2730 0.00000 0.000000 0.00000
14400 72.0000 -8.907780 0.9808 -0.023722 -0.086404 -0.011540 16.7577 50.2730 0.00000 0.000000 0.00000
14600 73.0000 -8.870226 0.9918 -0.102191 -0.041871 0.050422 16.7577 50.2730 0.00000 0.000000 0.00000
14800 74.0000 -8.891669 1.0225 -0.111108 -0.057767 0.002055 16.7577 50.2730 0.00000 0.000000 0.00000
15000 75.0000 -8.887523 1.0081 -0.085213 -0.040034 -0.043623 16.7577 50.2730 0.00000 0.000000 0.00000
15200 76.0000 -8.899163 1.0022 -0.183050 -0.064846 -0.020903 16.7577 50.2730 0.00000 0.000000 0.00000
15400 77.0000 -8.912576 1.0044 -0.088981 -0.075808 0.026211 16.7577 50.2730 0.00000 0.000000 0.00000
15600 78.0000 -8.856036 0.9782 -0.067033 -0.004110 -0.020695 16.7577 50.2730 0.00000 0.000000 0.00000
15800 79.0000 -8.884267 0.9943 -0.088653 -0.040855 0.037681 16.7577 50.2730 0.00000 0.000000 0.00000
16000 80.0000 -8.871541 0.9872 -0.010997 -0.059371 0.034586 16.7577 50.2730 0.00000 0.000000 0.00000
16200 81.0000 -8.880688 0.9908 -0.106542 -0.124237 -0.017143 16.7577 50.2730 0.00000 0.000000 0.00000
16400 82.0000 -8.888682 1.0084 -0.074147 -0.076640 -0.019852 16.7577 50.2730 0.00000 0.000000 0.00000
16600 83.0000 -8.896104 1.0026 -0.031750 -0.012434 0.035292 16.7577 50.2730 0.00000 0.000000 0.00000
16800 84.0000 -8.909508 0.9883 0.000872 -0.053719 0.030567 16.7577 50.2730 0.00000 0.000000 0.00000
17000 85.0000 -8.918986 0.9937 0.019723 0.027169 0.059648 16.7577 50.2730 0.00000 0.000000 0.00000
17200 86.0000 -8.927935 1.0057 -0.092277 -0.063047 0.019613 16.7577 50.2730 0.00000 0.000000 0.00000
17400 87.0000 -8.912765 0.9840 0.010637 -0.030717 0.052814 16.7577 50.2730 0.00000 0.000000 0.00000
17600 88.0000 -8.906323 1.0081 -0.067570 0.010758 0.077739 16.7577 50.2730 0.00000 0.000000 0.00000
17800 89.0000 -8.922322 1.0096 -0.040231 -0.100391 0.033813 16.7577 50.2730 0.00000 0.000000 0.00000
18000 90.0000 -8.917083 1.0171 -0.059135 -0.077305 -0.019328 16.7577 50.2730 0.00000 0.000000 0.00000
18200 91.0000 -8.875717 1.0058 -0.068469 -0.006416 0.043740 16.7577 50.2730 0.00000 0.000000 0.00000
18400 92.0000 -8.898472 0.9925 -0.040732 -0.068867 0.021384 16.7577 50.2730 0.00000 0.000000 0.00000
18600 93.0000 -8.893639 1.0094 -0.103519 -0.015238 0.003536 16.7577 50.2730 0.00000 0.000000 0.00000
18800 94.0000 -8.852737 1.0044 -0.113794 -0.168371 -0.082936 16.7577 50.2730 0.00000 0.000000 0.00000
19000 95.0000 -8.834429 0.9919 -0.130391 -0.093768 -0.046047 16.7577 50.2730 0.00000 0.000000 0.00000
19200 96.0000 -8.859328 1.0117 -0.008968 -0.076352 0.001332 16.7577 50.2730 0.00000 0.000000 0.00000
19400 97.0000 -8.886889 1.0063 -0.079492 -0.038534 0.014922 16.7577 50.2730 0.00000 0.000000 0.00000
19600 98.0000 -8.931129 0.9973 -0.058147 -0.114990 -0.025308 16.7577 50.2730 0.00000 0.000000 0.00000
19800 99.0000 -8.920018 0.9854 -0.058752 -0.021655 -0.057195 16.7577 50.2730 0.00000 0.000000 0.00000
20000 100.0000 -8.915428 0.9915 -0.059197 -0.011457 -0.008381 16.7577 50.2730 0.00000 0.000000 0.00000
20200 101.0000 -8.936620 0.9870 -0.054043 -0.010623 0.033379 16.7577 50.2730 0.00000 0.000000 0.00000
20400 102.0000 -8.952681 0.9893 -0.044281 -0.051772 -0.016894 16.7577 50.2730 0.00000 0.000000 0.00000
20600 103.0000 -8.941352 0.9984 -0.163783 -0.059796 -0.017902 16.7577 50.2730 0.00000 0.000000 0.00000
20800 104.0000 -8.903177 1.0020 -0.037514 -0.038422 0.043752 16.7577 50.2730 0.00000 0.000000 0.00000
21000 105.0000 -8.878466 1.0050 -0.029894 0.000626 0.059895 16.7577 50.2730 0.00000 0.000000 0.00000
21200 106.0000 -8.881650 0.9829 -0.135426 -0.074188 -0.082186 16.7577 50.2730 0.00000 0.000000 0.00000
21400 107.0000 -8.913498 0.9962 -0.104244 -0.119415 -0.044572 16.7577 50.2730 0.00000 0.000000 0.00000
21600 108.0000 -8.898323 0.9733 -0.112552 -0.102388 0.017808 16.7577 50.2730 0.00000 0.000000 0.00000
21800 109.0000 -8.920330 1.0015 -0.098935 -0.056378 0.013559 16.7577 50.2730 0.00000 0.000000 0.00000
22000 110.0000 -8.934008 1.0054 -0.105038 -0.068185 0.005191 16.7577 50.2730 0.00000 0.000000 0.00000
22200 111.0000 -8.939270 0.9974 -0.092861 -0.078477 0.025876 16.7577 50.2730 0.00000 0.000000 0.00000
22400 112.0000 -8.932810 0.9851 -0.052519 -0.141200 0.080428 16.7577 50.2730 0.00000 0.000000 0.00000
22600 113.0000 -8.917392 0.9943 -0.159562 -0.029645 -0.071517 16.7577 50.2730 0.00000 0.000000 0.00000
22800 114.0000 -8.887753 1.0126 -0.093900 -0.083258 0.017612 16.7577 50.2730 0.00000 0.000000 0.00000
23000 115.0000 -8.855273 0.9890 -0.161743 -0.141001 -0.061781 16.7577 50.2730 0.00000 0.000000 0.00000
23200 116.0000 -8.826315 1.0007 -0.118969 -0.155838 -0.015534 16.7577 50.2730 0.00000 0.000000 0.00000
23400 117.0000 -8.813252 1.0019 -0.055886 -0.101044 -0.006568 16.7577 50.2730 0.00000 0.000000 0.00000
23600 118.0000 -8.835906 0.9806 -0.025879 -0.094438 0.009133 16.7577 50.2730 0.00000 0.000000 0.00000
23800 119.0000 -8.862717 0.9972 0.025323 -0.043890 0.058592 16.7577 50.2730 0.00000 0.000000 0.00000
24000 120.0000 -8.892327 1.0238 0.033696 -0.043978 0.019038 16.7577 50.2730 0.00000 0.000000 0.00000
24200 121.0000 -8.902288 0.9950 0.019653 -0.068045 -0.031651 16.7577 50.2730 0.00000 0.000000 0.00000
24400 122.0000 -8.891315 1.0016 -0.092043 -0.104182 0.062684 16.7577 50.2730 0.00000 0.000000 0.00000
24600 123.0000 -8.899026 0.9837 -0.113873 -0.158320 -0.063456 16.7577 50.2730 0.00000 0.000000 0.00000
24800 124.0000 -8.914396 0.9894 -0.111756 -0.099601 0.015473 16.7577 50.2730 0.00000 0.000000 0.00000
25000 125.0000 -8.904484 0.9898 -0.102480 -0.056675 0.013080 16.7577 50.2730 0.00000 0.000000 0.00000
25200 126.0000 -8.902414 1.0051 -0.077713 -0.114763 -0.023403 16.7577 50.2730 0.00000 0.000000 0.00000
25400 127.0000 -8.884734 1.0049 -0.100859 -0.146436 -0.053210 16.7577 50.2730 0.00000 0.000000 0.00000
25600 128.0000 -8.865085 0.9984 -0.154213 -0.068637 -0.047436 16.7577 50.2730 0.00000 0.000000 0.00000
25800 129.0000 -8.822016 1.0091 -0.054255 -0.084088 0.004523 16.7577 50.2730 0.00000 0.000000 0.00000
26000 130.0000 -8.822151 1.0070 -0.036024 -0.100791 -0.026004 16.7577 50.2730 0.00000 0.000000 0.00000
26200 131.0000 -8.828763 1.0195 -0.130572 -0.140481 -0.088602 16.7577 50.2730 0.00000 0.000000 0.00000
26400 132.0000 -8.803782 1.0022 -0.081268 -0.090511 -0.042400 16.7577 50.2730 0.00000 0.000000 0.00000
26600 133.0000 -8.864726 1.0021 -0.182163 -0.156356 -0.080380 16.7577 50.2730 0.00000 0.000000 0.00000
26800 134.0000 -8.833599 1.0126 -0.082450 -0.090886 0.022203 16.7577 50.2730 0.00000 0.000000 0.00000
27000 135.0000 -8.853465 1.0112 -0.152204 -0.055924 -0.057211 16.7577 50.2730 0.00000 0.000000 0.00000
27200 136.0000 -8.837363 1.0031 -0.105851 -0.003057 -0.020175 16.7577 50.2730 0.00000 0.000000 0.00000
27400 137.0000 -8.829286 0.9824 -0.120251 -0.134343 -0.010912 16.7577 50.2730 0.00000 0.000000 0.00000
27600 138.0000 -8.892769 0.9865 -0.017740 -0.107146 -0.036847 16.7577 50.2730 0.00000 0.000000 0.00000
27800 139.0000 -8.909292 0.9981 -0.070933 -0.007864 -0.011528 16.7577 50.2730 0.00000 0.000000 0.00000
28000 140.0000 -8.935037 1.0011 -0.065454 -0.076882 -0.021007 16.7577 50.2730 0.00000 0.000000 0.00000
28200 141.0000 -8.906591 0.9967 -0.083575 -0.051884 0.041098 16.7577 50.2730 0.00000 0.000000 0.00000
28400 142.0000 -8.936572 0.9979 -0.160402 -0.065901 -0.087199 16.7577 50.2730 0.00000 0.000000 0.00000
28600 143.0000 -8.897665 0.9727 -0.133873 -0.025008 0.019213 16.7577 50.2730 0.00000 0.000000 0.00000
28800 144.0000 -8.907872 0.9848 -0.098148 -0.067502 -0.043345 16.7577 50.2730 0.00000 0.000000 0.00000
29000 145.0000 -8.924503 0.9823 -0.102454 -0.157595 -0.071197 16.7577 50.2730 0.00000 0.000000 0.00000
29200 146.0000 -8.907669 0.9991 -0.131201 -0.066540 -0.032524 16.7577 50.2730 0.00000 0.000000 0.00000
29400 147.0000 -8.883933 0.9728 -0.026355 -0.094135 -0.021336 16.7577 50.2730 0.00000 0.000000 0.00000
29600 148.0000 -8.888581 1.0221 -0.059864 -0.093280 -0.029154 16.7577 50.2730 0.00000 0.000000 0.00000
29800 149.0000 -8.854018 0.9899 -0.056986 -0.006023 -0.034095 16.7577 50.2730 0.00000 0.000000 0.00000
30000 150.0000 -8.915610 1.0170 -0.156249 -0.074576 -0.026882 16.7577 50.2730 0.00000 0.000000 0.00000
30200 151.0000 -8.898089 1.0126 -0.059525 -0.057689 0.104082 16.7577 50.2730 0.00000 0.000000 0.00000
30400 152.0000 -8.885829 0.9968 -0.028999 -0.000036 0.073091 16.7577 50.2730 0.00000 0.000000 0.00000
30600 153.0000 -8.883044 1.0066 -0.101095 -0.109526 0.057981 16.7577 50.2730 0.00000 0.000000 0.00000
30800 154.0000 -8.850734 0.9976 -0.076796 -0.035671 0.005844 16.7577 50.2730 0.00000 0.000000 0.00000
31000 155.0000 -8.882532 1.0223 -0.191172 -0.117381 -0.074925 16.7577 50.2730 0.00000 0.000000 0.00000
31200 156.0000 -8.835256 1.0115 -0.086411 -0.093041 -0.034138 16.7577 50.2730 0.00000 0.000000 0.00000
31400 157.0000 -8.839107 0.9897 -0.013097 -0.035865 0.068560 16.7577 50.2730 0.00000 0.000000 0.00000
31600 158.0000 -8.889893 0.9945 -0.094565 -0.087041 -0.030618 16.7577 50.2730 0.00000 0.000000 0.00000
31800 159.0000 -8.907925 0.9941 0.000972 -0.109260 0.069959 16.7577 50.2730 0.00000 0.000000 0.00000
32000 160.0000 -8.905907 0.9604 -0.081387 -0.067973 -0.072931 16.7577 50.2730 0.00000 0.000000 0.00000
32200 161.0000 -8.920983 0.9748 -0.085441 -0.018470 0.036875 16.7577 50.2730 0.00000 0.000000 0.00000
32400 162.0000 -8.898159 1.0048 -0.064287 0.000636 0.003669 16.7577 50.2730 0.00000 0.000000 0.00000
32600 163.0000 -8.879949 1.0121 -0.024836 0.030297 0.049863 16.7577 50.2730 0.00000 0.000000 0.00000
32800 164.0000 -8.914188 1.0013 -0.108998 -0.104917 0.012547 16.7577 50.2730 0.00000 0.000000 0.00000
33000 165.0000 -8.898868 0.9922 -0.115096 -0.107462 -0.034251 16.7577 50.2730 0.00000 0.000000 0.00000
33200 166.0000 -8.889099 0.9888 -0.067807 -0.091395 -0.042662 16.7577 50.2730 0.00000 0.000000 0.00000
33400 167.0000 -8.863578 0.9737 -0.071174 -0.052323 -0.058232 16.7577 50.2730 0.00000 0.000000 0.00000
33600 168.0000 -8.886586 0.9878 -0.081465 -0.003552 0.046388 16.7577 50.2730 0.00000 0.000000 0.00000
33800 169.0000 -8.872992 0.9800 -0.101265 -0.023486 -0.053303 16.7577 50.2730 0.00000 0.000000 0.00000
34000 170.0000 -8.865182 0.9880 -0.059882 -0.071406 -0.014143 16.7577 50.2730 0.00000 0.000000 0.00000
34200 171.0000 -8.881244 0.9954 -0.088627 -0.086656 0.042761 16.7577 50.2730 0.00000 0.000000 0.00000
34400 172.0000 -8.893902 1.0175 -0.071777 -0.085489 0.018792 16.7577 50.2730 0.00000 0.000000 0.00000
34600 173.0000 -8.878922 0.9916 -0.115727 -0.114425 -0.007530 16.7577 50.2730 0.00000 0.000000 0.00000
34800 174.0000 -8.844175 1.0012 -0.086505 -0.137272 -0.033817 16.7577 50.2730 0.00000 0.000000 0.00000
35000 175.0000 -8.834548 1.0324 -0.142671 -0.119045 0.033694 16.7577 50.2730 0.00000 0.000000 0.00000
35200 176.0000 -8.811796 1.0049 -0.102945 -0.143221 -0.050230 16.7577 50.2730 0.00000 0.000000 0.00000
35400 177.0000 -8.813964 0.9999 -0.157744 -0.133302 -0.013643 16.7577 50.2730 0.00000 0.000000 0.00000
35600 178.0000 -8.813462 1.0003 -0.044468 -0.085706 0.017166 16.7577 50.2730 0.00000 0.000000 0.00000
35800 179.0000 -8.842267 1.0192 -0.083961 -0.070937 0.008692 16.7577 50.2730 0.00000 0.000000 0.00000
36000 180.0000 -8.873747 1.0084 -0.098962 -0.169569 -0.002999 16.7577 50.2730 0.00000 0.000000 0.00000
36200 181.0000 -8.884948 0.9955 -0.056193 -0.075063 -0.005531 16.7577 50.2730 0.00000 0.000000 0.00000
36400 182.0000 -8.913658 0.9922 -0.102788 -0.065206 -0.000449 16.7577 50.2730 0.00000 0.000000 0.00000
36600 183.0000 -8.907767 1.0182 -0.037306 -0.016713 0.115439 16.7577 50.2730 0.00000 0.000000 0.00000
36800 184.0000 -8.893137 0.9745 -0.072389 -0.131900 0.001653 16.7577 50.2730 0.00000 0.000000 0.00000
37000 185.0000 -8.862935 0.9831 0.010998 -0.111766 -0.050438 16.7577 50.2730 0.00000 0.000000 0.00000
37200 186.0000 -8.865497 0.9848 -0.103944 -0.078273 0.045256 16.7577 50.2730 0.00000 0.000000 0.00000
37400 187.0000 -8.848385 1.0011 -0.030797 -0.163508 0.016200 16.7577 50.2730 0.00000 0.000000 0.00000
37600 188.0000 -8.845365 0.9968 -0.094989 -0.155535 -0.035075 16.7577 50.2730 0.00000 0.000000 0.00000
37800 189.0000 -8.842737 1.0099 -0.042273 -0.039023 0.029361 16.7577 50.2730 0.00000 0.000000 0.00000
38000 190.0000 -8.895795 0.9869 -0.081223 -0.097326 -0.012024 16.7577 50.2730 0.00000 0.000000 0.00000
38200 191.0000 -8.888724 0.9931 -0.094304 -0.051606 0.047678 16.7577 50.2730 0.00000 0.000000 0.00000
38400 192.0000 -8.930043 0.9951 -0.144496 -0.176022 -0.051901 16.7577 50.2730 0.00000 0.000000 0.00000
38600 193.0000 -8.910317 0.9874 -0.088629 -0.047209 0.044092 16.7577 50.2730 0.00000 0.000000 0.00000
38800 194.0000 -8.955399 0.9860 -0.171830 -0.063507 -0.032091 16.7577 50.2730 0.00000 0.000000 0.00000
39000 195.0000 -8.951120 0.9976 -0.051033 -0.043540 -0.047385 16.7577 50.2730 0.00000 0.000000 0.00000
39200 196.0000 -8.919897 0.9929 -0.123452 0.013521 0.044285 16.7577 50.2730 0.00000 0.000000 0.00000
39400 197.0000 -8.885299 0.9757 -0.040186 -0.009213 0.012260 16.7577 50.2730 0.00000 0.000000 0.00000
39600 198.0000 -8.907382 0.9828 -0.118046 -0.067087 -0.039359 16.7577 50.2730 0.00000 0.000000 0.00000
39800 199.0000 -8.874380 1.0102 -0.063393 -0.125503 -0.089659 16.7577 50.2730 0.00000 0.000000 0.00000
40000 200.0000 -8.854600 0.9883 -0.071998 -0.141104 -0.125931 16.7577 50.2730 0.00000 0.000000 0.00000
40200 201.0000 -8.888587 1.0073 -0.021484 -0.116010 0.026378 16.7577 50.2730 0.00000 0.000000 0.00000
40400 202.0000 -8.854961 1.0022 -0.032453 0.005047 -0.015000 16.7577 50.2730 0.00000 0.000000 0.00000
40600 203.0000 -8.827908 0.9864 -0.051570 -0.081319 0.048254 16.7577 50.2730 0.00000 0.000000 0.00000
40800 204.0000 -8.821572 0.9959 -0.063317 -0.098572 0.022042 16.7577 50.2730 0.00000 0.000000 0.00000
41000 205.0000 -8.813451 1.0026 -0.115066 -0.053457 -0.031683 16.7577 50.2730 0.00000 0.000000 0.00000
41200 206.0000 -8.808566 1.0096 -0.080220 -0.070481 -0.057913 16.7577 50.2730 0.00000 0.000000 0.00000
41400 207.0000 -8.838627 1.0107 -0.139853 -0.049628 0.009536 16.7577 50.2730 0.00000 0.000000 0.00000
41600 208.0000 -8.870955 0.9891 -0.108660 -0.122494 -0.141855 16.7577 50.2730 0.00000 0.000000 0.00000
41800 209.0000 -8.868786 1.0039 -0.051181 -0.038463 -0.003621 16.7577 50.2730 0.00000 0.000000 0.00000
42000 210.0000 -8.889963 1.0034 -0.052826 -0.094376 0.031582 16.7577 50.2730 0.00000 0.000000 0.00000
42200 211.0000 -8.885679 1.0020 -0.019194 -0.132139 -0.014384 16.7577 50.2730 0.00000 0.000000 0.00000
42400 212.0000 -8.889874 1.0064 -0.083604 -0.141806 0.026468 16.7577 50.2730 0.00000 0.000000 0.00000
42600 213.0000 -8.882486 1.0051 -0.101919 -0.070149 -0.048998 16.7577 50.2730 0.00000 0.000000 0.00000
42800 214.0000 -8.860464 0.9773 -0.096335 -0.120252 0.041425 16.7577 50.2730 0.00000 0.000000 0.00000
43000 215.0000 -8.869695 0.9808 -0.070743 -0.118401 -0.011890 16.7577 50.2730 0.00000 0.000000 0.00000
43200 216.0000 -8.836279 1.0090 -0.081565 -0.106793 -0.033806 16.7577 50.2730 0.00000 0.000000 0.00000
43400 217.0000 -8.845558 1.0056 -0.134728 -0.126054 -0.053952 16.7577 50.2730 0.00000 0.000000 0.00000
43600 218.0000 -8.835712 1.0250 -0.150528 -0.078262 -0.052209 16.7577 50.2730 0.00000 0.000000 0.00000
43800 219.0000 -8.809454 1.0195 -0.110672 -0.128815 -0.042095 16.7577 50.2730 0.00000 0.000000 0.00000
44000 220.0000 -8.799996 1.0073 -0.048902 -0.073286 0.009744 16.7577 50.2730 0.00000 0.000000 0.00000
44200 221.0000 -8.826546 0.9885 -0.099307 -0.019863 -0.030067 16.7577 50.2730 0.00000 0.000000 0.00000
44400 222.0000 -8.853192 1.0129 -0.058630 -0.086832 0.023118 16.7577 50.2730 0.00000 0.000000 0.00000
44600 223.0000 -8.871027 0.9910 -0.115994 -0.080501 -0.044571 16.7577 50.2730 0.00000 0.000000 0.00000
44800 224.0000 -8.849371 1.0063 -0.107251 -0.074818 -0.001841 16.7577 50.2730 0.00000 0.000000 0.00000
45000 225.0000 -8.841579 1.0198 -0.017898 -0.061459 0.043367 16.7577 50.2730 0.00000 0.000000 0.00000
45200 226.0000 -8.835745 0.9882 -0.051289 -0.075545 0.008326 16.7577 50.2730 0.00000 0.000000 0.00000
45400 227.0000 -8.867906 0.9997 -0.102005 -0.062209 -0.073780 16.7577 50.2730 0.00000 0.000000 0.00000
45600 228.0000 -8.873761 0.9918 -0.142861 -0.157882 0.051501 16.7577 50.2730 0.00000 0.000000 0.00000
45800 229.0000 -8.887909 0.9969 -0.085444 -0.095195 -0.046192 16.7577 50.2730 0.00000 0.000000 0.00000
46000 230.0000 -8.892239 0.9992 -0.044271 -0.082833 0.029085 16.7577 50.2730 0.00000 0.000000 0.00000
46200 231.0000 -8.883282 0.9934 -0.084637 -0.014250 -0.045699 16.7577 50.2730 0.00000 0.000000 0.00000
46400 232.0000 -8.892066 0.9903 -0.126758 -0.101974 -0.051482 16.7577 50.2730 0.00000 0.000000 0.00000
46600 233.0000 -8.862113 1.0061 -0.066928 -0.030984 -0.030404 16.7577 50.2730 0.00000 0.000000 0.00000
46800 234.0000 -8.876920 0.9947 -0.113556 -0.041438 -0.041885 16.7577 50.2730 0.00000 0.000000 0.00000
47000 235.0000 -8.930433 0.9819 -0.059437 -0.063960 -0.057078 16.7577 50.2730 0.00000 0.000000 0.00000
47200 236.0000 -8.948696 0.9913 -0.083787 -0.082799 -0.008532 16.7577 50.2730 0.00000 0.000000 0.00000
47400 237.0000 -8.967216 1.0050 -0.067543 -0.083498 -0.015728 16.7577 50.2730 0.00000 0.000000 0.00000
47600 238.0000 -8.925953 0.9931 0.055932 -0.032641 0.019942 16.7577 50.2730 0.00000 0.000000 0.00000
47800 239.0000 -8.935452 1.0018 -0.035112 0.003805 0.009468 16.7577 50.2730 0.00000 0.000000 0.00000
48000 240.0000 -8.936803 0.9683 -0.117715 -0.037593 -0.018402 16.7577 50.2730 0.00000 0.000000 0.00000
48200 241.0000 -8.923347 0.9883 -0.044494 -0.051059 -0.008651 16.7577 50.2730 0.00000 0.000000 0.00000
48400 242.0000 -8.965466 0.9989 -0.144152 -0.074452 -0.035005 16.7577 50.2730 0.00000 0.000000 0.00000
48600 243.0000 -8.915320 0.9943 -0.127073 -0.104428 -0.017754 16.7577 50.2730 0.00000 0.000000 0.00000
48800 244.0000 -8.915656 0.9923 -0.101383 -0.079481 -0.041607 16.7577 50.2730 0.00000 0.000000 0.00000
49000 245.0000 -8.928046 0.9875 -0.059956 -0.136413 -0.002650 16.7577 50.2730 0.00000 0.000000 0.00000
49200 246.0000 -8.945846 1.0178 -0.074450 -0.083707 0.032332 16.7577 50.2730 0.00000 0.000000 0.00000
49400 247.0000 -8.904185 0.9929 0.002029 0.017117 0.029432 16.7577 50.2730 0.00000 0.000000 0.00000
49600 248.0000 -8.888821 1.0033 0.003955 -0.051921 -0.029653 16.7577 50.2730 0.00000 0.000000 0.00000
49800 249.0000 -8.872961 0.9884 -0.112560 -0.044971 -0.010466 16.7577 50.2730 0.00000 0.000000 0.00000
50000 250.0000 -8.894119 1.0091 -0.083522 -0.020478 0.034020 16.7577 50.2730 0.00000 0.000000 0.00000
50200 251.0000 -8.868657 0.9849 -0.061356 -0.059111 -0.029899 16.7577 50.2730 0.00000 0.000000 0.00000
50400 252.0000 -8.872371 0.9926 -0.005838 -0.085212 0.016448 16.7577 50.2730 0.00000 0.000000 0.00000
50600 253.0000 -8.900254 1.0024 -0.084637 -0.103907 0.003843 16.7577 50.2730 0.00000 0.000000 0.00000
50800 254.0000 -8.866232 0.9961 -0.026414 -0.029234 0.021197 16.7577 50.2730 0.00000 0.000000 0.00000
51000 255.0000 -8.884493 0.9946 -0.101727 -0.078318 0.031960 16.7577 50.2730 0.00000 0.000000 0.00000
51200 256.0000 -8.893014 0.9896 -0.082956 -0.107511 -0.054924 16.7577 50.2730 0.00000 0.000000 0.00000
51400 257.0000 -8.883416 0.9940 -0.119568 -0.062245 0.036196 16.7577 50.2730 0.00000 0.000000 0.00000
51600 258.0000 -8.881758 1.0001 -0.060842 -0.080784 -0.020204 16.7577 50.2730 0.00000 0.000000 0.00000
51800 259.0000 -8.894332 1.0017 -0.102271 -0.149975 -0.020862 16.7577 50.2730 0.00000 0.000000 0.00000
52000 260.0000 -8.873082 0.9990 -0.112858 -0.126321 0.027937 16.7577 50.2730 0.00000 0.000000 0.00000
52200 261.0000 -8.867531 1.0044 -0.056045 -0.104656 0.047867 16.7577 50.2730 0.00000 0.000000 0.00000
52400 262.0000 -8.894020 0.9802 -0.115123 -0.056330 0.023661 16.7577 50.2730 0.00000 0.000000 0.00000
52600 263.0000 -8.896440 0.9957 -0.035261 -0.125315 0.062423 16.7577 50.2730 0.00000 0.000000 0.00000
52800 264.0000 -8.890045 0.9960 -0.140379 -0.087376 -0.041646 16.7577 50.2730 0.00000 0.000000 0.00000
53000 265.0000 -8.874435 1.0075 -0.077848 -0.071160 -0.036319 16.7577 50.2730 0.00000 0.000000 0.00000
53200 266.0000 -8.857461 0.9952 -0.086722 -0.071306 0.006744 16.7577 50.2730 0.00000 0.000000 0.00000
53400 267.0000 -8.847712 1.0099 -0.059324 -0.051704 0.060408 16.7577 50.2730 0.00000 0.000000 0.00000
53600 268.0000 -8.823175 1.0058 -0.054752 -0.106254 -0.091183 16.7577 50.2730 0.00000 0.000000 0.00000
53800 269.0000 -8.816123 1.0025 -0.077073 -0.071280 -0.054025 16.7577 50.2730 0.00000 0.000000 0.00000
54000 270.0000 -8.851248 1.0020 -0.146481 -0.155319 -0.039570 16.7577 50.2730 0.00000 0.000000 0.00000
54200 271.0000 -8.867292 1.0048 -0.171651 -0.125118 -0.045204 16.7577 50.2730 0.00000 0.000000 0.00000
54400 272.0000 -8.829739 0.9836 0.020914 -0.054165 0.046616 16.7577 50.2730 0.00000 0.000000 0.00000
54600 273.0000 -8.873230 0.9925 -0.069019 -0.128902 -0.030328 16.7577 50.2730 0.00000 0.000000 0.00000
54800 274.0000 -8.872979 1.0115 -0.141921 -0.068140 0.043552 16.7577 50.2730 0.00000 0.000000 0.00000
55000 275.0000 -8.902441 0.9844 0.024533 -0.055680 0.045900 16.7577 50.2730 0.00000 0.000000 0.00000
55200 276.0000 -8.920944 0.9984 0.018048 -0.059764 0.044054 16.7577 50.2730 0.00000 0.000000 0.00000
55400 277.0000 -8.915097 1.0182 -0.070268 -0.066982 0.029263 16.7577 50.2730 0.00000 0.000000 0.00000
55600 278.0000 -8.880285 0.9926 -0.068533 -0.106835 0.040316 16.7577 50.2730 0.00000 0.000000 0.00000
55800 279.0000 -8.882009 1.0145 -0.072753 -0.090954 -0.061806 16.7577 50.2730 0.00000 0.000000 0.00000
56000 280.0000 -8.895217 1.0074 -0.091104 -0.030304 -0.070341 16.7577 50.2730 0.00000 0.000000 0.00000
56200 281.0000 -8.877920 1.0028 -0.011692 -0.056701 0.051888 16.7577 50.2730 0.00000 0.000000 0.00000
56400 282.0000 -8.851650 0.9962 0.013631 -0.117707 0.015208 16.7577 50.2730 0.00000 0.000000 0.00000
56600 283.0000 -8.877689 0.9854 -0.140792 -0.049991 -0.152272 16.7577 50.2730 0.00000 0.000000 0.00000
56800 284.0000 -8.895225 0.9945 -0.125515 -0.101113 -0.054076 16.7577 50.2730 0.00000 0.000000 0.00000
57000 285.0000 -8.875427 1.0053 -0.078205 -0.047982 0.039087 16.7577 50.2730 0.00000 0.000000 0.00000
57200 286.0000 -8.877923 0.9956 -0.073793 0.005468 -0.025065 16.7577 50.2730 0.00000 0.000000 0.00000
57400 287.0000 -8.913995 1.0129 -0.080750 -0.136604 0.050340 16.7577 50.2730 0.00000 0.000000 0.00000
57600 288.0000 -8.902956 0.9988 -0.038226 -0.087962 0.000138 16.7577 50.2730 0.00000 0.000000 0.00000
57800 289.0000 -8.887399 1.0011 -0.080349 -0.126085 0.009940 16.7577 50.2730 0.00000 0.000000 0.00000
58000 290.0000 -8.851050 1.0047 -0.096175 -0.072589 0.085441 16.7577 50.2730 0.00000 0.000000 0.00000
58200 291.0000 -8.850837 1.0173 -0.105329 -0.079495 0.048270 16.7577 50.2730 0.00000 0.000000 0.00000
58400 292.0000 -8.803720 1.0024 -0.113414 -0.045396 -0.065295 16.7577 50.2730 0.00000 0.000000 0.00000
58600 293.0000 -8.804701 1.0029 -0.084600 -0.083811 -0.002906 16.7577 50.2730 0.00000 0.000000 0.00000
58800 294.0000 -8.852102 1.0086 -0.065183 -0.061385 0.006088 16.7577 50.2730 0.00000 0.000000 0.00000
59000 295.0000 -8.861604 0.9971 -0.085997 -0.109564 0.114087 16.7577 50.2730 0.00000 0.000000 0.00000
59200 296.0000 -8.890709 1.0110 -0.114143 -0.075165 0.049587 16.7577 50.2730 0.00000 0.000000 0.00000
59400 297.0000 -8.850274 1.0019 -0.033049 -0.063668 0.022492 16.7577 50.2730 0.00000 0.000000 0.00000
59600 298.0000 -8.864617 1.0193 -0.073747 -0.145041 0.084020 16.7577 50.2730 0.00000 0.000000 0.00000
59800 299.0000 -8.845887 1.0095 -0.169264 -0.102965 -0.013161 16.7577 50.2730 0.00000 0.000000 0.00000
60000 300.0000 -8.830352 1.0014 -0.106283 -0.106156 -0.076530 16.7577 50.2730 0.00000 0.000000 0.00000
60200 301.0000 -8.844220 0.9933 -0.109834 -0.106415 -0.037147 16.7577 50.2730 0.00000 0.000000 0.00000
60400 302.0000 -8.841917 1.0017 -0.083550 -0.076540 -0.053229 16.7577 50.2730 0.00000 0.000000 0.00000
60600 303.0000 -8.861737 0.9891 -0.097515 -0.099743 0.008020 16.7577 50.2730 0.00000 0.000000 0.00000
60800 304.0000 -8.858114 1.0219 -0.108412 -0.044185 0.002016 16.7577 50.2730 0.00000 0.000000 0.00000
61000 305.0000 -8.854056 1.0137 -0.084510 -0.118205 -0.057366 16.7577 50.2730 0.00000 0.000000 0.00000
61200 306.0000 -8.814238 1.0037 -0.075061 -0.092662 -0.024792 16.7577 50.2730 0.00000 0.000000 0.00000
61400 307.0000 -8.789434 0.9683 -0.075428 -0.062401 0.015846 16.7577 50.2730 0.00000 0.000000 0.00000
61600 308.0000 -8.847807 1.0022 -0.004589 -0.059296 -0.069010 16.7577 50.2730 0.00000 0.000000 0.00000
61800 309.0000 -8.866341 1.0119 -0.121392 -0.016976 0.083699 16.7577 50.2730 0.00000 0.000000 0.00000
62000 310.0000 -8.895541 1.0016 -0.061977 -0.032864 0.018475 16.7577 50.2730 0.00000 0.000000 0.00000
62200 311.0000 -8.862259 0.9905 -0.045519 -0.107461 0.023438 16.7577 50.2730 0.00000 0.000000 0.00000
62400 312.0000 -8.901723 0.9841 -0.048145 -0.181937 0.014286 16.7577 50.2730 0.00000 0.000000 0.00000
62600 313.0000 -8.877751 0.9915 -0.122569 -0.016352 0.028762 16.7577 50.2730 0.00000 0.000000 0.00000
62800 314.0000 -8.908675 1.0012 -0.015534 -0.062210 -0.004963 16.7577 50.2730 0.00000 0.000000 0.00000
63000 315.0000 -8.914321 0.9935 -0.003055 -0.075257 -0.042616 16.7577 50.2730 0.00000 0.000000 0.00000
63200 316.0000 -8.934381 1.0119 -0.069268 -0.031838 0.059552 16.7577 50.2730 0.00000 0.000000 0.00000
63400 317.0000 -8.916611 1.0041 -0.108664 -0.099839 0.016989 16.7577 50.2730 0.00000 0.000000 0.00000
63600 318.0000 -8.907098 0.9813 -0.079652 -0.017335 0.017406 16.7577 50.2730 0.00000 0.000000 0.00000
63800 319.0000 -8.901740 1.0059 0.040438 -0.055696 0.004910 16.7577 50.2730 0.00000 0.000000 0.00000
64000 320.0000 -8.906691 1.0008 0.008994 -0.006865 -0.009483 16.7577 50.2730 0.00000 0.000000 0.00000
64200 321.0000 -8.951487 0.9936 -0.098881 -0.132450 0.003251 16.7577 50.2730 0.00000 0.000000 0.00000
64400 322.0000 -8.911972 0.9975 -0.056287 -0.068416 0.106073 16.7577 50.2730 0.00000 0.000000 0.00000
64600 323.0000 -8.913965 0.9688 -0.015565 -0.083319 0.071409 16.7577 50.2730 0.00000 0.000000 0.00000
64800 324.0000 -8.914008 0.9668 -0.049054 -0.081109 -0.024523 16.7577 50.2730 0.00000 0.000000 0.00000
65000 325.0000 -8.924993 0.9932 -0.138867 -0.094269 -0.052337 16.7577 50.2730 0.00000 0.000000 0.00000
65200 326.0000 -8.952549 1.0109 -0.089456 -0.195499 -0.054857 16.7577 50.2730 0.00000 0.000000 0.00000
65400 327.0000 -8.889411 1.0004 -0.027104 -0.061920 0.010386 16.7577 50.2730 0.00000 0.000000 0.00000
65600 328.0000 -8.906754 0.9904 -0.085036 -0.136219 -0.018779 16.7577 50.2730 0.00000 0.000000 0.00000
65800 329.0000 -8.895028 0.9953 -0.099157 -0.081438 -0.053303 16.7577 50.2730 0.00000 0.000000 0.00000
66000 330.0000 -8.870837 0.9968 -0.027851 -0.102726 -0.049595 16.7577 50.2730 0.00000 0.000000 0.00000
66200 331.0000 -8.890280 1.0136 -0.091614 -0.056511 0.039205 16.7577 50.2730 0.00000 0.000000 0.00000
66400 332.0000 -8.885167 1.0203 -0.064205 -0.046272 0.118924 16.7577 50.2730 0.00000 0.000000 0.00000
66600 333.0000 -8.864042 0.9765 -0.124007 -0.038253 0.033963 16.7577 50.2730 0.00000 0.000000 0.00000
66800 334.0000 -8.866841 0.9776 -0.090778 -0.085557 0.037869 16.7577 50.2730 0.00000 0.000000 0.00000
67000 335.0000 -8.861213 1.0031 -0.123782 -0.041397 -0.018647 16.7577 50.2730 0.00000 0.000000 0.00000
67200 336.0000 -8.857729 0.9992 -0.056531 -0.082977 -0.042280 16.7577 50.2730 0.00000 0.000000 0.00000
67400 337.0000 -8.875563 0.9903 -0.104399 -0.104310 0.019594 16.7577 50.2730 0.00000 0.000000 0.00000
67600 338.0000 -8.930407 1.0159 -0.079897 -0.111986 -0.074218 16.7577 50.2730 0.00000 0.000000 0.00000
67800 339.0000 -8.919671 0.9940 -0.031966 -0.054589 0.050633 16.7577 50.2730 0.00000 0.000000 0.00000
68000 340.0000 -8.923431 1.0109 -0.018465 -0.113113 0.057943 16.7577 50.2730 0.00000 0.000000 0.00000
68200 341.0000 -8.881258 0.9851 -0.045152 -0.119888 -0.022559 16.7577 50.2730 0.00000 0.000000 0.00000
68400 342.0000 -8.880876 0.9907 -0.138066 -0.074252 0.031255 16.7577 50.2730 0.00000 0.000000 0.00000
68600 343.0000 -8.913739 1.0212 -0.087742 -0.101245 -0.042537 16.7577 50.2730 0.00000 0.000000 0.00000
68800 344.0000 -8.904623 1.0243 0.014514 0.035636 0.042550 16.7577 50.2730 0.00000 0.000000 0.00000
69000 345.0000 -8.942588 1.0004 -0.052949 -0.075767 0.075053 16.7577 50.2730 0.00000 0.000000 0.00000
69200 346.0000 -8.898112 1.0101 -0.154362 -0.063469 -0.023602 16.7577 50.2730 0.00000 0.000000 0.00000
69400 347.0000 -8.847281 0.9959 -0.076289 -0.125273 -0.009274 16.7577 50.2730 0.00000 0.000000 0.00000
69600 348.0000 -8.850291 0.9902 -0.136975 -0.106055 -0.022820 16.7577 50.2730 0.00000 0.000000 0.00000
69800 349.0000 -8.846660 0.9989 -0.097792 -0.096382 -0.018353 16.7577 50.2730 0.00000 0.000000 0.00000
70000 350.0000 -8.860825 1.0103 -0.012964 0.005142 0.029348 16.7577 50.2730 0.00000 0.000000 0.00000
70200 351.0000 -8.894164 1.0216 0.006713 -0.000838 0.085017 16.7577 50.2730 0.00000 0.000000 0.00000
70400 352.0000 -8.883065 0.9946 -0.061531 -0.079967 0.000116 16.7577 50.2730 0.00000 0.000000 0.00000
70600 353.0000 -8.871110 0.9960 -0.066685 -0.058935 0.017000 16.7577 50.2730 0.00000 0.000000 0.00000
70800 354.0000 -8.843445 0.9953 -0.090381 -0.061139 -0.023460 16.7577 50.2730 0.00000 0.000000 0.00000
71000 355.0000 -8.813347 0.9957 -0.015904 -0.076832 0.107678 16.7577 50.2730 0.00000 0.000000 0.00000
71200 356.0000 -8.833404 1.0030 -0.030094 -0.116461 -0.012345 16.7577 50.2730 0.00000 0.000000 0.00000
71400 357.0000 -8.871066 1.0031 -0.090218 -0.160748 -0.028500 16.7577 50.2730 0.00000 0.000000 0.00000
71600 358.0000 -8.851227 0.9985 -0.002978 -0.099838 -0.024894 16.7577 50.2730 0.00000 0.000000 0.00000
71800 359.0000 -8.864053 1.0228 -0.068426 -0.100952 0.038361 16.7577 50.2730 0.00000 0.000000 0.00000
72000 360.0000 -8.882822 0.9823 -0.092437 -0.050171 0.044887 16.7577 50.2730 0.00000 0.000000 0.00000
72200 361.0000 -8.934773 0.9889 -0.045079 -0.047234 -0.011136 16.7577 50.2730 0.00000 0.000000 0.00000
72400 362.0000 -8.930104 0.9813 -0.079253 -0.080040 0.009552 16.7577 50.2730 0.00000 0.000000 0.00000
72600 363.0000 -8.890219 0.9911 -0.130297 -0.036999 0.057087 16.7577 50.2730 0.00000 0.000000 0.00000
72800 364.0000 -8.869940 0.9761 -0.122264 -0.117400 -0.006899 16.7577 50.2730 0.00000 0.000000 0.00000
73000 365.0000 -8.903722 0.9936 -0.100877 -0.135754 -0.054619 16.7577 50.2730 0.00000 0.000000 0.00000
73200 366.0000 -8.890805 0.9976 -0.105443 -0.003761 0.073189 16.7577 50.2730 0.00000 0.000000 0.00000
73400 367.0000 -8.898429 0.9721 -0.095159 -0.138798 -0.053061 16.7577 50.2730 0.00000 0.000000 0.00000
73600 368.0000 -8.910757 0.9891 -0.070318 -0.092067 -0.041695 16.7577 50.2730 0.00000 0.000000 0.00000
73800 369.0000 -8.913191 0.9938 -0.103306 -0.016386 0.023298 16.7577 50.2730 0.00000 0.000000 0.00000
74000 370.0000 -8.884125 1.0159 -0.059210 -0.077158 0.010846 16.7577 50.2730 0.00000 0.000000 0.00000
74200 371.0000 -8.874511 1.0007 -0.090972 -0.058952 -0.034671 16.7577 50.2730 0.00000 0.000000 0.00000
74400 372.0000 -8.865703 0.9835 0.010505 -0.027430 -0.009236 16.7577 50.2730 0.00000 0.000000 0.00000
74600 373.0000 -8.908077 1.0087 -0.034112 -0.003530 -0.063091 16.7577 50.2730 0.00000 0.000000 0.00000
74800 374.0000 -8.896405 1.0010 -0.018936 -0.058774 0.043158 16.7577 50.2730 0.00000 0.000000 0.00000
75000 375.0000 -8.869884 0.9906 -0.006874 -0.033886 0.075466 16.7577 50.2730 0.00000 0.000000 0.00000
75200 376.0000 -8.883764 0.9867 -0.076682 -0.086946 -0.020180 16.7577 50.2730 0.00000 0.000000 0.00000
75400 377.0000 -8.878387 0.9981 -0.025751 -0.062081 0.031222 16.7577 50.2730 0.00000 0.000000 0.00000
75600 378.0000 -8.865336 1.0097 -0.049385 -0.023591 0.147040 16.7577 50.2730 0.00000 0.000000 0.00000
75800 379.0000 -8.892582 1.0035 -0.015733 -0.012472 0.038564 16.7577 50.2730 0.00000 0.000000 0.00000
76000 380.0000 -8.904938 1.0024 -0.126316 -0.009829 0.102025 16.7577 50.2730 0.00000 0.000000 0.00000
76200 381.0000 -8.888879 0.9750 -0.130105 -0.122102 -0.008524 16.7577 50.2730 0.00000 0.000000 0.00000
76400 382.0000 -8.872998 1.0173 -0.044993 -0.058991 -0.003887 16.7577 50.2730 0.00000 0.000000 0.00000
76600 383.0000 -8.870955 1.0081 -0.101146 -0.137942 -0.046909 16.7577 50.2730 0.00000 0.000000 0.00000
76800 384.0000 -8.899204 1.0029 -0.002004 -0.112318 0.013457 16.7577 50.2730 0.00000 0.000000 0.00000
77000 385.0000 -8.877971 0.9876 -0.012784 -0.068276 0.063428 16.7577 50.2730 0.00000 0.000000 0.00000
77200 386.0000 -8.891524 1.0122 -0.038773 -0.034632 0.038094 16.7577 50.2730 0.00000 0.000000 0.00000
77400 387.0000 -8.882260 1.0059 -0.120463 -0.093906 0.038377 16.7577 50.2730 0.00000 0.000000 0.00000
77600 388.0000 -8.883870 1.0013 -0.035636 -0.049416 -0.037521 16.7577 50.2730 0.00000 0.000000 0.00000
77800 389.0000 -8.903878 0.9903 -0.193370 -0.135162 -0.023438 16.7577 50.2730 0.00000 0.000000 0.00000
78000 390.0000 -8.893509 0.9845 -0.070223 -0.072099 -0.080209 16.7577 50.2730 0.00000 0.000000 0.00000
78200 391.0000 -8.869182 0.9972 -0.075721 -0.092870 -0.038836 16.7577 50.2730 0.00000 0.000000 0.00000
78400 392.0000 -8.885846 1.0050 -0.071583 -0.076333 -0.076497 16.7577 50.2730 0.00000 0.000000 0.00000
78600 393.0000 -8.888727 1.0152 -0.059835 -0.110446 -0.002422 16.7577 50.2730 0.00000 0.000000 0.00000
78800 394.0000 -8.882903 0.9870 -0.060313 -0.085753 -0.072920 16.7577 50.2730 0.00000 0.000000 0.00000
79000 395.0000 -8.888632 1.0067 -0.088327 -0.126896 0.022551 16.7577 50.2730 0.00000 0.000000 0.00000
79200 396.0000 -8.876471 1.0026 -0.104127 -0.081079 0.034227 16.7577 50.2730 0.00000 0.000000 0.00000
79400 397.0000 -8.868385 1.0012 -0.022795 -0.060207 -0.071734 16.7577 50.2730 0.00000 0.000000 0.00000
79600 398.0000 -8.850633 0.9851 -0.064415 -0.035111 -0.022653 16.7577 50.2730 0.00000 0.000000 0.00000
79800 399.0000 -8.861567 0.9899 -0.147828 -0.176231 -0.025911 16.7577 50.2730 0.00000 0.000000 0.00000
80000 400.0000 -8.858542 0.9991 -0.030950 -0.072648 0.044518 16.7577 50.2730 0.00000 0.000000 0.00000
80200 401.0000 -8.888008 0.9927 -0.051468 -0.074418 -0.028895 16.7577 50.2730 0.00000 0.000000 0.00000
80400 402.0000 -8.888275 0.9919 -0.065233 -0.053636 0.050282 16.7577 50.2730 0.00000 0.000000 0.00000
80600 403.0000 -8.847808 0.9858 -0.072806 -0.042033 0.023558 16.7577 50.2730 0.00000 0.000000 0.00000
80800 404.0000 -8.888912 1.0072 -0.065421 -0.063284 0.034063 16.7577 50.2730 0.00000 0.000000 0.00000
81000 405.0000 -8.896952 1.0135 -0.107558 -0.119971 -0.029047 16.7577 50.2730 0.00000 0.000000 0.00000
81200 406.0000 -8.862421 0.9939 -0.080643 -0.065617 0.023301 16.7577 50.2730 0.00000 0.000000 0.00000
81400 407.0000 -8.884310 1.0017 -0.140988 -0.130719 -0.061031 16.7577 50.2730 0.00000 0.000000 0.00000
81600 408.0000 -8.797019 0.9696 -0.125336 -0.074279 -0.051986 16.7577 50.2730 0.00000 0.000000 0.00000
81800 409.0000 -8.817994 1.0112 -0.153007 -0.101435 -0.052723 16.7577 50.2730 0.00000 0.000000 0.00000
82000 410.0000 -8.828411 0.9867 -0.071217 -0.033897 0.017390 16.7577 50.2730 0.00000 0.000000 0.00000
82200 411.0000 -8.874654 0.9894 -0.077157 -0.071445 -0.013071 16.7577 50.2730 0.00000 0.000000 0.00000
82400 412.0000 -8.902852 1.0280 -0.137886 -0.096507 0.016354 16.7577 50.2730 0.00000 0.000000 0.00000
82600 413.0000 -8.842511 1.0064 -0.004412 0.047457 0.069402 16.7577 50.2730 0.00000 0.000000 0.00000
82800 414.0000 -8.859158 0.9889 -0.014043 -0.098510 0.019864 16.7577 50.2730 0.00000 0.000000 0.00000
83000 415.0000 -8.876602 1.0014 -0.086854 -0.114694 -0.059096 16.7577 50.2730 0.00000 0.000000 0.00000
83200 416.0000 -8.876574 0.9982 -0.000519 -0.084794 0.032361 16.7577 50.2730 0.00000 0.000000 0.00000
83400 417.0000 -8.858721 0.9900 -0.062013 -0.099301 0.073136 16.7577 50.2730 0.00000 0.000000 0.00000
83600 418.0000 -8.827251 0.9852 -0.042510 -0.037554 -0.002805 16.7577 50.2730 0.00000 0.000000 0.00000
83800 419.0000 -8.845369 1.0062 -0.051182 -0.120273 -0.031099 16.7577 50.2730 0.00000 0.000000 0.00000
84000 420.0000 -8.872345 1.0040 -0.222837 -0.173517 -0.071272 16.7577 50.2730 0.00000 0.000000 0.00000
84200 421.0000 -8.874197 1.0038 -0.122023 -0.069526 0.030641 16.7577 50.2730 0.00000 0.000000 0.00000
84400 422.0000 -8.890905 1.0199 -0.151708 -0.065711 0.031917 16.7577 50.2730 0.00000 0.000000 0.00000
84600 423.0000 -8.893477 1.0068 -0.115625 -0.146580 -0.005740 16.7577 50.2730 0.00000 0.000000 0.00000
84800 424.0000 -8.898869 0.9940 -0.084360 -0.071156 -0.010862 16.7577 50.2730 0.00000 0.000000 0.00000
85000 425.0000 -8.923390 1.0119 -0.040018 -0.022149 0.019573 16.7577 50.2730 0.00000 0.000000 0.00000
85200 426.0000 -8.904560 1.0096 0.038937 -0.078576 0.011629 16.7577 50.2730 0.00000 0.000000 0.00000
85400 427.0000 -8.889729 0.9915 -0.088147 -0.089086 0.058000 16.7577 50.2730 0.00000 0.000000 0.00000
85600 428.0000 -8.891631 0.9966 -0.040155 -0.012610 0.086565 16.7577 50.2730 0.00000 0.000000 0.00000
85800 429.0000 -8.939742 1.0160 -0.082829 -0.117788 -0.012745 16.7577 50.2730 0.00000 0.000000 0.00000
86000 430.0000 -8.914342 0.9716 -0.102828 -0.109575 -0.001639 16.7577 50.2730 0.00000 0.000000 0.00000
86200 431.0000 -8.922779 0.9998 -0.144815 -0.142637 -0.099425 16.7577 50.2730 0.00000 0.000000 0.00000
86400 432.0000 -8.895721 0.9951 -0.079237 -0.136615 -0.064237 16.7577 50.2730 0.00000 0.000000 0.00000
86600 433.0000 -8.886497 1.0010 -0.058888 -0.073961 -0.027029 16.7577 50.2730 0.00000 0.000000 0.00000
86800 434.0000 -8.851209 1.0000 -0.015805 -0.092368 0.038933 16.7577 50.2730 0.00000 0.000000 0.00000
87000 435.0000 -8.852991 0.9832 -0.057029 -0.037671 -0.010791 16.7577 50.2730 0.00000 0.000000 0.00000
87200 436.0000 -8.876749 1.0093 -0.083762 -0.124121 -0.049479 16.7577 50.2730 0.00000 0.000000 0.00000
87400 437.0000 -8.838630 0.9818 -0.086359 -0.046265 0.013895 16.7577 50.2730 0.00000 0.000000 0.00000
87600 438.0000 -8.851499 0.9974 -0.109904 -0.079820 -0.054653 16.7577 50.2730 0.00000 0.000000 0.00000
87800 439.0000 -8.869820 1.0082 -0.140907 -0.175963 -0.034460 16.7577 50.2730 0.00000 0.000000 0.00000
88000 440.0000 -8.838686 0.9886 -0.044642 -0.053101 -0.053176 16.7577 50.2730 0.00000 0.000000 0.00000
88200 441.0000 -8.868466 1.0001 -0.160032 -0.126297 -0.007210 16.7577 50.2730 0.00000 0.000000 0.00000
88400 442.0000 -8.858151 1.0053 -0.110624 -0.014819 0.005268 16.7577 50.2730 0.00000 0.000000 0.00000
88600 443.0000 -8.898176 1.0238 -0.007321 -0.035632 -0.008179 16.7577 50.2730 0.00000 0.000000 0.00000
88800 444.0000 -8.902768 1.0051 -0.153980 -0.082639 0.074308 16.7577 50.2730 0.00000 0.000000 0.00000
89000 445.0000 -8.897845 0.9971 -0.023771 -0.097733 0.061887 16.7577 50.2730 0.00000 0.000000 0.00000
89200 446.0000 -8.903421 0.9972 -0.120084 -0.176421 0.041610 16.7577 50.2730 0.00000 0.000000 0.00000
89400 447.0000 -8.918086 0.9878 -0.105767 -0.147290 -0.024049 16.7577 50.2730 0.00000 0.000000 0.00000
89600 448.0000 -8.875829 1.0023 -0.076505 -0.030037 -0.027603 16.7577 50.2730 0.00000 0.000000 0.00000
89800 449.0000 -8.877195 1.0049 -0.115838 -0.035551 0.016479 16.7577 50.2730 0.00000 0.000000 0.00000
90000 450.0000 -8.836626 0.9931 -0.051156 -0.006502 0.036757 16.7577 50.2730 0.00000 0.000000 0.00000
90200 451.0000 -8.838526 0.9885 -0.021737 0.009621 0.011132 16.7577 50.2730 0.00000 0.000000 0.00000
90400 452.0000 -8.871555 0.9940 -0.139370 -0.100550 -0.046075 16.7577 50.2730 0.00000 0.000000 0.00000
90600 453.0000 -8.865322 0.9843 -0.034669 -0.119659 -0.066698 16.7577 50.2730 0.00000 0.000000 0.00000
90800 454.0000 -8.870120 1.0033 -0.139447 -0.016536 0.022308 16.7577 50.2730 0.00000 0.000000 0.00000
91000 455.0000 -8.896581 1.0111 -0.054998 -0.112971 0.015372 16.7577 50.2730 0.00000 0.000000 0.00000
91200 456.0000 -8.874921 0.9949 -0.072532 -0.065595 -0.008763 16.7577 50.2730 0.00000 0.000000 0.00000
91400 457.0000 -8.874562 1.0086 -0.031363 -0.065259 0.051232 16.7577 50.2730 0.00000 0.000000 0.00000
91600 458.0000 -8.882106 1.0101 -0.029827 -0.007585 0.113229 16.7577 50.2730 0.00000 0.000000 0.00000
91800 459.0000 -8.879318 0.9917 -0.008348 -0.040569 -0.029099 16.7577 50.2730 0.00000 0.000000 0.00000
92000 460.0000 -8.896284 0.9866 -0.101864 -0.081086 0.021948 16.7577 50.2730 0.00000 0.000000 0.00000
92200 461.0000 -8.857573 0.9827 0.021834 -0.108485 -0.011890 16.7577 50.2730 0.00000 0.000000 0.00000
92400 462.0000 -8.876987 1.0087 -0.058118 0.006018 0.023218 16.7577 50.2730 0.00000 0.000000 0.00000
92600 463.0000 -8.903721 0.9687 -0.007982 -0.064913 0.011712 16.7577 50.2730 0.00000 0.000000 0.00000
92800 464.0000 -8.905660 0.9754 -0.048399 0.001226 0.008737 16.7577 50.2730 0.00000 0.000000 0.00000
93000 465.0000 -8.924152 0.9938 -0.066648 -0.141307 -0.023449 16.7577 50.2730 0.00000 0.000000 0.00000
93200 466.0000 -8.939049 0.9897 -0.171249 -0.047736 0.088446 16.7577 50.2730 0.00000 0.000000 0.00000
93400 467.0000 -8.910272 1.0057 -0.048258 -0.036900 0.037576 16.7577 50.2730 0.00000 0.000000 0.00000
93600 468.0000 -8.904548 0.9876 -0.024589 -0.027041 -0.050129 16.7577 50.2730 0.00000 0.000000 0.00000
93800 469.0000 -8.881073 0.9951 -0.039076 -0.111695 0.062531 16.7577 50.2730 0.00000 0.000000 0.00000
94000 470.0000 -8.887836 0.9760 -0.205417 -0.124540 -0.012619 16.7577 50.2730 0.00000 0.000000 0.00000
94200 471.0000 -8.845731 0.9887 -0.055646 -0.065671 0.031243 16.7577 50.2730 0.00000 0.000000 0.00000
94400 472.0000 -8.841282 0.9790 0.001371 0.024579 0.055263 16.7577 50.2730 0.00000 0.000000 0.00000
94600 473.0000 -8.868918 0.9858 -0.097069 -0.053073 -0.050525 16.7577 50.2730 0.00000 0.000000 0.00000
94800 474.0000 -8.876289 1.0017 -0.077399 -0.115195 0.035630 16.7577 50.2730 0.00000 0.000000 0.00000
95000 475.0000 -8.845688 0.9893 -0.062220 -0.099819 0.050459 16.7577 50.2730 0.00000 0.000000 0.00000
95200 476.0000 -8.844237 1.0002 -0.067471 -0.066812 -0.047719 16.7577 50.2730 0.00000 0.000000 0.00000
95400 477.0000 -8.876871 0.9991 -0.142447 -0.096123 -0.047448 16.7577 50.2730 0.00000 0.000000 0.00000
95600 478.0000 -8.855156 1.0055 -0.080330 0.037354 -0.031782 16.7577 50.2730 0.00000 0.000000 0.00000
95800 479.0000 -8.906524 1.0135 -0.088550 -0.082283 -0.055258 16.7577 50.2730 0.00000 0.000000 0.00000
96000 480.0000 -8.876766 1.0045 0.009176 -0.106789 0.027308 16.7577 50.2730 0.00000 0.000000 0.00000
96200 481.0000 -8.864542 0.9902 -0.097436 -0.141226 -0.027583 16.7577 50.2730 0.00000 0.000000 0.00000
96400 482.0000 -8.904061 1.0023 -0.139517 -0.085995 -0.088317 16.7577 50.2730 0.00000 0.000000 0.00000
96600 483.0000 -8.905365 1.0048 -0.054091 -0.077530 -0.000413 16.7577 50.2730 0.00000 0.000000 0.00000
96800 484.0000 -8.908958 1.0112 -0.022142 -0.028255 0.067975 16.7577 50.2730 0.00000 0.000000 0.00000
97000 485.0000 -8.906631 1.0271 -0.054562 -0.007390 0.043948 16.7577 50.2730 0.00000 0.000000 0.00000
97200 486.0000 -8.874609 1.0126 -0.027235 0.036529 0.030701 16.7577 50.2730 0.00000 0.000000 0.00000
97400 487.0000 -8.906176 0.9954 -0.111083 -0.134358 -0.000589 16.7577 50.2730 0.00000 0.000000 0.00000
97600 488.0000 -8.887724 0.9908 -0.039024 -0.100679 0.053727 16.7577 50.2730 0.00000 0.000000 0.00000
97800 489.0000 -8.902615 0.9971 -0.072454 -0.016780 0.041074 16.7577 50.2730 0.00000 0.000000 0.00000
98000 490.0000 -8.960384 0.9948 -0.048430 -0.129813 -0.041306 16.7577 50.2730 0.00000 0.000000 0.00000
98200 491.0000 -8.951905 0.9827 -0.070906 -0.031420 0.050459 16.7577 50.2730 0.00000 0.000000 0.00000
98400 492.0000 -8.929293 0.9820 -0.059386 -0.099048 0.031140 16.7577 50.2730 0.00000 0.000000 0.00000
98600 493.0000 -8.902844 0.9840 -0.131694 -0.096751 -0.026357 16.7577 50.2730 0.00000 0.000000 0.00000
98800 494.0000 -8.882795 0.9963 -0.044909 -0.129260 -0.041741 16.7577 50.2730 0.00000 0.000000 0.00000
99000 495.0000 -8.873303 1.0131 -0.105339 -0.093919 -0.004186 16.7577 50.2730 0.00000 0.000000 0.00000
99200 496.0000 -8.865152 0.9879 -0.036307 -0.041952 0.016376 16.7577 50.2730 0.00000 0.000000 0.00000
99400 497.0000 -8.901291 0.9986 -0.079055 -0.052047 -0.004014 16.7577 50.2730 0.00000 0.000000 0.00000
99600 498.0000 -8.918981 1.0014 -0.109097 -0.049621 0.060746 16.7577 50.2730 0.00000 0.000000 0.00000
99800 499.0000 -8.894110 0.9887 0.003745 -0.022183 0.029599 16.7577 50.2730 0.00000 0.000000 0.00000
100000 500.0000 -8.881029 0.9790 -0.065220 0.027271 0.022996 16.7577 50.2730 0.00000 0.000000 0.00000
